Running terraform plan -refresh-only 5 time(s) in /Users/christopher-henry.john/Documents/GitHub_Private/performance-test/specific_test_no_ent/1_x5...

Run 1/5:
  Total run time: 33.453282s
  btp_directory.directory_1                                              3976ms
  btp_directory.directory_2                                              5267ms
  btp_directory.directory_3                                              4095ms
  btp_directory.directory_4                                              5128ms
  btp_directory.directory_5                                              4764ms
  btp_subaccount.subaccount_1                                            2563ms
  btp_subaccount.subaccount_2                                            2096ms
  btp_subaccount.subaccount_3                                            1828ms
  btp_subaccount.subaccount_4                                            1855ms
  btp_subaccount.subaccount_5                                            2034ms
  btp_subaccount_destination_generic.destination_1                       2231ms
  btp_subaccount_destination_generic.destination_10                      3042ms
  btp_subaccount_destination_generic.destination_2                       3069ms
  btp_subaccount_destination_generic.destination_3                       2159ms
  btp_subaccount_destination_generic.destination_4                       2221ms
  btp_subaccount_destination_generic.destination_5                       2240ms
  btp_subaccount_destination_generic.destination_6                       2324ms
  btp_subaccount_destination_generic.destination_7                       2900ms
  btp_subaccount_destination_generic.destination_8                       1977ms
  btp_subaccount_destination_generic.destination_9                       2061ms
  btp_subaccount_environment_instance.cloudfoundry_1                     720ms
  btp_subaccount_environment_instance.cloudfoundry_2                     3088ms
  btp_subaccount_environment_instance.cloudfoundry_3                     3083ms
  btp_subaccount_environment_instance.cloudfoundry_4                     2663ms
  btp_subaccount_environment_instance.cloudfoundry_5                     2707ms
  btp_subaccount_role.role_1                                             2548ms
  btp_subaccount_role.role_10                                            2124ms
  btp_subaccount_role.role_2                                             2495ms
  btp_subaccount_role.role_3                                             2489ms
  btp_subaccount_role.role_4                                             2569ms
  btp_subaccount_role.role_5                                             1705ms
  btp_subaccount_role.role_6                                             2340ms
  btp_subaccount_role.role_7                                             1928ms
  btp_subaccount_role.role_8                                             2464ms
  btp_subaccount_role.role_9                                             1851ms
  btp_subaccount_role_collection.collection_1                            1840ms
  btp_subaccount_role_collection.collection_10                           2878ms
  btp_subaccount_role_collection.collection_11                           1353ms
  btp_subaccount_role_collection.collection_12                           2012ms
  btp_subaccount_role_collection.collection_13                           2317ms
  btp_subaccount_role_collection.collection_14                           2078ms
  btp_subaccount_role_collection.collection_15                           2109ms
  btp_subaccount_role_collection.collection_2                            2164ms
  btp_subaccount_role_collection.collection_3                            2526ms
  btp_subaccount_role_collection.collection_4                            2182ms
  btp_subaccount_role_collection.collection_5                            2148ms
  btp_subaccount_role_collection.collection_6                            2233ms
  btp_subaccount_role_collection.collection_7                            3040ms
  btp_subaccount_role_collection.collection_8                            2245ms
  btp_subaccount_role_collection.collection_9                            1970ms
  btp_subaccount_service_instance.instance_1                             7396ms
  btp_subaccount_service_instance.instance_10                            6819ms
  btp_subaccount_service_instance.instance_2                             5303ms
  btp_subaccount_service_instance.instance_3                             6786ms
  btp_subaccount_service_instance.instance_4                             7852ms
  btp_subaccount_service_instance.instance_5                             7663ms
  btp_subaccount_service_instance.instance_6                             5700ms
  btp_subaccount_service_instance.instance_7                             7680ms
  btp_subaccount_service_instance.instance_8                             7027ms
  btp_subaccount_service_instance.instance_9                             5398ms
  btp_subaccount_subscription.subscription_1                             5565ms
  btp_subaccount_subscription.subscription_10                            4110ms
  btp_subaccount_subscription.subscription_11                            5213ms
  btp_subaccount_subscription.subscription_12                            5109ms
  btp_subaccount_subscription.subscription_13                            4143ms
  btp_subaccount_subscription.subscription_14                            3957ms
  btp_subaccount_subscription.subscription_15                            5549ms
  btp_subaccount_subscription.subscription_2                             4690ms
  btp_subaccount_subscription.subscription_3                             4025ms
  btp_subaccount_subscription.subscription_4                             4084ms
  btp_subaccount_subscription.subscription_5                             1872ms
  btp_subaccount_subscription.subscription_6                             2631ms
  btp_subaccount_subscription.subscription_7                             5603ms
  btp_subaccount_subscription.subscription_8                             4046ms
  btp_subaccount_subscription.subscription_9                             5610ms
  btp_subaccount_trust_configuration.trust_1                             2621ms
  btp_subaccount_trust_configuration.trust_2                             2475ms
  btp_subaccount_trust_configuration.trust_3                             1975ms
  btp_subaccount_trust_configuration.trust_4                             2144ms
  btp_subaccount_trust_configuration.trust_5                             2105ms
  cloudfoundry_service_instance.instance_1                               39ms
  cloudfoundry_service_instance.instance_10                              41ms
  cloudfoundry_service_instance.instance_11                              38ms
  cloudfoundry_service_instance.instance_12                              42ms
  cloudfoundry_service_instance.instance_13                              41ms
  cloudfoundry_service_instance.instance_14                              44ms
  cloudfoundry_service_instance.instance_15                              68ms
  cloudfoundry_service_instance.instance_16                              46ms
  cloudfoundry_service_instance.instance_17                              77ms
  cloudfoundry_service_instance.instance_18                              40ms
  cloudfoundry_service_instance.instance_19                              39ms
  cloudfoundry_service_instance.instance_2                               45ms
  cloudfoundry_service_instance.instance_20                              58ms
  cloudfoundry_service_instance.instance_3                               43ms
  cloudfoundry_service_instance.instance_4                               38ms
  cloudfoundry_service_instance.instance_5                               50ms
  cloudfoundry_service_instance.instance_6                               53ms
  cloudfoundry_service_instance.instance_7                               51ms
  cloudfoundry_service_instance.instance_8                               38ms
  cloudfoundry_service_instance.instance_9                               60ms
  cloudfoundry_space.space_1                                             124ms
  cloudfoundry_space.space_10                                            122ms
  cloudfoundry_space.space_2                                             92ms
  cloudfoundry_space.space_3                                             100ms
  cloudfoundry_space.space_4                                             88ms
  cloudfoundry_space.space_5                                             90ms
  cloudfoundry_space.space_6                                             96ms
  cloudfoundry_space.space_7                                             100ms
  cloudfoundry_space.space_8                                             104ms
  cloudfoundry_space.space_9                                             129ms
  scc_subaccount.subaccount_1                                            1983ms
  scc_subaccount.subaccount_2                                            2227ms
  scc_subaccount.subaccount_3                                            998ms
  scc_subaccount.subaccount_4                                            631ms
  scc_subaccount.subaccount_5                                            1544ms
  scc_system_mapping.system_1                                            57ms
  scc_system_mapping.system_10                                           151ms
  scc_system_mapping.system_2                                            155ms
  scc_system_mapping.system_3                                            61ms
  scc_system_mapping.system_4                                            94ms
  scc_system_mapping.system_5                                            62ms
  scc_system_mapping.system_6                                            160ms
  scc_system_mapping.system_7                                            69ms
  scc_system_mapping.system_8                                            70ms
  scc_system_mapping.system_9                                            76ms
  scc_system_mapping_resource.resource_1                                 63ms
  scc_system_mapping_resource.resource_10                                135ms
  scc_system_mapping_resource.resource_11                                142ms
  scc_system_mapping_resource.resource_12                                63ms
  scc_system_mapping_resource.resource_13                                59ms
  scc_system_mapping_resource.resource_14                                70ms
  scc_system_mapping_resource.resource_15                                56ms
  scc_system_mapping_resource.resource_16                                69ms
  scc_system_mapping_resource.resource_17                                62ms
  scc_system_mapping_resource.resource_18                                139ms
  scc_system_mapping_resource.resource_19                                56ms
  scc_system_mapping_resource.resource_2                                 60ms
  scc_system_mapping_resource.resource_20                                69ms
  scc_system_mapping_resource.resource_3                                 58ms
  scc_system_mapping_resource.resource_4                                 64ms
  scc_system_mapping_resource.resource_5                                 72ms
  scc_system_mapping_resource.resource_6                                 63ms
  scc_system_mapping_resource.resource_7                                 68ms
  scc_system_mapping_resource.resource_8                                 62ms
  scc_system_mapping_resource.resource_9                                 57ms
  sci_application.app_1                                                  133ms
  sci_application.app_10                                                 147ms
  sci_application.app_2                                                  122ms
  sci_application.app_3                                                  121ms
  sci_application.app_4                                                  234ms
  sci_application.app_5                                                  118ms
  sci_application.app_6                                                  253ms
  sci_application.app_7                                                  133ms
  sci_application.app_8                                                  236ms
  sci_application.app_9                                                  125ms
  sci_group_base.group_1                                                 146ms
  sci_group_base.group_10                                                108ms
  sci_group_base.group_11                                                99ms
  sci_group_base.group_12                                                216ms
  sci_group_base.group_13                                                212ms
  sci_group_base.group_14                                                92ms
  sci_group_base.group_15                                                102ms
  sci_group_base.group_2                                                 196ms
  sci_group_base.group_3                                                 100ms
  sci_group_base.group_4                                                 88ms
  sci_group_base.group_5                                                 215ms
  sci_group_base.group_6                                                 85ms
  sci_group_base.group_7                                                 212ms
  sci_group_base.group_8                                                 100ms
  sci_group_base.group_9                                                 166ms
  sci_user.user_1                                                        91ms
  sci_user.user_10                                                       99ms
  sci_user.user_11                                                       150ms
  sci_user.user_12                                                       90ms
  sci_user.user_13                                                       88ms
  sci_user.user_14                                                       103ms
  sci_user.user_15                                                       89ms
  sci_user.user_16                                                       89ms
  sci_user.user_17                                                       81ms
  sci_user.user_18                                                       95ms
  sci_user.user_19                                                       108ms
  sci_user.user_2                                                        86ms
  sci_user.user_20                                                       87ms
  sci_user.user_21                                                       112ms
  sci_user.user_22                                                       97ms
  sci_user.user_23                                                       105ms
  sci_user.user_24                                                       92ms
  sci_user.user_25                                                       103ms
  sci_user.user_3                                                        85ms
  sci_user.user_4                                                        80ms
  sci_user.user_5                                                        84ms
  sci_user.user_6                                                        86ms
  sci_user.user_7                                                        89ms
  sci_user.user_8                                                        89ms
  sci_user.user_9                                                        95ms


Run 2/5:
  Total run time: 29.281372s
  btp_directory.directory_1                                              4929ms
  btp_directory.directory_2                                              4170ms
  btp_directory.directory_3                                              4020ms
  btp_directory.directory_4                                              5068ms
  btp_directory.directory_5                                              2532ms
  btp_subaccount.subaccount_1                                            1607ms
  btp_subaccount.subaccount_2                                            2024ms
  btp_subaccount.subaccount_3                                            1998ms
  btp_subaccount.subaccount_4                                            1605ms
  btp_subaccount.subaccount_5                                            2462ms
  btp_subaccount_destination_generic.destination_1                       503ms
  btp_subaccount_destination_generic.destination_10                      1283ms
  btp_subaccount_destination_generic.destination_2                       1845ms
  btp_subaccount_destination_generic.destination_3                       2046ms
  btp_subaccount_destination_generic.destination_4                       2536ms
  btp_subaccount_destination_generic.destination_5                       2217ms
  btp_subaccount_destination_generic.destination_6                       2105ms
  btp_subaccount_destination_generic.destination_7                       2222ms
  btp_subaccount_destination_generic.destination_8                       1755ms
  btp_subaccount_destination_generic.destination_9                       2522ms
  btp_subaccount_environment_instance.cloudfoundry_1                     2010ms
  btp_subaccount_environment_instance.cloudfoundry_2                     888ms
  btp_subaccount_environment_instance.cloudfoundry_3                     1895ms
  btp_subaccount_environment_instance.cloudfoundry_4                     2608ms
  btp_subaccount_environment_instance.cloudfoundry_5                     2621ms
  btp_subaccount_role.role_1                                             2653ms
  btp_subaccount_role.role_10                                            2317ms
  btp_subaccount_role.role_2                                             2038ms
  btp_subaccount_role.role_3                                             2302ms
  btp_subaccount_role.role_4                                             2473ms
  btp_subaccount_role.role_5                                             1754ms
  btp_subaccount_role.role_6                                             2292ms
  btp_subaccount_role.role_7                                             2127ms
  btp_subaccount_role.role_8                                             1086ms
  btp_subaccount_role.role_9                                             2469ms
  btp_subaccount_role_collection.collection_1                            1573ms
  btp_subaccount_role_collection.collection_10                           1968ms
  btp_subaccount_role_collection.collection_11                           2536ms
  btp_subaccount_role_collection.collection_12                           2448ms
  btp_subaccount_role_collection.collection_13                           1945ms
  btp_subaccount_role_collection.collection_14                           1321ms
  btp_subaccount_role_collection.collection_15                           1719ms
  btp_subaccount_role_collection.collection_2                            2166ms
  btp_subaccount_role_collection.collection_3                            2476ms
  btp_subaccount_role_collection.collection_4                            358ms
  btp_subaccount_role_collection.collection_5                            179ms
  btp_subaccount_role_collection.collection_6                            1037ms
  btp_subaccount_role_collection.collection_7                            2400ms
  btp_subaccount_role_collection.collection_8                            2396ms
  btp_subaccount_role_collection.collection_9                            2666ms
  btp_subaccount_service_instance.instance_1                             6767ms
  btp_subaccount_service_instance.instance_10                            4356ms
  btp_subaccount_service_instance.instance_2                             7507ms
  btp_subaccount_service_instance.instance_3                             5752ms
  btp_subaccount_service_instance.instance_4                             4501ms
  btp_subaccount_service_instance.instance_5                             7316ms
  btp_subaccount_service_instance.instance_6                             7842ms
  btp_subaccount_service_instance.instance_7                             6883ms
  btp_subaccount_service_instance.instance_8                             6007ms
  btp_subaccount_service_instance.instance_9                             6113ms
  btp_subaccount_subscription.subscription_1                             5198ms
  btp_subaccount_subscription.subscription_10                            5247ms
  btp_subaccount_subscription.subscription_11                            3926ms
  btp_subaccount_subscription.subscription_12                            4562ms
  btp_subaccount_subscription.subscription_13                            4518ms
  btp_subaccount_subscription.subscription_14                            4556ms
  btp_subaccount_subscription.subscription_15                            4645ms
  btp_subaccount_subscription.subscription_2                             5315ms
  btp_subaccount_subscription.subscription_3                             4542ms
  btp_subaccount_subscription.subscription_4                             4035ms
  btp_subaccount_subscription.subscription_5                             4403ms
  btp_subaccount_subscription.subscription_6                             3349ms
  btp_subaccount_subscription.subscription_7                             4342ms
  btp_subaccount_subscription.subscription_8                             4568ms
  btp_subaccount_subscription.subscription_9                             3581ms
  btp_subaccount_trust_configuration.trust_1                             649ms
  btp_subaccount_trust_configuration.trust_2                             1675ms
  btp_subaccount_trust_configuration.trust_3                             2511ms
  btp_subaccount_trust_configuration.trust_4                             2413ms
  btp_subaccount_trust_configuration.trust_5                             2512ms
  cloudfoundry_service_instance.instance_1                               36ms
  cloudfoundry_service_instance.instance_10                              47ms
  cloudfoundry_service_instance.instance_11                              39ms
  cloudfoundry_service_instance.instance_12                              39ms
  cloudfoundry_service_instance.instance_13                              43ms
  cloudfoundry_service_instance.instance_14                              39ms
  cloudfoundry_service_instance.instance_15                              38ms
  cloudfoundry_service_instance.instance_16                              41ms
  cloudfoundry_service_instance.instance_17                              37ms
  cloudfoundry_service_instance.instance_18                              40ms
  cloudfoundry_service_instance.instance_19                              44ms
  cloudfoundry_service_instance.instance_2                               44ms
  cloudfoundry_service_instance.instance_20                              38ms
  cloudfoundry_service_instance.instance_3                               38ms
  cloudfoundry_service_instance.instance_4                               37ms
  cloudfoundry_service_instance.instance_5                               48ms
  cloudfoundry_service_instance.instance_6                               38ms
  cloudfoundry_service_instance.instance_7                               39ms
  cloudfoundry_service_instance.instance_8                               38ms
  cloudfoundry_service_instance.instance_9                               39ms
  cloudfoundry_space.space_1                                             102ms
  cloudfoundry_space.space_10                                            147ms
  cloudfoundry_space.space_2                                             102ms
  cloudfoundry_space.space_3                                             90ms
  cloudfoundry_space.space_4                                             92ms
  cloudfoundry_space.space_5                                             102ms
  cloudfoundry_space.space_6                                             114ms
  cloudfoundry_space.space_7                                             106ms
  cloudfoundry_space.space_8                                             92ms
  cloudfoundry_space.space_9                                             97ms
  scc_subaccount.subaccount_1                                            1689ms
  scc_subaccount.subaccount_2                                            636ms
  scc_subaccount.subaccount_3                                            1971ms
  scc_subaccount.subaccount_4                                            1016ms
  scc_subaccount.subaccount_5                                            1329ms
  scc_system_mapping.system_1                                            122ms
  scc_system_mapping.system_10                                           60ms
  scc_system_mapping.system_2                                            56ms
  scc_system_mapping.system_3                                            139ms
  scc_system_mapping.system_4                                            53ms
  scc_system_mapping.system_5                                            58ms
  scc_system_mapping.system_6                                            76ms
  scc_system_mapping.system_7                                            54ms
  scc_system_mapping.system_8                                            57ms
  scc_system_mapping.system_9                                            78ms
  scc_system_mapping_resource.resource_1                                 65ms
  scc_system_mapping_resource.resource_10                                65ms
  scc_system_mapping_resource.resource_11                                70ms
  scc_system_mapping_resource.resource_12                                147ms
  scc_system_mapping_resource.resource_13                                90ms
  scc_system_mapping_resource.resource_14                                56ms
  scc_system_mapping_resource.resource_15                                55ms
  scc_system_mapping_resource.resource_16                                58ms
  scc_system_mapping_resource.resource_17                                53ms
  scc_system_mapping_resource.resource_18                                71ms
  scc_system_mapping_resource.resource_19                                123ms
  scc_system_mapping_resource.resource_2                                 63ms
  scc_system_mapping_resource.resource_20                                135ms
  scc_system_mapping_resource.resource_3                                 70ms
  scc_system_mapping_resource.resource_4                                 58ms
  scc_system_mapping_resource.resource_5                                 135ms
  scc_system_mapping_resource.resource_6                                 96ms
  scc_system_mapping_resource.resource_7                                 69ms
  scc_system_mapping_resource.resource_8                                 58ms
  scc_system_mapping_resource.resource_9                                 138ms
  sci_application.app_1                                                  115ms
  sci_application.app_10                                                 120ms
  sci_application.app_2                                                  119ms
  sci_application.app_3                                                  124ms
  sci_application.app_4                                                  133ms
  sci_application.app_5                                                  116ms
  sci_application.app_6                                                  117ms
  sci_application.app_7                                                  123ms
  sci_application.app_8                                                  114ms
  sci_application.app_9                                                  125ms
  sci_group_base.group_1                                                 163ms
  sci_group_base.group_10                                                88ms
  sci_group_base.group_11                                                96ms
  sci_group_base.group_12                                                163ms
  sci_group_base.group_13                                                92ms
  sci_group_base.group_14                                                94ms
  sci_group_base.group_15                                                91ms
  sci_group_base.group_2                                                 167ms
  sci_group_base.group_3                                                 96ms
  sci_group_base.group_4                                                 94ms
  sci_group_base.group_5                                                 96ms
  sci_group_base.group_6                                                 94ms
  sci_group_base.group_7                                                 99ms
  sci_group_base.group_8                                                 157ms
  sci_group_base.group_9                                                 94ms
  sci_user.user_1                                                        92ms
  sci_user.user_10                                                       88ms
  sci_user.user_11                                                       83ms
  sci_user.user_12                                                       91ms
  sci_user.user_13                                                       85ms
  sci_user.user_14                                                       89ms
  sci_user.user_15                                                       150ms
  sci_user.user_16                                                       86ms
  sci_user.user_17                                                       123ms
  sci_user.user_18                                                       88ms
  sci_user.user_19                                                       92ms
  sci_user.user_2                                                        173ms
  sci_user.user_20                                                       91ms
  sci_user.user_21                                                       126ms
  sci_user.user_22                                                       90ms
  sci_user.user_23                                                       155ms
  sci_user.user_24                                                       87ms
  sci_user.user_25                                                       89ms
  sci_user.user_3                                                        93ms
  sci_user.user_4                                                        87ms
  sci_user.user_5                                                        90ms
  sci_user.user_6                                                        87ms
  sci_user.user_7                                                        95ms
  sci_user.user_8                                                        83ms
  sci_user.user_9                                                        83ms


Run 3/5:
  Total run time: 29.587215s
  btp_directory.directory_1                                              5710ms
  btp_directory.directory_2                                              3968ms
  btp_directory.directory_3                                              5003ms
  btp_directory.directory_4                                              2306ms
  btp_directory.directory_5                                              4392ms
  btp_subaccount.subaccount_1                                            1955ms
  btp_subaccount.subaccount_2                                            2071ms
  btp_subaccount.subaccount_3                                            778ms
  btp_subaccount.subaccount_4                                            2205ms
  btp_subaccount.subaccount_5                                            2303ms
  btp_subaccount_destination_generic.destination_1                       2646ms
  btp_subaccount_destination_generic.destination_10                      1919ms
  btp_subaccount_destination_generic.destination_2                       1716ms
  btp_subaccount_destination_generic.destination_3                       1878ms
  btp_subaccount_destination_generic.destination_4                       1855ms
  btp_subaccount_destination_generic.destination_5                       2048ms
  btp_subaccount_destination_generic.destination_6                       1129ms
  btp_subaccount_destination_generic.destination_7                       2929ms
  btp_subaccount_destination_generic.destination_8                       2673ms
  btp_subaccount_destination_generic.destination_9                       2915ms
  btp_subaccount_environment_instance.cloudfoundry_1                     3096ms
  btp_subaccount_environment_instance.cloudfoundry_2                     2793ms
  btp_subaccount_environment_instance.cloudfoundry_3                     2538ms
  btp_subaccount_environment_instance.cloudfoundry_4                     2410ms
  btp_subaccount_environment_instance.cloudfoundry_5                     2347ms
  btp_subaccount_role.role_1                                             2196ms
  btp_subaccount_role.role_10                                            2076ms
  btp_subaccount_role.role_2                                             748ms
  btp_subaccount_role.role_3                                             185ms
  btp_subaccount_role.role_4                                             2865ms
  btp_subaccount_role.role_5                                             1908ms
  btp_subaccount_role.role_6                                             2263ms
  btp_subaccount_role.role_7                                             2449ms
  btp_subaccount_role.role_8                                             2248ms
  btp_subaccount_role.role_9                                             2608ms
  btp_subaccount_role_collection.collection_1                            1731ms
  btp_subaccount_role_collection.collection_10                           1225ms
  btp_subaccount_role_collection.collection_11                           2681ms
  btp_subaccount_role_collection.collection_12                           1610ms
  btp_subaccount_role_collection.collection_13                           2029ms
  btp_subaccount_role_collection.collection_14                           2666ms
  btp_subaccount_role_collection.collection_15                           2067ms
  btp_subaccount_role_collection.collection_2                            2555ms
  btp_subaccount_role_collection.collection_3                            1982ms
  btp_subaccount_role_collection.collection_4                            2022ms
  btp_subaccount_role_collection.collection_5                            2267ms
  btp_subaccount_role_collection.collection_6                            2916ms
  btp_subaccount_role_collection.collection_7                            2537ms
  btp_subaccount_role_collection.collection_8                            2568ms
  btp_subaccount_role_collection.collection_9                            2269ms
  btp_subaccount_service_instance.instance_1                             6925ms
  btp_subaccount_service_instance.instance_10                            8272ms
  btp_subaccount_service_instance.instance_2                             4163ms
  btp_subaccount_service_instance.instance_3                             6383ms
  btp_subaccount_service_instance.instance_4                             5128ms
  btp_subaccount_service_instance.instance_5                             6942ms
  btp_subaccount_service_instance.instance_6                             8013ms
  btp_subaccount_service_instance.instance_7                             6023ms
  btp_subaccount_service_instance.instance_8                             6103ms
  btp_subaccount_service_instance.instance_9                             7303ms
  btp_subaccount_subscription.subscription_1                             3991ms
  btp_subaccount_subscription.subscription_10                            4929ms
  btp_subaccount_subscription.subscription_11                            4516ms
  btp_subaccount_subscription.subscription_12                            5453ms
  btp_subaccount_subscription.subscription_13                            5079ms
  btp_subaccount_subscription.subscription_14                            4025ms
  btp_subaccount_subscription.subscription_15                            5878ms
  btp_subaccount_subscription.subscription_2                             4035ms
  btp_subaccount_subscription.subscription_3                             4713ms
  btp_subaccount_subscription.subscription_4                             4817ms
  btp_subaccount_subscription.subscription_5                             3009ms
  btp_subaccount_subscription.subscription_6                             3574ms
  btp_subaccount_subscription.subscription_7                             4747ms
  btp_subaccount_subscription.subscription_8                             4282ms
  btp_subaccount_subscription.subscription_9                             4816ms
  btp_subaccount_trust_configuration.trust_1                             1988ms
  btp_subaccount_trust_configuration.trust_2                             2514ms
  btp_subaccount_trust_configuration.trust_3                             2067ms
  btp_subaccount_trust_configuration.trust_4                             2018ms
  btp_subaccount_trust_configuration.trust_5                             2281ms
  cloudfoundry_service_instance.instance_1                               51ms
  cloudfoundry_service_instance.instance_10                              51ms
  cloudfoundry_service_instance.instance_11                              42ms
  cloudfoundry_service_instance.instance_12                              45ms
  cloudfoundry_service_instance.instance_13                              30ms
  cloudfoundry_service_instance.instance_14                              44ms
  cloudfoundry_service_instance.instance_15                              35ms
  cloudfoundry_service_instance.instance_16                              32ms
  cloudfoundry_service_instance.instance_17                              40ms
  cloudfoundry_service_instance.instance_18                              37ms
  cloudfoundry_service_instance.instance_19                              36ms
  cloudfoundry_service_instance.instance_2                               62ms
  cloudfoundry_service_instance.instance_20                              57ms
  cloudfoundry_service_instance.instance_3                               35ms
  cloudfoundry_service_instance.instance_4                               34ms
  cloudfoundry_service_instance.instance_5                               36ms
  cloudfoundry_service_instance.instance_6                               34ms
  cloudfoundry_service_instance.instance_7                               38ms
  cloudfoundry_service_instance.instance_8                               44ms
  cloudfoundry_service_instance.instance_9                               48ms
  cloudfoundry_space.space_1                                             90ms
  cloudfoundry_space.space_10                                            94ms
  cloudfoundry_space.space_2                                             105ms
  cloudfoundry_space.space_3                                             84ms
  cloudfoundry_space.space_4                                             89ms
  cloudfoundry_space.space_5                                             96ms
  cloudfoundry_space.space_6                                             123ms
  cloudfoundry_space.space_7                                             92ms
  cloudfoundry_space.space_8                                             88ms
  cloudfoundry_space.space_9                                             93ms
  scc_subaccount.subaccount_1                                            747ms
  scc_subaccount.subaccount_2                                            1157ms
  scc_subaccount.subaccount_3                                            1494ms
  scc_subaccount.subaccount_4                                            1962ms
  scc_subaccount.subaccount_5                                            1740ms
  scc_system_mapping.system_1                                            55ms
  scc_system_mapping.system_10                                           62ms
  scc_system_mapping.system_2                                            139ms
  scc_system_mapping.system_3                                            55ms
  scc_system_mapping.system_4                                            148ms
  scc_system_mapping.system_5                                            69ms
  scc_system_mapping.system_6                                            59ms
  scc_system_mapping.system_7                                            56ms
  scc_system_mapping.system_8                                            54ms
  scc_system_mapping.system_9                                            58ms
  scc_system_mapping_resource.resource_1                                 90ms
  scc_system_mapping_resource.resource_10                                131ms
  scc_system_mapping_resource.resource_11                                56ms
  scc_system_mapping_resource.resource_12                                54ms
  scc_system_mapping_resource.resource_13                                52ms
  scc_system_mapping_resource.resource_14                                56ms
  scc_system_mapping_resource.resource_15                                55ms
  scc_system_mapping_resource.resource_16                                54ms
  scc_system_mapping_resource.resource_17                                75ms
  scc_system_mapping_resource.resource_18                                68ms
  scc_system_mapping_resource.resource_19                                145ms
  scc_system_mapping_resource.resource_2                                 53ms
  scc_system_mapping_resource.resource_20                                58ms
  scc_system_mapping_resource.resource_3                                 55ms
  scc_system_mapping_resource.resource_4                                 60ms
  scc_system_mapping_resource.resource_5                                 56ms
  scc_system_mapping_resource.resource_6                                 72ms
  scc_system_mapping_resource.resource_7                                 78ms
  scc_system_mapping_resource.resource_8                                 54ms
  scc_system_mapping_resource.resource_9                                 100ms
  sci_application.app_1                                                  104ms
  sci_application.app_10                                                 125ms
  sci_application.app_2                                                  116ms
  sci_application.app_3                                                  153ms
  sci_application.app_4                                                  118ms
  sci_application.app_5                                                  113ms
  sci_application.app_6                                                  120ms
  sci_application.app_7                                                  123ms
  sci_application.app_8                                                  126ms
  sci_application.app_9                                                  118ms
  sci_group_base.group_1                                                 87ms
  sci_group_base.group_10                                                101ms
  sci_group_base.group_11                                                84ms
  sci_group_base.group_12                                                91ms
  sci_group_base.group_13                                                144ms
  sci_group_base.group_14                                                96ms
  sci_group_base.group_15                                                90ms
  sci_group_base.group_2                                                 85ms
  sci_group_base.group_3                                                 107ms
  sci_group_base.group_4                                                 98ms
  sci_group_base.group_5                                                 92ms
  sci_group_base.group_6                                                 87ms
  sci_group_base.group_7                                                 118ms
  sci_group_base.group_8                                                 104ms
  sci_group_base.group_9                                                 96ms
  sci_user.user_1                                                        80ms
  sci_user.user_10                                                       88ms
  sci_user.user_11                                                       95ms
  sci_user.user_12                                                       93ms
  sci_user.user_13                                                       85ms
  sci_user.user_14                                                       82ms
  sci_user.user_15                                                       92ms
  sci_user.user_16                                                       77ms
  sci_user.user_17                                                       143ms
  sci_user.user_18                                                       145ms
  sci_user.user_19                                                       146ms
  sci_user.user_2                                                        136ms
  sci_user.user_20                                                       134ms
  sci_user.user_21                                                       86ms
  sci_user.user_22                                                       82ms
  sci_user.user_23                                                       96ms
  sci_user.user_24                                                       110ms
  sci_user.user_25                                                       80ms
  sci_user.user_3                                                        101ms
  sci_user.user_4                                                        110ms
  sci_user.user_5                                                        91ms
  sci_user.user_6                                                        87ms
  sci_user.user_7                                                        90ms
  sci_user.user_8                                                        81ms
  sci_user.user_9                                                        89ms


Run 4/5:
  Total run time: 31.159365s
  btp_directory.directory_1                                              4445ms
  btp_directory.directory_2                                              4800ms
  btp_directory.directory_3                                              4867ms
  btp_directory.directory_4                                              4215ms
  btp_directory.directory_5                                              4505ms
  btp_subaccount.subaccount_1                                            2551ms
  btp_subaccount.subaccount_2                                            2070ms
  btp_subaccount.subaccount_3                                            3891ms
  btp_subaccount.subaccount_4                                            895ms
  btp_subaccount.subaccount_5                                            2002ms
  btp_subaccount_destination_generic.destination_1                       1949ms
  btp_subaccount_destination_generic.destination_10                      2051ms
  btp_subaccount_destination_generic.destination_2                       4003ms
  btp_subaccount_destination_generic.destination_3                       2327ms
  btp_subaccount_destination_generic.destination_4                       2096ms
  btp_subaccount_destination_generic.destination_5                       2536ms
  btp_subaccount_destination_generic.destination_6                       2713ms
  btp_subaccount_destination_generic.destination_7                       2425ms
  btp_subaccount_destination_generic.destination_8                       2310ms
  btp_subaccount_destination_generic.destination_9                       1838ms
  btp_subaccount_environment_instance.cloudfoundry_1                     2556ms
  btp_subaccount_environment_instance.cloudfoundry_2                     1548ms
  btp_subaccount_environment_instance.cloudfoundry_3                     2321ms
  btp_subaccount_environment_instance.cloudfoundry_4                     2997ms
  btp_subaccount_environment_instance.cloudfoundry_5                     2931ms
  btp_subaccount_role.role_1                                             1919ms
  btp_subaccount_role.role_10                                            2276ms
  btp_subaccount_role.role_2                                             2229ms
  btp_subaccount_role.role_3                                             2050ms
  btp_subaccount_role.role_4                                             327ms
  btp_subaccount_role.role_5                                             2128ms
  btp_subaccount_role.role_6                                             2012ms
  btp_subaccount_role.role_7                                             2106ms
  btp_subaccount_role.role_8                                             2200ms
  btp_subaccount_role.role_9                                             1935ms
  btp_subaccount_role_collection.collection_1                            163ms
  btp_subaccount_role_collection.collection_10                           2183ms
  btp_subaccount_role_collection.collection_11                           2441ms
  btp_subaccount_role_collection.collection_12                           1824ms
  btp_subaccount_role_collection.collection_13                           1747ms
  btp_subaccount_role_collection.collection_14                           2143ms
  btp_subaccount_role_collection.collection_15                           1972ms
  btp_subaccount_role_collection.collection_2                            2301ms
  btp_subaccount_role_collection.collection_3                            1723ms
  btp_subaccount_role_collection.collection_4                            1953ms
  btp_subaccount_role_collection.collection_5                            1882ms
  btp_subaccount_role_collection.collection_6                            2222ms
  btp_subaccount_role_collection.collection_7                            3628ms
  btp_subaccount_role_collection.collection_8                            2632ms
  btp_subaccount_role_collection.collection_9                            4040ms
  btp_subaccount_service_instance.instance_1                             7495ms
  btp_subaccount_service_instance.instance_10                            5994ms
  btp_subaccount_service_instance.instance_2                             7095ms
  btp_subaccount_service_instance.instance_3                             8734ms
  btp_subaccount_service_instance.instance_4                             3730ms
  btp_subaccount_service_instance.instance_5                             6877ms
  btp_subaccount_service_instance.instance_6                             6102ms
  btp_subaccount_service_instance.instance_7                             7348ms
  btp_subaccount_service_instance.instance_8                             6064ms
  btp_subaccount_service_instance.instance_9                             5628ms
  btp_subaccount_subscription.subscription_1                             6961ms
  btp_subaccount_subscription.subscription_10                            4697ms
  btp_subaccount_subscription.subscription_11                            5212ms
  btp_subaccount_subscription.subscription_12                            4449ms
  btp_subaccount_subscription.subscription_13                            4691ms
  btp_subaccount_subscription.subscription_14                            6439ms
  btp_subaccount_subscription.subscription_15                            5529ms
  btp_subaccount_subscription.subscription_2                             4692ms
  btp_subaccount_subscription.subscription_3                             4350ms
  btp_subaccount_subscription.subscription_4                             6845ms
  btp_subaccount_subscription.subscription_5                             6364ms
  btp_subaccount_subscription.subscription_6                             4555ms
  btp_subaccount_subscription.subscription_7                             5093ms
  btp_subaccount_subscription.subscription_8                             3176ms
  btp_subaccount_subscription.subscription_9                             2591ms
  btp_subaccount_trust_configuration.trust_1                             2764ms
  btp_subaccount_trust_configuration.trust_2                             2336ms
  btp_subaccount_trust_configuration.trust_3                             1882ms
  btp_subaccount_trust_configuration.trust_4                             2451ms
  btp_subaccount_trust_configuration.trust_5                             1714ms
  cloudfoundry_service_instance.instance_1                               49ms
  cloudfoundry_service_instance.instance_10                              39ms
  cloudfoundry_service_instance.instance_11                              37ms
  cloudfoundry_service_instance.instance_12                              38ms
  cloudfoundry_service_instance.instance_13                              40ms
  cloudfoundry_service_instance.instance_14                              39ms
  cloudfoundry_service_instance.instance_15                              36ms
  cloudfoundry_service_instance.instance_16                              49ms
  cloudfoundry_service_instance.instance_17                              45ms
  cloudfoundry_service_instance.instance_18                              41ms
  cloudfoundry_service_instance.instance_19                              46ms
  cloudfoundry_service_instance.instance_2                               42ms
  cloudfoundry_service_instance.instance_20                              40ms
  cloudfoundry_service_instance.instance_3                               44ms
  cloudfoundry_service_instance.instance_4                               44ms
  cloudfoundry_service_instance.instance_5                               39ms
  cloudfoundry_service_instance.instance_6                               38ms
  cloudfoundry_service_instance.instance_7                               39ms
  cloudfoundry_service_instance.instance_8                               50ms
  cloudfoundry_service_instance.instance_9                               40ms
  cloudfoundry_space.space_1                                             98ms
  cloudfoundry_space.space_10                                            107ms
  cloudfoundry_space.space_2                                             125ms
  cloudfoundry_space.space_3                                             89ms
  cloudfoundry_space.space_4                                             95ms
  cloudfoundry_space.space_5                                             104ms
  cloudfoundry_space.space_6                                             96ms
  cloudfoundry_space.space_7                                             93ms
  cloudfoundry_space.space_8                                             96ms
  cloudfoundry_space.space_9                                             96ms
  scc_subaccount.subaccount_1                                            1992ms
  scc_subaccount.subaccount_2                                            939ms
  scc_subaccount.subaccount_3                                            1397ms
  scc_subaccount.subaccount_4                                            1742ms
  scc_subaccount.subaccount_5                                            555ms
  scc_system_mapping.system_1                                            107ms
  scc_system_mapping.system_10                                           54ms
  scc_system_mapping.system_2                                            62ms
  scc_system_mapping.system_3                                            56ms
  scc_system_mapping.system_4                                            146ms
  scc_system_mapping.system_5                                            70ms
  scc_system_mapping.system_6                                            64ms
  scc_system_mapping.system_7                                            57ms
  scc_system_mapping.system_8                                            135ms
  scc_system_mapping.system_9                                            54ms
  scc_system_mapping_resource.resource_1                                 70ms
  scc_system_mapping_resource.resource_10                                73ms
  scc_system_mapping_resource.resource_11                                64ms
  scc_system_mapping_resource.resource_12                                54ms
  scc_system_mapping_resource.resource_13                                133ms
  scc_system_mapping_resource.resource_14                                72ms
  scc_system_mapping_resource.resource_15                                97ms
  scc_system_mapping_resource.resource_16                                125ms
  scc_system_mapping_resource.resource_17                                71ms
  scc_system_mapping_resource.resource_18                                51ms
  scc_system_mapping_resource.resource_19                                52ms
  scc_system_mapping_resource.resource_2                                 72ms
  scc_system_mapping_resource.resource_20                                147ms
  scc_system_mapping_resource.resource_3                                 55ms
  scc_system_mapping_resource.resource_4                                 76ms
  scc_system_mapping_resource.resource_5                                 59ms
  scc_system_mapping_resource.resource_6                                 153ms
  scc_system_mapping_resource.resource_7                                 56ms
  scc_system_mapping_resource.resource_8                                 59ms
  scc_system_mapping_resource.resource_9                                 66ms
  sci_application.app_1                                                  111ms
  sci_application.app_10                                                 107ms
  sci_application.app_2                                                  134ms
  sci_application.app_3                                                  118ms
  sci_application.app_4                                                  166ms
  sci_application.app_5                                                  122ms
  sci_application.app_6                                                  104ms
  sci_application.app_7                                                  122ms
  sci_application.app_8                                                  112ms
  sci_application.app_9                                                  111ms
  sci_group_base.group_1                                                 92ms
  sci_group_base.group_10                                                84ms
  sci_group_base.group_11                                                161ms
  sci_group_base.group_12                                                90ms
  sci_group_base.group_13                                                161ms
  sci_group_base.group_14                                                84ms
  sci_group_base.group_15                                                160ms
  sci_group_base.group_2                                                 102ms
  sci_group_base.group_3                                                 96ms
  sci_group_base.group_4                                                 138ms
  sci_group_base.group_5                                                 90ms
  sci_group_base.group_6                                                 97ms
  sci_group_base.group_7                                                 89ms
  sci_group_base.group_8                                                 94ms
  sci_group_base.group_9                                                 81ms
  sci_user.user_1                                                        94ms
  sci_user.user_10                                                       91ms
  sci_user.user_11                                                       95ms
  sci_user.user_12                                                       97ms
  sci_user.user_13                                                       100ms
  sci_user.user_14                                                       155ms
  sci_user.user_15                                                       81ms
  sci_user.user_16                                                       91ms
  sci_user.user_17                                                       89ms
  sci_user.user_18                                                       91ms
  sci_user.user_19                                                       86ms
  sci_user.user_2                                                        87ms
  sci_user.user_20                                                       90ms
  sci_user.user_21                                                       91ms
  sci_user.user_22                                                       81ms
  sci_user.user_23                                                       93ms
  sci_user.user_24                                                       87ms
  sci_user.user_25                                                       88ms
  sci_user.user_3                                                        83ms
  sci_user.user_4                                                        106ms
  sci_user.user_5                                                        136ms
  sci_user.user_6                                                        198ms
  sci_user.user_7                                                        87ms
  sci_user.user_8                                                        151ms
  sci_user.user_9                                                        136ms


Run 5/5:
  Total run time: 31.264485s
  btp_directory.directory_1                                              4462ms
  btp_directory.directory_2                                              4680ms
  btp_directory.directory_3                                              4440ms
  btp_directory.directory_4                                              4053ms
  btp_directory.directory_5                                              3732ms
  btp_subaccount.subaccount_1                                            2098ms
  btp_subaccount.subaccount_2                                            2767ms
  btp_subaccount.subaccount_3                                            1903ms
  btp_subaccount.subaccount_4                                            1988ms
  btp_subaccount.subaccount_5                                            2465ms
  btp_subaccount_destination_generic.destination_1                       2345ms
  btp_subaccount_destination_generic.destination_10                      2603ms
  btp_subaccount_destination_generic.destination_2                       2235ms
  btp_subaccount_destination_generic.destination_3                       1961ms
  btp_subaccount_destination_generic.destination_4                       1770ms
  btp_subaccount_destination_generic.destination_5                       2488ms
  btp_subaccount_destination_generic.destination_6                       1923ms
  btp_subaccount_destination_generic.destination_7                       2988ms
  btp_subaccount_destination_generic.destination_8                       704ms
  btp_subaccount_destination_generic.destination_9                       2091ms
  btp_subaccount_environment_instance.cloudfoundry_1                     2034ms
  btp_subaccount_environment_instance.cloudfoundry_2                     2158ms
  btp_subaccount_environment_instance.cloudfoundry_3                     1773ms
  btp_subaccount_environment_instance.cloudfoundry_4                     2252ms
  btp_subaccount_environment_instance.cloudfoundry_5                     3261ms
  btp_subaccount_role.role_1                                             1809ms
  btp_subaccount_role.role_10                                            2465ms
  btp_subaccount_role.role_2                                             2582ms
  btp_subaccount_role.role_3                                             2046ms
  btp_subaccount_role.role_4                                             2338ms
  btp_subaccount_role.role_5                                             2080ms
  btp_subaccount_role.role_6                                             2117ms
  btp_subaccount_role.role_7                                             2734ms
  btp_subaccount_role.role_8                                             2576ms
  btp_subaccount_role.role_9                                             2650ms
  btp_subaccount_role_collection.collection_1                            2787ms
  btp_subaccount_role_collection.collection_10                           2231ms
  btp_subaccount_role_collection.collection_11                           2938ms
  btp_subaccount_role_collection.collection_12                           540ms
  btp_subaccount_role_collection.collection_13                           2643ms
  btp_subaccount_role_collection.collection_14                           2903ms
  btp_subaccount_role_collection.collection_15                           1951ms
  btp_subaccount_role_collection.collection_2                            2083ms
  btp_subaccount_role_collection.collection_3                            2641ms
  btp_subaccount_role_collection.collection_4                            2121ms
  btp_subaccount_role_collection.collection_5                            1882ms
  btp_subaccount_role_collection.collection_6                            1916ms
  btp_subaccount_role_collection.collection_7                            2468ms
  btp_subaccount_role_collection.collection_8                            2456ms
  btp_subaccount_role_collection.collection_9                            2445ms
  btp_subaccount_service_instance.instance_1                             7856ms
  btp_subaccount_service_instance.instance_10                            7833ms
  btp_subaccount_service_instance.instance_2                             5625ms
  btp_subaccount_service_instance.instance_3                             6551ms
  btp_subaccount_service_instance.instance_4                             5317ms
  btp_subaccount_service_instance.instance_5                             7772ms
  btp_subaccount_service_instance.instance_6                             7841ms
  btp_subaccount_service_instance.instance_7                             7556ms
  btp_subaccount_service_instance.instance_8                             7112ms
  btp_subaccount_service_instance.instance_9                             6251ms
  btp_subaccount_subscription.subscription_1                             3426ms
  btp_subaccount_subscription.subscription_10                            3817ms
  btp_subaccount_subscription.subscription_11                            3459ms
  btp_subaccount_subscription.subscription_12                            5800ms
  btp_subaccount_subscription.subscription_13                            4814ms
  btp_subaccount_subscription.subscription_14                            1802ms
  btp_subaccount_subscription.subscription_15                            4926ms
  btp_subaccount_subscription.subscription_2                             5912ms
  btp_subaccount_subscription.subscription_3                             5263ms
  btp_subaccount_subscription.subscription_4                             5247ms
  btp_subaccount_subscription.subscription_5                             4085ms
  btp_subaccount_subscription.subscription_6                             4286ms
  btp_subaccount_subscription.subscription_7                             5762ms
  btp_subaccount_subscription.subscription_8                             5590ms
  btp_subaccount_subscription.subscription_9                             4528ms
  btp_subaccount_trust_configuration.trust_1                             2949ms
  btp_subaccount_trust_configuration.trust_2                             1432ms
  btp_subaccount_trust_configuration.trust_3                             2133ms
  btp_subaccount_trust_configuration.trust_4                             2764ms
  btp_subaccount_trust_configuration.trust_5                             2758ms
  cloudfoundry_service_instance.instance_1                               36ms
  cloudfoundry_service_instance.instance_10                              40ms
  cloudfoundry_service_instance.instance_11                              47ms
  cloudfoundry_service_instance.instance_12                              57ms
  cloudfoundry_service_instance.instance_13                              68ms
  cloudfoundry_service_instance.instance_14                              40ms
  cloudfoundry_service_instance.instance_15                              42ms
  cloudfoundry_service_instance.instance_16                              37ms
  cloudfoundry_service_instance.instance_17                              40ms
  cloudfoundry_service_instance.instance_18                              42ms
  cloudfoundry_service_instance.instance_19                              46ms
  cloudfoundry_service_instance.instance_2                               36ms
  cloudfoundry_service_instance.instance_20                              63ms
  cloudfoundry_service_instance.instance_3                               36ms
  cloudfoundry_service_instance.instance_4                               50ms
  cloudfoundry_service_instance.instance_5                               36ms
  cloudfoundry_service_instance.instance_6                               36ms
  cloudfoundry_service_instance.instance_7                               36ms
  cloudfoundry_service_instance.instance_8                               38ms
  cloudfoundry_service_instance.instance_9                               49ms
  cloudfoundry_space.space_1                                             121ms
  cloudfoundry_space.space_10                                            97ms
  cloudfoundry_space.space_2                                             90ms
  cloudfoundry_space.space_3                                             105ms
  cloudfoundry_space.space_4                                             93ms
  cloudfoundry_space.space_5                                             106ms
  cloudfoundry_space.space_6                                             125ms
  cloudfoundry_space.space_7                                             93ms
  cloudfoundry_space.space_8                                             91ms
  cloudfoundry_space.space_9                                             101ms
  scc_subaccount.subaccount_1                                            1093ms
  scc_subaccount.subaccount_2                                            1566ms
  scc_subaccount.subaccount_3                                            2312ms
  scc_subaccount.subaccount_4                                            1988ms
  scc_subaccount.subaccount_5                                            739ms
  scc_system_mapping.system_1                                            135ms
  scc_system_mapping.system_10                                           89ms
  scc_system_mapping.system_2                                            137ms
  scc_system_mapping.system_3                                            88ms
  scc_system_mapping.system_4                                            77ms
  scc_system_mapping.system_5                                            182ms
  scc_system_mapping.system_6                                            138ms
  scc_system_mapping.system_7                                            147ms
  scc_system_mapping.system_8                                            73ms
  scc_system_mapping.system_9                                            142ms
  scc_system_mapping_resource.resource_1                                 89ms
  scc_system_mapping_resource.resource_10                                66ms
  scc_system_mapping_resource.resource_11                                138ms
  scc_system_mapping_resource.resource_12                                133ms
  scc_system_mapping_resource.resource_13                                81ms
  scc_system_mapping_resource.resource_14                                71ms
  scc_system_mapping_resource.resource_15                                137ms
  scc_system_mapping_resource.resource_16                                79ms
  scc_system_mapping_resource.resource_17                                71ms
  scc_system_mapping_resource.resource_18                                65ms
  scc_system_mapping_resource.resource_19                                86ms
  scc_system_mapping_resource.resource_2                                 87ms
  scc_system_mapping_resource.resource_20                                139ms
  scc_system_mapping_resource.resource_3                                 87ms
  scc_system_mapping_resource.resource_4                                 79ms
  scc_system_mapping_resource.resource_5                                 54ms
  scc_system_mapping_resource.resource_6                                 117ms
  scc_system_mapping_resource.resource_7                                 145ms
  scc_system_mapping_resource.resource_8                                 98ms
  scc_system_mapping_resource.resource_9                                 83ms
  sci_application.app_1                                                  114ms
  sci_application.app_10                                                 203ms
  sci_application.app_2                                                  241ms
  sci_application.app_3                                                  113ms
  sci_application.app_4                                                  226ms
  sci_application.app_5                                                  127ms
  sci_application.app_6                                                  116ms
  sci_application.app_7                                                  226ms
  sci_application.app_8                                                  110ms
  sci_application.app_9                                                  116ms
  sci_group_base.group_1                                                 89ms
  sci_group_base.group_10                                                89ms
  sci_group_base.group_11                                                91ms
  sci_group_base.group_12                                                90ms
  sci_group_base.group_13                                                80ms
  sci_group_base.group_14                                                143ms
  sci_group_base.group_15                                                102ms
  sci_group_base.group_2                                                 83ms
  sci_group_base.group_3                                                 84ms
  sci_group_base.group_4                                                 87ms
  sci_group_base.group_5                                                 86ms
  sci_group_base.group_6                                                 88ms
  sci_group_base.group_7                                                 89ms
  sci_group_base.group_8                                                 92ms
  sci_group_base.group_9                                                 110ms
  sci_user.user_1                                                        228ms
  sci_user.user_10                                                       82ms
  sci_user.user_11                                                       90ms
  sci_user.user_12                                                       88ms
  sci_user.user_13                                                       79ms
  sci_user.user_14                                                       190ms
  sci_user.user_15                                                       94ms
  sci_user.user_16                                                       96ms
  sci_user.user_17                                                       207ms
  sci_user.user_18                                                       87ms
  sci_user.user_19                                                       81ms
  sci_user.user_2                                                        135ms
  sci_user.user_20                                                       88ms
  sci_user.user_21                                                       76ms
  sci_user.user_22                                                       85ms
  sci_user.user_23                                                       127ms
  sci_user.user_24                                                       86ms
  sci_user.user_25                                                       102ms
  sci_user.user_3                                                        80ms
  sci_user.user_4                                                        87ms
  sci_user.user_5                                                        81ms
  sci_user.user_6                                                        85ms
  sci_user.user_7                                                        87ms
  sci_user.user_8                                                        85ms
  sci_user.user_9                                                        84ms


Final results:
-------                                              ------------    -----------    -----------
Element                                              Average (ms)   Minimum (ms)   Maximum (ms)
btp_directory.directory_1                                 4704.40           3976           5710
btp_directory.directory_2                                 4577.00           3968           5267
btp_directory.directory_3                                 4485.00           4020           5003
btp_directory.directory_4                                 4154.00           2306           5128
btp_directory.directory_5                                 3985.00           2532           4764
btp_subaccount.subaccount_1                               2154.80           1607           2563
btp_subaccount.subaccount_2                               2205.60           2024           2767
btp_subaccount.subaccount_3                               2079.60            778           3891
btp_subaccount.subaccount_4                               1709.60            895           2205
btp_subaccount.subaccount_5                               2253.20           2002           2465
btp_subaccount_destination_generic.destination_1          1934.80            503           2646
btp_subaccount_destination_generic.destination_10         2179.60           1283           3042
btp_subaccount_destination_generic.destination_2          2573.60           1716           4003
btp_subaccount_destination_generic.destination_3          2074.20           1878           2327
btp_subaccount_destination_generic.destination_4          2095.60           1770           2536
btp_subaccount_destination_generic.destination_5          2305.80           2048           2536
btp_subaccount_destination_generic.destination_6          2038.80           1129           2713
btp_subaccount_destination_generic.destination_7          2692.80           2222           2988
btp_subaccount_destination_generic.destination_8          1883.80            704           2673
btp_subaccount_destination_generic.destination_9          2285.40           1838           2915
btp_subaccount_environment_instance.cloudfoundry_1        2083.20            720           3096
btp_subaccount_environment_instance.cloudfoundry_2        2095.00            888           3088
btp_subaccount_environment_instance.cloudfoundry_3        2322.00           1773           3083
btp_subaccount_environment_instance.cloudfoundry_4        2586.00           2252           2997
btp_subaccount_environment_instance.cloudfoundry_5        2773.40           2347           3261
btp_subaccount_role.role_1                                2225.00           1809           2653
btp_subaccount_role.role_10                               2251.60           2076           2465
btp_subaccount_role.role_2                                2018.40            748           2582
btp_subaccount_role.role_3                                1814.40            185           2489
btp_subaccount_role.role_4                                2114.40            327           2865
btp_subaccount_role.role_5                                1915.00           1705           2128
btp_subaccount_role.role_6                                2204.80           2012           2340
btp_subaccount_role.role_7                                2268.80           1928           2734
btp_subaccount_role.role_8                                2114.80           1086           2576
btp_subaccount_role.role_9                                2302.60           1851           2650
btp_subaccount_role_collection.collection_1               1618.80            163           2787
btp_subaccount_role_collection.collection_10              2097.00           1225           2878
btp_subaccount_role_collection.collection_11              2389.80           1353           2938
btp_subaccount_role_collection.collection_12              1686.80            540           2448
btp_subaccount_role_collection.collection_13              2136.20           1747           2643
btp_subaccount_role_collection.collection_14              2222.20           1321           2903
btp_subaccount_role_collection.collection_15              1963.60           1719           2109
btp_subaccount_role_collection.collection_2               2253.80           2083           2555
btp_subaccount_role_collection.collection_3               2269.60           1723           2641
btp_subaccount_role_collection.collection_4               1727.20            358           2182
btp_subaccount_role_collection.collection_5               1671.60            179           2267
btp_subaccount_role_collection.collection_6               2064.80           1037           2916
btp_subaccount_role_collection.collection_7               2814.60           2400           3628
btp_subaccount_role_collection.collection_8               2459.40           2245           2632
btp_subaccount_role_collection.collection_9               2678.00           1970           4040
btp_subaccount_service_instance.instance_1                7287.80           6767           7856
btp_subaccount_service_instance.instance_10               6654.80           4356           8272
btp_subaccount_service_instance.instance_2                5938.60           4163           7507
btp_subaccount_service_instance.instance_3                6841.20           5752           8734
btp_subaccount_service_instance.instance_4                5305.60           3730           7852
btp_subaccount_service_instance.instance_5                7314.00           6877           7772
btp_subaccount_service_instance.instance_6                7099.60           5700           8013
btp_subaccount_service_instance.instance_7                7098.00           6023           7680
btp_subaccount_service_instance.instance_8                6462.60           6007           7112
btp_subaccount_service_instance.instance_9                6138.60           5398           7303
btp_subaccount_subscription.subscription_1                5028.20           3426           6961
btp_subaccount_subscription.subscription_10               4560.00           3817           5247
btp_subaccount_subscription.subscription_11               4465.20           3459           5213
btp_subaccount_subscription.subscription_12               5074.60           4449           5800
btp_subaccount_subscription.subscription_13               4649.00           4143           5079
btp_subaccount_subscription.subscription_14               4155.80           1802           6439
btp_subaccount_subscription.subscription_15               5305.40           4645           5878
btp_subaccount_subscription.subscription_2                4928.80           4035           5912
btp_subaccount_subscription.subscription_3                4578.60           4025           5263
btp_subaccount_subscription.subscription_4                5005.60           4035           6845
btp_subaccount_subscription.subscription_5                3946.60           1872           6364
btp_subaccount_subscription.subscription_6                3679.00           2631           4555
btp_subaccount_subscription.subscription_7                5109.40           4342           5762
btp_subaccount_subscription.subscription_8                4332.40           3176           5590
btp_subaccount_subscription.subscription_9                4225.20           2591           5610
btp_subaccount_trust_configuration.trust_1                2194.20            649           2949
btp_subaccount_trust_configuration.trust_2                2086.40           1432           2514
btp_subaccount_trust_configuration.trust_3                2113.60           1882           2511
btp_subaccount_trust_configuration.trust_4                2358.00           2018           2764
btp_subaccount_trust_configuration.trust_5                2274.00           1714           2758
cloudfoundry_service_instance.instance_1                    42.20             36             51
cloudfoundry_service_instance.instance_10                   43.60             39             51
cloudfoundry_service_instance.instance_11                   40.60             37             47
cloudfoundry_service_instance.instance_12                   44.20             38             57
cloudfoundry_service_instance.instance_13                   44.40             30             68
cloudfoundry_service_instance.instance_14                   41.20             39             44
cloudfoundry_service_instance.instance_15                   43.80             35             68
cloudfoundry_service_instance.instance_16                   41.00             32             49
cloudfoundry_service_instance.instance_17                   47.80             37             77
cloudfoundry_service_instance.instance_18                   40.00             37             42
cloudfoundry_service_instance.instance_19                   42.20             36             46
cloudfoundry_service_instance.instance_2                    45.80             36             62
cloudfoundry_service_instance.instance_20                   51.20             38             63
cloudfoundry_service_instance.instance_3                    39.20             35             44
cloudfoundry_service_instance.instance_4                    40.60             34             50
cloudfoundry_service_instance.instance_5                    41.80             36             50
cloudfoundry_service_instance.instance_6                    39.80             34             53
cloudfoundry_service_instance.instance_7                    40.60             36             51
cloudfoundry_service_instance.instance_8                    41.60             38             50
cloudfoundry_service_instance.instance_9                    47.20             39             60
cloudfoundry_space.space_1                                 107.00             90            124
cloudfoundry_space.space_10                                113.40             94            147
cloudfoundry_space.space_2                                 102.80             90            125
cloudfoundry_space.space_3                                  93.60             84            105
cloudfoundry_space.space_4                                  91.40             88             95
cloudfoundry_space.space_5                                  99.60             90            106
cloudfoundry_space.space_6                                 110.80             96            125
cloudfoundry_space.space_7                                  96.80             92            106
cloudfoundry_space.space_8                                  94.20             88            104
cloudfoundry_space.space_9                                 103.20             93            129
scc_subaccount.subaccount_1                               1500.80            747           1992
scc_subaccount.subaccount_2                               1305.00            636           2227
scc_subaccount.subaccount_3                               1634.40            998           2312
scc_subaccount.subaccount_4                               1467.80            631           1988
scc_subaccount.subaccount_5                               1181.40            555           1740
scc_system_mapping.system_1                                 95.20             55            135
scc_system_mapping.system_10                                83.20             54            151
scc_system_mapping.system_2                                109.80             56            155
scc_system_mapping.system_3                                 79.80             55            139
scc_system_mapping.system_4                                103.60             53            148
scc_system_mapping.system_5                                 88.20             58            182
scc_system_mapping.system_6                                 99.40             59            160
scc_system_mapping.system_7                                 76.60             54            147
scc_system_mapping.system_8                                 77.80             54            135
scc_system_mapping.system_9                                 81.60             54            142
scc_system_mapping_resource.resource_1                      75.40             63             90
scc_system_mapping_resource.resource_10                     94.00             65            135
scc_system_mapping_resource.resource_11                     94.00             56            142
scc_system_mapping_resource.resource_12                     90.20             54            147
scc_system_mapping_resource.resource_13                     83.00             52            133
scc_system_mapping_resource.resource_14                     65.00             56             72
scc_system_mapping_resource.resource_15                     80.00             55            137
scc_system_mapping_resource.resource_16                     77.00             54            125
scc_system_mapping_resource.resource_17                     66.40             53             75
scc_system_mapping_resource.resource_18                     78.80             51            139
scc_system_mapping_resource.resource_19                     92.40             52            145
scc_system_mapping_resource.resource_2                      67.00             53             87
scc_system_mapping_resource.resource_20                    109.60             58            147
scc_system_mapping_resource.resource_3                      65.00             55             87
scc_system_mapping_resource.resource_4                      67.40             58             79
scc_system_mapping_resource.resource_5                      75.20             54            135
scc_system_mapping_resource.resource_6                     100.20             63            153
scc_system_mapping_resource.resource_7                      83.20             56            145
scc_system_mapping_resource.resource_8                      66.20             54             98
scc_system_mapping_resource.resource_9                      88.80             57            138
sci_application.app_1                                      115.40            104            133
sci_application.app_10                                     140.40            107            203
sci_application.app_2                                      146.40            116            241
sci_application.app_3                                      125.80            113            153
sci_application.app_4                                      175.40            118            234
sci_application.app_5                                      119.20            113            127
sci_application.app_6                                      142.00            104            253
sci_application.app_7                                      145.40            122            226
sci_application.app_8                                      139.60            110            236
sci_application.app_9                                      119.00            111            125
sci_group_base.group_1                                     115.40             87            163
sci_group_base.group_10                                     94.00             84            108
sci_group_base.group_11                                    106.20             84            161
sci_group_base.group_12                                    130.00             90            216
sci_group_base.group_13                                    137.80             80            212
sci_group_base.group_14                                    101.80             84            143
sci_group_base.group_15                                    109.00             90            160
sci_group_base.group_2                                     126.60             83            196
sci_group_base.group_3                                      96.60             84            107
sci_group_base.group_4                                     101.00             87            138
sci_group_base.group_5                                     115.80             86            215
sci_group_base.group_6                                      90.20             85             97
sci_group_base.group_7                                     121.40             89            212
sci_group_base.group_8                                     109.40             92            157
sci_group_base.group_9                                     109.40             81            166
sci_user.user_1                                            117.00             80            228
sci_user.user_10                                            89.60             82             99
sci_user.user_11                                           102.60             83            150
sci_user.user_12                                            91.80             88             97
sci_user.user_13                                            87.40             79            100
sci_user.user_14                                           123.80             82            190
sci_user.user_15                                           101.20             81            150
sci_user.user_16                                            87.80             77             96
sci_user.user_17                                           128.60             81            207
sci_user.user_18                                           101.20             87            145
sci_user.user_19                                           102.60             81            146
sci_user.user_2                                            123.40             86            173
sci_user.user_20                                            98.00             87            134
sci_user.user_21                                            98.20             76            126
sci_user.user_22                                            87.00             81             97
sci_user.user_23                                           115.20             93            155
sci_user.user_24                                            92.40             86            110
sci_user.user_25                                            92.40             80            103
sci_user.user_3                                             88.40             80            101
sci_user.user_4                                             94.00             80            110
sci_user.user_5                                             96.40             81            136
sci_user.user_6                                            108.60             85            198
sci_user.user_7                                             89.60             87             95
sci_user.user_8                                             97.80             81            151
sci_user.user_9                                             97.40             83            136

Grouped results:
-------                                 ------------    -----------    -----------
Element                                 Average (ms)   Minimum (ms)   Maximum (ms)
btp_directory.*                              4381.08           2306           5710
btp_subaccount.*                             2080.56            778           3891
btp_subaccount_destination_generic.*         2206.44            503           4003
btp_subaccount_environment_instance.*        2371.92            720           3261
btp_subaccount_role.*                        2122.98            185           2865
btp_subaccount_role_collection.*             2136.89            163           4040
btp_subaccount_service_instance.*            6614.08           3730           8734
btp_subaccount_subscription.*                4602.92           1802           6961
btp_subaccount_trust_configuration.*         2205.24            649           2949
cloudfoundry_service_instance.*                42.94             30             77
cloudfoundry_space.*                          101.28             84            147
scc_subaccount.*                             1417.88            555           2312
scc_system_mapping.*                           89.52             53            182
scc_system_mapping_resource.*                  80.94             51            153
sci_application.*                             136.86            104            253
sci_group_base.*                              110.97             80            216
sci_user.*                                    100.50             76            228

Total wall-clock time: 154.745719s
Average wall-clock time: 30.949144s
Minimum wall-clock time: 29.281372s
Maximum wall-clock time: 33.453282s
Total Ressources: 195
