Running terraform plan -refresh-only 20 time(s) 

Run 1/20:
  Total run time: 19.720483s
  btp_directory.directory                                                4289ms
  btp_subaccount.subaccount                                              2659ms
  btp_subaccount_destination_generic.destination                         2843ms
  btp_subaccount_destination_generic.destination_1                       1821ms
  btp_subaccount_entitlement.entitlement                                 14291ms
  btp_subaccount_entitlement.entitlement_1                               13423ms
  btp_subaccount_entitlement.entitlement_2                               13758ms
  btp_subaccount_entitlement.entitlement_3                               14256ms
  btp_subaccount_environment_instance.cloudfoundry                       2882ms
  btp_subaccount_role.role                                               3001ms
  btp_subaccount_role_collection.collection                              3087ms
  btp_subaccount_role_collection.collection_1                            3149ms
  btp_subaccount_role_collection.collection_2                            2629ms
  btp_subaccount_service_instance.instance                               6529ms
  btp_subaccount_service_instance.instance_1                             3621ms
  btp_subaccount_subscription.subscription                               5350ms
  btp_subaccount_subscription.subscription_1                             4621ms
  btp_subaccount_subscription.subscription_2                             4721ms
  btp_subaccount_trust_configuration.trust                               2438ms
  cloudfoundry_service_instance.instance                                 62ms
  cloudfoundry_service_instance.instance_1                               85ms
  cloudfoundry_service_instance.instance_2                               54ms
  cloudfoundry_service_instance.instance_3                               61ms
  cloudfoundry_space.space                                               144ms
  cloudfoundry_space.space_1                                             159ms
  scc_subaccount.subaccount                                              590ms
  scc_system_mapping.system                                              67ms
  scc_system_mapping.system_1                                            84ms
  scc_system_mapping_resource.resource                                   131ms
  scc_system_mapping_resource.resource_1                                 72ms
  scc_system_mapping_resource.resource_2                                 76ms
  scc_system_mapping_resource.resource_3                                 178ms
  sci_application.app                                                    321ms
  sci_application.app_1                                                  138ms
  sci_group_base.group                                                   103ms
  sci_group_base.group_1                                                 123ms
  sci_group_base.group_2                                                 315ms
  sci_user.user                                                          327ms
  sci_user.user_1                                                        292ms
  sci_user.user_2                                                        315ms
  sci_user.user_3                                                        307ms
  sci_user.user_4                                                        306ms


Run 2/20:
  Total run time: 17.969522s
  btp_directory.directory                                                2878ms
  btp_subaccount.subaccount                                              2089ms
  btp_subaccount_destination_generic.destination                         192ms
  btp_subaccount_destination_generic.destination_1                       2568ms
  btp_subaccount_entitlement.entitlement                                 15728ms
  btp_subaccount_entitlement.entitlement_1                               14457ms
  btp_subaccount_entitlement.entitlement_2                               15707ms
  btp_subaccount_entitlement.entitlement_3                               15643ms
  btp_subaccount_environment_instance.cloudfoundry                       2664ms
  btp_subaccount_role.role                                               1325ms
  btp_subaccount_role.role_1                                             2727ms
  btp_subaccount_role_collection.collection                              2192ms
  btp_subaccount_role_collection.collection_1                            1952ms
  btp_subaccount_role_collection.collection_2                            2436ms
  btp_subaccount_service_instance.instance                               5594ms
  btp_subaccount_service_instance.instance_1                             3283ms
  btp_subaccount_subscription.subscription                               3706ms
  btp_subaccount_subscription.subscription_1                             4285ms
  btp_subaccount_subscription.subscription_2                             3205ms
  btp_subaccount_trust_configuration.trust                               742ms
  cloudfoundry_service_instance.instance                                 97ms
  cloudfoundry_service_instance.instance_1                               61ms
  cloudfoundry_service_instance.instance_2                               52ms
  cloudfoundry_service_instance.instance_3                               52ms
  cloudfoundry_space.space                                               185ms
  cloudfoundry_space.space_1                                             173ms
  scc_subaccount.subaccount                                              720ms
  scc_system_mapping.system                                              195ms
  scc_system_mapping.system_1                                            193ms
  scc_system_mapping_resource.resource                                   215ms
  scc_system_mapping_resource.resource_1                                 211ms
  scc_system_mapping_resource.resource_2                                 201ms
  scc_system_mapping_resource.resource_3                                 176ms
  sci_application.app                                                    289ms
  sci_application.app_1                                                  285ms
  sci_group_base.group                                                   277ms
  sci_group_base.group_1                                                 128ms
  sci_group_base.group_2                                                 281ms
  sci_user.user                                                          281ms
  sci_user.user_1                                                        282ms
  sci_user.user_2                                                        255ms
  sci_user.user_3                                                        105ms
  sci_user.user_4                                                        107ms


Run 3/20:
  Total run time: 18.280411s
  btp_directory.directory                                                2958ms
  btp_subaccount.subaccount                                              576ms
  btp_subaccount_destination_generic.destination                         1008ms
  btp_subaccount_destination_generic.destination_1                       1680ms
  btp_subaccount_entitlement.entitlement                                 15850ms
  btp_subaccount_entitlement.entitlement_1                               15737ms
  btp_subaccount_entitlement.entitlement_2                               15683ms
  btp_subaccount_entitlement.entitlement_3                               16077ms
  btp_subaccount_environment_instance.cloudfoundry                       2842ms
  btp_subaccount_role.role                                               1487ms
  btp_subaccount_role.role_1                                             1893ms
  btp_subaccount_role_collection.collection                              1906ms
  btp_subaccount_role_collection.collection_1                            2986ms
  btp_subaccount_role_collection.collection_2                            1825ms
  btp_subaccount_service_instance.instance                               4560ms
  btp_subaccount_service_instance.instance_1                             6305ms
  btp_subaccount_subscription.subscription                               2528ms
  btp_subaccount_subscription.subscription_1                             5249ms
  btp_subaccount_subscription.subscription_2                             4776ms
  btp_subaccount_trust_configuration.trust                               2501ms
  cloudfoundry_service_instance.instance                                 61ms
  cloudfoundry_service_instance.instance_1                               66ms
  cloudfoundry_service_instance.instance_2                               47ms
  cloudfoundry_service_instance.instance_3                               50ms
  cloudfoundry_space.space                                               164ms
  cloudfoundry_space.space_1                                             132ms
  scc_subaccount.subaccount                                              743ms
  scc_system_mapping.system                                              198ms
  scc_system_mapping.system_1                                            213ms
  scc_system_mapping_resource.resource                                   203ms
  scc_system_mapping_resource.resource_1                                 182ms
  scc_system_mapping_resource.resource_2                                 186ms
  scc_system_mapping_resource.resource_3                                 206ms
  sci_application.app                                                    129ms
  sci_application.app_1                                                  219ms
  sci_group_base.group                                                   109ms
  sci_group_base.group_1                                                 204ms
  sci_group_base.group_2                                                 213ms
  sci_user.user                                                          211ms
  sci_user.user_1                                                        212ms
  sci_user.user_2                                                        205ms
  sci_user.user_3                                                        208ms
  sci_user.user_4                                                        111ms


Run 4/20:
  Total run time: 17.642214s
  btp_directory.directory                                                3373ms
  btp_subaccount.subaccount                                              2064ms
  btp_subaccount_destination_generic.destination                         197ms
  btp_subaccount_destination_generic.destination_1                       2079ms
  btp_subaccount_entitlement.entitlement                                 14513ms
  btp_subaccount_entitlement.entitlement_1                               14681ms
  btp_subaccount_entitlement.entitlement_2                               13366ms
  btp_subaccount_entitlement.entitlement_3                               14632ms
  btp_subaccount_environment_instance.cloudfoundry                       597ms
  btp_subaccount_role.role                                               1757ms
  btp_subaccount_role.role_1                                             2108ms
  btp_subaccount_role_collection.collection                              1697ms
  btp_subaccount_role_collection.collection_1                            1850ms
  btp_subaccount_service_instance.instance                               4020ms
  btp_subaccount_service_instance.instance_1                             5196ms
  btp_subaccount_subscription.subscription                               3293ms
  btp_subaccount_subscription.subscription_1                             3703ms
  btp_subaccount_subscription.subscription_2                             3692ms
  btp_subaccount_trust_configuration.trust                               2044ms
  cloudfoundry_service_instance.instance                                 60ms
  cloudfoundry_service_instance.instance_1                               57ms
  cloudfoundry_service_instance.instance_2                               55ms
  cloudfoundry_service_instance.instance_3                               50ms
  cloudfoundry_space.space                                               138ms
  cloudfoundry_space.space_1                                             150ms
  scc_subaccount.subaccount                                              725ms
  scc_system_mapping.system                                              241ms
  scc_system_mapping.system_1                                            241ms
  scc_system_mapping_resource.resource                                   240ms
  scc_system_mapping_resource.resource_1                                 266ms
  scc_system_mapping_resource.resource_2                                 248ms
  scc_system_mapping_resource.resource_3                                 201ms
  sci_application.app                                                    183ms
  sci_application.app_1                                                  238ms
  sci_group_base.group                                                   127ms
  sci_group_base.group_2                                                 226ms
  sci_user.user                                                          220ms
  sci_user.user_1                                                        114ms
  sci_user.user_2                                                        221ms
  sci_user.user_3                                                        229ms
  sci_user.user_4                                                        225ms


Run 5/20:
  Total run time: 18.539690s
  btp_directory.directory                                                4464ms
  btp_subaccount.subaccount                                              2156ms
  btp_subaccount_destination_generic.destination                         1570ms
  btp_subaccount_destination_generic.destination_1                       191ms
  btp_subaccount_entitlement.entitlement                                 14636ms
  btp_subaccount_entitlement.entitlement_1                               13200ms
  btp_subaccount_entitlement.entitlement_2                               14806ms
  btp_subaccount_entitlement.entitlement_3                               13833ms
  btp_subaccount_environment_instance.cloudfoundry                       1931ms
  btp_subaccount_role.role                                               2487ms
  btp_subaccount_role.role_1                                             2580ms
  btp_subaccount_role_collection.collection                              2096ms
  btp_subaccount_role_collection.collection_1                            1380ms
  btp_subaccount_role_collection.collection_2                            2010ms
  btp_subaccount_service_instance.instance                               5667ms
  btp_subaccount_service_instance.instance_1                             4563ms
  btp_subaccount_subscription.subscription                               2713ms
  btp_subaccount_subscription.subscription_1                             4639ms
  btp_subaccount_subscription.subscription_2                             4574ms
  btp_subaccount_trust_configuration.trust                               770ms
  cloudfoundry_service_instance.instance                                 79ms
  cloudfoundry_service_instance.instance_1                               50ms
  cloudfoundry_service_instance.instance_2                               52ms
  cloudfoundry_service_instance.instance_3                               72ms
  cloudfoundry_space.space                                               177ms
  cloudfoundry_space.space_1                                             153ms
  scc_subaccount.subaccount                                              677ms
  scc_system_mapping.system                                              206ms
  scc_system_mapping.system_1                                            176ms
  scc_system_mapping_resource.resource                                   141ms
  scc_system_mapping_resource.resource_1                                 204ms
  scc_system_mapping_resource.resource_2                                 208ms
  scc_system_mapping_resource.resource_3                                 179ms
  sci_application.app                                                    256ms
  sci_application.app_1                                                  141ms
  sci_group_base.group                                                   225ms
  sci_group_base.group_1                                                 260ms
  sci_group_base.group_2                                                 116ms
  sci_user.user                                                          256ms
  sci_user.user_1                                                        227ms
  sci_user.user_2                                                        226ms
  sci_user.user_3                                                        103ms
  sci_user.user_4                                                        224ms


Run 6/20:
  Total run time: 18.026214s
  btp_directory.directory                                                2388ms
  btp_subaccount.subaccount                                              2240ms
  btp_subaccount_destination_generic.destination                         2484ms
  btp_subaccount_destination_generic.destination_1                       199ms
  btp_subaccount_entitlement.entitlement                                 15424ms
  btp_subaccount_entitlement.entitlement_1                               13871ms
  btp_subaccount_entitlement.entitlement_2                               14496ms
  btp_subaccount_entitlement.entitlement_3                               15422ms
  btp_subaccount_environment_instance.cloudfoundry                       1930ms
  btp_subaccount_role.role                                               1635ms
  btp_subaccount_role.role_1                                             892ms
  btp_subaccount_role_collection.collection                              2138ms
  btp_subaccount_role_collection.collection_1                            2821ms
  btp_subaccount_role_collection.collection_2                            1339ms
  btp_subaccount_service_instance.instance                               5332ms
  btp_subaccount_service_instance.instance_1                             5185ms
  btp_subaccount_subscription.subscription                               2787ms
  btp_subaccount_subscription.subscription_1                             3202ms
  btp_subaccount_subscription.subscription_2                             5036ms
  btp_subaccount_trust_configuration.trust                               1572ms
  cloudfoundry_service_instance.instance                                 57ms
  cloudfoundry_service_instance.instance_1                               57ms
  cloudfoundry_service_instance.instance_2                               54ms
  cloudfoundry_service_instance.instance_3                               77ms
  cloudfoundry_space.space                                               144ms
  cloudfoundry_space.space_1                                             142ms
  scc_subaccount.subaccount                                              726ms
  scc_system_mapping.system                                              190ms
  scc_system_mapping.system_1                                            196ms
  scc_system_mapping_resource.resource                                   143ms
  scc_system_mapping_resource.resource_1                                 189ms
  scc_system_mapping_resource.resource_2                                 187ms
  scc_system_mapping_resource.resource_3                                 186ms
  sci_application.app                                                    239ms
  sci_application.app_1                                                  229ms
  sci_group_base.group                                                   98ms
  sci_group_base.group_1                                                 222ms
  sci_group_base.group_2                                                 222ms
  sci_user.user                                                          223ms
  sci_user.user_1                                                        221ms
  sci_user.user_2                                                        121ms
  sci_user.user_3                                                        113ms
  sci_user.user_4                                                        223ms


Run 7/20:
  Total run time: 18.864962s
  btp_directory.directory                                                2347ms
  btp_subaccount.subaccount                                              2200ms
  btp_subaccount_destination_generic.destination                         1887ms
  btp_subaccount_destination_generic.destination_1                       1851ms
  btp_subaccount_entitlement.entitlement                                 12790ms
  btp_subaccount_entitlement.entitlement_1                               14628ms
  btp_subaccount_entitlement.entitlement_2                               13423ms
  btp_subaccount_entitlement.entitlement_3                               12950ms
  btp_subaccount_environment_instance.cloudfoundry                       1127ms
  btp_subaccount_role.role                                               2096ms
  btp_subaccount_role.role_1                                             280ms
  btp_subaccount_role_collection.collection                              2141ms
  btp_subaccount_role_collection.collection_1                            2183ms
  btp_subaccount_role_collection.collection_2                            1899ms
  btp_subaccount_service_instance.instance                               5086ms
  btp_subaccount_service_instance.instance_1                             5277ms
  btp_subaccount_subscription.subscription                               4442ms
  btp_subaccount_subscription.subscription_1                             4489ms
  btp_subaccount_subscription.subscription_2                             3984ms
  btp_subaccount_trust_configuration.trust                               1968ms
  cloudfoundry_service_instance.instance                                 52ms
  cloudfoundry_service_instance.instance_1                               56ms
  cloudfoundry_service_instance.instance_2                               69ms
  cloudfoundry_service_instance.instance_3                               61ms
  cloudfoundry_space.space                                               186ms
  cloudfoundry_space.space_1                                             153ms
  scc_subaccount.subaccount                                              718ms
  scc_system_mapping.system                                              159ms
  scc_system_mapping.system_1                                            187ms
  scc_system_mapping_resource.resource                                   179ms
  scc_system_mapping_resource.resource_1                                 184ms
  scc_system_mapping_resource.resource_2                                 173ms
  scc_system_mapping_resource.resource_3                                 149ms
  sci_application.app                                                    232ms
  sci_application.app_1                                                  235ms
  sci_group_base.group                                                   104ms
  sci_group_base.group_1                                                 203ms
  sci_group_base.group_2                                                 102ms
  sci_user.user                                                          226ms
  sci_user.user_1                                                        203ms
  sci_user.user_2                                                        120ms
  sci_user.user_3                                                        201ms
  sci_user.user_4                                                        215ms


Run 8/20:
  Total run time: 18.407810s
  btp_directory.directory                                                3527ms
  btp_subaccount.subaccount                                              2286ms
  btp_subaccount_destination_generic.destination                         206ms
  btp_subaccount_destination_generic.destination_1                       1563ms
  btp_subaccount_entitlement.entitlement                                 15124ms
  btp_subaccount_entitlement.entitlement_1                               15289ms
  btp_subaccount_entitlement.entitlement_2                               12983ms
  btp_subaccount_entitlement.entitlement_3                               14991ms
  btp_subaccount_environment_instance.cloudfoundry                       2569ms
  btp_subaccount_role.role                                               2253ms
  btp_subaccount_role.role_1                                             1728ms
  btp_subaccount_role_collection.collection                              2512ms
  btp_subaccount_role_collection.collection_1                            2256ms
  btp_subaccount_role_collection.collection_2                            1774ms
  btp_subaccount_service_instance.instance                               5105ms
  btp_subaccount_service_instance.instance_1                             5657ms
  btp_subaccount_subscription.subscription                               3871ms
  btp_subaccount_subscription.subscription_1                             4463ms
  btp_subaccount_subscription.subscription_2                             3074ms
  btp_subaccount_trust_configuration.trust                               1678ms
  cloudfoundry_service_instance.instance                                 52ms
  cloudfoundry_service_instance.instance_1                               84ms
  cloudfoundry_service_instance.instance_2                               72ms
  cloudfoundry_service_instance.instance_3                               79ms
  cloudfoundry_space.space                                               131ms
  cloudfoundry_space.space_1                                             146ms
  scc_subaccount.subaccount                                              745ms
  scc_system_mapping.system                                              161ms
  scc_system_mapping.system_1                                            241ms
  scc_system_mapping_resource.resource_1                                 197ms
  scc_system_mapping_resource.resource_2                                 231ms
  scc_system_mapping_resource.resource_3                                 218ms
  sci_application.app                                                    149ms
  sci_application.app_1                                                  142ms
  sci_group_base.group                                                   163ms
  sci_group_base.group_1                                                 267ms
  sci_group_base.group_2                                                 267ms
  sci_user.user                                                          270ms
  sci_user.user_1                                                        261ms
  sci_user.user_2                                                        258ms
  sci_user.user_3                                                        269ms
  sci_user.user_4                                                        267ms


Run 9/20:
  Total run time: 18.359391s
  btp_directory.directory                                                4168ms
  btp_subaccount.subaccount                                              311ms
  btp_subaccount_destination_generic.destination                         2262ms
  btp_subaccount_destination_generic.destination_1                       1771ms
  btp_subaccount_entitlement.entitlement                                 14693ms
  btp_subaccount_entitlement.entitlement_1                               14473ms
  btp_subaccount_entitlement.entitlement_2                               12829ms
  btp_subaccount_entitlement.entitlement_3                               13188ms
  btp_subaccount_environment_instance.cloudfoundry                       851ms
  btp_subaccount_role.role                                               2209ms
  btp_subaccount_role.role_1                                             1878ms
  btp_subaccount_role_collection.collection                              1958ms
  btp_subaccount_role_collection.collection_1                            2067ms
  btp_subaccount_role_collection.collection_2                            1907ms
  btp_subaccount_service_instance.instance                               3391ms
  btp_subaccount_service_instance.instance_1                             5693ms
  btp_subaccount_subscription.subscription                               3240ms
  btp_subaccount_subscription.subscription_1                             3419ms
  btp_subaccount_subscription.subscription_2                             3547ms
  btp_subaccount_trust_configuration.trust                               1741ms
  cloudfoundry_service_instance.instance                                 51ms
  cloudfoundry_service_instance.instance_1                               67ms
  cloudfoundry_service_instance.instance_2                               47ms
  cloudfoundry_service_instance.instance_3                               66ms
  cloudfoundry_space.space                                               126ms
  cloudfoundry_space.space_1                                             141ms
  scc_subaccount.subaccount                                              692ms
  scc_system_mapping.system                                              182ms
  scc_system_mapping.system_1                                            144ms
  scc_system_mapping_resource.resource                                   185ms
  scc_system_mapping_resource.resource_1                                 197ms
  scc_system_mapping_resource.resource_2                                 150ms
  scc_system_mapping_resource.resource_3                                 183ms
  sci_application.app                                                    230ms
  sci_application.app_1                                                  229ms
  sci_group_base.group                                                   205ms
  sci_group_base.group_1                                                 220ms
  sci_group_base.group_2                                                 205ms
  sci_user.user                                                          208ms
  sci_user.user_1                                                        100ms
  sci_user.user_2                                                        208ms
  sci_user.user_4                                                        119ms


Run 10/20:
  Total run time: 17.427729s
  btp_directory.directory                                                3833ms
  btp_subaccount.subaccount                                              1744ms
  btp_subaccount_destination_generic.destination                         1033ms
  btp_subaccount_destination_generic.destination_1                       2461ms
  btp_subaccount_entitlement.entitlement                                 12739ms
  btp_subaccount_entitlement.entitlement_1                               13902ms
  btp_subaccount_entitlement.entitlement_2                               14382ms
  btp_subaccount_entitlement.entitlement_3                               13814ms
  btp_subaccount_environment_instance.cloudfoundry                       1419ms
  btp_subaccount_role.role                                               2368ms
  btp_subaccount_role.role_1                                             1440ms
  btp_subaccount_role_collection.collection                              2208ms
  btp_subaccount_role_collection.collection_1                            1668ms
  btp_subaccount_role_collection.collection_2                            2275ms
  btp_subaccount_service_instance.instance                               5302ms
  btp_subaccount_service_instance.instance_1                             3918ms
  btp_subaccount_subscription.subscription                               4182ms
  btp_subaccount_subscription.subscription_1                             3254ms
  btp_subaccount_subscription.subscription_2                             3161ms
  btp_subaccount_trust_configuration.trust                               421ms
  cloudfoundry_service_instance.instance                                 65ms
  cloudfoundry_service_instance.instance_1                               52ms
  cloudfoundry_service_instance.instance_2                               45ms
  cloudfoundry_service_instance.instance_3                               73ms
  cloudfoundry_space.space                                               125ms
  cloudfoundry_space.space_1                                             163ms
  scc_subaccount.subaccount                                              691ms
  scc_system_mapping.system                                              203ms
  scc_system_mapping_resource.resource                                   202ms
  scc_system_mapping_resource.resource_1                                 150ms
  scc_system_mapping_resource.resource_2                                 119ms
  scc_system_mapping_resource.resource_3                                 193ms
  sci_application.app                                                    149ms
  sci_application.app_1                                                  135ms
  sci_group_base.group                                                   203ms
  sci_group_base.group_1                                                 205ms
  sci_group_base.group_2                                                 204ms
  sci_user.user                                                          204ms
  sci_user.user_2                                                        204ms
  sci_user.user_3                                                        132ms
  sci_user.user_4                                                        205ms


Run 11/20:
  Total run time: 17.530904s
  btp_directory.directory                                                2709ms
  btp_subaccount.subaccount                                              1515ms
  btp_subaccount_destination_generic.destination                         1582ms
  btp_subaccount_destination_generic.destination_1                       2239ms
  btp_subaccount_entitlement.entitlement                                 12277ms
  btp_subaccount_entitlement.entitlement_1                               14617ms
  btp_subaccount_entitlement.entitlement_2                               13475ms
  btp_subaccount_entitlement.entitlement_3                               13053ms
  btp_subaccount_environment_instance.cloudfoundry                       2130ms
  btp_subaccount_role.role                                               2180ms
  btp_subaccount_role.role_1                                             1610ms
  btp_subaccount_role_collection.collection                              1958ms
  btp_subaccount_role_collection.collection_1                            1184ms
  btp_subaccount_role_collection.collection_2                            429ms
  btp_subaccount_service_instance.instance                               3300ms
  btp_subaccount_service_instance.instance_1                             5758ms
  btp_subaccount_subscription.subscription                               3130ms
  btp_subaccount_subscription.subscription_1                             2532ms
  btp_subaccount_subscription.subscription_2                             3857ms
  btp_subaccount_trust_configuration.trust                               1391ms
  cloudfoundry_service_instance.instance                                 51ms
  cloudfoundry_service_instance.instance_1                               63ms
  cloudfoundry_service_instance.instance_2                               64ms
  cloudfoundry_service_instance.instance_3                               61ms
  cloudfoundry_space.space                                               171ms
  cloudfoundry_space.space_1                                             136ms
  scc_subaccount.subaccount                                              666ms
  scc_system_mapping.system                                              185ms
  scc_system_mapping.system_1                                            188ms
  scc_system_mapping_resource.resource                                   200ms
  scc_system_mapping_resource.resource_1                                 199ms
  scc_system_mapping_resource.resource_2                                 162ms
  scc_system_mapping_resource.resource_3                                 205ms
  sci_application.app                                                    222ms
  sci_application.app_1                                                  142ms
  sci_group_base.group                                                   204ms
  sci_group_base.group_1                                                 211ms
  sci_group_base.group_2                                                 207ms
  sci_user.user                                                          208ms
  sci_user.user_1                                                        114ms
  sci_user.user_2                                                        98ms
  sci_user.user_3                                                        204ms
  sci_user.user_4                                                        188ms


Run 12/20:
  Total run time: 17.919618s
  btp_directory.directory                                                3931ms
  btp_subaccount.subaccount                                              2267ms
  btp_subaccount_destination_generic.destination                         1501ms
  btp_subaccount_destination_generic.destination_1                       1421ms
  btp_subaccount_entitlement.entitlement                                 14214ms
  btp_subaccount_entitlement.entitlement_1                               13620ms
  btp_subaccount_entitlement.entitlement_2                               13607ms
  btp_subaccount_entitlement.entitlement_3                               12901ms
  btp_subaccount_environment_instance.cloudfoundry                       2287ms
  btp_subaccount_role.role                                               2412ms
  btp_subaccount_role.role_1                                             2008ms
  btp_subaccount_role_collection.collection                              1370ms
  btp_subaccount_role_collection.collection_1                            466ms
  btp_subaccount_role_collection.collection_2                            564ms
  btp_subaccount_service_instance.instance                               4353ms
  btp_subaccount_service_instance.instance_1                             4480ms
  btp_subaccount_subscription.subscription                               3889ms
  btp_subaccount_subscription.subscription_1                             3456ms
  btp_subaccount_subscription.subscription_2                             2523ms
  btp_subaccount_trust_configuration.trust                               1998ms
  cloudfoundry_service_instance.instance                                 56ms
  cloudfoundry_service_instance.instance_1                               63ms
  cloudfoundry_service_instance.instance_2                               47ms
  cloudfoundry_service_instance.instance_3                               49ms
  cloudfoundry_space.space                                               189ms
  cloudfoundry_space.space_1                                             145ms
  scc_subaccount.subaccount                                              775ms
  scc_system_mapping.system                                              289ms
  scc_system_mapping.system_1                                            211ms
  scc_system_mapping_resource.resource                                   273ms
  scc_system_mapping_resource.resource_1                                 276ms
  scc_system_mapping_resource.resource_2                                 259ms
  scc_system_mapping_resource.resource_3                                 224ms
  sci_application.app                                                    132ms
  sci_application.app_1                                                  228ms
  sci_group_base.group                                                   104ms
  sci_group_base.group_1                                                 203ms
  sci_group_base.group_2                                                 100ms
  sci_user.user                                                          195ms
  sci_user.user_1                                                        202ms
  sci_user.user_2                                                        201ms
  sci_user.user_3                                                        214ms
  sci_user.user_4                                                        210ms


Run 13/20:
  Total run time: 17.886489s
  btp_directory.directory                                                2356ms
  btp_subaccount.subaccount                                              1127ms
  btp_subaccount_destination_generic.destination                         1065ms
  btp_subaccount_destination_generic.destination_1                       1544ms
  btp_subaccount_entitlement.entitlement                                 14747ms
  btp_subaccount_entitlement.entitlement_1                               12620ms
  btp_subaccount_entitlement.entitlement_2                               12202ms
  btp_subaccount_entitlement.entitlement_3                               12965ms
  btp_subaccount_environment_instance.cloudfoundry                       2252ms
  btp_subaccount_role.role                                               2146ms
  btp_subaccount_role.role_1                                             2314ms
  btp_subaccount_role_collection.collection                              729ms
  btp_subaccount_role_collection.collection_1                            1637ms
  btp_subaccount_role_collection.collection_2                            413ms
  btp_subaccount_service_instance.instance                               5933ms
  btp_subaccount_service_instance.instance_1                             4811ms
  btp_subaccount_subscription.subscription                               3787ms
  btp_subaccount_subscription.subscription_1                             3605ms
  btp_subaccount_subscription.subscription_2                             4119ms
  btp_subaccount_trust_configuration.trust                               2239ms
  cloudfoundry_service_instance.instance                                 80ms
  cloudfoundry_service_instance.instance_1                               65ms
  cloudfoundry_service_instance.instance_2                               75ms
  cloudfoundry_service_instance.instance_3                               56ms
  cloudfoundry_space.space                                               156ms
  cloudfoundry_space.space_1                                             135ms
  scc_subaccount.subaccount                                              669ms
  scc_system_mapping.system                                              147ms
  scc_system_mapping.system_1                                            180ms
  scc_system_mapping_resource.resource                                   182ms
  scc_system_mapping_resource.resource_1                                 182ms
  scc_system_mapping_resource.resource_2                                 159ms
  scc_system_mapping_resource.resource_3                                 189ms
  sci_application.app                                                    224ms
  sci_application.app_1                                                  211ms
  sci_group_base.group                                                   100ms
  sci_group_base.group_1                                                 197ms
  sci_group_base.group_2                                                 119ms
  sci_user.user                                                          208ms
  sci_user.user_1                                                        196ms
  sci_user.user_2                                                        200ms
  sci_user.user_3                                                        194ms
  sci_user.user_4                                                        107ms


Run 14/20:
  Total run time: 18.170647s
  btp_directory.directory                                                2833ms
  btp_subaccount.subaccount                                              1705ms
  btp_subaccount_destination_generic.destination                         2494ms
  btp_subaccount_destination_generic.destination_1                       2471ms
  btp_subaccount_entitlement.entitlement                                 15543ms
  btp_subaccount_entitlement.entitlement_1                               13994ms
  btp_subaccount_entitlement.entitlement_2                               15265ms
  btp_subaccount_entitlement.entitlement_3                               12685ms
  btp_subaccount_environment_instance.cloudfoundry                       626ms
  btp_subaccount_role.role                                               1332ms
  btp_subaccount_role.role_1                                             2312ms
  btp_subaccount_role_collection.collection                              211ms
  btp_subaccount_role_collection.collection_1                            2400ms
  btp_subaccount_role_collection.collection_2                            2414ms
  btp_subaccount_service_instance.instance                               3497ms
  btp_subaccount_service_instance.instance_1                             3812ms
  btp_subaccount_subscription.subscription                               4703ms
  btp_subaccount_subscription.subscription_1                             5104ms
  btp_subaccount_subscription.subscription_2                             4391ms
  btp_subaccount_trust_configuration.trust                               1616ms
  cloudfoundry_service_instance.instance                                 49ms
  cloudfoundry_service_instance.instance_1                               69ms
  cloudfoundry_service_instance.instance_2                               82ms
  cloudfoundry_service_instance.instance_3                               64ms
  cloudfoundry_space.space                                               162ms
  cloudfoundry_space.space_1                                             148ms
  scc_subaccount.subaccount                                              743ms
  scc_system_mapping.system                                              191ms
  scc_system_mapping.system_1                                            170ms
  scc_system_mapping_resource.resource                                   187ms
  scc_system_mapping_resource.resource_1                                 203ms
  scc_system_mapping_resource.resource_2                                 180ms
  scc_system_mapping_resource.resource_3                                 152ms
  sci_application.app                                                    195ms
  sci_application.app_1                                                  143ms
  sci_group_base.group                                                   191ms
  sci_group_base.group_1                                                 191ms
  sci_group_base.group_2                                                 101ms
  sci_user.user                                                          101ms
  sci_user.user_1                                                        194ms
  sci_user.user_2                                                        183ms
  sci_user.user_3                                                        195ms
  sci_user.user_4                                                        185ms


Run 15/20:
  Total run time: 18.316758s
  btp_directory.directory                                                4254ms
  btp_subaccount.subaccount                                              1794ms
  btp_subaccount_destination_generic.destination                         2059ms
  btp_subaccount_destination_generic.destination_1                       2012ms
  btp_subaccount_entitlement.entitlement                                 14431ms
  btp_subaccount_entitlement.entitlement_1                               14715ms
  btp_subaccount_entitlement.entitlement_2                               14753ms
  btp_subaccount_entitlement.entitlement_3                               13157ms
  btp_subaccount_environment_instance.cloudfoundry                       1066ms
  btp_subaccount_role.role                                               491ms
  btp_subaccount_role.role_1                                             260ms
  btp_subaccount_role_collection.collection                              2112ms
  btp_subaccount_role_collection.collection_1                            1252ms
  btp_subaccount_role_collection.collection_2                            2373ms
  btp_subaccount_service_instance.instance                               5279ms
  btp_subaccount_service_instance.instance_1                             4312ms
  btp_subaccount_subscription.subscription                               3815ms
  btp_subaccount_subscription.subscription_1                             4060ms
  btp_subaccount_subscription.subscription_2                             3118ms
  btp_subaccount_trust_configuration.trust                               2240ms
  cloudfoundry_service_instance.instance                                 66ms
  cloudfoundry_service_instance.instance_1                               107ms
  cloudfoundry_service_instance.instance_2                               66ms
  cloudfoundry_service_instance.instance_3                               49ms
  cloudfoundry_space.space                                               198ms
  cloudfoundry_space.space_1                                             175ms
  scc_subaccount.subaccount                                              641ms
  scc_system_mapping.system                                              199ms
  scc_system_mapping.system_1                                            179ms
  scc_system_mapping_resource.resource                                   168ms
  scc_system_mapping_resource.resource_1                                 184ms
  scc_system_mapping_resource.resource_2                                 137ms
  scc_system_mapping_resource.resource_3                                 162ms
  sci_application.app                                                    214ms
  sci_group_base.group                                                   186ms
  sci_group_base.group_1                                                 217ms
  sci_group_base.group_2                                                 195ms
  sci_user.user                                                          184ms
  sci_user.user_1                                                        102ms
  sci_user.user_2                                                        105ms
  sci_user.user_3                                                        101ms
  sci_user.user_4                                                        197ms


Run 16/20:
  Total run time: 17.412792s
  btp_directory.directory                                                2594ms
  btp_subaccount.subaccount                                              1728ms
  btp_subaccount_destination_generic.destination                         939ms
  btp_subaccount_destination_generic.destination_1                       1488ms
  btp_subaccount_entitlement.entitlement                                 14089ms
  btp_subaccount_entitlement.entitlement_1                               13190ms
  btp_subaccount_entitlement.entitlement_2                               14182ms
  btp_subaccount_entitlement.entitlement_3                               14032ms
  btp_subaccount_environment_instance.cloudfoundry                       1995ms
  btp_subaccount_role.role                                               1278ms
  btp_subaccount_role.role_1                                             239ms
  btp_subaccount_role_collection.collection                              494ms
  btp_subaccount_role_collection.collection_1                            1627ms
  btp_subaccount_role_collection.collection_2                            1901ms
  btp_subaccount_service_instance.instance                               5254ms
  btp_subaccount_service_instance.instance_1                             5116ms
  btp_subaccount_subscription.subscription                               3556ms
  btp_subaccount_subscription.subscription_1                             3745ms
  btp_subaccount_subscription.subscription_2                             3462ms
  btp_subaccount_trust_configuration.trust                               1824ms
  cloudfoundry_service_instance.instance                                 53ms
  cloudfoundry_service_instance.instance_1                               60ms
  cloudfoundry_service_instance.instance_2                               55ms
  cloudfoundry_service_instance.instance_3                               50ms
  cloudfoundry_space.space                                               176ms
  cloudfoundry_space.space_1                                             185ms
  scc_subaccount.subaccount                                              599ms
  scc_system_mapping.system                                              203ms
  scc_system_mapping.system_1                                            216ms
  scc_system_mapping_resource.resource                                   209ms
  scc_system_mapping_resource.resource_1                                 190ms
  scc_system_mapping_resource.resource_2                                 200ms
  scc_system_mapping_resource.resource_3                                 134ms
  sci_application.app                                                    149ms
  sci_application.app_1                                                  227ms
  sci_group_base.group                                                   218ms
  sci_group_base.group_1                                                 212ms
  sci_group_base.group_2                                                 133ms
  sci_user.user                                                          205ms
  sci_user.user_1                                                        122ms
  sci_user.user_2                                                        218ms
  sci_user.user_3                                                        213ms
  sci_user.user_4                                                        215ms


Run 17/20:
  Total run time: 19.061821s
  btp_directory.directory                                                3317ms
  btp_subaccount.subaccount                                              2013ms
  btp_subaccount_destination_generic.destination                         2973ms
  btp_subaccount_destination_generic.destination_1                       2836ms
  btp_subaccount_entitlement.entitlement                                 13534ms
  btp_subaccount_entitlement.entitlement_1                               12105ms
  btp_subaccount_entitlement.entitlement_2                               15305ms
  btp_subaccount_entitlement.entitlement_3                               15579ms
  btp_subaccount_environment_instance.cloudfoundry                       3089ms
  btp_subaccount_role.role                                               650ms
  btp_subaccount_role.role_1                                             2526ms
  btp_subaccount_role_collection.collection                              2926ms
  btp_subaccount_role_collection.collection_1                            1610ms
  btp_subaccount_role_collection.collection_2                            1891ms
  btp_subaccount_service_instance.instance                               5856ms
  btp_subaccount_service_instance.instance_1                             5504ms
  btp_subaccount_subscription.subscription                               4207ms
  btp_subaccount_subscription.subscription_1                             3815ms
  btp_subaccount_subscription.subscription_2                             5842ms
  btp_subaccount_trust_configuration.trust                               1805ms
  cloudfoundry_service_instance.instance                                 63ms
  cloudfoundry_service_instance.instance_1                               63ms
  cloudfoundry_service_instance.instance_2                               48ms
  cloudfoundry_service_instance.instance_3                               51ms
  cloudfoundry_space.space                                               144ms
  cloudfoundry_space.space_1                                             152ms
  scc_subaccount.subaccount                                              791ms
  scc_system_mapping.system                                              153ms
  scc_system_mapping.system_1                                            171ms
  scc_system_mapping_resource.resource_1                                 210ms
  scc_system_mapping_resource.resource_2                                 204ms
  scc_system_mapping_resource.resource_3                                 230ms
  sci_application.app                                                    140ms
  sci_application.app_1                                                  226ms
  sci_group_base.group                                                   218ms
  sci_group_base.group_1                                                 217ms
  sci_group_base.group_2                                                 111ms
  sci_user.user_1                                                        219ms
  sci_user.user_2                                                        219ms
  sci_user.user_3                                                        219ms
  sci_user.user_4                                                        114ms


Run 18/20:
  Total run time: 18.831729s
  btp_directory.directory                                                3896ms
  btp_subaccount.subaccount                                              1990ms
  btp_subaccount_destination_generic.destination                         2032ms
  btp_subaccount_destination_generic.destination_1                       1782ms
  btp_subaccount_entitlement.entitlement                                 14525ms
  btp_subaccount_entitlement.entitlement_1                               14400ms
  btp_subaccount_entitlement.entitlement_2                               13070ms
  btp_subaccount_entitlement.entitlement_3                               11267ms
  btp_subaccount_environment_instance.cloudfoundry                       2085ms
  btp_subaccount_role.role                                               2065ms
  btp_subaccount_role.role_1                                             2228ms
  btp_subaccount_role_collection.collection                              2002ms
  btp_subaccount_role_collection.collection_1                            264ms
  btp_subaccount_role_collection.collection_2                            2120ms
  btp_subaccount_service_instance.instance                               4955ms
  btp_subaccount_service_instance.instance_1                             5700ms
  btp_subaccount_subscription.subscription                               2914ms
  btp_subaccount_subscription.subscription_1                             3708ms
  btp_subaccount_subscription.subscription_2                             3312ms
  btp_subaccount_trust_configuration.trust                               2048ms
  cloudfoundry_service_instance.instance                                 46ms
  cloudfoundry_service_instance.instance_1                               94ms
  cloudfoundry_service_instance.instance_2                               45ms
  cloudfoundry_service_instance.instance_3                               71ms
  cloudfoundry_space.space                                               130ms
  cloudfoundry_space.space_1                                             124ms
  scc_subaccount.subaccount                                              703ms
  scc_system_mapping.system                                              176ms
  scc_system_mapping.system_1                                            167ms
  scc_system_mapping_resource.resource                                   148ms
  scc_system_mapping_resource.resource_1                                 190ms
  scc_system_mapping_resource.resource_2                                 180ms
  scc_system_mapping_resource.resource_3                                 183ms
  sci_application.app_1                                                  226ms
  sci_group_base.group                                                   190ms
  sci_group_base.group_1                                                 212ms
  sci_group_base.group_2                                                 108ms
  sci_user.user                                                          197ms
  sci_user.user_1                                                        111ms
  sci_user.user_2                                                        199ms
  sci_user.user_3                                                        99ms
  sci_user.user_4                                                        189ms


Run 19/20:
  Total run time: 18.377216s
  btp_directory.directory                                                4165ms
  btp_subaccount.subaccount                                              2283ms
  btp_subaccount_destination_generic.destination                         1972ms
  btp_subaccount_destination_generic.destination_1                       2546ms
  btp_subaccount_entitlement.entitlement                                 13513ms
  btp_subaccount_entitlement.entitlement_1                               13408ms
  btp_subaccount_entitlement.entitlement_2                               13716ms
  btp_subaccount_entitlement.entitlement_3                               14830ms
  btp_subaccount_environment_instance.cloudfoundry                       1328ms
  btp_subaccount_role.role                                               2033ms
  btp_subaccount_role.role_1                                             1773ms
  btp_subaccount_role_collection.collection                              1529ms
  btp_subaccount_role_collection.collection_1                            236ms
  btp_subaccount_role_collection.collection_2                            1938ms
  btp_subaccount_service_instance.instance                               6198ms
  btp_subaccount_service_instance.instance_1                             5498ms
  btp_subaccount_subscription.subscription                               4628ms
  btp_subaccount_subscription.subscription_1                             2386ms
  btp_subaccount_subscription.subscription_2                             4537ms
  btp_subaccount_trust_configuration.trust                               504ms
  cloudfoundry_service_instance.instance                                 56ms
  cloudfoundry_service_instance.instance_1                               64ms
  cloudfoundry_service_instance.instance_2                               52ms
  cloudfoundry_service_instance.instance_3                               65ms
  cloudfoundry_space.space                                               153ms
  cloudfoundry_space.space_1                                             157ms
  scc_subaccount.subaccount                                              660ms
  scc_system_mapping.system                                              189ms
  scc_system_mapping.system_1                                            195ms
  scc_system_mapping_resource.resource                                   196ms
  scc_system_mapping_resource.resource_1                                 177ms
  scc_system_mapping_resource.resource_2                                 202ms
  scc_system_mapping_resource.resource_3                                 155ms
  sci_application.app                                                    140ms
  sci_application.app_1                                                  217ms
  sci_group_base.group                                                   112ms
  sci_group_base.group_1                                                 194ms
  sci_user.user                                                          192ms
  sci_user.user_1                                                        101ms
  sci_user.user_2                                                        195ms
  sci_user.user_3                                                        198ms
  sci_user.user_4                                                        196ms


Run 20/20:
  Total run time: 17.063662s
  btp_directory.directory                                                2436ms
  btp_subaccount.subaccount                                              903ms
  btp_subaccount_destination_generic.destination                         1931ms
  btp_subaccount_destination_generic.destination_1                       831ms
  btp_subaccount_entitlement.entitlement                                 14481ms
  btp_subaccount_entitlement.entitlement_1                               14365ms
  btp_subaccount_entitlement.entitlement_2                               12414ms
  btp_subaccount_entitlement.entitlement_3                               12701ms
  btp_subaccount_environment_instance.cloudfoundry                       2036ms
  btp_subaccount_role.role                                               1516ms
  btp_subaccount_role.role_1                                             1828ms
  btp_subaccount_role_collection.collection                              2021ms
  btp_subaccount_role_collection.collection_1                            234ms
  btp_subaccount_role_collection.collection_2                            1362ms
  btp_subaccount_service_instance.instance                               5353ms
  btp_subaccount_service_instance.instance_1                             5073ms
  btp_subaccount_subscription.subscription                               3433ms
  btp_subaccount_subscription.subscription_1                             3393ms
  btp_subaccount_subscription.subscription_2                             4102ms
  btp_subaccount_trust_configuration.trust                               1320ms
  cloudfoundry_service_instance.instance                                 59ms
  cloudfoundry_service_instance.instance_1                               61ms
  cloudfoundry_service_instance.instance_2                               60ms
  cloudfoundry_service_instance.instance_3                               56ms
  cloudfoundry_space.space                                               152ms
  cloudfoundry_space.space_1                                             133ms
  scc_subaccount.subaccount                                              706ms
  scc_system_mapping.system                                              189ms
  scc_system_mapping.system_1                                            120ms
  scc_system_mapping_resource.resource_1                                 194ms
  scc_system_mapping_resource.resource_2                                 145ms
  scc_system_mapping_resource.resource_3                                 204ms
  sci_application.app                                                    134ms
  sci_application.app_1                                                  137ms
  sci_group_base.group                                                   202ms
  sci_group_base.group_1                                                 192ms
  sci_group_base.group_2                                                 201ms
  sci_user.user                                                          192ms
  sci_user.user_1                                                        107ms
  sci_user.user_2                                                        202ms
  sci_user.user_3                                                        190ms
  sci_user.user_4                                                        191ms


Final results:
-------                                            ------------    -----------    -----------
Element                                            Average (ms)   Minimum (ms)   Maximum (ms)
btp_directory.directory                                 3335.80           2347           4464
btp_subaccount.subaccount                               1782.50            311           2659
btp_subaccount_destination_generic.destination          1611.50            192           2973
btp_subaccount_destination_generic.destination_1        1767.70            191           2836
btp_subaccount_entitlement.entitlement                 14357.10          12277          15850
btp_subaccount_entitlement.entitlement_1               14034.75          12105          15737
btp_subaccount_entitlement.entitlement_2               13971.10          12202          15707
btp_subaccount_entitlement.entitlement_3               13898.80          11267          16077
btp_subaccount_environment_instance.cloudfoundry        1885.30            597           3089
btp_subaccount_role.role                                1836.05            491           3001
btp_subaccount_role.role_1                              1717.05            239           2727
btp_subaccount_role_collection.collection               1864.35            211           3087
btp_subaccount_role_collection.collection_1             1661.10            234           3149
btp_subaccount_role_collection.collection_2             1763.11            413           2629
btp_subaccount_service_instance.instance                5028.20           3300           6529
btp_subaccount_service_instance.instance_1              4938.10           3283           6305
btp_subaccount_subscription.subscription                3708.70           2528           5350
btp_subaccount_subscription.subscription_1              3856.40           2386           5249
btp_subaccount_subscription.subscription_2              3951.65           2523           5842
btp_subaccount_trust_configuration.trust                1643.00            421           2501
cloudfoundry_service_instance.instance                    60.75             46             97
cloudfoundry_service_instance.instance_1                  67.20             50            107
cloudfoundry_service_instance.instance_2                  57.05             45             82
cloudfoundry_service_instance.instance_3                  60.65             49             79
cloudfoundry_space.space                                 157.55            125            198
cloudfoundry_space.space_1                               150.10            124            185
scc_subaccount.subaccount                                699.00            590            791
scc_system_mapping.system                                186.15             67            289
scc_system_mapping.system_1                              182.74             84            241
scc_system_mapping_resource.resource                     188.35            131            273
scc_system_mapping_resource.resource_1                   192.85             72            276
scc_system_mapping_resource.resource_2                   180.35             76            259
scc_system_mapping_resource.resource_3                   185.35            134            230
sci_application.app                                      196.16            129            321
sci_application.app_1                                    197.26            135            285
sci_group_base.group                                     166.95             98            277
sci_group_base.group_1                                   204.11            123            267
sci_group_base.group_2                                   180.32            100            315
sci_user.user                                            216.21            101            327
sci_user.user_1                                          177.89            100            292
sci_user.user_2                                          197.65             98            315
sci_user.user_3                                          183.89             99            307
sci_user.user_4                                          189.70            107            306

Grouped results:
-------                                ------------    -----------    -----------
Element                                Average (ms)   Minimum (ms)   Maximum (ms)
btp_subaccount_destination_generic.*        1689.60            191           2973
btp_subaccount_entitlement.*               14065.44          11267          16077
btp_subaccount_role.*                       1778.08            239           3001
btp_subaccount_role_collection.*            1762.85            211           3149
btp_subaccount_service_instance.*           4983.15           3283           6529
btp_subaccount_subscription.*               3838.92           2386           5842
cloudfoundry_service_instance.*               61.41             45            107
cloudfoundry_space.*                         153.82            124            198
scc_system_mapping.*                         184.49             67            289
scc_system_mapping_resource.*                186.66             72            276
sci_application.*                            196.71            129            321
sci_group_base.*                             183.50             98            315
sci_user.*                                   193.08             98            327

Total wall-clock time: 363.810062s
Average wall-clock time: 18.190503s
Minimum wall-clock time: 17.063662s
Maximum wall-clock time: 19.720483s
Total Ressources: 43
