Running terraform plan -refresh-only 10 time(s)
Using Terraform parallelism: 20

Run 1/10:
  Total run time: 8.681092s
  btp_directory.directory_1                                              2215ms
  btp_directory.directory_10                                             1876ms
  btp_directory.directory_11                                             2892ms
  btp_directory.directory_12                                             2892ms
  btp_directory.directory_13                                             2865ms
  btp_directory.directory_14                                             2116ms
  btp_directory.directory_15                                             2010ms
  btp_directory.directory_16                                             2274ms
  btp_directory.directory_17                                             2964ms
  btp_directory.directory_18                                             2967ms
  btp_directory.directory_19                                             1938ms
  btp_directory.directory_2                                              2153ms
  btp_directory.directory_20                                             2915ms
  btp_directory.directory_21                                             2198ms
  btp_directory.directory_22                                             2098ms
  btp_directory.directory_23                                             2217ms
  btp_directory.directory_24                                             2953ms
  btp_directory.directory_25                                             1816ms
  btp_directory.directory_26                                             2884ms
  btp_directory.directory_27                                             2206ms
  btp_directory.directory_28                                             3002ms
  btp_directory.directory_29                                             2989ms
  btp_directory.directory_3                                              3011ms
  btp_directory.directory_30                                             2724ms
  btp_directory.directory_31                                             2502ms
  btp_directory.directory_32                                             2226ms
  btp_directory.directory_33                                             2205ms
  btp_directory.directory_34                                             3011ms
  btp_directory.directory_35                                             2181ms
  btp_directory.directory_36                                             3003ms
  btp_directory.directory_37                                             2891ms
  btp_directory.directory_38                                             2079ms
  btp_directory.directory_39                                             2793ms
  btp_directory.directory_4                                              2981ms
  btp_directory.directory_40                                             2421ms
  btp_directory.directory_41                                             2968ms
  btp_directory.directory_42                                             2895ms
  btp_directory.directory_43                                             2956ms
  btp_directory.directory_44                                             2883ms
  btp_directory.directory_45                                             2961ms
  btp_directory.directory_46                                             2572ms
  btp_directory.directory_47                                             1746ms
  btp_directory.directory_48                                             2195ms
  btp_directory.directory_49                                             2188ms
  btp_directory.directory_5                                              1683ms
  btp_directory.directory_50                                             2939ms
  btp_directory.directory_6                                              2346ms
  btp_directory.directory_7                                              2983ms
  btp_directory.directory_8                                              2889ms
  btp_directory.directory_9                                              2659ms


Run 2/10:
  Total run time: 8.098810s
  btp_directory.directory_1                                              2161ms
  btp_directory.directory_10                                             2085ms
  btp_directory.directory_11                                             2775ms
  btp_directory.directory_12                                             3097ms
  btp_directory.directory_13                                             2424ms
  btp_directory.directory_14                                             2227ms
  btp_directory.directory_15                                             2164ms
  btp_directory.directory_16                                             2768ms
  btp_directory.directory_17                                             2684ms
  btp_directory.directory_18                                             2783ms
  btp_directory.directory_19                                             2966ms
  btp_directory.directory_2                                              2288ms
  btp_directory.directory_20                                             2169ms
  btp_directory.directory_21                                             2768ms
  btp_directory.directory_22                                             1887ms
  btp_directory.directory_23                                             2177ms
  btp_directory.directory_24                                             2765ms
  btp_directory.directory_25                                             2149ms
  btp_directory.directory_26                                             2773ms
  btp_directory.directory_27                                             2744ms
  btp_directory.directory_28                                             2616ms
  btp_directory.directory_29                                             2752ms
  btp_directory.directory_3                                              2756ms
  btp_directory.directory_30                                             2160ms
  btp_directory.directory_31                                             2487ms
  btp_directory.directory_32                                             2771ms
  btp_directory.directory_33                                             2770ms
  btp_directory.directory_34                                             2146ms
  btp_directory.directory_35                                             2778ms
  btp_directory.directory_36                                             2779ms
  btp_directory.directory_37                                             2757ms
  btp_directory.directory_38                                             2159ms
  btp_directory.directory_39                                             2890ms
  btp_directory.directory_4                                              1461ms
  btp_directory.directory_40                                             2767ms
  btp_directory.directory_41                                             2751ms
  btp_directory.directory_42                                             2554ms
  btp_directory.directory_43                                             3041ms
  btp_directory.directory_44                                             2485ms
  btp_directory.directory_45                                             2772ms
  btp_directory.directory_46                                             2149ms
  btp_directory.directory_47                                             2745ms
  btp_directory.directory_48                                             2766ms
  btp_directory.directory_49                                             1955ms
  btp_directory.directory_5                                              1826ms
  btp_directory.directory_50                                             2023ms
  btp_directory.directory_6                                              2359ms
  btp_directory.directory_7                                              2717ms
  btp_directory.directory_8                                              2757ms
  btp_directory.directory_9                                              2179ms


Run 3/10:
  Total run time: 8.076197s
  btp_directory.directory_1                                              2767ms
  btp_directory.directory_10                                             2235ms
  btp_directory.directory_11                                             2152ms
  btp_directory.directory_12                                             2363ms
  btp_directory.directory_13                                             2427ms
  btp_directory.directory_14                                             2093ms
  btp_directory.directory_15                                             2757ms
  btp_directory.directory_16                                             2795ms
  btp_directory.directory_17                                             1700ms
  btp_directory.directory_18                                             1959ms
  btp_directory.directory_19                                             2762ms
  btp_directory.directory_2                                              2304ms
  btp_directory.directory_20                                             2628ms
  btp_directory.directory_21                                             2943ms
  btp_directory.directory_22                                             2759ms
  btp_directory.directory_23                                             2060ms
  btp_directory.directory_24                                             2766ms
  btp_directory.directory_25                                             2132ms
  btp_directory.directory_26                                             2068ms
  btp_directory.directory_27                                             2763ms
  btp_directory.directory_28                                             2890ms
  btp_directory.directory_29                                             2488ms
  btp_directory.directory_3                                              1898ms
  btp_directory.directory_30                                             2125ms
  btp_directory.directory_31                                             2052ms
  btp_directory.directory_32                                             2760ms
  btp_directory.directory_33                                             2030ms
  btp_directory.directory_34                                             2089ms
  btp_directory.directory_35                                             2064ms
  btp_directory.directory_36                                             2761ms
  btp_directory.directory_37                                             2757ms
  btp_directory.directory_38                                             2694ms
  btp_directory.directory_39                                             1760ms
  btp_directory.directory_4                                              2774ms
  btp_directory.directory_40                                             2753ms
  btp_directory.directory_41                                             2766ms
  btp_directory.directory_42                                             2759ms
  btp_directory.directory_43                                             2066ms
  btp_directory.directory_44                                             2751ms
  btp_directory.directory_45                                             2759ms
  btp_directory.directory_46                                             2557ms
  btp_directory.directory_47                                             2133ms
  btp_directory.directory_48                                             2766ms
  btp_directory.directory_49                                             1831ms
  btp_directory.directory_5                                              2768ms
  btp_directory.directory_50                                             2129ms
  btp_directory.directory_6                                              2765ms
  btp_directory.directory_7                                              2776ms
  btp_directory.directory_8                                              2753ms
  btp_directory.directory_9                                              2819ms


Run 4/10:
  Total run time: 8.055719s
  btp_directory.directory_1                                              2876ms
  btp_directory.directory_10                                             2091ms
  btp_directory.directory_11                                             2077ms
  btp_directory.directory_12                                             2735ms
  btp_directory.directory_13                                             1701ms
  btp_directory.directory_14                                             2609ms
  btp_directory.directory_15                                             2802ms
  btp_directory.directory_16                                             2886ms
  btp_directory.directory_17                                             2885ms
  btp_directory.directory_18                                             1832ms
  btp_directory.directory_19                                             2834ms
  btp_directory.directory_2                                              2822ms
  btp_directory.directory_20                                             2452ms
  btp_directory.directory_21                                             2863ms
  btp_directory.directory_22                                             1776ms
  btp_directory.directory_23                                             2536ms
  btp_directory.directory_24                                             2875ms
  btp_directory.directory_25                                             2832ms
  btp_directory.directory_26                                             2825ms
  btp_directory.directory_27                                             2940ms
  btp_directory.directory_28                                             2085ms
  btp_directory.directory_29                                             2871ms
  btp_directory.directory_3                                              2085ms
  btp_directory.directory_30                                             2821ms
  btp_directory.directory_31                                             2101ms
  btp_directory.directory_32                                             2226ms
  btp_directory.directory_33                                             2671ms
  btp_directory.directory_34                                             2819ms
  btp_directory.directory_35                                             2020ms
  btp_directory.directory_36                                             2881ms
  btp_directory.directory_37                                             1891ms
  btp_directory.directory_38                                             2872ms
  btp_directory.directory_39                                             2376ms
  btp_directory.directory_4                                              2848ms
  btp_directory.directory_40                                             2301ms
  btp_directory.directory_41                                             2087ms
  btp_directory.directory_42                                             2874ms
  btp_directory.directory_43                                             2880ms
  btp_directory.directory_44                                             2086ms
  btp_directory.directory_45                                             2823ms
  btp_directory.directory_46                                             2086ms
  btp_directory.directory_47                                             1626ms
  btp_directory.directory_48                                             2106ms
  btp_directory.directory_49                                             2080ms
  btp_directory.directory_5                                              2881ms
  btp_directory.directory_50                                             2153ms
  btp_directory.directory_6                                              2870ms
  btp_directory.directory_7                                              1962ms
  btp_directory.directory_8                                              2083ms
  btp_directory.directory_9                                              2864ms


Run 5/10:
  Total run time: 8.305341s
  btp_directory.directory_1                                              2020ms
  btp_directory.directory_10                                             3153ms
  btp_directory.directory_11                                             2794ms
  btp_directory.directory_12                                             3003ms
  btp_directory.directory_13                                             2900ms
  btp_directory.directory_14                                             2143ms
  btp_directory.directory_15                                             2911ms
  btp_directory.directory_16                                             2139ms
  btp_directory.directory_17                                             2151ms
  btp_directory.directory_18                                             2231ms
  btp_directory.directory_19                                             2143ms
  btp_directory.directory_2                                              2709ms
  btp_directory.directory_20                                             2169ms
  btp_directory.directory_21                                             2922ms
  btp_directory.directory_22                                             2141ms
  btp_directory.directory_23                                             1685ms
  btp_directory.directory_24                                             2296ms
  btp_directory.directory_25                                             3087ms
  btp_directory.directory_26                                             2901ms
  btp_directory.directory_27                                             2377ms
  btp_directory.directory_28                                             3095ms
  btp_directory.directory_29                                             3032ms
  btp_directory.directory_3                                              2950ms
  btp_directory.directory_30                                             3123ms
  btp_directory.directory_31                                             2641ms
  btp_directory.directory_32                                             2950ms
  btp_directory.directory_33                                             2998ms
  btp_directory.directory_34                                             2570ms
  btp_directory.directory_35                                             2475ms
  btp_directory.directory_36                                             2904ms
  btp_directory.directory_37                                             2967ms
  btp_directory.directory_38                                             1741ms
  btp_directory.directory_39                                             3024ms
  btp_directory.directory_4                                              3166ms
  btp_directory.directory_40                                             2147ms
  btp_directory.directory_41                                             3011ms
  btp_directory.directory_42                                             1806ms
  btp_directory.directory_43                                             2933ms
  btp_directory.directory_44                                             2150ms
  btp_directory.directory_45                                             2135ms
  btp_directory.directory_46                                             2153ms
  btp_directory.directory_47                                             2860ms
  btp_directory.directory_48                                             2949ms
  btp_directory.directory_49                                             2149ms
  btp_directory.directory_5                                              2945ms
  btp_directory.directory_50                                             3133ms
  btp_directory.directory_6                                              3151ms
  btp_directory.directory_7                                              1906ms
  btp_directory.directory_8                                              3158ms
  btp_directory.directory_9                                              1605ms


Run 6/10:
  Total run time: 8.292336s
  btp_directory.directory_1                                              3111ms
  btp_directory.directory_10                                             3082ms
  btp_directory.directory_11                                             2599ms
  btp_directory.directory_12                                             2811ms
  btp_directory.directory_13                                             2242ms
  btp_directory.directory_14                                             2100ms
  btp_directory.directory_15                                             3075ms
  btp_directory.directory_16                                             2107ms
  btp_directory.directory_17                                             2074ms
  btp_directory.directory_18                                             1911ms
  btp_directory.directory_19                                             3066ms
  btp_directory.directory_2                                              3078ms
  btp_directory.directory_20                                             2156ms
  btp_directory.directory_21                                             2536ms
  btp_directory.directory_22                                             3048ms
  btp_directory.directory_23                                             2879ms
  btp_directory.directory_24                                             3048ms
  btp_directory.directory_25                                             3103ms
  btp_directory.directory_26                                             2086ms
  btp_directory.directory_27                                             2665ms
  btp_directory.directory_28                                             3046ms
  btp_directory.directory_29                                             3042ms
  btp_directory.directory_3                                              3088ms
  btp_directory.directory_30                                             2099ms
  btp_directory.directory_31                                             3063ms
  btp_directory.directory_32                                             2463ms
  btp_directory.directory_33                                             2185ms
  btp_directory.directory_34                                             2093ms
  btp_directory.directory_35                                             2134ms
  btp_directory.directory_36                                             2133ms
  btp_directory.directory_37                                             3064ms
  btp_directory.directory_38                                             1703ms
  btp_directory.directory_39                                             1849ms
  btp_directory.directory_4                                              2394ms
  btp_directory.directory_40                                             3089ms
  btp_directory.directory_41                                             2104ms
  btp_directory.directory_42                                             1782ms
  btp_directory.directory_43                                             2106ms
  btp_directory.directory_44                                             3055ms
  btp_directory.directory_45                                             2322ms
  btp_directory.directory_46                                             3077ms
  btp_directory.directory_47                                             1973ms
  btp_directory.directory_48                                             3070ms
  btp_directory.directory_49                                             3070ms
  btp_directory.directory_5                                              2745ms
  btp_directory.directory_50                                             3063ms
  btp_directory.directory_6                                              2044ms
  btp_directory.directory_7                                              3061ms
  btp_directory.directory_8                                              2944ms
  btp_directory.directory_9                                              1642ms


Run 7/10:
  Total run time: 8.144247s
  btp_directory.directory_1                                              2074ms
  btp_directory.directory_10                                             1743ms
  btp_directory.directory_11                                             2149ms
  btp_directory.directory_12                                             2458ms
  btp_directory.directory_13                                             2851ms
  btp_directory.directory_14                                             2939ms
  btp_directory.directory_15                                             2870ms
  btp_directory.directory_16                                             2849ms
  btp_directory.directory_17                                             2879ms
  btp_directory.directory_18                                             1811ms
  btp_directory.directory_19                                             2854ms
  btp_directory.directory_2                                              2076ms
  btp_directory.directory_20                                             2794ms
  btp_directory.directory_21                                             2901ms
  btp_directory.directory_22                                             2083ms
  btp_directory.directory_23                                             2840ms
  btp_directory.directory_24                                             2911ms
  btp_directory.directory_25                                             2893ms
  btp_directory.directory_26                                             2103ms
  btp_directory.directory_27                                             1879ms
  btp_directory.directory_28                                             2088ms
  btp_directory.directory_29                                             2906ms
  btp_directory.directory_3                                              2846ms
  btp_directory.directory_30                                             2223ms
  btp_directory.directory_31                                             2909ms
  btp_directory.directory_32                                             2902ms
  btp_directory.directory_33                                             2148ms
  btp_directory.directory_34                                             2857ms
  btp_directory.directory_35                                             2012ms
  btp_directory.directory_36                                             2145ms
  btp_directory.directory_37                                             2838ms
  btp_directory.directory_38                                             2669ms
  btp_directory.directory_39                                             2067ms
  btp_directory.directory_4                                              2382ms
  btp_directory.directory_40                                             2155ms
  btp_directory.directory_41                                             2293ms
  btp_directory.directory_42                                             2519ms
  btp_directory.directory_43                                             2833ms
  btp_directory.directory_44                                             3012ms
  btp_directory.directory_45                                             2876ms
  btp_directory.directory_46                                             2160ms
  btp_directory.directory_47                                             2850ms
  btp_directory.directory_48                                             2901ms
  btp_directory.directory_49                                             2834ms
  btp_directory.directory_5                                              1949ms
  btp_directory.directory_50                                             2909ms
  btp_directory.directory_6                                              1672ms
  btp_directory.directory_7                                              2600ms
  btp_directory.directory_8                                              2082ms
  btp_directory.directory_9                                              2726ms


Run 8/10:
  Total run time: 8.147781s
  btp_directory.directory_1                                              2145ms
  btp_directory.directory_10                                             2866ms
  btp_directory.directory_11                                             1833ms
  btp_directory.directory_12                                             2761ms
  btp_directory.directory_13                                             2733ms
  btp_directory.directory_14                                             2739ms
  btp_directory.directory_15                                             2768ms
  btp_directory.directory_16                                             1953ms
  btp_directory.directory_17                                             2771ms
  btp_directory.directory_18                                             2551ms
  btp_directory.directory_19                                             2763ms
  btp_directory.directory_2                                              2711ms
  btp_directory.directory_20                                             2731ms
  btp_directory.directory_21                                             2213ms
  btp_directory.directory_22                                             2251ms
  btp_directory.directory_23                                             1689ms
  btp_directory.directory_24                                             2228ms
  btp_directory.directory_25                                             2211ms
  btp_directory.directory_26                                             1625ms
  btp_directory.directory_27                                             2756ms
  btp_directory.directory_28                                             2768ms
  btp_directory.directory_29                                             2248ms
  btp_directory.directory_3                                              2680ms
  btp_directory.directory_30                                             2215ms
  btp_directory.directory_31                                             2221ms
  btp_directory.directory_32                                             2214ms
  btp_directory.directory_33                                             2800ms
  btp_directory.directory_34                                             2350ms
  btp_directory.directory_35                                             2711ms
  btp_directory.directory_36                                             2075ms
  btp_directory.directory_37                                             1773ms
  btp_directory.directory_38                                             2749ms
  btp_directory.directory_39                                             2617ms
  btp_directory.directory_4                                              2746ms
  btp_directory.directory_40                                             2750ms
  btp_directory.directory_41                                             2418ms
  btp_directory.directory_42                                             2744ms
  btp_directory.directory_43                                             2220ms
  btp_directory.directory_44                                             2725ms
  btp_directory.directory_45                                             2018ms
  btp_directory.directory_46                                             2218ms
  btp_directory.directory_47                                             2769ms
  btp_directory.directory_48                                             2483ms
  btp_directory.directory_49                                             2773ms
  btp_directory.directory_5                                              2743ms
  btp_directory.directory_50                                             2769ms
  btp_directory.directory_6                                              1896ms
  btp_directory.directory_7                                              2276ms
  btp_directory.directory_8                                              2216ms
  btp_directory.directory_9                                              2768ms


Run 9/10:
  Total run time: 7.861641s
  btp_directory.directory_1                                              2730ms
  btp_directory.directory_10                                             2811ms
  btp_directory.directory_11                                             2705ms
  btp_directory.directory_12                                             2138ms
  btp_directory.directory_13                                             2060ms
  btp_directory.directory_14                                             2766ms
  btp_directory.directory_15                                             2086ms
  btp_directory.directory_16                                             2089ms
  btp_directory.directory_17                                             2776ms
  btp_directory.directory_18                                             2071ms
  btp_directory.directory_19                                             2733ms
  btp_directory.directory_2                                              2534ms
  btp_directory.directory_20                                             2818ms
  btp_directory.directory_21                                             2741ms
  btp_directory.directory_22                                             2795ms
  btp_directory.directory_23                                             2870ms
  btp_directory.directory_24                                             2805ms
  btp_directory.directory_25                                             2212ms
  btp_directory.directory_26                                             2820ms
  btp_directory.directory_27                                             2066ms
  btp_directory.directory_28                                             2710ms
  btp_directory.directory_29                                             2943ms
  btp_directory.directory_3                                              2715ms
  btp_directory.directory_30                                             2710ms
  btp_directory.directory_31                                             2707ms
  btp_directory.directory_32                                             1640ms
  btp_directory.directory_33                                             2373ms
  btp_directory.directory_34                                             2062ms
  btp_directory.directory_35                                             2805ms
  btp_directory.directory_36                                             2808ms
  btp_directory.directory_37                                             1575ms
  btp_directory.directory_38                                             2664ms
  btp_directory.directory_39                                             1924ms
  btp_directory.directory_4                                              2068ms
  btp_directory.directory_40                                             1840ms
  btp_directory.directory_41                                             2450ms
  btp_directory.directory_42                                             2003ms
  btp_directory.directory_43                                             2773ms
  btp_directory.directory_44                                             1716ms
  btp_directory.directory_45                                             2308ms
  btp_directory.directory_46                                             1772ms
  btp_directory.directory_47                                             2731ms
  btp_directory.directory_48                                             2087ms
  btp_directory.directory_49                                             2598ms
  btp_directory.directory_5                                              2791ms
  btp_directory.directory_50                                             2073ms
  btp_directory.directory_6                                              2704ms
  btp_directory.directory_7                                              2707ms
  btp_directory.directory_8                                              2073ms
  btp_directory.directory_9                                              2070ms


Run 10/10:
  Total run time: 8.079870s
  btp_directory.directory_1                                              2962ms
  btp_directory.directory_10                                             1975ms
  btp_directory.directory_11                                             2868ms
  btp_directory.directory_12                                             2901ms
  btp_directory.directory_13                                             2531ms
  btp_directory.directory_14                                             2864ms
  btp_directory.directory_15                                             2110ms
  btp_directory.directory_16                                             2878ms
  btp_directory.directory_17                                             1840ms
  btp_directory.directory_18                                             2873ms
  btp_directory.directory_19                                             2853ms
  btp_directory.directory_2                                              2104ms
  btp_directory.directory_20                                             2870ms
  btp_directory.directory_21                                             2120ms
  btp_directory.directory_22                                             1774ms
  btp_directory.directory_23                                             2832ms
  btp_directory.directory_24                                             2257ms
  btp_directory.directory_25                                             2831ms
  btp_directory.directory_26                                             2857ms
  btp_directory.directory_27                                             2467ms
  btp_directory.directory_28                                             2119ms
  btp_directory.directory_29                                             2114ms
  btp_directory.directory_3                                              2860ms
  btp_directory.directory_30                                             2871ms
  btp_directory.directory_31                                             2756ms
  btp_directory.directory_32                                             2867ms
  btp_directory.directory_33                                             2671ms
  btp_directory.directory_34                                             2135ms
  btp_directory.directory_35                                             3026ms
  btp_directory.directory_36                                             2858ms
  btp_directory.directory_37                                             2592ms
  btp_directory.directory_38                                             2875ms
  btp_directory.directory_39                                             2111ms
  btp_directory.directory_4                                              2121ms
  btp_directory.directory_40                                             2859ms
  btp_directory.directory_41                                             2122ms
  btp_directory.directory_42                                             1707ms
  btp_directory.directory_43                                             2849ms
  btp_directory.directory_44                                             2392ms
  btp_directory.directory_45                                             2104ms
  btp_directory.directory_46                                             2841ms
  btp_directory.directory_47                                             2185ms
  btp_directory.directory_48                                             1908ms
  btp_directory.directory_49                                             2844ms
  btp_directory.directory_5                                              2855ms
  btp_directory.directory_50                                             2040ms
  btp_directory.directory_6                                              2101ms
  btp_directory.directory_7                                              2862ms
  btp_directory.directory_8                                              2325ms
  btp_directory.directory_9                                              2865ms


Final results:
-------                                ------------    -----------    -----------
Element                                Average (ms)   Minimum (ms)   Maximum (ms)
btp_directory.directory_1                   2506.10           2020           3111
btp_directory.directory_10                  2391.70           1743           3153
btp_directory.directory_11                  2484.40           1833           2892
btp_directory.directory_12                  2715.90           2138           3097
btp_directory.directory_13                  2473.40           1701           2900
btp_directory.directory_14                  2459.60           2093           2939
btp_directory.directory_15                  2555.30           2010           3075
btp_directory.directory_16                  2473.80           1953           2886
btp_directory.directory_17                  2472.40           1700           2964
btp_directory.directory_18                  2298.90           1811           2967
btp_directory.directory_19                  2691.20           1938           3066
btp_directory.directory_2                   2477.90           2076           3078
btp_directory.directory_20                  2570.20           2156           2915
btp_directory.directory_21                  2620.50           2120           2943
btp_directory.directory_22                  2261.20           1774           3048
btp_directory.directory_23                  2378.50           1685           2879
btp_directory.directory_24                  2690.40           2228           3048
btp_directory.directory_25                  2526.60           1816           3103
btp_directory.directory_26                  2494.20           1625           2901
btp_directory.directory_27                  2486.30           1879           2940
btp_directory.directory_28                  2641.90           2085           3095
btp_directory.directory_29                  2738.50           2114           3042
btp_directory.directory_3                   2688.90           1898           3088
btp_directory.directory_30                  2507.10           2099           3123
btp_directory.directory_31                  2543.90           2052           3063
btp_directory.directory_32                  2501.90           1640           2950
btp_directory.directory_33                  2485.10           2030           2998
btp_directory.directory_34                  2413.20           2062           3011
btp_directory.directory_35                  2420.60           2012           3026
btp_directory.directory_36                  2634.70           2075           3003
btp_directory.directory_37                  2510.50           1575           3064
btp_directory.directory_38                  2420.50           1703           2875
btp_directory.directory_39                  2341.10           1760           3024
btp_directory.directory_4                   2494.10           1461           3166
btp_directory.directory_40                  2508.20           1840           3089
btp_directory.directory_41                  2497.00           2087           3011
btp_directory.directory_42                  2364.30           1707           2895
btp_directory.directory_43                  2665.70           2066           3041
btp_directory.directory_44                  2525.50           1716           3055
btp_directory.directory_45                  2507.80           2018           2961
btp_directory.directory_46                  2358.50           1772           3077
btp_directory.directory_47                  2361.80           1626           2860
btp_directory.directory_48                  2523.10           1908           3070
btp_directory.directory_49                  2432.20           1831           3070
btp_directory.directory_5                   2518.60           1683           2945
btp_directory.directory_50                  2523.10           2023           3133
btp_directory.directory_6                   2390.80           1672           3151
btp_directory.directory_7                   2585.00           1906           3061
btp_directory.directory_8                   2528.00           2073           3158
btp_directory.directory_9                   2419.70           1605           2865

Grouped results:
-------                                ------------    -----------    -----------
Element                                Average (ms)   Minimum (ms)   Maximum (ms)
btp_directory.*                             2501.60           1461           3166

Total wall-clock time: 81.743034s
Average wall-clock time: 8.174303s
Minimum wall-clock time: 7.861641s
Maximum wall-clock time: 8.681092s
Total Ressources: 50
