Running terraform plan -refresh-only 10 time(s)
Using Terraform parallelism: 1

Run 1/10:
  Total run time: 90.280692s
  btp_directory.directory                                                178ms
  btp_directory.directory_1                                              160ms
  btp_directory.directory_2                                              160ms
  btp_subaccount.subaccount                                              51ms
  btp_subaccount.subaccount_1                                            245ms
  btp_subaccount.subaccount_2                                            73ms
  btp_subaccount_entitlement.entitlement                                 10588ms
  btp_subaccount_entitlement.entitlement_1                               10659ms
  btp_subaccount_entitlement.entitlement_2                               10699ms
  btp_subaccount_environment_instance.cloudfoundry                       392ms
  btp_subaccount_environment_instance.cloudfoundry_1                     361ms
  btp_subaccount_environment_instance.cloudfoundry_2                     368ms
  btp_subaccount_role.role                                               164ms
  btp_subaccount_role.role_1                                             230ms
  btp_subaccount_role.role_2                                             181ms
  btp_subaccount_role_collection.collection                              261ms
  btp_subaccount_role_collection.collection_1                            200ms
  btp_subaccount_role_collection.collection_2                            344ms
  btp_subaccount_service_instance.instance                               5939ms
  btp_subaccount_service_instance.instance_1                             865ms
  btp_subaccount_service_instance.instance_2                             864ms
  btp_subaccount_subscription.subscription                               804ms
  btp_subaccount_subscription.subscription_1                             823ms
  btp_subaccount_subscription.subscription_2                             766ms
  btp_subaccount_trust_configuration.trust                               216ms
  btp_subaccount_trust_configuration.trust_1                             218ms
  btp_subaccount_trust_configuration.trust_2                             220ms
  cloudfoundry_service_instance.instance                                 75ms
  cloudfoundry_service_instance.instance_1                               72ms
  cloudfoundry_service_instance.instance_2                               61ms
  cloudfoundry_space.space                                               129ms
  cloudfoundry_space.space_1                                             1200ms
  cloudfoundry_space.space_2                                             147ms
  scc_subaccount.subaccount                                              16749ms
  scc_subaccount.subaccount_1                                            11939ms
  scc_subaccount.subaccount_2                                            8243ms
  scc_system_mapping.system                                              67ms
  scc_system_mapping.system_1                                            74ms
  scc_system_mapping.system_2                                            199ms
  scc_system_mapping_resource.resource                                   67ms
  scc_system_mapping_resource.resource_1                                 75ms
  scc_system_mapping_resource.resource_2                                 67ms
  sci_application.app                                                    135ms
  sci_application.app_1                                                  133ms
  sci_application.app_2                                                  139ms
  sci_group_base.group                                                   107ms
  sci_group_base.group_1                                                 108ms
  sci_group_base.group_2                                                 118ms
  sci_user.user                                                          223ms
  sci_user.user_1                                                        110ms
  sci_user.user_2                                                        118ms


Run 2/10:
  Total run time: 59.547697s
  btp_directory.directory                                                144ms
  btp_directory.directory_1                                              152ms
  btp_directory.directory_2                                              165ms
  btp_subaccount.subaccount                                              59ms
  btp_subaccount.subaccount_1                                            102ms
  btp_subaccount.subaccount_2                                            91ms
  btp_subaccount_entitlement.entitlement                                 10842ms
  btp_subaccount_entitlement.entitlement_1                               10753ms
  btp_subaccount_entitlement.entitlement_2                               10646ms
  btp_subaccount_environment_instance.cloudfoundry                       386ms
  btp_subaccount_environment_instance.cloudfoundry_1                     441ms
  btp_subaccount_environment_instance.cloudfoundry_2                     422ms
  btp_subaccount_role.role                                               230ms
  btp_subaccount_role.role_1                                             209ms
  btp_subaccount_role.role_2                                             217ms
  btp_subaccount_role_collection.collection                              206ms
  btp_subaccount_role_collection.collection_1                            143ms
  btp_subaccount_role_collection.collection_2                            202ms
  btp_subaccount_service_instance.instance                               1075ms
  btp_subaccount_service_instance.instance_1                             893ms
  btp_subaccount_service_instance.instance_2                             923ms
  btp_subaccount_subscription.subscription                               679ms
  btp_subaccount_subscription.subscription_1                             769ms
  btp_subaccount_subscription.subscription_2                             1360ms
  btp_subaccount_trust_configuration.trust                               230ms
  btp_subaccount_trust_configuration.trust_1                             205ms
  btp_subaccount_trust_configuration.trust_2                             219ms
  cloudfoundry_service_instance.instance                                 58ms
  cloudfoundry_service_instance.instance_1                               80ms
  cloudfoundry_service_instance.instance_2                               103ms
  cloudfoundry_space.space                                               161ms
  cloudfoundry_space.space_1                                             170ms
  cloudfoundry_space.space_2                                             215ms
  scc_subaccount.subaccount                                              6401ms
  scc_subaccount.subaccount_1                                            5535ms
  scc_subaccount.subaccount_2                                            524ms
  scc_system_mapping.system                                              72ms
  scc_system_mapping.system_1                                            65ms
  scc_system_mapping.system_2                                            66ms
  scc_system_mapping_resource.resource                                   62ms
  scc_system_mapping_resource.resource_1                                 196ms
  scc_system_mapping_resource.resource_2                                 65ms
  sci_application.app                                                    134ms
  sci_application.app_1                                                  134ms
  sci_application.app_2                                                  203ms
  sci_group_base.group                                                   104ms
  sci_group_base.group_1                                                 111ms
  sci_group_base.group_2                                                 109ms
  sci_user.user                                                          112ms
  sci_user.user_1                                                        109ms
  sci_user.user_2                                                        106ms


Run 3/10:
  Total run time: 53.845606s
  btp_directory.directory                                                150ms
  btp_directory.directory_1                                              141ms
  btp_directory.directory_2                                              168ms
  btp_subaccount.subaccount                                              70ms
  btp_subaccount.subaccount_1                                            229ms
  btp_subaccount.subaccount_2                                            102ms
  btp_subaccount_entitlement.entitlement                                 10702ms
  btp_subaccount_entitlement.entitlement_1                               10658ms
  btp_subaccount_entitlement.entitlement_2                               10581ms
  btp_subaccount_environment_instance.cloudfoundry                       596ms
  btp_subaccount_environment_instance.cloudfoundry_1                     351ms
  btp_subaccount_environment_instance.cloudfoundry_2                     623ms
  btp_subaccount_role.role                                               196ms
  btp_subaccount_role.role_1                                             203ms
  btp_subaccount_role.role_2                                             189ms
  btp_subaccount_role_collection.collection                              186ms
  btp_subaccount_role_collection.collection_1                            179ms
  btp_subaccount_role_collection.collection_2                            166ms
  btp_subaccount_service_instance.instance                               881ms
  btp_subaccount_service_instance.instance_1                             936ms
  btp_subaccount_service_instance.instance_2                             973ms
  btp_subaccount_subscription.subscription                               840ms
  btp_subaccount_subscription.subscription_1                             662ms
  btp_subaccount_subscription.subscription_2                             824ms
  btp_subaccount_trust_configuration.trust                               219ms
  btp_subaccount_trust_configuration.trust_1                             234ms
  btp_subaccount_trust_configuration.trust_2                             244ms
  cloudfoundry_service_instance.instance                                 70ms
  cloudfoundry_service_instance.instance_1                               54ms
  cloudfoundry_service_instance.instance_2                               56ms
  cloudfoundry_space.space                                               126ms
  cloudfoundry_space.space_1                                             136ms
  cloudfoundry_space.space_2                                             152ms
  scc_subaccount.subaccount                                              647ms
  scc_subaccount.subaccount_1                                            530ms
  scc_subaccount.subaccount_2                                            5708ms
  scc_system_mapping.system                                              67ms
  scc_system_mapping.system_1                                            70ms
  scc_system_mapping.system_2                                            1278ms
  scc_system_mapping_resource.resource                                   79ms
  scc_system_mapping_resource.resource_1                                 78ms
  scc_system_mapping_resource.resource_2                                 72ms
  sci_application.app                                                    156ms
  sci_application.app_1                                                  167ms
  sci_application.app_2                                                  165ms
  sci_group_base.group                                                   337ms
  sci_group_base.group_1                                                 138ms
  sci_group_base.group_2                                                 185ms
  sci_user.user                                                          119ms
  sci_user.user_1                                                        164ms
  sci_user.user_2                                                        131ms


Run 4/10:
  Total run time: 52.234344s
  btp_directory.directory                                                164ms
  btp_directory.directory_1                                              182ms
  btp_directory.directory_2                                              140ms
  btp_subaccount.subaccount                                              93ms
  btp_subaccount.subaccount_1                                            78ms
  btp_subaccount.subaccount_2                                            79ms
  btp_subaccount_entitlement.entitlement                                 10723ms
  btp_subaccount_entitlement.entitlement_1                               10861ms
  btp_subaccount_entitlement.entitlement_2                               10557ms
  btp_subaccount_environment_instance.cloudfoundry                       337ms
  btp_subaccount_environment_instance.cloudfoundry_1                     5376ms
  btp_subaccount_environment_instance.cloudfoundry_2                     397ms
  btp_subaccount_role.role                                               207ms
  btp_subaccount_role.role_1                                             336ms
  btp_subaccount_role.role_2                                             219ms
  btp_subaccount_role_collection.collection                              232ms
  btp_subaccount_role_collection.collection_1                            181ms
  btp_subaccount_role_collection.collection_2                            222ms
  btp_subaccount_service_instance.instance                               905ms
  btp_subaccount_service_instance.instance_1                             928ms
  btp_subaccount_service_instance.instance_2                             977ms
  btp_subaccount_subscription.subscription                               771ms
  btp_subaccount_subscription.subscription_1                             859ms
  btp_subaccount_subscription.subscription_2                             725ms
  btp_subaccount_trust_configuration.trust                               213ms
  btp_subaccount_trust_configuration.trust_1                             189ms
  btp_subaccount_trust_configuration.trust_2                             222ms
  cloudfoundry_service_instance.instance                                 54ms
  cloudfoundry_service_instance.instance_1                               93ms
  cloudfoundry_service_instance.instance_2                               56ms
  cloudfoundry_space.space                                               146ms
  cloudfoundry_space.space_1                                             176ms
  cloudfoundry_space.space_2                                             179ms
  scc_subaccount.subaccount                                              574ms
  scc_subaccount.subaccount_1                                            552ms
  scc_subaccount.subaccount_2                                            538ms
  scc_system_mapping.system                                              73ms
  scc_system_mapping.system_1                                            209ms
  scc_system_mapping.system_2                                            69ms
  scc_system_mapping_resource.resource                                   62ms
  scc_system_mapping_resource.resource_1                                 71ms
  scc_system_mapping_resource.resource_2                                 70ms
  sci_application.app                                                    171ms
  sci_application.app_1                                                  156ms
  sci_application.app_2                                                  130ms
  sci_group_base.group                                                   125ms
  sci_group_base.group_1                                                 220ms
  sci_group_base.group_2                                                 115ms
  sci_user.user                                                          106ms
  sci_user.user_1                                                        111ms
  sci_user.user_2                                                        141ms


Run 5/10:
  Total run time: 49.649237s
  btp_directory.directory                                                142ms
  btp_directory.directory_1                                              150ms
  btp_directory.directory_2                                              237ms
  btp_subaccount.subaccount                                              57ms
  btp_subaccount.subaccount_1                                            65ms
  btp_subaccount.subaccount_2                                            65ms
  btp_subaccount_entitlement.entitlement                                 10685ms
  btp_subaccount_entitlement.entitlement_1                               10807ms
  btp_subaccount_entitlement.entitlement_2                               10947ms
  btp_subaccount_environment_instance.cloudfoundry                       348ms
  btp_subaccount_environment_instance.cloudfoundry_1                     348ms
  btp_subaccount_environment_instance.cloudfoundry_2                     1344ms
  btp_subaccount_role.role                                               252ms
  btp_subaccount_role.role_1                                             187ms
  btp_subaccount_role.role_2                                             185ms
  btp_subaccount_role_collection.collection                              279ms
  btp_subaccount_role_collection.collection_1                            203ms
  btp_subaccount_role_collection.collection_2                            225ms
  btp_subaccount_service_instance.instance                               951ms
  btp_subaccount_service_instance.instance_1                             961ms
  btp_subaccount_service_instance.instance_2                             830ms
  btp_subaccount_subscription.subscription                               677ms
  btp_subaccount_subscription.subscription_1                             800ms
  btp_subaccount_subscription.subscription_2                             789ms
  btp_subaccount_trust_configuration.trust                               187ms
  btp_subaccount_trust_configuration.trust_1                             216ms
  btp_subaccount_trust_configuration.trust_2                             194ms
  cloudfoundry_service_instance.instance                                 72ms
  cloudfoundry_service_instance.instance_1                               67ms
  cloudfoundry_service_instance.instance_2                               56ms
  cloudfoundry_space.space                                               132ms
  cloudfoundry_space.space_1                                             148ms
  cloudfoundry_space.space_2                                             170ms
  scc_subaccount.subaccount                                              773ms
  scc_subaccount.subaccount_1                                            568ms
  scc_subaccount.subaccount_2                                            522ms
  scc_system_mapping.system                                              1226ms
  scc_system_mapping.system_1                                            74ms
  scc_system_mapping.system_2                                            68ms
  scc_system_mapping_resource.resource                                   67ms
  scc_system_mapping_resource.resource_1                                 71ms
  scc_system_mapping_resource.resource_2                                 66ms
  sci_application.app                                                    183ms
  sci_application.app_1                                                  147ms
  sci_application.app_2                                                  149ms
  sci_group_base.group                                                   123ms
  sci_group_base.group_1                                                 128ms
  sci_group_base.group_2                                                 109ms
  sci_user.user                                                          165ms
  sci_user.user_1                                                        169ms
  sci_user.user_2                                                        241ms


Run 6/10:
  Total run time: 52.878715s
  btp_directory.directory                                                159ms
  btp_directory.directory_1                                              150ms
  btp_directory.directory_2                                              284ms
  btp_subaccount.subaccount                                              67ms
  btp_subaccount.subaccount_1                                            58ms
  btp_subaccount.subaccount_2                                            89ms
  btp_subaccount_entitlement.entitlement                                 10658ms
  btp_subaccount_entitlement.entitlement_1                               10871ms
  btp_subaccount_entitlement.entitlement_2                               10663ms
  btp_subaccount_environment_instance.cloudfoundry                       360ms
  btp_subaccount_environment_instance.cloudfoundry_1                     390ms
  btp_subaccount_environment_instance.cloudfoundry_2                     408ms
  btp_subaccount_role.role                                               218ms
  btp_subaccount_role.role_1                                             257ms
  btp_subaccount_role.role_2                                             233ms
  btp_subaccount_role_collection.collection                              154ms
  btp_subaccount_role_collection.collection_1                            227ms
  btp_subaccount_role_collection.collection_2                            215ms
  btp_subaccount_service_instance.instance                               849ms
  btp_subaccount_service_instance.instance_1                             934ms
  btp_subaccount_service_instance.instance_2                             5958ms
  btp_subaccount_subscription.subscription                               794ms
  btp_subaccount_subscription.subscription_1                             864ms
  btp_subaccount_subscription.subscription_2                             708ms
  btp_subaccount_trust_configuration.trust                               217ms
  btp_subaccount_trust_configuration.trust_1                             191ms
  btp_subaccount_trust_configuration.trust_2                             187ms
  cloudfoundry_service_instance.instance                                 61ms
  cloudfoundry_service_instance.instance_1                               50ms
  cloudfoundry_service_instance.instance_2                               51ms
  cloudfoundry_space.space                                               140ms
  cloudfoundry_space.space_1                                             175ms
  cloudfoundry_space.space_2                                             155ms
  scc_subaccount.subaccount                                              712ms
  scc_subaccount.subaccount_1                                            550ms
  scc_subaccount.subaccount_2                                            1481ms
  scc_system_mapping.system                                              77ms
  scc_system_mapping.system_1                                            70ms
  scc_system_mapping.system_2                                            66ms
  scc_system_mapping_resource.resource                                   60ms
  scc_system_mapping_resource.resource_1                                 66ms
  scc_system_mapping_resource.resource_2                                 72ms
  sci_application.app                                                    153ms
  sci_application.app_1                                                  140ms
  sci_application.app_2                                                  234ms
  sci_group_base.group                                                   110ms
  sci_group_base.group_1                                                 104ms
  sci_group_base.group_2                                                 108ms
  sci_user.user                                                          112ms
  sci_user.user_1                                                        119ms
  sci_user.user_2                                                        103ms


Run 7/10:
  Total run time: 52.998369s
  btp_directory.directory                                                154ms
  btp_directory.directory_1                                              177ms
  btp_directory.directory_2                                              151ms
  btp_subaccount.subaccount                                              76ms
  btp_subaccount.subaccount_1                                            64ms
  btp_subaccount.subaccount_2                                            79ms
  btp_subaccount_entitlement.entitlement                                 10642ms
  btp_subaccount_entitlement.entitlement_1                               10617ms
  btp_subaccount_entitlement.entitlement_2                               10829ms
  btp_subaccount_environment_instance.cloudfoundry                       370ms
  btp_subaccount_environment_instance.cloudfoundry_1                     527ms
  btp_subaccount_environment_instance.cloudfoundry_2                     416ms
  btp_subaccount_role.role                                               218ms
  btp_subaccount_role.role_1                                             199ms
  btp_subaccount_role.role_2                                             264ms
  btp_subaccount_role_collection.collection                              135ms
  btp_subaccount_role_collection.collection_1                            191ms
  btp_subaccount_role_collection.collection_2                            249ms
  btp_subaccount_service_instance.instance                               874ms
  btp_subaccount_service_instance.instance_1                             906ms
  btp_subaccount_service_instance.instance_2                             928ms
  btp_subaccount_subscription.subscription                               692ms
  btp_subaccount_subscription.subscription_1                             848ms
  btp_subaccount_subscription.subscription_2                             807ms
  btp_subaccount_trust_configuration.trust                               171ms
  btp_subaccount_trust_configuration.trust_1                             188ms
  btp_subaccount_trust_configuration.trust_2                             189ms
  cloudfoundry_service_instance.instance                                 53ms
  cloudfoundry_service_instance.instance_1                               81ms
  cloudfoundry_service_instance.instance_2                               62ms
  cloudfoundry_space.space                                               178ms
  cloudfoundry_space.space_1                                             144ms
  cloudfoundry_space.space_2                                             150ms
  scc_subaccount.subaccount                                              515ms
  scc_subaccount.subaccount_1                                            588ms
  scc_subaccount.subaccount_2                                            555ms
  scc_system_mapping.system                                              74ms
  scc_system_mapping.system_1                                            1285ms
  scc_system_mapping.system_2                                            75ms
  scc_system_mapping_resource.resource                                   76ms
  scc_system_mapping_resource.resource_1                                 72ms
  scc_system_mapping_resource.resource_2                                 66ms
  sci_application.app                                                    251ms
  sci_application.app_1                                                  151ms
  sci_application.app_2                                                  182ms
  sci_group_base.group                                                   132ms
  sci_group_base.group_1                                                 112ms
  sci_group_base.group_2                                                 116ms
  sci_user.user                                                          110ms
  sci_user.user_1                                                        121ms
  sci_user.user_2                                                        123ms


Run 8/10:
  Total run time: 47.260154s
  btp_directory.directory                                                155ms
  btp_directory.directory_1                                              141ms
  btp_directory.directory_2                                              274ms
  btp_subaccount.subaccount                                              66ms
  btp_subaccount.subaccount_1                                            79ms
  btp_subaccount.subaccount_2                                            62ms
  btp_subaccount_entitlement.entitlement                                 10827ms
  btp_subaccount_entitlement.entitlement_1                               10586ms
  btp_subaccount_entitlement.entitlement_2                               10586ms
  btp_subaccount_environment_instance.cloudfoundry                       523ms
  btp_subaccount_environment_instance.cloudfoundry_1                     391ms
  btp_subaccount_environment_instance.cloudfoundry_2                     386ms
  btp_subaccount_role.role                                               221ms
  btp_subaccount_role.role_1                                             226ms
  btp_subaccount_role.role_2                                             231ms
  btp_subaccount_role_collection.collection                              197ms
  btp_subaccount_role_collection.collection_1                            257ms
  btp_subaccount_role_collection.collection_2                            154ms
  btp_subaccount_service_instance.instance                               1143ms
  btp_subaccount_service_instance.instance_1                             939ms
  btp_subaccount_service_instance.instance_2                             865ms
  btp_subaccount_subscription.subscription                               739ms
  btp_subaccount_subscription.subscription_1                             860ms
  btp_subaccount_subscription.subscription_2                             813ms
  btp_subaccount_trust_configuration.trust                               222ms
  btp_subaccount_trust_configuration.trust_1                             188ms
  btp_subaccount_trust_configuration.trust_2                             218ms
  cloudfoundry_service_instance.instance                                 67ms
  cloudfoundry_service_instance.instance_1                               64ms
  cloudfoundry_service_instance.instance_2                               81ms
  cloudfoundry_space.space                                               140ms
  cloudfoundry_space.space_1                                             186ms
  cloudfoundry_space.space_2                                             134ms
  scc_subaccount.subaccount                                              554ms
  scc_subaccount.subaccount_1                                            520ms
  scc_subaccount.subaccount_2                                            511ms
  scc_system_mapping.system                                              66ms
  scc_system_mapping.system_1                                            68ms
  scc_system_mapping.system_2                                            176ms
  scc_system_mapping_resource.resource                                   65ms
  scc_system_mapping_resource.resource_1                                 70ms
  scc_system_mapping_resource.resource_2                                 64ms
  sci_application.app                                                    135ms
  sci_application.app_1                                                  147ms
  sci_application.app_2                                                  183ms
  sci_group_base.group                                                   168ms
  sci_group_base.group_1                                                 122ms
  sci_group_base.group_2                                                 157ms
  sci_user.user                                                          103ms
  sci_user.user_1                                                        114ms
  sci_user.user_2                                                        268ms


Run 9/10:
  Total run time: 56.582035s
  btp_directory.directory                                                184ms
  btp_directory.directory_1                                              193ms
  btp_directory.directory_2                                              237ms
  btp_subaccount.subaccount                                              191ms
  btp_subaccount.subaccount_1                                            64ms
  btp_subaccount.subaccount_2                                            290ms
  btp_subaccount_entitlement.entitlement                                 10767ms
  btp_subaccount_entitlement.entitlement_1                               11167ms
  btp_subaccount_entitlement.entitlement_2                               11378ms
  btp_subaccount_environment_instance.cloudfoundry                       433ms
  btp_subaccount_environment_instance.cloudfoundry_1                     315ms
  btp_subaccount_environment_instance.cloudfoundry_2                     390ms
  btp_subaccount_role.role                                               229ms
  btp_subaccount_role.role_1                                             233ms
  btp_subaccount_role.role_2                                             211ms
  btp_subaccount_role_collection.collection                              176ms
  btp_subaccount_role_collection.collection_1                            225ms
  btp_subaccount_role_collection.collection_2                            190ms
  btp_subaccount_service_instance.instance                               879ms
  btp_subaccount_service_instance.instance_1                             890ms
  btp_subaccount_service_instance.instance_2                             6110ms
  btp_subaccount_subscription.subscription                               1055ms
  btp_subaccount_subscription.subscription_1                             772ms
  btp_subaccount_subscription.subscription_2                             867ms
  btp_subaccount_trust_configuration.trust                               288ms
  btp_subaccount_trust_configuration.trust_1                             231ms
  btp_subaccount_trust_configuration.trust_2                             216ms
  cloudfoundry_service_instance.instance                                 63ms
  cloudfoundry_service_instance.instance_1                               74ms
  cloudfoundry_service_instance.instance_2                               74ms
  cloudfoundry_space.space                                               146ms
  cloudfoundry_space.space_1                                             155ms
  cloudfoundry_space.space_2                                             198ms
  scc_subaccount.subaccount                                              579ms
  scc_subaccount.subaccount_1                                            605ms
  scc_subaccount.subaccount_2                                            1055ms
  scc_system_mapping.system                                              1263ms
  scc_system_mapping.system_1                                            351ms
  scc_system_mapping.system_2                                            76ms
  scc_system_mapping_resource.resource                                   76ms
  scc_system_mapping_resource.resource_1                                 76ms
  scc_system_mapping_resource.resource_2                                 235ms
  sci_application.app                                                    145ms
  sci_application.app_1                                                  228ms
  sci_application.app_2                                                  156ms
  sci_group_base.group                                                   118ms
  sci_group_base.group_1                                                 146ms
  sci_group_base.group_2                                                 127ms
  sci_user.user                                                          120ms
  sci_user.user_1                                                        139ms
  sci_user.user_2                                                        290ms


Run 10/10:
  Total run time: 56.401751s
  btp_directory.directory                                                156ms
  btp_directory.directory_1                                              404ms
  btp_directory.directory_2                                              290ms
  btp_subaccount.subaccount                                              86ms
  btp_subaccount.subaccount_1                                            63ms
  btp_subaccount.subaccount_2                                            64ms
  btp_subaccount_entitlement.entitlement                                 10802ms
  btp_subaccount_entitlement.entitlement_1                               10885ms
  btp_subaccount_entitlement.entitlement_2                               10792ms
  btp_subaccount_environment_instance.cloudfoundry                       367ms
  btp_subaccount_environment_instance.cloudfoundry_1                     3132ms
  btp_subaccount_environment_instance.cloudfoundry_2                     408ms
  btp_subaccount_role.role                                               222ms
  btp_subaccount_role.role_1                                             256ms
  btp_subaccount_role.role_2                                             370ms
  btp_subaccount_role_collection.collection                              203ms
  btp_subaccount_role_collection.collection_1                            186ms
  btp_subaccount_role_collection.collection_2                            197ms
  btp_subaccount_service_instance.instance                               904ms
  btp_subaccount_service_instance.instance_1                             6000ms
  btp_subaccount_service_instance.instance_2                             905ms
  btp_subaccount_subscription.subscription                               913ms
  btp_subaccount_subscription.subscription_1                             665ms
  btp_subaccount_subscription.subscription_2                             832ms
  btp_subaccount_trust_configuration.trust                               200ms
  btp_subaccount_trust_configuration.trust_1                             215ms
  btp_subaccount_trust_configuration.trust_2                             231ms
  cloudfoundry_service_instance.instance                                 53ms
  cloudfoundry_service_instance.instance_1                               62ms
  cloudfoundry_service_instance.instance_2                               57ms
  cloudfoundry_space.space                                               158ms
  cloudfoundry_space.space_1                                             282ms
  cloudfoundry_space.space_2                                             127ms
  scc_subaccount.subaccount                                              554ms
  scc_subaccount.subaccount_1                                            760ms
  scc_subaccount.subaccount_2                                            564ms
  scc_system_mapping.system                                              127ms
  scc_system_mapping.system_1                                            76ms
  scc_system_mapping.system_2                                            235ms
  scc_system_mapping_resource.resource                                   64ms
  scc_system_mapping_resource.resource_1                                 79ms
  scc_system_mapping_resource.resource_2                                 72ms
  sci_application.app                                                    250ms
  sci_application.app_1                                                  149ms
  sci_application.app_2                                                  170ms
  sci_group_base.group                                                   113ms
  sci_group_base.group_1                                                 132ms
  sci_group_base.group_2                                                 119ms
  sci_user.user                                                          210ms
  sci_user.user_1                                                        111ms
  sci_user.user_2                                                        108ms


Final results:
-------                                              ------------    -----------    -----------
Element                                              Average (ms)   Minimum (ms)   Maximum (ms)
btp_directory.directory                                    158.60            142            184
btp_directory.directory_1                                  185.00            141            404
btp_directory.directory_2                                  210.60            140            290
btp_subaccount.subaccount                                   81.60             51            191
btp_subaccount.subaccount_1                                104.70             58            245
btp_subaccount.subaccount_2                                 99.40             62            290
btp_subaccount_entitlement.entitlement                   10723.60          10588          10842
btp_subaccount_entitlement.entitlement_1                 10786.40          10586          11167
btp_subaccount_entitlement.entitlement_2                 10767.80          10557          11378
btp_subaccount_environment_instance.cloudfoundry           411.20            337            596
btp_subaccount_environment_instance.cloudfoundry_1        1163.20            315           5376
btp_subaccount_environment_instance.cloudfoundry_2         516.20            368           1344
btp_subaccount_role.role                                   215.70            164            252
btp_subaccount_role.role_1                                 233.60            187            336
btp_subaccount_role.role_2                                 230.00            181            370
btp_subaccount_role_collection.collection                  202.90            135            279
btp_subaccount_role_collection.collection_1                199.20            143            257
btp_subaccount_role_collection.collection_2                216.40            154            344
btp_subaccount_service_instance.instance                  1440.00            849           5939
btp_subaccount_service_instance.instance_1                1425.20            865           6000
btp_subaccount_service_instance.instance_2                1933.30            830           6110
btp_subaccount_subscription.subscription                   796.40            677           1055
btp_subaccount_subscription.subscription_1                 792.20            662            864
btp_subaccount_subscription.subscription_2                 849.10            708           1360
btp_subaccount_trust_configuration.trust                   216.30            171            288
btp_subaccount_trust_configuration.trust_1                 207.50            188            234
btp_subaccount_trust_configuration.trust_2                 214.00            187            244
cloudfoundry_service_instance.instance                      62.60             53             75
cloudfoundry_service_instance.instance_1                    69.70             50             93
cloudfoundry_service_instance.instance_2                    65.70             51            103
cloudfoundry_space.space                                   145.60            126            178
cloudfoundry_space.space_1                                 277.20            136           1200
cloudfoundry_space.space_2                                 162.70            127            215
scc_subaccount.subaccount                                 2805.80            515          16749
scc_subaccount.subaccount_1                               2214.70            520          11939
scc_subaccount.subaccount_2                               1970.10            511           8243
scc_system_mapping.system                                  311.20             66           1263
scc_system_mapping.system_1                                234.20             65           1285
scc_system_mapping.system_2                                230.80             66           1278
scc_system_mapping_resource.resource                        67.80             60             79
scc_system_mapping_resource.resource_1                      85.40             66            196
scc_system_mapping_resource.resource_2                      84.90             64            235
sci_application.app                                        171.30            134            251
sci_application.app_1                                      155.20            133            228
sci_application.app_2                                      171.10            130            234
sci_group_base.group                                       143.70            104            337
sci_group_base.group_1                                     132.10            104            220
sci_group_base.group_2                                     126.30            108            185
sci_user.user                                              138.00            103            223
sci_user.user_1                                            126.70            109            169
sci_user.user_2                                            162.90            103            290

Grouped results:
-------                                 ------------    -----------    -----------
Element                                 Average (ms)   Minimum (ms)   Maximum (ms)
btp_directory.*                               184.73            140            404
btp_subaccount.*                               95.23             51            290
btp_subaccount_entitlement.*                10759.27          10557          11378
btp_subaccount_environment_instance.*         696.87            315           5376
btp_subaccount_role.*                         226.43            164            370
btp_subaccount_role_collection.*              206.17            135            344
btp_subaccount_service_instance.*            1599.50            830           6110
btp_subaccount_subscription.*                 812.57            662           1360
btp_subaccount_trust_configuration.*          212.60            171            288
cloudfoundry_service_instance.*                66.00             50            103
cloudfoundry_space.*                          195.17            126           1200
scc_subaccount.*                             2330.20            511          16749
scc_system_mapping.*                          258.73             65           1285
scc_system_mapping_resource.*                  79.37             60            235
sci_application.*                             165.87            130            251
sci_group_base.*                              134.03            104            337
sci_user.*                                    142.53            103            290

Total wall-clock time: 571.678600s
Average wall-clock time: 57.167860s
Minimum wall-clock time: 47.260154s
Maximum wall-clock time: 90.280692s
Total Ressources: 51
