Running terraform plan -refresh-only 10 time(s)
Using Terraform parallelism: 3

Run 1/10:
  Total run time: 21.206285s
  btp_directory.directory                                                517ms
  btp_directory.directory_1                                              1047ms
  btp_directory.directory_2                                              206ms
  btp_subaccount.subaccount                                              79ms
  btp_subaccount.subaccount_1                                            75ms
  btp_subaccount.subaccount_2                                            181ms
  btp_subaccount_entitlement.entitlement                                 10942ms
  btp_subaccount_entitlement.entitlement_1                               13279ms
  btp_subaccount_entitlement.entitlement_2                               11774ms
  btp_subaccount_environment_instance.cloudfoundry                       762ms
  btp_subaccount_environment_instance.cloudfoundry_1                     572ms
  btp_subaccount_environment_instance.cloudfoundry_2                     494ms
  btp_subaccount_role.role                                               213ms
  btp_subaccount_role.role_1                                             727ms
  btp_subaccount_role.role_2                                             265ms
  btp_subaccount_role_collection.collection                              979ms
  btp_subaccount_role_collection.collection_1                            316ms
  btp_subaccount_role_collection.collection_2                            316ms
  btp_subaccount_service_instance.instance                               1902ms
  btp_subaccount_service_instance.instance_1                             2679ms
  btp_subaccount_service_instance.instance_2                             1842ms
  btp_subaccount_subscription.subscription                               750ms
  btp_subaccount_subscription.subscription_1                             1829ms
  btp_subaccount_subscription.subscription_2                             1755ms
  btp_subaccount_trust_configuration.trust                               644ms
  btp_subaccount_trust_configuration.trust_1                             232ms
  btp_subaccount_trust_configuration.trust_2                             440ms
  cloudfoundry_service_instance.instance                                 64ms
  cloudfoundry_service_instance.instance_1                               68ms
  cloudfoundry_service_instance.instance_2                               58ms
  cloudfoundry_space.space                                               236ms
  cloudfoundry_space.space_1                                             170ms
  cloudfoundry_space.space_2                                             137ms
  scc_subaccount.subaccount                                              759ms
  scc_subaccount.subaccount_1                                            1027ms
  scc_subaccount.subaccount_2                                            779ms
  scc_system_mapping.system                                              70ms
  scc_system_mapping.system_1                                            100ms
  scc_system_mapping.system_2                                            69ms
  scc_system_mapping_resource.resource                                   78ms
  scc_system_mapping_resource.resource_1                                 134ms
  scc_system_mapping_resource.resource_2                                 68ms
  sci_application.app                                                    147ms
  sci_application.app_1                                                  207ms
  sci_application.app_2                                                  141ms
  sci_group_base.group                                                   120ms
  sci_group_base.group_1                                                 111ms
  sci_group_base.group_2                                                 113ms
  sci_user.user                                                          116ms
  sci_user.user_1                                                        180ms
  sci_user.user_2                                                        109ms


Run 2/10:
  Total run time: 24.227406s
  btp_directory.directory                                                203ms
  btp_directory.directory_1                                              310ms
  btp_directory.directory_2                                              2619ms
  btp_subaccount.subaccount                                              120ms
  btp_subaccount.subaccount_1                                            809ms
  btp_subaccount.subaccount_2                                            59ms
  btp_subaccount_entitlement.entitlement                                 11094ms
  btp_subaccount_entitlement.entitlement_1                               10742ms
  btp_subaccount_entitlement.entitlement_2                               12865ms
  btp_subaccount_environment_instance.cloudfoundry                       542ms
  btp_subaccount_environment_instance.cloudfoundry_1                     380ms
  btp_subaccount_environment_instance.cloudfoundry_2                     1056ms
  btp_subaccount_role.role                                               192ms
  btp_subaccount_role.role_1                                             788ms
  btp_subaccount_role.role_2                                             956ms
  btp_subaccount_role_collection.collection                              201ms
  btp_subaccount_role_collection.collection_1                            164ms
  btp_subaccount_role_collection.collection_2                            201ms
  btp_subaccount_service_instance.instance                               1279ms
  btp_subaccount_service_instance.instance_1                             2295ms
  btp_subaccount_service_instance.instance_2                             1194ms
  btp_subaccount_subscription.subscription                               2786ms
  btp_subaccount_subscription.subscription_1                             726ms
  btp_subaccount_subscription.subscription_2                             920ms
  btp_subaccount_trust_configuration.trust                               861ms
  btp_subaccount_trust_configuration.trust_1                             729ms
  btp_subaccount_trust_configuration.trust_2                             867ms
  cloudfoundry_service_instance.instance                                 55ms
  cloudfoundry_service_instance.instance_1                               60ms
  cloudfoundry_service_instance.instance_2                               53ms
  cloudfoundry_space.space                                               156ms
  cloudfoundry_space.space_1                                             133ms
  cloudfoundry_space.space_2                                             230ms
  scc_subaccount.subaccount                                              542ms
  scc_subaccount.subaccount_1                                            583ms
  scc_subaccount.subaccount_2                                            614ms
  scc_system_mapping.system                                              171ms
  scc_system_mapping.system_1                                            112ms
  scc_system_mapping.system_2                                            82ms
  scc_system_mapping_resource.resource                                   261ms
  scc_system_mapping_resource.resource_1                                 160ms
  scc_system_mapping_resource.resource_2                                 70ms
  sci_application.app                                                    160ms
  sci_application.app_1                                                  193ms
  sci_application.app_2                                                  132ms
  sci_group_base.group                                                   186ms
  sci_group_base.group_1                                                 188ms
  sci_group_base.group_2                                                 162ms
  sci_user.user                                                          170ms
  sci_user.user_1                                                        186ms
  sci_user.user_2                                                        222ms


Run 3/10:
  Total run time: 38.733603s
  btp_directory.directory                                                6094ms
  btp_directory.directory_1                                              174ms
  btp_directory.directory_2                                              1024ms
  btp_subaccount.subaccount                                              162ms
  btp_subaccount.subaccount_1                                            264ms
  btp_subaccount.subaccount_2                                            276ms
  btp_subaccount_entitlement.entitlement                                 17045ms
  btp_subaccount_entitlement.entitlement_1                               11471ms
  btp_subaccount_entitlement.entitlement_2                               15113ms
  btp_subaccount_environment_instance.cloudfoundry                       506ms
  btp_subaccount_environment_instance.cloudfoundry_1                     1255ms
  btp_subaccount_environment_instance.cloudfoundry_2                     1302ms
  btp_subaccount_role.role                                               391ms
  btp_subaccount_role.role_1                                             447ms
  btp_subaccount_role.role_2                                             520ms
  btp_subaccount_role_collection.collection                              339ms
  btp_subaccount_role_collection.collection_1                            429ms
  btp_subaccount_role_collection.collection_2                            537ms
  btp_subaccount_service_instance.instance                               6552ms
  btp_subaccount_service_instance.instance_1                             3685ms
  btp_subaccount_service_instance.instance_2                             6149ms
  btp_subaccount_subscription.subscription                               6832ms
  btp_subaccount_subscription.subscription_1                             1603ms
  btp_subaccount_subscription.subscription_2                             7119ms
  btp_subaccount_trust_configuration.trust                               659ms
  btp_subaccount_trust_configuration.trust_1                             886ms
  btp_subaccount_trust_configuration.trust_2                             895ms
  cloudfoundry_service_instance.instance                                 57ms
  cloudfoundry_service_instance.instance_1                               60ms
  cloudfoundry_service_instance.instance_2                               49ms
  cloudfoundry_space.space                                               126ms
  cloudfoundry_space.space_1                                             274ms
  cloudfoundry_space.space_2                                             143ms
  scc_subaccount.subaccount                                              885ms
  scc_subaccount.subaccount_1                                            5936ms
  scc_subaccount.subaccount_2                                            674ms
  scc_system_mapping.system                                              76ms
  scc_system_mapping.system_1                                            109ms
  scc_system_mapping.system_2                                            73ms
  scc_system_mapping_resource.resource                                   197ms
  scc_system_mapping_resource.resource_1                                 81ms
  scc_system_mapping_resource.resource_2                                 193ms
  sci_application.app                                                    138ms
  sci_application.app_1                                                  141ms
  sci_application.app_2                                                  139ms
  sci_group_base.group                                                   123ms
  sci_group_base.group_1                                                 203ms
  sci_group_base.group_2                                                 146ms
  sci_user.user                                                          110ms
  sci_user.user_1                                                        154ms
  sci_user.user_2                                                        105ms


Run 4/10:
  Total run time: 21.025136s
  btp_directory.directory                                                461ms
  btp_directory.directory_1                                              174ms
  btp_directory.directory_2                                              323ms
  btp_subaccount.subaccount                                              83ms
  btp_subaccount.subaccount_1                                            624ms
  btp_subaccount.subaccount_2                                            246ms
  btp_subaccount_entitlement.entitlement                                 11595ms
  btp_subaccount_entitlement.entitlement_1                               10736ms
  btp_subaccount_entitlement.entitlement_2                               11822ms
  btp_subaccount_environment_instance.cloudfoundry                       596ms
  btp_subaccount_environment_instance.cloudfoundry_1                     1088ms
  btp_subaccount_environment_instance.cloudfoundry_2                     445ms
  btp_subaccount_role.role                                               595ms
  btp_subaccount_role.role_1                                             789ms
  btp_subaccount_role.role_2                                             516ms
  btp_subaccount_role_collection.collection                              204ms
  btp_subaccount_role_collection.collection_1                            607ms
  btp_subaccount_role_collection.collection_2                            421ms
  btp_subaccount_service_instance.instance                               984ms
  btp_subaccount_service_instance.instance_1                             1564ms
  btp_subaccount_service_instance.instance_2                             897ms
  btp_subaccount_subscription.subscription                               1131ms
  btp_subaccount_subscription.subscription_1                             2102ms
  btp_subaccount_subscription.subscription_2                             1644ms
  btp_subaccount_trust_configuration.trust                               535ms
  btp_subaccount_trust_configuration.trust_1                             1033ms
  btp_subaccount_trust_configuration.trust_2                             712ms
  cloudfoundry_service_instance.instance                                 88ms
  cloudfoundry_service_instance.instance_1                               53ms
  cloudfoundry_service_instance.instance_2                               58ms
  cloudfoundry_space.space                                               144ms
  cloudfoundry_space.space_1                                             147ms
  cloudfoundry_space.space_2                                             147ms
  scc_subaccount.subaccount                                              1243ms
  scc_subaccount.subaccount_1                                            856ms
  scc_subaccount.subaccount_2                                            826ms
  scc_system_mapping.system                                              73ms
  scc_system_mapping.system_1                                            74ms
  scc_system_mapping.system_2                                            214ms
  scc_system_mapping_resource.resource                                   66ms
  scc_system_mapping_resource.resource_1                                 70ms
  scc_system_mapping_resource.resource_2                                 69ms
  sci_application.app                                                    136ms
  sci_application.app_1                                                  132ms
  sci_application.app_2                                                  159ms
  sci_group_base.group                                                   116ms
  sci_group_base.group_1                                                 133ms
  sci_group_base.group_2                                                 125ms
  sci_user.user                                                          103ms
  sci_user.user_1                                                        194ms
  sci_user.user_2                                                        143ms


Run 5/10:
  Total run time: 23.020593s
  btp_directory.directory                                                429ms
  btp_directory.directory_1                                              160ms
  btp_directory.directory_2                                              212ms
  btp_subaccount.subaccount                                              397ms
  btp_subaccount.subaccount_1                                            853ms
  btp_subaccount.subaccount_2                                            258ms
  btp_subaccount_entitlement.entitlement                                 10714ms
  btp_subaccount_entitlement.entitlement_1                               10714ms
  btp_subaccount_entitlement.entitlement_2                               10844ms
  btp_subaccount_environment_instance.cloudfoundry                       851ms
  btp_subaccount_environment_instance.cloudfoundry_1                     412ms
  btp_subaccount_environment_instance.cloudfoundry_2                     379ms
  btp_subaccount_role.role                                               384ms
  btp_subaccount_role.role_1                                             229ms
  btp_subaccount_role.role_2                                             251ms
  btp_subaccount_role_collection.collection                              261ms
  btp_subaccount_role_collection.collection_1                            1010ms
  btp_subaccount_role_collection.collection_2                            725ms
  btp_subaccount_service_instance.instance                               2700ms
  btp_subaccount_service_instance.instance_1                             2691ms
  btp_subaccount_service_instance.instance_2                             1313ms
  btp_subaccount_subscription.subscription                               1101ms
  btp_subaccount_subscription.subscription_1                             872ms
  btp_subaccount_subscription.subscription_2                             1713ms
  btp_subaccount_trust_configuration.trust                               303ms
  btp_subaccount_trust_configuration.trust_1                             258ms
  btp_subaccount_trust_configuration.trust_2                             325ms
  cloudfoundry_service_instance.instance                                 70ms
  cloudfoundry_service_instance.instance_1                               66ms
  cloudfoundry_service_instance.instance_2                               74ms
  cloudfoundry_space.space                                               142ms
  cloudfoundry_space.space_1                                             175ms
  cloudfoundry_space.space_2                                             161ms
  scc_subaccount.subaccount                                              6179ms
  scc_subaccount.subaccount_1                                            640ms
  scc_subaccount.subaccount_2                                            5865ms
  scc_system_mapping.system                                              68ms
  scc_system_mapping.system_1                                            190ms
  scc_system_mapping.system_2                                            73ms
  scc_system_mapping_resource.resource                                   69ms
  scc_system_mapping_resource.resource_1                                 111ms
  scc_system_mapping_resource.resource_2                                 193ms
  sci_application.app                                                    165ms
  sci_application.app_1                                                  145ms
  sci_application.app_2                                                  166ms
  sci_group_base.group                                                   266ms
  sci_group_base.group_1                                                 143ms
  sci_group_base.group_2                                                 120ms
  sci_user.user                                                          139ms
  sci_user.user_1                                                        97ms
  sci_user.user_2                                                        113ms


Run 6/10:
  Total run time: 26.393078s
  btp_directory.directory                                                1658ms
  btp_directory.directory_1                                              636ms
  btp_directory.directory_2                                              246ms
  btp_subaccount.subaccount                                              897ms
  btp_subaccount.subaccount_1                                            88ms
  btp_subaccount.subaccount_2                                            72ms
  btp_subaccount_entitlement.entitlement                                 11547ms
  btp_subaccount_entitlement.entitlement_1                               10661ms
  btp_subaccount_entitlement.entitlement_2                               12059ms
  btp_subaccount_environment_instance.cloudfoundry                       403ms
  btp_subaccount_environment_instance.cloudfoundry_1                     487ms
  btp_subaccount_environment_instance.cloudfoundry_2                     329ms
  btp_subaccount_role.role                                               263ms
  btp_subaccount_role.role_1                                             583ms
  btp_subaccount_role.role_2                                             187ms
  btp_subaccount_role_collection.collection                              206ms
  btp_subaccount_role_collection.collection_1                            230ms
  btp_subaccount_role_collection.collection_2                            661ms
  btp_subaccount_service_instance.instance                               1293ms
  btp_subaccount_service_instance.instance_1                             2082ms
  btp_subaccount_service_instance.instance_2                             2709ms
  btp_subaccount_subscription.subscription                               1478ms
  btp_subaccount_subscription.subscription_1                             2066ms
  btp_subaccount_subscription.subscription_2                             965ms
  btp_subaccount_trust_configuration.trust                               233ms
  btp_subaccount_trust_configuration.trust_1                             374ms
  btp_subaccount_trust_configuration.trust_2                             500ms
  cloudfoundry_service_instance.instance                                 58ms
  cloudfoundry_service_instance.instance_1                               55ms
  cloudfoundry_service_instance.instance_2                               62ms
  cloudfoundry_space.space                                               124ms
  cloudfoundry_space.space_1                                             163ms
  cloudfoundry_space.space_2                                             147ms
  scc_subaccount.subaccount                                              4104ms
  scc_subaccount.subaccount_1                                            4024ms
  scc_subaccount.subaccount_2                                            597ms
  scc_system_mapping.system                                              82ms
  scc_system_mapping.system_1                                            71ms
  scc_system_mapping.system_2                                            95ms
  scc_system_mapping_resource.resource                                   69ms
  scc_system_mapping_resource.resource_1                                 217ms
  scc_system_mapping_resource.resource_2                                 73ms
  sci_application.app                                                    144ms
  sci_application.app_1                                                  166ms
  sci_application.app_2                                                  251ms
  sci_group_base.group                                                   133ms
  sci_group_base.group_1                                                 92ms
  sci_group_base.group_2                                                 107ms
  sci_user.user                                                          111ms
  sci_user.user_1                                                        112ms
  sci_user.user_2                                                        101ms


Run 7/10:
  Total run time: 22.080284s
  btp_directory.directory                                                1211ms
  btp_directory.directory_1                                              1624ms
  btp_directory.directory_2                                              701ms
  btp_subaccount.subaccount                                              557ms
  btp_subaccount.subaccount_1                                            897ms
  btp_subaccount.subaccount_2                                            427ms
  btp_subaccount_entitlement.entitlement                                 11086ms
  btp_subaccount_entitlement.entitlement_1                               11525ms
  btp_subaccount_entitlement.entitlement_2                               11169ms
  btp_subaccount_environment_instance.cloudfoundry                       367ms
  btp_subaccount_environment_instance.cloudfoundry_1                     1037ms
  btp_subaccount_environment_instance.cloudfoundry_2                     850ms
  btp_subaccount_role.role                                               688ms
  btp_subaccount_role.role_1                                             745ms
  btp_subaccount_role.role_2                                             696ms
  btp_subaccount_role_collection.collection                              260ms
  btp_subaccount_role_collection.collection_1                            435ms
  btp_subaccount_role_collection.collection_2                            413ms
  btp_subaccount_service_instance.instance                               1723ms
  btp_subaccount_service_instance.instance_1                             1123ms
  btp_subaccount_service_instance.instance_2                             2177ms
  btp_subaccount_subscription.subscription                               1918ms
  btp_subaccount_subscription.subscription_1                             2005ms
  btp_subaccount_subscription.subscription_2                             1338ms
  btp_subaccount_trust_configuration.trust                               234ms
  btp_subaccount_trust_configuration.trust_1                             786ms
  btp_subaccount_trust_configuration.trust_2                             296ms
  cloudfoundry_service_instance.instance                                 58ms
  cloudfoundry_service_instance.instance_1                               56ms
  cloudfoundry_service_instance.instance_2                               49ms
  cloudfoundry_space.space                                               118ms
  cloudfoundry_space.space_1                                             152ms
  cloudfoundry_space.space_2                                             123ms
  scc_subaccount.subaccount                                              737ms
  scc_subaccount.subaccount_1                                            957ms
  scc_subaccount.subaccount_2                                            1184ms
  scc_system_mapping.system                                              67ms
  scc_system_mapping.system_1                                            70ms
  scc_system_mapping.system_2                                            70ms
  scc_system_mapping_resource.resource                                   201ms
  scc_system_mapping_resource.resource_1                                 68ms
  scc_system_mapping_resource.resource_2                                 207ms
  sci_application.app                                                    170ms
  sci_application.app_1                                                  163ms
  sci_application.app_2                                                  160ms
  sci_group_base.group                                                   114ms
  sci_group_base.group_1                                                 221ms
  sci_group_base.group_2                                                 108ms
  sci_user.user                                                          109ms
  sci_user.user_1                                                        101ms
  sci_user.user_2                                                        115ms


Run 8/10:
  Total run time: 77.662886s
  btp_directory.directory                                                734ms
  btp_directory.directory_1                                              928ms
  btp_directory.directory_2                                              575ms
  btp_subaccount.subaccount                                              468ms
  btp_subaccount.subaccount_1                                            90ms
  btp_subaccount.subaccount_2                                            628ms
  btp_subaccount_entitlement.entitlement                                 16887ms
  btp_subaccount_entitlement.entitlement_1                               59341ms
  btp_subaccount_entitlement.entitlement_2                               11805ms
  btp_subaccount_environment_instance.cloudfoundry                       422ms
  btp_subaccount_environment_instance.cloudfoundry_1                     501ms
  btp_subaccount_environment_instance.cloudfoundry_2                     589ms
  btp_subaccount_role.role                                               818ms
  btp_subaccount_role.role_1                                             244ms
  btp_subaccount_role.role_2                                             392ms
  btp_subaccount_role_collection.collection                              483ms
  btp_subaccount_role_collection.collection_1                            292ms
  btp_subaccount_role_collection.collection_2                            202ms
  btp_subaccount_service_instance.instance                               1045ms
  btp_subaccount_service_instance.instance_1                             6636ms
  btp_subaccount_service_instance.instance_2                             55278ms
  btp_subaccount_subscription.subscription                               1230ms
  btp_subaccount_subscription.subscription_1                             1329ms
  btp_subaccount_subscription.subscription_2                             1022ms
  btp_subaccount_trust_configuration.trust                               684ms
  btp_subaccount_trust_configuration.trust_1                             5751ms
  btp_subaccount_trust_configuration.trust_2                             571ms
  cloudfoundry_service_instance.instance                                 57ms
  cloudfoundry_service_instance.instance_1                               66ms
  cloudfoundry_service_instance.instance_2                               64ms
  cloudfoundry_space.space                                               141ms
  cloudfoundry_space.space_1                                             138ms
  cloudfoundry_space.space_2                                             208ms
  scc_subaccount.subaccount                                              624ms
  scc_subaccount.subaccount_1                                            555ms
  scc_subaccount.subaccount_2                                            561ms
  scc_system_mapping.system                                              65ms
  scc_system_mapping.system_1                                            86ms
  scc_system_mapping.system_2                                            70ms
  scc_system_mapping_resource.resource                                   186ms
  scc_system_mapping_resource.resource_1                                 72ms
  scc_system_mapping_resource.resource_2                                 68ms
  sci_application.app                                                    157ms
  sci_application.app_1                                                  157ms
  sci_application.app_2                                                  157ms
  sci_group_base.group                                                   127ms
  sci_group_base.group_1                                                 112ms
  sci_group_base.group_2                                                 119ms
  sci_user.user                                                          236ms
  sci_user.user_1                                                        155ms
  sci_user.user_2                                                        126ms


Run 9/10:
  Total run time: 20.526589s
  btp_directory.directory                                                147ms
  btp_directory.directory_1                                              1065ms
  btp_directory.directory_2                                              1124ms
  btp_subaccount.subaccount                                              351ms
  btp_subaccount.subaccount_1                                            76ms
  btp_subaccount.subaccount_2                                            132ms
  btp_subaccount_entitlement.entitlement                                 11167ms
  btp_subaccount_entitlement.entitlement_1                               11152ms
  btp_subaccount_entitlement.entitlement_2                               11245ms
  btp_subaccount_environment_instance.cloudfoundry                       409ms
  btp_subaccount_environment_instance.cloudfoundry_1                     715ms
  btp_subaccount_environment_instance.cloudfoundry_2                     388ms
  btp_subaccount_role.role                                               269ms
  btp_subaccount_role.role_1                                             371ms
  btp_subaccount_role.role_2                                             179ms
  btp_subaccount_role_collection.collection                              203ms
  btp_subaccount_role_collection.collection_1                            196ms
  btp_subaccount_role_collection.collection_2                            541ms
  btp_subaccount_service_instance.instance                               1546ms
  btp_subaccount_service_instance.instance_1                             2001ms
  btp_subaccount_service_instance.instance_2                             1897ms
  btp_subaccount_subscription.subscription                               1393ms
  btp_subaccount_subscription.subscription_1                             1406ms
  btp_subaccount_subscription.subscription_2                             742ms
  btp_subaccount_trust_configuration.trust                               241ms
  btp_subaccount_trust_configuration.trust_1                             490ms
  btp_subaccount_trust_configuration.trust_2                             787ms
  cloudfoundry_service_instance.instance                                 51ms
  cloudfoundry_service_instance.instance_1                               50ms
  cloudfoundry_service_instance.instance_2                               49ms
  cloudfoundry_space.space                                               130ms
  cloudfoundry_space.space_1                                             125ms
  cloudfoundry_space.space_2                                             143ms
  scc_subaccount.subaccount                                              1870ms
  scc_subaccount.subaccount_1                                            1505ms
  scc_subaccount.subaccount_2                                            1522ms
  scc_system_mapping.system                                              71ms
  scc_system_mapping.system_1                                            69ms
  scc_system_mapping.system_2                                            69ms
  scc_system_mapping_resource.resource                                   396ms
  scc_system_mapping_resource.resource_1                                 71ms
  scc_system_mapping_resource.resource_2                                 372ms
  sci_application.app                                                    155ms
  sci_application.app_1                                                  304ms
  sci_application.app_2                                                  150ms
  sci_group_base.group                                                   125ms
  sci_group_base.group_1                                                 112ms
  sci_group_base.group_2                                                 128ms
  sci_user.user                                                          108ms
  sci_user.user_1                                                        157ms
  sci_user.user_2                                                        120ms


Run 10/10:
  Total run time: 28.977155s
  btp_directory.directory                                                5929ms
  btp_directory.directory_1                                              783ms
  btp_directory.directory_2                                              773ms
  btp_subaccount.subaccount                                              379ms
  btp_subaccount.subaccount_1                                            201ms
  btp_subaccount.subaccount_2                                            387ms
  btp_subaccount_entitlement.entitlement                                 11558ms
  btp_subaccount_entitlement.entitlement_1                               11093ms
  btp_subaccount_entitlement.entitlement_2                               11432ms
  btp_subaccount_environment_instance.cloudfoundry                       686ms
  btp_subaccount_environment_instance.cloudfoundry_1                     551ms
  btp_subaccount_environment_instance.cloudfoundry_2                     675ms
  btp_subaccount_role.role                                               222ms
  btp_subaccount_role.role_1                                             280ms
  btp_subaccount_role.role_2                                             215ms
  btp_subaccount_role_collection.collection                              551ms
  btp_subaccount_role_collection.collection_1                            644ms
  btp_subaccount_role_collection.collection_2                            243ms
  btp_subaccount_service_instance.instance                               5924ms
  btp_subaccount_service_instance.instance_1                             1108ms
  btp_subaccount_service_instance.instance_2                             6357ms
  btp_subaccount_subscription.subscription                               907ms
  btp_subaccount_subscription.subscription_1                             1170ms
  btp_subaccount_subscription.subscription_2                             1227ms
  btp_subaccount_trust_configuration.trust                               363ms
  btp_subaccount_trust_configuration.trust_1                             355ms
  btp_subaccount_trust_configuration.trust_2                             646ms
  cloudfoundry_service_instance.instance                                 53ms
  cloudfoundry_service_instance.instance_1                               66ms
  cloudfoundry_service_instance.instance_2                               49ms
  cloudfoundry_space.space                                               155ms
  cloudfoundry_space.space_1                                             146ms
  cloudfoundry_space.space_2                                             144ms
  scc_subaccount.subaccount                                              4420ms
  scc_subaccount.subaccount_1                                            4181ms
  scc_subaccount.subaccount_2                                            4633ms
  scc_system_mapping.system                                              84ms
  scc_system_mapping.system_1                                            155ms
  scc_system_mapping.system_2                                            195ms
  scc_system_mapping_resource.resource                                   68ms
  scc_system_mapping_resource.resource_1                                 184ms
  scc_system_mapping_resource.resource_2                                 65ms
  sci_application.app                                                    169ms
  sci_application.app_1                                                  164ms
  sci_application.app_2                                                  148ms
  sci_group_base.group                                                   205ms
  sci_group_base.group_1                                                 109ms
  sci_group_base.group_2                                                 122ms
  sci_user.user                                                          123ms
  sci_user.user_1                                                        123ms
  sci_user.user_2                                                        118ms


Final results:
-------                                              ------------    -----------    -----------
Element                                              Average (ms)   Minimum (ms)   Maximum (ms)
btp_directory.directory                                   1738.30            147           6094
btp_directory.directory_1                                  690.10            160           1624
btp_directory.directory_2                                  780.30            206           2619
btp_subaccount.subaccount                                  349.30             79            897
btp_subaccount.subaccount_1                                397.70             75            897
btp_subaccount.subaccount_2                                266.60             59            628
btp_subaccount_entitlement.entitlement                   12363.50          10714          17045
btp_subaccount_entitlement.entitlement_1                 16071.40          10661          59341
btp_subaccount_entitlement.entitlement_2                 12012.80          10844          15113
btp_subaccount_environment_instance.cloudfoundry           554.40            367            851
btp_subaccount_environment_instance.cloudfoundry_1         699.80            380           1255
btp_subaccount_environment_instance.cloudfoundry_2         650.70            329           1302
btp_subaccount_role.role                                   403.50            192            818
btp_subaccount_role.role_1                                 520.30            229            789
btp_subaccount_role.role_2                                 417.70            179            956
btp_subaccount_role_collection.collection                  368.70            201            979
btp_subaccount_role_collection.collection_1                432.30            164           1010
btp_subaccount_role_collection.collection_2                426.00            201            725
btp_subaccount_service_instance.instance                  2494.80            984           6552
btp_subaccount_service_instance.instance_1                2586.40           1108           6636
btp_subaccount_service_instance.instance_2                7981.30            897          55278
btp_subaccount_subscription.subscription                  1952.60            750           6832
btp_subaccount_subscription.subscription_1                1510.80            726           2102
btp_subaccount_subscription.subscription_2                1844.50            742           7119
btp_subaccount_trust_configuration.trust                   475.70            233            861
btp_subaccount_trust_configuration.trust_1                1089.40            232           5751
btp_subaccount_trust_configuration.trust_2                 603.90            296            895
cloudfoundry_service_instance.instance                      61.10             51             88
cloudfoundry_service_instance.instance_1                    60.00             50             68
cloudfoundry_service_instance.instance_2                    56.50             49             74
cloudfoundry_space.space                                   147.20            118            236
cloudfoundry_space.space_1                                 162.30            125            274
cloudfoundry_space.space_2                                 158.30            123            230
scc_subaccount.subaccount                                 2136.30            542           6179
scc_subaccount.subaccount_1                               2026.40            555           5936
scc_subaccount.subaccount_2                               1725.50            561           5865
scc_system_mapping.system                                   82.70             65            171
scc_system_mapping.system_1                                103.60             69            190
scc_system_mapping.system_2                                101.00             69            214
scc_system_mapping_resource.resource                       159.10             66            396
scc_system_mapping_resource.resource_1                     116.80             68            217
scc_system_mapping_resource.resource_2                     137.80             65            372
sci_application.app                                        154.10            136            170
sci_application.app_1                                      177.20            132            304
sci_application.app_2                                      160.30            132            251
sci_group_base.group                                       151.50            114            266
sci_group_base.group_1                                     142.40             92            221
sci_group_base.group_2                                     125.00            107            162
sci_user.user                                              132.50            103            236
sci_user.user_1                                            145.90             97            194
sci_user.user_2                                            127.20            101            222

Grouped results:
-------                                 ------------    -----------    -----------
Element                                 Average (ms)   Minimum (ms)   Maximum (ms)
btp_directory.*                              1069.57            147           6094
btp_subaccount.*                              337.87             59            897
btp_subaccount_entitlement.*                13482.57          10661          59341
btp_subaccount_environment_instance.*         634.97            329           1302
btp_subaccount_role.*                         447.17            179            956
btp_subaccount_role_collection.*              409.00            164           1010
btp_subaccount_service_instance.*            4354.17            897          55278
btp_subaccount_subscription.*                1769.30            726           7119
btp_subaccount_trust_configuration.*          723.00            232           5751
cloudfoundry_service_instance.*                59.20             49             88
cloudfoundry_space.*                          155.93            118            274
scc_subaccount.*                             1962.73            542           6179
scc_system_mapping.*                           95.77             65            214
scc_system_mapping_resource.*                 137.90             65            396
sci_application.*                             163.87            132            304
sci_group_base.*                              139.63             92            266
sci_user.*                                    135.20             97            236

Total wall-clock time: 303.853015s
Average wall-clock time: 30.385302s
Minimum wall-clock time: 20.526589s
Maximum wall-clock time: 77.662886s
Total Ressources: 51
