Running terraform plan -refresh-only 10 time(s)

Run 1/10:
  Total run time: 31.607173s
  btp_directory.directory                                                4096ms
  btp_directory.directory_1                                              3493ms
  btp_directory.directory_2                                              3687ms
  btp_subaccount.subaccount                                              2163ms
  btp_subaccount.subaccount_1                                            4551ms
  btp_subaccount.subaccount_2                                            2448ms
  btp_subaccount_entitlement.entitlement                                 15241ms
  btp_subaccount_entitlement.entitlement_1                               17030ms
  btp_subaccount_entitlement.entitlement_2                               18109ms
  btp_subaccount_environment_instance.cloudfoundry                       2932ms
  btp_subaccount_environment_instance.cloudfoundry_1                     8014ms
  btp_subaccount_environment_instance.cloudfoundry_2                     3787ms
  btp_subaccount_role.role                                               2497ms
  btp_subaccount_role.role_1                                             3280ms
  btp_subaccount_role.role_2                                             2219ms
  btp_subaccount_role_collection.collection                              8040ms
  btp_subaccount_role_collection.collection_1                            3230ms
  btp_subaccount_role_collection.collection_2                            4529ms
  btp_subaccount_service_instance.instance                               14285ms
  btp_subaccount_service_instance.instance_1                             12646ms
  btp_subaccount_service_instance.instance_2                             15234ms
  btp_subaccount_subscription.subscription                               10092ms
  btp_subaccount_subscription.subscription_1                             10681ms
  btp_subaccount_subscription.subscription_2                             10259ms
  btp_subaccount_trust_configuration.trust                               4352ms
  btp_subaccount_trust_configuration.trust_1                             2194ms
  btp_subaccount_trust_configuration.trust_2                             3254ms
  cloudfoundry_service_instance.instance                                 52ms
  cloudfoundry_service_instance.instance_1                               96ms
  cloudfoundry_service_instance.instance_2                               270ms
  cloudfoundry_space.space                                               1006ms
  cloudfoundry_space.space_1                                             956ms
  cloudfoundry_space.space_2                                             298ms
  scc_subaccount.subaccount                                              7511ms
  scc_subaccount.subaccount_1                                            8445ms
  scc_system_mapping.system                                              65ms
  scc_system_mapping.system_1                                            537ms
  scc_system_mapping.system_2                                            529ms
  scc_system_mapping_resource.resource                                   424ms
  scc_system_mapping_resource.resource_1                                 509ms
  scc_system_mapping_resource.resource_2                                 512ms
  sci_application.app                                                    333ms
  sci_application.app_1                                                  321ms
  sci_application.app_2                                                  181ms
  sci_group_base.group                                                   168ms
  sci_group_base.group_2                                                 307ms
  sci_user.user                                                          295ms
  sci_user.user_1                                                        279ms
  sci_user.user_2                                                        272ms


Run 2/10:
  Total run time: 22.177177s
  btp_directory.directory                                                4341ms
  btp_directory.directory_1                                              3306ms
  btp_directory.directory_2                                              3197ms
  btp_subaccount.subaccount                                              2163ms
  btp_subaccount.subaccount_1                                            2144ms
  btp_subaccount.subaccount_2                                            1548ms
  btp_subaccount_entitlement.entitlement                                 16839ms
  btp_subaccount_entitlement.entitlement_1                               13970ms
  btp_subaccount_entitlement.entitlement_2                               16986ms
  btp_subaccount_environment_instance.cloudfoundry                       2400ms
  btp_subaccount_environment_instance.cloudfoundry_1                     1749ms
  btp_subaccount_environment_instance.cloudfoundry_2                     1380ms
  btp_subaccount_role.role                                               1834ms
  btp_subaccount_role.role_1                                             2292ms
  btp_subaccount_role.role_2                                             1953ms
  btp_subaccount_role_collection.collection                              1660ms
  btp_subaccount_role_collection.collection_1                            2407ms
  btp_subaccount_role_collection.collection_2                            2433ms
  btp_subaccount_service_instance.instance                               6011ms
  btp_subaccount_service_instance.instance_1                             6044ms
  btp_subaccount_service_instance.instance_2                             2710ms
  btp_subaccount_subscription.subscription                               2735ms
  btp_subaccount_subscription.subscription_1                             3966ms
  btp_subaccount_subscription.subscription_2                             3772ms
  btp_subaccount_trust_configuration.trust                               253ms
  btp_subaccount_trust_configuration.trust_1                             1019ms
  btp_subaccount_trust_configuration.trust_2                             813ms
  cloudfoundry_service_instance.instance                                 48ms
  cloudfoundry_service_instance.instance_1                               52ms
  cloudfoundry_service_instance.instance_2                               71ms
  cloudfoundry_space.space                                               138ms
  cloudfoundry_space.space_1                                             131ms
  cloudfoundry_space.space_2                                             148ms
  scc_subaccount.subaccount                                              982ms
  scc_subaccount.subaccount_1                                            770ms
  scc_subaccount.subaccount_2                                            1359ms
  scc_system_mapping.system                                              103ms
  scc_system_mapping.system_1                                            215ms
  scc_system_mapping.system_2                                            223ms
  scc_system_mapping_resource.resource                                   96ms
  scc_system_mapping_resource.resource_1                                 206ms
  scc_system_mapping_resource.resource_2                                 217ms
  sci_application.app                                                    247ms
  sci_application.app_1                                                  189ms
  sci_application.app_2                                                  185ms
  sci_group_base.group                                                   414ms
  sci_group_base.group_1                                                 207ms
  sci_group_base.group_2                                                 195ms
  sci_user.user_1                                                        206ms
  sci_user.user_2                                                        203ms


Run 3/10:
  Total run time: 14.981701s
  btp_directory.directory                                                2014ms
  btp_directory.directory_1                                              2404ms
  btp_directory.directory_2                                              2559ms
  btp_subaccount.subaccount                                              1276ms
  btp_subaccount.subaccount_1                                            989ms
  btp_subaccount.subaccount_2                                            1078ms
  btp_subaccount_entitlement.entitlement                                 12948ms
  btp_subaccount_entitlement.entitlement_1                               12264ms
  btp_subaccount_entitlement.entitlement_2                               12524ms
  btp_subaccount_environment_instance.cloudfoundry                       1405ms
  btp_subaccount_environment_instance.cloudfoundry_1                     1165ms
  btp_subaccount_environment_instance.cloudfoundry_2                     1319ms
  btp_subaccount_role.role                                               289ms
  btp_subaccount_role.role_1                                             1545ms
  btp_subaccount_role.role_2                                             1406ms
  btp_subaccount_role_collection.collection                              493ms
  btp_subaccount_role_collection.collection_1                            1217ms
  btp_subaccount_role_collection.collection_2                            1435ms
  btp_subaccount_service_instance.instance                               3945ms
  btp_subaccount_service_instance.instance_1                             3812ms
  btp_subaccount_service_instance.instance_2                             3270ms
  btp_subaccount_subscription.subscription                               2429ms
  btp_subaccount_subscription.subscription_1                             2793ms
  btp_subaccount_subscription.subscription_2                             2439ms
  btp_subaccount_trust_configuration.trust                               995ms
  btp_subaccount_trust_configuration.trust_1                             733ms
  btp_subaccount_trust_configuration.trust_2                             1178ms
  cloudfoundry_service_instance.instance                                 59ms
  cloudfoundry_service_instance.instance_1                               63ms
  cloudfoundry_service_instance.instance_2                               61ms
  cloudfoundry_space.space                                               149ms
  cloudfoundry_space.space_1                                             156ms
  cloudfoundry_space.space_2                                             155ms
  scc_subaccount.subaccount                                              10064ms
  scc_subaccount.subaccount_1                                            4492ms
  scc_subaccount.subaccount_2                                            4797ms
  scc_system_mapping.system                                              182ms
  scc_system_mapping.system_1                                            174ms
  scc_system_mapping.system_2                                            202ms
  scc_system_mapping_resource.resource                                   186ms
  scc_system_mapping_resource.resource_1                                 129ms
  scc_system_mapping_resource.resource_2                                 133ms
  sci_application.app                                                    174ms
  sci_application.app_1                                                  151ms
  sci_application.app_2                                                  237ms
  sci_group_base.group                                                   312ms
  sci_group_base.group_1                                                 222ms
  sci_group_base.group_2                                                 227ms
  sci_user.user                                                          221ms
  sci_user.user_1                                                        240ms
  sci_user.user_2                                                        225ms


Run 4/10:
  Total run time: 26.557659s
  btp_directory.directory                                                7095ms
  btp_directory.directory_1                                              5125ms
  btp_directory.directory_2                                              8842ms
  btp_subaccount.subaccount                                              699ms
  btp_subaccount.subaccount_1                                            6451ms
  btp_subaccount.subaccount_2                                            3127ms
  btp_subaccount_entitlement.entitlement                                 13666ms
  btp_subaccount_entitlement.entitlement_1                               14302ms
  btp_subaccount_entitlement.entitlement_2                               14090ms
  btp_subaccount_environment_instance.cloudfoundry                       6212ms
  btp_subaccount_environment_instance.cloudfoundry_1                     2977ms
  btp_subaccount_environment_instance.cloudfoundry_2                     3191ms
  btp_subaccount_role.role                                               2938ms
  btp_subaccount_role.role_1                                             205ms
  btp_subaccount_role.role_2                                             1908ms
  btp_subaccount_role_collection.collection                              1804ms
  btp_subaccount_role_collection.collection_2                            2066ms
  btp_subaccount_service_instance.instance                               9718ms
  btp_subaccount_service_instance.instance_1                             7367ms
  btp_subaccount_service_instance.instance_2                             2871ms
  btp_subaccount_subscription.subscription                               8559ms
  btp_subaccount_subscription.subscription_1                             8401ms
  btp_subaccount_subscription.subscription_2                             3934ms
  btp_subaccount_trust_configuration.trust                               6605ms
  btp_subaccount_trust_configuration.trust_1                             2911ms
  btp_subaccount_trust_configuration.trust_2                             1832ms
  cloudfoundry_service_instance.instance                                 67ms
  cloudfoundry_service_instance.instance_1                               71ms
  cloudfoundry_service_instance.instance_2                               59ms
  cloudfoundry_space.space                                               152ms
  cloudfoundry_space.space_1                                             145ms
  cloudfoundry_space.space_2                                             141ms
  scc_subaccount.subaccount                                              11948ms
  scc_subaccount.subaccount_1                                            1193ms
  scc_subaccount.subaccount_2                                            6583ms
  scc_system_mapping.system                                              202ms
  scc_system_mapping.system_1                                            140ms
  scc_system_mapping.system_2                                            223ms
  scc_system_mapping_resource.resource                                   216ms
  scc_system_mapping_resource.resource_1                                 212ms
  scc_system_mapping_resource.resource_2                                 162ms
  sci_application.app                                                    224ms
  sci_application.app_1                                                  225ms
  sci_application.app_2                                                  225ms
  sci_group_base.group                                                   234ms
  sci_group_base.group_1                                                 193ms
  sci_group_base.group_2                                                 198ms
  sci_user.user                                                          126ms
  sci_user.user_1                                                        193ms
  sci_user.user_2                                                        116ms


Run 5/10:
  Total run time: 27.716601s
  btp_directory.directory                                                6606ms
  btp_directory.directory_1                                              1867ms
  btp_directory.directory_2                                              1952ms
  btp_subaccount.subaccount                                              900ms
  btp_subaccount.subaccount_1                                            1488ms
  btp_subaccount.subaccount_2                                            1182ms
  btp_subaccount_entitlement.entitlement                                 13839ms
  btp_subaccount_entitlement.entitlement_1                               13569ms
  btp_subaccount_entitlement.entitlement_2                               12967ms
  btp_subaccount_environment_instance.cloudfoundry                       1635ms
  btp_subaccount_environment_instance.cloudfoundry_1                     1606ms
  btp_subaccount_environment_instance.cloudfoundry_2                     888ms
  btp_subaccount_role.role                                               1674ms
  btp_subaccount_role.role_1                                             1325ms
  btp_subaccount_role.role_2                                             1040ms
  btp_subaccount_role_collection.collection                              1441ms
  btp_subaccount_role_collection.collection_1                            1230ms
  btp_subaccount_role_collection.collection_2                            1512ms
  btp_subaccount_service_instance.instance                               7321ms
  btp_subaccount_service_instance.instance_1                             8304ms
  btp_subaccount_service_instance.instance_2                             3595ms
  btp_subaccount_subscription.subscription                               2703ms
  btp_subaccount_subscription.subscription_1                             2445ms
  btp_subaccount_subscription.subscription_2                             3046ms
  btp_subaccount_trust_configuration.trust                               1081ms
  btp_subaccount_trust_configuration.trust_1                             525ms
  btp_subaccount_trust_configuration.trust_2                             5807ms
  cloudfoundry_service_instance.instance                                 66ms
  cloudfoundry_service_instance.instance_1                               71ms
  cloudfoundry_service_instance.instance_2                               53ms
  cloudfoundry_space.space                                               156ms
  cloudfoundry_space.space_1                                             138ms
  cloudfoundry_space.space_2                                             130ms
  scc_subaccount.subaccount                                              26698ms
  scc_subaccount.subaccount_1                                            26444ms
  scc_subaccount.subaccount_2                                            26033ms
  scc_system_mapping.system                                              195ms
  scc_system_mapping.system_1                                            161ms
  scc_system_mapping_resource.resource                                   181ms
  scc_system_mapping_resource.resource_1                                 187ms
  scc_system_mapping_resource.resource_2                                 189ms
  sci_application.app                                                    224ms
  sci_application.app_1                                                  217ms
  sci_application.app_2                                                  218ms
  sci_group_base.group                                                   110ms
  sci_group_base.group_2                                                 211ms
  sci_user.user                                                          106ms
  sci_user.user_2                                                        208ms


Run 6/10:
  Total run time: 29.261268s
  btp_directory.directory                                                3998ms
  btp_directory.directory_1                                              9170ms
  btp_directory.directory_2                                              9249ms
  btp_subaccount.subaccount                                              6191ms
  btp_subaccount.subaccount_1                                            1689ms
  btp_subaccount.subaccount_2                                            8653ms
  btp_subaccount_entitlement.entitlement                                 19786ms
  btp_subaccount_entitlement.entitlement_1                               23841ms
  btp_subaccount_entitlement.entitlement_2                               14112ms
  btp_subaccount_environment_instance.cloudfoundry                       2004ms
  btp_subaccount_environment_instance.cloudfoundry_1                     11610ms
  btp_subaccount_environment_instance.cloudfoundry_2                     5638ms
  btp_subaccount_role.role                                               2082ms
  btp_subaccount_role.role_1                                             1666ms
  btp_subaccount_role.role_2                                             1964ms
  btp_subaccount_role_collection.collection                              5996ms
  btp_subaccount_role_collection.collection_1                            239ms
  btp_subaccount_role_collection.collection_2                            2155ms
  btp_subaccount_service_instance.instance                               12668ms
  btp_subaccount_service_instance.instance_1                             3648ms
  btp_subaccount_service_instance.instance_2                             12637ms
  btp_subaccount_subscription.subscription                               9369ms
  btp_subaccount_subscription.subscription_1                             3444ms
  btp_subaccount_subscription.subscription_2                             9501ms
  btp_subaccount_trust_configuration.trust                               5832ms
  btp_subaccount_trust_configuration.trust_1                             1595ms
  btp_subaccount_trust_configuration.trust_2                             6242ms
  cloudfoundry_service_instance.instance                                 55ms
  cloudfoundry_service_instance.instance_1                               52ms
  cloudfoundry_service_instance.instance_2                               82ms
  cloudfoundry_space.space                                               137ms
  cloudfoundry_space.space_1                                             152ms
  cloudfoundry_space.space_2                                             137ms
  scc_subaccount.subaccount                                              4145ms
  scc_subaccount.subaccount_1                                            3512ms
  scc_subaccount.subaccount_2                                            3869ms
  scc_system_mapping.system                                              122ms
  scc_system_mapping.system_1                                            193ms
  scc_system_mapping.system_2                                            196ms
  scc_system_mapping_resource.resource                                   192ms
  scc_system_mapping_resource.resource_1                                 189ms
  scc_system_mapping_resource.resource_2                                 178ms
  sci_application.app                                                    134ms
  sci_application.app_1                                                  226ms
  sci_application.app_2                                                  233ms
  sci_group_base.group                                                   217ms
  sci_group_base.group_1                                                 218ms
  sci_group_base.group_2                                                 230ms
  sci_user.user                                                          201ms
  sci_user.user_1                                                        214ms
  sci_user.user_2                                                        97ms


Run 7/10:
  Total run time: 35.427814s
  btp_directory.directory                                                3543ms
  btp_directory.directory_1                                              4032ms
  btp_directory.directory_2                                              6242ms
  btp_subaccount.subaccount                                              1392ms
  btp_subaccount.subaccount_1                                            6077ms
  btp_subaccount.subaccount_2                                            1049ms
  btp_subaccount_entitlement.entitlement                                 23384ms
  btp_subaccount_entitlement.entitlement_1                               24532ms
  btp_subaccount_entitlement.entitlement_2                               24318ms
  btp_subaccount_environment_instance.cloudfoundry                       1470ms
  btp_subaccount_environment_instance.cloudfoundry_1                     5599ms
  btp_subaccount_environment_instance.cloudfoundry_2                     2110ms
  btp_subaccount_role.role                                               2029ms
  btp_subaccount_role.role_1                                             6051ms
  btp_subaccount_role.role_2                                             2156ms
  btp_subaccount_role_collection.collection                              1199ms
  btp_subaccount_role_collection.collection_1                            2171ms
  btp_subaccount_role_collection.collection_2                            1860ms
  btp_subaccount_service_instance.instance                               15004ms
  btp_subaccount_service_instance.instance_1                             15603ms
  btp_subaccount_service_instance.instance_2                             5240ms
  btp_subaccount_subscription.subscription                               3976ms
  btp_subaccount_subscription.subscription_1                             3962ms
  btp_subaccount_subscription.subscription_2                             7903ms
  btp_subaccount_trust_configuration.trust                               1834ms
  btp_subaccount_trust_configuration.trust_1                             5832ms
  btp_subaccount_trust_configuration.trust_2                             1195ms
  cloudfoundry_service_instance.instance                                 96ms
  cloudfoundry_service_instance.instance_1                               50ms
  cloudfoundry_service_instance.instance_2                               56ms
  cloudfoundry_space.space                                               135ms
  cloudfoundry_space.space_1                                             126ms
  cloudfoundry_space.space_2                                             150ms
  scc_subaccount.subaccount                                              6393ms
  scc_subaccount.subaccount_1                                            6237ms
  scc_subaccount.subaccount_2                                            696ms
  scc_system_mapping.system_1                                            188ms
  scc_system_mapping.system_2                                            196ms
  scc_system_mapping_resource.resource                                   117ms
  scc_system_mapping_resource.resource_1                                 205ms
  scc_system_mapping_resource.resource_2                                 150ms
  sci_application.app                                                    144ms
  sci_application.app_1                                                  233ms
  sci_application.app_2                                                  237ms
  sci_group_base.group                                                   217ms
  sci_group_base.group_1                                                 111ms
  sci_group_base.group_2                                                 231ms
  sci_user.user                                                          210ms
  sci_user.user_1                                                        211ms
  sci_user.user_2                                                        212ms


Run 8/10:
  Total run time: 20.119438s
  btp_directory.directory                                                3585ms
  btp_directory.directory_1                                              3588ms
  btp_directory.directory_2                                              3681ms
  btp_subaccount.subaccount                                              1797ms
  btp_subaccount.subaccount_1                                            1580ms
  btp_subaccount.subaccount_2                                            1527ms
  btp_subaccount_entitlement.entitlement                                 12933ms
  btp_subaccount_entitlement.entitlement_1                               12837ms
  btp_subaccount_entitlement.entitlement_2                               13780ms
  btp_subaccount_environment_instance.cloudfoundry                       1141ms
  btp_subaccount_environment_instance.cloudfoundry_1                     1910ms
  btp_subaccount_environment_instance.cloudfoundry_2                     2057ms
  btp_subaccount_role.role                                               866ms
  btp_subaccount_role.role_1                                             235ms
  btp_subaccount_role.role_2                                             1229ms
  btp_subaccount_role_collection.collection                              1317ms
  btp_subaccount_role_collection.collection_1                            1743ms
  btp_subaccount_role_collection.collection_2                            420ms
  btp_subaccount_service_instance.instance                               2683ms
  btp_subaccount_service_instance.instance_1                             5256ms
  btp_subaccount_service_instance.instance_2                             4993ms
  btp_subaccount_subscription.subscription                               3822ms
  btp_subaccount_subscription.subscription_1                             3910ms
  btp_subaccount_subscription.subscription_2                             2596ms
  btp_subaccount_trust_configuration.trust                               1861ms
  btp_subaccount_trust_configuration.trust_1                             636ms
  btp_subaccount_trust_configuration.trust_2                             1065ms
  cloudfoundry_service_instance.instance                                 48ms
  cloudfoundry_service_instance.instance_1                               64ms
  cloudfoundry_service_instance.instance_2                               81ms
  cloudfoundry_space.space                                               154ms
  cloudfoundry_space.space_1                                             199ms
  cloudfoundry_space.space_2                                             207ms
  scc_subaccount.subaccount                                              6391ms
  scc_subaccount.subaccount_1                                            6645ms
  scc_subaccount.subaccount_2                                            743ms
  scc_system_mapping.system                                              196ms
  scc_system_mapping.system_1                                            170ms
  scc_system_mapping.system_2                                            189ms
  scc_system_mapping_resource.resource                                   177ms
  scc_system_mapping_resource.resource_1                                 117ms
  scc_system_mapping_resource.resource_2                                 130ms
  sci_application.app                                                    239ms
  sci_application.app_1                                                  136ms
  sci_application.app_2                                                  242ms
  sci_group_base.group                                                   228ms
  sci_group_base.group_1                                                 115ms
  sci_group_base.group_2                                                 232ms
  sci_user.user                                                          217ms
  sci_user.user_2                                                        219ms


Run 9/10:
  Total run time: 19.352327s
  btp_directory.directory                                                2966ms
  btp_directory.directory_1                                              3616ms
  btp_directory.directory_2                                              3506ms
  btp_subaccount.subaccount                                              1206ms
  btp_subaccount.subaccount_1                                            1594ms
  btp_subaccount.subaccount_2                                            2230ms
  btp_subaccount_entitlement.entitlement                                 14218ms
  btp_subaccount_entitlement.entitlement_1                               14019ms
  btp_subaccount_entitlement.entitlement_2                               14823ms
  btp_subaccount_environment_instance.cloudfoundry                       1969ms
  btp_subaccount_environment_instance.cloudfoundry_1                     1215ms
  btp_subaccount_environment_instance.cloudfoundry_2                     2272ms
  btp_subaccount_role.role                                               2158ms
  btp_subaccount_role.role_1                                             2144ms
  btp_subaccount_role.role_2                                             1749ms
  btp_subaccount_role_collection.collection                              207ms
  btp_subaccount_role_collection.collection_1                            1985ms
  btp_subaccount_role_collection.collection_2                            2065ms
  btp_subaccount_service_instance.instance                               4015ms
  btp_subaccount_service_instance.instance_1                             4660ms
  btp_subaccount_service_instance.instance_2                             4190ms
  btp_subaccount_subscription.subscription                               3695ms
  btp_subaccount_subscription.subscription_1                             2325ms
  btp_subaccount_subscription.subscription_2                             3797ms
  btp_subaccount_trust_configuration.trust                               1945ms
  btp_subaccount_trust_configuration.trust_1                             2013ms
  btp_subaccount_trust_configuration.trust_2                             2130ms
  cloudfoundry_service_instance.instance                                 73ms
  cloudfoundry_service_instance.instance_1                               64ms
  cloudfoundry_service_instance.instance_2                               49ms
  cloudfoundry_space.space                                               136ms
  cloudfoundry_space.space_1                                             169ms
  cloudfoundry_space.space_2                                             153ms
  scc_subaccount.subaccount                                              1034ms
  scc_subaccount.subaccount_1                                            1410ms
  scc_subaccount.subaccount_2                                            680ms
  scc_system_mapping.system                                              131ms
  scc_system_mapping.system_1                                            197ms
  scc_system_mapping.system_2                                            207ms
  scc_system_mapping_resource.resource                                   214ms
  scc_system_mapping_resource.resource_1                                 129ms
  scc_system_mapping_resource.resource_2                                 207ms
  sci_application.app                                                    258ms
  sci_application.app_1                                                  154ms
  sci_application.app_2                                                  253ms
  sci_group_base.group                                                   123ms
  sci_group_base.group_1                                                 243ms
  sci_group_base.group_2                                                 252ms
  sci_user.user                                                          242ms
  sci_user.user_1                                                        251ms


Run 10/10:
  Total run time: 23.722754s
  btp_directory.directory                                                3786ms
  btp_directory.directory_1                                              5443ms
  btp_directory.directory_2                                              6007ms
  btp_subaccount.subaccount                                              1613ms
  btp_subaccount.subaccount_1                                            212ms
  btp_subaccount.subaccount_2                                            2136ms
  btp_subaccount_entitlement.entitlement                                 17068ms
  btp_subaccount_entitlement.entitlement_1                               13686ms
  btp_subaccount_entitlement.entitlement_2                               14298ms
  btp_subaccount_environment_instance.cloudfoundry                       1327ms
  btp_subaccount_environment_instance.cloudfoundry_1                     1917ms
  btp_subaccount_environment_instance.cloudfoundry_2                     2343ms
  btp_subaccount_role.role                                               2171ms
  btp_subaccount_role.role_1                                             2166ms
  btp_subaccount_role.role_2                                             1668ms
  btp_subaccount_role_collection.collection                              5220ms
  btp_subaccount_role_collection.collection_1                            5348ms
  btp_subaccount_role_collection.collection_2                            5136ms
  btp_subaccount_service_instance.instance                               8003ms
  btp_subaccount_service_instance.instance_1                             5231ms
  btp_subaccount_service_instance.instance_2                             7210ms
  btp_subaccount_subscription.subscription                               3129ms
  btp_subaccount_subscription.subscription_1                             6534ms
  btp_subaccount_subscription.subscription_2                             3313ms
  btp_subaccount_trust_configuration.trust                               2051ms
  btp_subaccount_trust_configuration.trust_1                             1984ms
  btp_subaccount_trust_configuration.trust_2                             1727ms
  cloudfoundry_service_instance.instance                                 75ms
  cloudfoundry_service_instance.instance_1                               90ms
  cloudfoundry_service_instance.instance_2                               55ms
  cloudfoundry_space.space                                               149ms
  cloudfoundry_space.space_1                                             216ms
  cloudfoundry_space.space_2                                             736ms
  scc_subaccount.subaccount                                              1104ms
  scc_subaccount.subaccount_1                                            6532ms
  scc_subaccount.subaccount_2                                            702ms
  scc_system_mapping.system                                              192ms
  scc_system_mapping.system_1                                            186ms
  scc_system_mapping.system_2                                            105ms
  scc_system_mapping_resource.resource                                   91ms
  scc_system_mapping_resource.resource_1                                 208ms
  sci_application.app                                                    227ms
  sci_application.app_1                                                  152ms
  sci_application.app_2                                                  227ms
  sci_group_base.group                                                   209ms
  sci_group_base.group_1                                                 110ms
  sci_group_base.group_2                                                 214ms
  sci_user.user                                                          204ms
  sci_user.user_1                                                        207ms
  sci_user.user_2                                                        212ms


Final results:
-------                                              ------------    -----------    -----------
Element                                              Average (ms)   Minimum (ms)   Maximum (ms)
btp_directory.directory                                   4203.00           2014           7095
btp_directory.directory_1                                 4204.40           1867           9170
btp_directory.directory_2                                 4892.20           1952           9249
btp_subaccount.subaccount                                 1940.00            699           6191
btp_subaccount.subaccount_1                               2677.50            212           6451
btp_subaccount.subaccount_2                               2497.80           1049           8653
btp_subaccount_entitlement.entitlement                   15992.20          12933          23384
btp_subaccount_entitlement.entitlement_1                 16005.00          12264          24532
btp_subaccount_entitlement.entitlement_2                 15600.70          12524          24318
btp_subaccount_environment_instance.cloudfoundry          2249.50           1141           6212
btp_subaccount_environment_instance.cloudfoundry_1        3776.20           1165          11610
btp_subaccount_environment_instance.cloudfoundry_2        2498.50            888           5638
btp_subaccount_role.role                                  1853.80            289           2938
btp_subaccount_role.role_1                                2090.90            205           6051
btp_subaccount_role.role_2                                1729.20           1040           2219
btp_subaccount_role_collection.collection                 2737.70            207           8040
btp_subaccount_role_collection.collection_1               2174.44            239           5348
btp_subaccount_role_collection.collection_2               2361.10            420           5136
btp_subaccount_service_instance.instance                  8365.30           2683          15004
btp_subaccount_service_instance.instance_1                7257.10           3648          15603
btp_subaccount_service_instance.instance_2                6195.00           2710          15234
btp_subaccount_subscription.subscription                  5050.90           2429          10092
btp_subaccount_subscription.subscription_1                4846.10           2325          10681
btp_subaccount_subscription.subscription_2                5056.00           2439          10259
btp_subaccount_trust_configuration.trust                  2680.90            253           6605
btp_subaccount_trust_configuration.trust_1                1944.20            525           5832
btp_subaccount_trust_configuration.trust_2                2524.30            813           6242
cloudfoundry_service_instance.instance                      63.90             48             96
cloudfoundry_service_instance.instance_1                    67.30             50             96
cloudfoundry_service_instance.instance_2                    83.70             49            270
cloudfoundry_space.space                                   231.20            135           1006
cloudfoundry_space.space_1                                 238.80            126            956
cloudfoundry_space.space_2                                 225.50            130            736
scc_subaccount.subaccount                                 7627.00            982          26698
scc_subaccount.subaccount_1                               6568.00            770          26444
scc_subaccount.subaccount_2                               5051.33            680          26033
scc_system_mapping.system                                  154.22             65            202
scc_system_mapping.system_1                                216.10            140            537
scc_system_mapping.system_2                                230.00            105            529
scc_system_mapping_resource.resource                       189.40             91            424
scc_system_mapping_resource.resource_1                     209.10            117            509
scc_system_mapping_resource.resource_2                     208.67            130            512
sci_application.app                                        220.40            134            333
sci_application.app_1                                      200.40            136            321
sci_application.app_2                                      223.80            181            253
sci_group_base.group                                       223.20            110            414
sci_group_base.group_1                                     177.38            110            243
sci_group_base.group_2                                     229.70            195            307
sci_user.user                                              202.44            106            295
sci_user.user_1                                            225.12            193            279
sci_user.user_2                                            196.00             97            272

Grouped results:
-------                                 ------------    -----------    -----------
Element                                 Average (ms)   Minimum (ms)   Maximum (ms)
btp_directory.*                              4433.20           1867           9249
btp_subaccount.*                             2371.77            212           8653
btp_subaccount_entitlement.*                15865.97          12264          24532
btp_subaccount_environment_instance.*        2841.40            888          11610
btp_subaccount_role.*                        1891.30            205           6051
btp_subaccount_role_collection.*             2433.03            207           8040
btp_subaccount_service_instance.*            7272.47           2683          15603
btp_subaccount_subscription.*                4984.33           2325          10681
btp_subaccount_trust_configuration.*         2383.13            253           6605
cloudfoundry_service_instance.*                71.63             48            270
cloudfoundry_space.*                          231.83            126           1006
scc_subaccount.*                             6462.48            680          26698
scc_system_mapping.*                          200.68             65            537
scc_system_mapping_resource.*                 202.17             91            512
sci_application.*                             214.87            134            333
sci_group_base.*                              212.43            110            414
sci_user.*                                    207.19             97            295

Total wall-clock time: 250.923912s
Average wall-clock time: 25.092391s
Minimum wall-clock time: 14.981701s
Maximum wall-clock time: 35.427814s
Total Ressources: 51
