Running terraform plan -refresh-only 10 time(s)
Using Terraform parallelism: 10

Run 1/10:
  Total run time: 29.711950s
  btp_directory.directory                                                3896ms
  btp_directory.directory_1                                              4350ms
  btp_directory.directory_2                                              4449ms
  btp_subaccount.subaccount                                              7416ms
  btp_subaccount.subaccount_1                                            3088ms
  btp_subaccount.subaccount_2                                            7552ms
  btp_subaccount_entitlement.entitlement                                 16884ms
  btp_subaccount_entitlement.entitlement_1                               15248ms
  btp_subaccount_entitlement.entitlement_2                               13661ms
  btp_subaccount_environment_instance.cloudfoundry                       2862ms
  btp_subaccount_environment_instance.cloudfoundry_1                     3592ms
  btp_subaccount_environment_instance.cloudfoundry_2                     3113ms
  btp_subaccount_role.role                                               8355ms
  btp_subaccount_role.role_1                                             526ms
  btp_subaccount_role.role_2                                             3325ms
  btp_subaccount_role_collection.collection                              2483ms
  btp_subaccount_role_collection.collection_1                            735ms
  btp_subaccount_role_collection.collection_2                            3098ms
  btp_subaccount_service_instance.instance                               12826ms
  btp_subaccount_service_instance.instance_1                             14468ms
  btp_subaccount_service_instance.instance_2                             11161ms
  btp_subaccount_subscription.subscription                               5367ms
  btp_subaccount_subscription.subscription_1                             11548ms
  btp_subaccount_subscription.subscription_2                             11073ms
  btp_subaccount_trust_configuration.trust                               8363ms
  btp_subaccount_trust_configuration.trust_1                             3164ms
  btp_subaccount_trust_configuration.trust_2                             3215ms
  cloudfoundry_service_instance.instance                                 55ms
  cloudfoundry_service_instance.instance_1                               78ms
  cloudfoundry_service_instance.instance_2                               57ms
  cloudfoundry_space.space                                               175ms
  cloudfoundry_space.space_1                                             147ms
  cloudfoundry_space.space_2                                             180ms
  scc_subaccount.subaccount                                              2979ms
  scc_subaccount.subaccount_1                                            2566ms
  scc_subaccount.subaccount_2                                            2566ms
  scc_system_mapping.system                                              85ms
  scc_system_mapping.system_1                                            64ms
  scc_system_mapping.system_2                                            74ms
  scc_system_mapping_resource.resource                                   79ms
  scc_system_mapping_resource.resource_1                                 146ms
  scc_system_mapping_resource.resource_2                                 216ms
  sci_application.app                                                    289ms
  sci_application.app_1                                                  303ms
  sci_application.app_2                                                  286ms
  sci_group_base.group                                                   278ms
  sci_group_base.group_1                                                 273ms
  sci_group_base.group_2                                                 100ms
  sci_user.user                                                          275ms
  sci_user.user_1                                                        110ms
  sci_user.user_2                                                        299ms


Run 2/10:
  Total run time: 20.718829s
  btp_directory.directory                                                2853ms
  btp_directory.directory_1                                              2803ms
  btp_directory.directory_2                                              1853ms
  btp_subaccount.subaccount                                              1706ms
  btp_subaccount.subaccount_1                                            254ms
  btp_subaccount.subaccount_2                                            1499ms
  btp_subaccount_entitlement.entitlement                                 14024ms
  btp_subaccount_entitlement.entitlement_1                               14456ms
  btp_subaccount_entitlement.entitlement_2                               14303ms
  btp_subaccount_environment_instance.cloudfoundry                       1766ms
  btp_subaccount_environment_instance.cloudfoundry_1                     1593ms
  btp_subaccount_environment_instance.cloudfoundry_2                     1735ms
  btp_subaccount_role.role                                               1147ms
  btp_subaccount_role.role_1                                             1376ms
  btp_subaccount_role.role_2                                             1996ms
  btp_subaccount_role_collection.collection                              1283ms
  btp_subaccount_role_collection.collection_1                            1849ms
  btp_subaccount_role_collection.collection_2                            1743ms
  btp_subaccount_service_instance.instance                               5011ms
  btp_subaccount_service_instance.instance_1                             4940ms
  btp_subaccount_service_instance.instance_2                             4651ms
  btp_subaccount_subscription.subscription                               3532ms
  btp_subaccount_subscription.subscription_1                             2747ms
  btp_subaccount_subscription.subscription_2                             4105ms
  btp_subaccount_trust_configuration.trust                               1855ms
  btp_subaccount_trust_configuration.trust_1                             1525ms
  btp_subaccount_trust_configuration.trust_2                             1648ms
  cloudfoundry_service_instance.instance                                 50ms
  cloudfoundry_service_instance.instance_1                               57ms
  cloudfoundry_service_instance.instance_2                               76ms
  cloudfoundry_space.space                                               133ms
  cloudfoundry_space.space_1                                             126ms
  cloudfoundry_space.space_2                                             149ms
  scc_subaccount.subaccount                                              699ms
  scc_subaccount.subaccount_1                                            6465ms
  scc_subaccount.subaccount_2                                            6127ms
  scc_system_mapping.system                                              212ms
  scc_system_mapping.system_1                                            173ms
  scc_system_mapping.system_2                                            176ms
  scc_system_mapping_resource.resource                                   198ms
  scc_system_mapping_resource.resource_1                                 191ms
  scc_system_mapping_resource.resource_2                                 207ms
  sci_application.app                                                    148ms
  sci_application.app_1                                                  268ms
  sci_application.app_2                                                  269ms
  sci_group_base.group                                                   244ms
  sci_group_base.group_1                                                 244ms
  sci_group_base.group_2                                                 246ms
  sci_user.user                                                          236ms
  sci_user.user_1                                                        98ms
  sci_user.user_2                                                        233ms


Run 3/10:
  Total run time: 19.130687s
  btp_directory.directory                                                4449ms
  btp_directory.directory_1                                              2085ms
  btp_directory.directory_2                                              2357ms
  btp_subaccount.subaccount                                              1251ms
  btp_subaccount.subaccount_1                                            2073ms
  btp_subaccount.subaccount_2                                            1331ms
  btp_subaccount_entitlement.entitlement                                 12859ms
  btp_subaccount_entitlement.entitlement_1                               14993ms
  btp_subaccount_entitlement.entitlement_2                               12533ms
  btp_subaccount_environment_instance.cloudfoundry                       2146ms
  btp_subaccount_environment_instance.cloudfoundry_1                     1842ms
  btp_subaccount_environment_instance.cloudfoundry_2                     2186ms
  btp_subaccount_role.role                                               1271ms
  btp_subaccount_role.role_1                                             1312ms
  btp_subaccount_role.role_2                                             1454ms
  btp_subaccount_role_collection.collection                              1835ms
  btp_subaccount_role_collection.collection_1                            2062ms
  btp_subaccount_role_collection.collection_2                            2307ms
  btp_subaccount_service_instance.instance                               4975ms
  btp_subaccount_service_instance.instance_1                             6110ms
  btp_subaccount_service_instance.instance_2                             3891ms
  btp_subaccount_subscription.subscription                               4097ms
  btp_subaccount_subscription.subscription_1                             1726ms
  btp_subaccount_subscription.subscription_2                             2794ms
  btp_subaccount_trust_configuration.trust                               2338ms
  btp_subaccount_trust_configuration.trust_1                             576ms
  btp_subaccount_trust_configuration.trust_2                             1819ms
  cloudfoundry_service_instance.instance                                 75ms
  cloudfoundry_service_instance.instance_1                               73ms
  cloudfoundry_service_instance.instance_2                               69ms
  cloudfoundry_space.space                                               155ms
  cloudfoundry_space.space_1                                             131ms
  cloudfoundry_space.space_2                                             149ms
  scc_subaccount.subaccount                                              754ms
  scc_subaccount.subaccount_1                                            1161ms
  scc_subaccount.subaccount_2                                            1498ms
  scc_system_mapping.system                                              214ms
  scc_system_mapping.system_1                                            194ms
  scc_system_mapping.system_2                                            219ms
  scc_system_mapping_resource.resource                                   173ms
  scc_system_mapping_resource.resource_1                                 80ms
  scc_system_mapping_resource.resource_2                                 183ms
  sci_application.app                                                    251ms
  sci_application.app_1                                                  241ms
  sci_application.app_2                                                  249ms
  sci_group_base.group                                                   270ms
  sci_group_base.group_1                                                 227ms
  sci_group_base.group_2                                                 125ms
  sci_user.user                                                          228ms
  sci_user.user_1                                                        108ms
  sci_user.user_2                                                        213ms


Run 4/10:
  Total run time: 25.789947s
  btp_directory.directory                                                8312ms
  btp_directory.directory_1                                              1822ms
  btp_directory.directory_2                                              3868ms
  btp_subaccount.subaccount                                              847ms
  btp_subaccount.subaccount_1                                            6768ms
  btp_subaccount.subaccount_2                                            1054ms
  btp_subaccount_entitlement.entitlement                                 19364ms
  btp_subaccount_entitlement.entitlement_1                               14898ms
  btp_subaccount_entitlement.entitlement_2                               14776ms
  btp_subaccount_environment_instance.cloudfoundry                       2047ms
  btp_subaccount_environment_instance.cloudfoundry_1                     1394ms
  btp_subaccount_environment_instance.cloudfoundry_2                     7177ms
  btp_subaccount_role.role                                               6506ms
  btp_subaccount_role.role_1                                             7111ms
  btp_subaccount_role.role_2                                             2286ms
  btp_subaccount_role_collection.collection                              2396ms
  btp_subaccount_role_collection.collection_1                            1563ms
  btp_subaccount_role_collection.collection_2                            7122ms
  btp_subaccount_service_instance.instance                               6245ms
  btp_subaccount_service_instance.instance_1                             6265ms
  btp_subaccount_service_instance.instance_2                             8594ms
  btp_subaccount_subscription.subscription                               4342ms
  btp_subaccount_subscription.subscription_1                             4148ms
  btp_subaccount_subscription.subscription_2                             2214ms
  btp_subaccount_trust_configuration.trust                               838ms
  btp_subaccount_trust_configuration.trust_1                             1361ms
  btp_subaccount_trust_configuration.trust_2                             1028ms
  cloudfoundry_service_instance.instance                                 59ms
  cloudfoundry_service_instance.instance_1                               45ms
  cloudfoundry_service_instance.instance_2                               54ms
  cloudfoundry_space.space                                               149ms
  cloudfoundry_space.space_1                                             147ms
  cloudfoundry_space.space_2                                             125ms
  scc_subaccount.subaccount                                              747ms
  scc_subaccount.subaccount_1                                            6311ms
  scc_subaccount.subaccount_2                                            6383ms
  scc_system_mapping.system                                              131ms
  scc_system_mapping.system_1                                            135ms
  scc_system_mapping.system_2                                            194ms
  scc_system_mapping_resource.resource                                   194ms
  scc_system_mapping_resource.resource_1                                 182ms
  scc_system_mapping_resource.resource_2                                 126ms
  sci_application.app                                                    336ms
  sci_application.app_1                                                  231ms
  sci_application.app_2                                                  226ms
  sci_group_base.group                                                   219ms
  sci_group_base.group_1                                                 131ms
  sci_group_base.group_2                                                 203ms
  sci_user.user                                                          155ms
  sci_user.user_1                                                        205ms
  sci_user.user_2                                                        205ms


Run 5/10:
  Total run time: 21.806864s
  btp_directory.directory                                                3437ms
  btp_directory.directory_1                                              3301ms
  btp_directory.directory_2                                              2253ms
  btp_subaccount.subaccount                                              1476ms
  btp_subaccount.subaccount_1                                            1703ms
  btp_subaccount.subaccount_2                                            6434ms
  btp_subaccount_entitlement.entitlement                                 14163ms
  btp_subaccount_entitlement.entitlement_1                               13869ms
  btp_subaccount_entitlement.entitlement_2                               14815ms
  btp_subaccount_environment_instance.cloudfoundry                       1790ms
  btp_subaccount_environment_instance.cloudfoundry_1                     661ms
  btp_subaccount_environment_instance.cloudfoundry_2                     2041ms
  btp_subaccount_role.role                                               1558ms
  btp_subaccount_role.role_1                                             978ms
  btp_subaccount_role.role_2                                             2003ms
  btp_subaccount_role_collection.collection                              1185ms
  btp_subaccount_role_collection.collection_1                            1758ms
  btp_subaccount_role_collection.collection_2                            1777ms
  btp_subaccount_service_instance.instance                               14549ms
  btp_subaccount_service_instance.instance_1                             10169ms
  btp_subaccount_service_instance.instance_2                             5614ms
  btp_subaccount_subscription.subscription                               3522ms
  btp_subaccount_subscription.subscription_1                             8852ms
  btp_subaccount_subscription.subscription_2                             3400ms
  btp_subaccount_trust_configuration.trust                               1386ms
  btp_subaccount_trust_configuration.trust_1                             1736ms
  btp_subaccount_trust_configuration.trust_2                             2034ms
  cloudfoundry_service_instance.instance                                 57ms
  cloudfoundry_service_instance.instance_1                               50ms
  cloudfoundry_service_instance.instance_2                               55ms
  cloudfoundry_space.space                                               136ms
  cloudfoundry_space.space_1                                             142ms
  cloudfoundry_space.space_2                                             163ms
  scc_subaccount.subaccount                                              9178ms
  scc_subaccount.subaccount_1                                            9400ms
  scc_subaccount.subaccount_2                                            9465ms
  scc_system_mapping.system                                              187ms
  scc_system_mapping.system_1                                            68ms
  scc_system_mapping.system_2                                            182ms
  scc_system_mapping_resource.resource                                   68ms
  scc_system_mapping_resource.resource_1                                 74ms
  scc_system_mapping_resource.resource_2                                 69ms
  sci_application.app                                                    233ms
  sci_application.app_1                                                  235ms
  sci_application.app_2                                                  239ms
  sci_group_base.group                                                   224ms
  sci_group_base.group_1                                                 111ms
  sci_group_base.group_2                                                 225ms
  sci_user.user                                                          209ms
  sci_user.user_1                                                        105ms
  sci_user.user_2                                                        211ms


Run 6/10:
  Total run time: 18.700322s
  btp_directory.directory                                                3028ms
  btp_directory.directory_1                                              3459ms
  btp_directory.directory_2                                              2869ms
  btp_subaccount.subaccount                                              2235ms
  btp_subaccount.subaccount_1                                            1270ms
  btp_subaccount.subaccount_2                                            1254ms
  btp_subaccount_entitlement.entitlement                                 15895ms
  btp_subaccount_entitlement.entitlement_1                               14966ms
  btp_subaccount_entitlement.entitlement_2                               15196ms
  btp_subaccount_environment_instance.cloudfoundry                       1762ms
  btp_subaccount_environment_instance.cloudfoundry_1                     1534ms
  btp_subaccount_environment_instance.cloudfoundry_2                     1745ms
  btp_subaccount_role.role                                               185ms
  btp_subaccount_role.role_1                                             1127ms
  btp_subaccount_role.role_2                                             1364ms
  btp_subaccount_role_collection.collection                              1970ms
  btp_subaccount_role_collection.collection_1                            740ms
  btp_subaccount_role_collection.collection_2                            1934ms
  btp_subaccount_service_instance.instance                               4572ms
  btp_subaccount_service_instance.instance_1                             4966ms
  btp_subaccount_service_instance.instance_2                             4636ms
  btp_subaccount_subscription.subscription                               2124ms
  btp_subaccount_subscription.subscription_1                             3373ms
  btp_subaccount_subscription.subscription_2                             3433ms
  btp_subaccount_trust_configuration.trust                               1552ms
  btp_subaccount_trust_configuration.trust_1                             1291ms
  btp_subaccount_trust_configuration.trust_2                             1895ms
  cloudfoundry_service_instance.instance                                 60ms
  cloudfoundry_service_instance.instance_1                               63ms
  cloudfoundry_service_instance.instance_2                               67ms
  cloudfoundry_space.space                                               125ms
  cloudfoundry_space.space_1                                             124ms
  cloudfoundry_space.space_2                                             155ms
  scc_subaccount.subaccount                                              12014ms
  scc_subaccount.subaccount_1                                            985ms
  scc_subaccount.subaccount_2                                            6528ms
  scc_system_mapping.system                                              228ms
  scc_system_mapping.system_1                                            202ms
  scc_system_mapping.system_2                                            195ms
  scc_system_mapping_resource.resource                                   211ms
  scc_system_mapping_resource.resource_1                                 205ms
  scc_system_mapping_resource.resource_2                                 192ms
  sci_application.app                                                    250ms
  sci_application.app_1                                                  223ms
  sci_application.app_2                                                  232ms
  sci_group_base.group                                                   221ms
  sci_group_base.group_1                                                 108ms
  sci_group_base.group_2                                                 205ms
  sci_user.user                                                          101ms
  sci_user.user_1                                                        200ms
  sci_user.user_2                                                        197ms


Run 7/10:
  Total run time: 22.569963s
  btp_directory.directory                                                2321ms
  btp_directory.directory_1                                              2276ms
  btp_directory.directory_2                                              4742ms
  btp_subaccount.subaccount                                              1492ms
  btp_subaccount.subaccount_1                                            2741ms
  btp_subaccount.subaccount_2                                            917ms
  btp_subaccount_entitlement.entitlement                                 12968ms
  btp_subaccount_entitlement.entitlement_1                               13896ms
  btp_subaccount_entitlement.entitlement_2                               12832ms
  btp_subaccount_environment_instance.cloudfoundry                       1625ms
  btp_subaccount_environment_instance.cloudfoundry_1                     1256ms
  btp_subaccount_environment_instance.cloudfoundry_2                     2163ms
  btp_subaccount_role.role                                               1778ms
  btp_subaccount_role.role_1                                             2241ms
  btp_subaccount_role.role_2                                             987ms
  btp_subaccount_role_collection.collection                              903ms
  btp_subaccount_role_collection.collection_1                            433ms
  btp_subaccount_role_collection.collection_2                            2261ms
  btp_subaccount_service_instance.instance                               6769ms
  btp_subaccount_service_instance.instance_1                             5726ms
  btp_subaccount_service_instance.instance_2                             6579ms
  btp_subaccount_subscription.subscription                               5329ms
  btp_subaccount_subscription.subscription_1                             2712ms
  btp_subaccount_subscription.subscription_2                             5077ms
  btp_subaccount_trust_configuration.trust                               256ms
  btp_subaccount_trust_configuration.trust_1                             3232ms
  btp_subaccount_trust_configuration.trust_2                             1343ms
  cloudfoundry_service_instance.instance                                 83ms
  cloudfoundry_service_instance.instance_1                               51ms
  cloudfoundry_service_instance.instance_2                               55ms
  cloudfoundry_space.space                                               136ms
  cloudfoundry_space.space_1                                             151ms
  cloudfoundry_space.space_2                                             170ms
  scc_subaccount.subaccount                                              3061ms
  scc_subaccount.subaccount_1                                            2678ms
  scc_subaccount.subaccount_2                                            3480ms
  scc_system_mapping.system                                              184ms
  scc_system_mapping.system_1                                            172ms
  scc_system_mapping.system_2                                            106ms
  scc_system_mapping_resource.resource                                   202ms
  scc_system_mapping_resource.resource_1                                 188ms
  scc_system_mapping_resource.resource_2                                 203ms
  sci_application.app                                                    237ms
  sci_application.app_1                                                  251ms
  sci_application.app_2                                                  242ms
  sci_group_base.group                                                   266ms
  sci_group_base.group_1                                                 109ms
  sci_group_base.group_2                                                 241ms
  sci_user.user                                                          220ms
  sci_user.user_1                                                        134ms
  sci_user.user_2                                                        236ms


Run 8/10:
  Total run time: 26.326465s
  btp_directory.directory                                                1452ms
  btp_directory.directory_1                                              7539ms
  btp_directory.directory_2                                              1702ms
  btp_subaccount.subaccount                                              1000ms
  btp_subaccount.subaccount_1                                            1021ms
  btp_subaccount.subaccount_2                                            2239ms
  btp_subaccount_entitlement.entitlement                                 13992ms
  btp_subaccount_entitlement.entitlement_1                               19624ms
  btp_subaccount_entitlement.entitlement_2                               15313ms
  btp_subaccount_environment_instance.cloudfoundry                       6764ms
  btp_subaccount_environment_instance.cloudfoundry_1                     6470ms
  btp_subaccount_environment_instance.cloudfoundry_2                     2512ms
  btp_subaccount_role.role                                               290ms
  btp_subaccount_role.role_1                                             2495ms
  btp_subaccount_role.role_2                                             747ms
  btp_subaccount_role_collection.collection                              5584ms
  btp_subaccount_role_collection.collection_1                            5398ms
  btp_subaccount_role_collection.collection_2                            2502ms
  btp_subaccount_service_instance.instance                               7470ms
  btp_subaccount_service_instance.instance_1                             10559ms
  btp_subaccount_service_instance.instance_2                             10432ms
  btp_subaccount_subscription.subscription                               5075ms
  btp_subaccount_subscription.subscription_1                             4255ms
  btp_subaccount_subscription.subscription_2                             2039ms
  btp_subaccount_trust_configuration.trust                               7173ms
  btp_subaccount_trust_configuration.trust_1                             2398ms
  btp_subaccount_trust_configuration.trust_2                             2246ms
  cloudfoundry_service_instance.instance                                 53ms
  cloudfoundry_service_instance.instance_1                               51ms
  cloudfoundry_service_instance.instance_2                               64ms
  cloudfoundry_space.space                                               139ms
  cloudfoundry_space.space_1                                             162ms
  cloudfoundry_space.space_2                                             129ms
  scc_subaccount.subaccount                                              4255ms
  scc_subaccount.subaccount_1                                            4879ms
  scc_subaccount.subaccount_2                                            4551ms
  scc_system_mapping.system                                              198ms
  scc_system_mapping.system_1                                            211ms
  scc_system_mapping.system_2                                            206ms
  scc_system_mapping_resource.resource                                   175ms
  scc_system_mapping_resource.resource_1                                 199ms
  scc_system_mapping_resource.resource_2                                 88ms
  sci_application.app                                                    243ms
  sci_application.app_1                                                  240ms
  sci_application.app_2                                                  255ms
  sci_group_base.group                                                   214ms
  sci_group_base.group_1                                                 107ms
  sci_group_base.group_2                                                 225ms
  sci_user.user                                                          217ms
  sci_user.user_1                                                        211ms
  sci_user.user_2                                                        113ms


Run 9/10:
  Total run time: 23.946936s
  btp_directory.directory                                                5779ms
  btp_directory.directory_1                                              4021ms
  btp_directory.directory_2                                              4880ms
  btp_subaccount.subaccount                                              753ms
  btp_subaccount.subaccount_1                                            4317ms
  btp_subaccount.subaccount_2                                            1706ms
  btp_subaccount_entitlement.entitlement                                 18187ms
  btp_subaccount_entitlement.entitlement_1                               12398ms
  btp_subaccount_entitlement.entitlement_2                               15673ms
  btp_subaccount_environment_instance.cloudfoundry                       4514ms
  btp_subaccount_environment_instance.cloudfoundry_1                     1601ms
  btp_subaccount_environment_instance.cloudfoundry_2                     4201ms
  btp_subaccount_role.role                                               221ms
  btp_subaccount_role.role_1                                             2950ms
  btp_subaccount_role.role_2                                             4292ms
  btp_subaccount_role_collection.collection                              1154ms
  btp_subaccount_role_collection.collection_1                            1993ms
  btp_subaccount_role_collection.collection_2                            2484ms
  btp_subaccount_service_instance.instance                               10100ms
  btp_subaccount_service_instance.instance_1                             9767ms
  btp_subaccount_service_instance.instance_2                             10128ms
  btp_subaccount_subscription.subscription                               6640ms
  btp_subaccount_subscription.subscription_1                             7230ms
  btp_subaccount_subscription.subscription_2                             4543ms
  btp_subaccount_trust_configuration.trust                               456ms
  btp_subaccount_trust_configuration.trust_1                             2315ms
  btp_subaccount_trust_configuration.trust_2                             2118ms
  cloudfoundry_service_instance.instance                                 108ms
  cloudfoundry_service_instance.instance_1                               69ms
  cloudfoundry_service_instance.instance_2                               67ms
  cloudfoundry_space.space                                               208ms
  cloudfoundry_space.space_1                                             146ms
  cloudfoundry_space.space_2                                             196ms
  scc_subaccount.subaccount                                              899ms
  scc_subaccount.subaccount_1                                            1208ms
  scc_subaccount.subaccount_2                                            799ms
  scc_system_mapping.system                                              72ms
  scc_system_mapping.system_1                                            178ms
  scc_system_mapping.system_2                                            347ms
  scc_system_mapping_resource.resource                                   108ms
  scc_system_mapping_resource.resource_1                                 332ms
  scc_system_mapping_resource.resource_2                                 109ms
  sci_application.app                                                    238ms
  sci_application.app_1                                                  247ms
  sci_application.app_2                                                  248ms
  sci_group_base.group                                                   224ms
  sci_group_base.group_1                                                 106ms
  sci_group_base.group_2                                                 223ms
  sci_user.user                                                          221ms
  sci_user.user_1                                                        121ms
  sci_user.user_2                                                        224ms


Run 10/10:
  Total run time: 22.899225s
  btp_directory.directory                                                1261ms
  btp_directory.directory_1                                              6015ms
  btp_directory.directory_2                                              3513ms
  btp_subaccount.subaccount                                              279ms
  btp_subaccount.subaccount_1                                            275ms
  btp_subaccount.subaccount_2                                            752ms
  btp_subaccount_entitlement.entitlement                                 16233ms
  btp_subaccount_entitlement.entitlement_1                               12324ms
  btp_subaccount_entitlement.entitlement_2                               17976ms
  btp_subaccount_environment_instance.cloudfoundry                       5105ms
  btp_subaccount_environment_instance.cloudfoundry_1                     2171ms
  btp_subaccount_environment_instance.cloudfoundry_2                     1511ms
  btp_subaccount_role.role                                               2644ms
  btp_subaccount_role.role_1                                             2352ms
  btp_subaccount_role.role_2                                             4974ms
  btp_subaccount_role_collection.collection                              518ms
  btp_subaccount_role_collection.collection_1                            697ms
  btp_subaccount_role_collection.collection_2                            2550ms
  btp_subaccount_service_instance.instance                               9060ms
  btp_subaccount_service_instance.instance_1                             4095ms
  btp_subaccount_service_instance.instance_2                             8617ms
  btp_subaccount_subscription.subscription                               3853ms
  btp_subaccount_subscription.subscription_1                             6963ms
  btp_subaccount_subscription.subscription_2                             4589ms
  btp_subaccount_trust_configuration.trust                               1643ms
  btp_subaccount_trust_configuration.trust_1                             5205ms
  btp_subaccount_trust_configuration.trust_2                             923ms
  cloudfoundry_service_instance.instance                                 57ms
  cloudfoundry_service_instance.instance_1                               65ms
  cloudfoundry_service_instance.instance_2                               127ms
  cloudfoundry_space.space                                               168ms
  cloudfoundry_space.space_1                                             138ms
  cloudfoundry_space.space_2                                             260ms
  scc_subaccount.subaccount                                              1083ms
  scc_subaccount.subaccount_1                                            1495ms
  scc_subaccount.subaccount_2                                            744ms
  scc_system_mapping.system                                              191ms
  scc_system_mapping.system_1                                            201ms
  scc_system_mapping.system_2                                            183ms
  scc_system_mapping_resource.resource                                   268ms
  scc_system_mapping_resource.resource_1                                 185ms
  scc_system_mapping_resource.resource_2                                 217ms
  sci_application.app                                                    158ms
  sci_application.app_1                                                  363ms
  sci_application.app_2                                                  365ms
  sci_group_base.group                                                   343ms
  sci_group_base.group_1                                                 122ms
  sci_group_base.group_2                                                 340ms
  sci_user.user                                                          340ms
  sci_user.user_1                                                        342ms
  sci_user.user_2                                                        341ms


Final results:
-------                                              ------------    -----------    -----------
Element                                              Average (ms)   Minimum (ms)   Maximum (ms)
btp_directory.directory                                   3678.80           1261           8312
btp_directory.directory_1                                 3767.10           1822           7539
btp_directory.directory_2                                 3248.60           1702           4880
btp_subaccount.subaccount                                 1845.50            279           7416
btp_subaccount.subaccount_1                               2351.00            254           6768
btp_subaccount.subaccount_2                               2473.80            752           7552
btp_subaccount_entitlement.entitlement                   15456.90          12859          19364
btp_subaccount_entitlement.entitlement_1                 14667.20          12324          19624
btp_subaccount_entitlement.entitlement_2                 14707.80          12533          17976
btp_subaccount_environment_instance.cloudfoundry          3038.10           1625           6764
btp_subaccount_environment_instance.cloudfoundry_1        2211.40            661           6470
btp_subaccount_environment_instance.cloudfoundry_2        2838.40           1511           7177
btp_subaccount_role.role                                  2395.50            185           8355
btp_subaccount_role.role_1                                2246.80            526           7111
btp_subaccount_role.role_2                                2342.80            747           4974
btp_subaccount_role_collection.collection                 1931.10            518           5584
btp_subaccount_role_collection.collection_1               1722.80            433           5398
btp_subaccount_role_collection.collection_2               2777.80           1743           7122
btp_subaccount_service_instance.instance                  8157.70           4572          14549
btp_subaccount_service_instance.instance_1                7706.50           4095          14468
btp_subaccount_service_instance.instance_2                7430.30           3891          11161
btp_subaccount_subscription.subscription                  4388.10           2124           6640
btp_subaccount_subscription.subscription_1                5355.40           1726          11548
btp_subaccount_subscription.subscription_2                4326.70           2039          11073
btp_subaccount_trust_configuration.trust                  2586.00            256           8363
btp_subaccount_trust_configuration.trust_1                2280.30            576           5205
btp_subaccount_trust_configuration.trust_2                1826.90            923           3215
cloudfoundry_service_instance.instance                      65.70             50            108
cloudfoundry_service_instance.instance_1                    60.20             45             78
cloudfoundry_service_instance.instance_2                    69.10             54            127
cloudfoundry_space.space                                   152.40            125            208
cloudfoundry_space.space_1                                 141.40            124            162
cloudfoundry_space.space_2                                 167.60            125            260
scc_subaccount.subaccount                                 3566.90            699          12014
scc_subaccount.subaccount_1                               3714.80            985           9400
scc_subaccount.subaccount_2                               4214.10            744           9465
scc_system_mapping.system                                  170.20             72            228
scc_system_mapping.system_1                                159.80             64            211
scc_system_mapping.system_2                                188.20             74            347
scc_system_mapping_resource.resource                       167.60             68            268
scc_system_mapping_resource.resource_1                     178.20             74            332
scc_system_mapping_resource.resource_2                     161.00             69            217
sci_application.app                                        238.30            148            336
sci_application.app_1                                      260.20            223            363
sci_application.app_2                                      261.10            226            365
sci_group_base.group                                       250.30            214            343
sci_group_base.group_1                                     153.80            106            273
sci_group_base.group_2                                     213.30            100            340
sci_user.user                                              220.20            101            340
sci_user.user_1                                            163.40             98            342
sci_user.user_2                                            227.20            113            341

Grouped results:
-------                                 ------------    -----------    -----------
Element                                 Average (ms)   Minimum (ms)   Maximum (ms)
btp_directory.*                              3564.83           1261           8312
btp_subaccount.*                             2223.43            254           7552
btp_subaccount_entitlement.*                14943.97          12324          19624
btp_subaccount_environment_instance.*        2695.97            661           7177
btp_subaccount_role.*                        2328.37            185           8355
btp_subaccount_role_collection.*             2143.90            433           7122
btp_subaccount_service_instance.*            7764.83           3891          14549
btp_subaccount_subscription.*                4690.07           1726          11548
btp_subaccount_trust_configuration.*         2231.07            256           8363
cloudfoundry_service_instance.*                65.00             45            127
cloudfoundry_space.*                          153.80            124            260
scc_subaccount.*                             3831.93            699          12014
scc_system_mapping.*                          172.73             64            347
scc_system_mapping_resource.*                 168.93             68            332
sci_application.*                             253.20            148            365
sci_group_base.*                              205.80            100            343
sci_user.*                                    203.60             98            342

Total wall-clock time: 231.601188s
Average wall-clock time: 23.160119s
Minimum wall-clock time: 18.700322s
Maximum wall-clock time: 29.711950s
Total Ressources: 51
