Running terraform plan -refresh-only 10 time(s)
Using Terraform parallelism: 20

Run 1/10:
  Total run time: 18.537364s
  btp_directory.directory                                                7527ms
  btp_directory.directory_1                                              7616ms
  btp_directory.directory_2                                              5487ms
  btp_subaccount.subaccount                                              4000ms
  btp_subaccount.subaccount_1                                            3015ms
  btp_subaccount.subaccount_2                                            4256ms
  btp_subaccount_entitlement.entitlement                                 16101ms
  btp_subaccount_entitlement.entitlement_1                               17064ms
  btp_subaccount_entitlement.entitlement_2                               16411ms
  btp_subaccount_environment_instance.cloudfoundry                       746ms
  btp_subaccount_environment_instance.cloudfoundry_1                     4292ms
  btp_subaccount_environment_instance.cloudfoundry_2                     1214ms
  btp_subaccount_role.role                                               3933ms
  btp_subaccount_role.role_1                                             3903ms
  btp_subaccount_role.role_2                                             4158ms
  btp_subaccount_role_collection.collection                              4052ms
  btp_subaccount_role_collection.collection_1                            3246ms
  btp_subaccount_role_collection.collection_2                            3711ms
  btp_subaccount_service_instance.instance                               7306ms
  btp_subaccount_service_instance.instance_1                             9248ms
  btp_subaccount_service_instance.instance_2                             9147ms
  btp_subaccount_subscription.subscription                               6466ms
  btp_subaccount_subscription.subscription_1                             6112ms
  btp_subaccount_subscription.subscription_2                             5843ms
  btp_subaccount_trust_configuration.trust                               1469ms
  btp_subaccount_trust_configuration.trust_1                             262ms
  btp_subaccount_trust_configuration.trust_2                             3400ms
  cloudfoundry_service_instance.instance                                 73ms
  cloudfoundry_service_instance.instance_1                               50ms
  cloudfoundry_service_instance.instance_2                               58ms
  cloudfoundry_space.space                                               182ms
  cloudfoundry_space.space_1                                             142ms
  cloudfoundry_space.space_2                                             152ms
  scc_subaccount.subaccount                                              1107ms
  scc_subaccount.subaccount_1                                            1545ms
  scc_subaccount.subaccount_2                                            761ms
  scc_system_mapping.system                                              70ms
  scc_system_mapping.system_1                                            199ms
  scc_system_mapping.system_2                                            103ms
  scc_system_mapping_resource.resource                                   182ms
  scc_system_mapping_resource.resource_1                                 74ms
  scc_system_mapping_resource.resource_2                                 65ms
  sci_application.app                                                    293ms
  sci_application.app_1                                                  293ms
  sci_application.app_2                                                  308ms
  sci_group_base.group                                                   271ms
  sci_group_base.group_1                                                 259ms
  sci_group_base.group_2                                                 270ms
  sci_user.user                                                          268ms
  sci_user.user_1                                                        263ms
  sci_user.user_2                                                        266ms


Run 2/10:
  Total run time: 25.509266s
  btp_directory.directory                                                10434ms
  btp_directory.directory_1                                              10498ms
  btp_directory.directory_2                                              11973ms
  btp_subaccount.subaccount                                              6461ms
  btp_subaccount.subaccount_1                                            7032ms
  btp_subaccount.subaccount_2                                            6705ms
  btp_subaccount_entitlement.entitlement                                 17429ms
  btp_subaccount_entitlement.entitlement_1                               21315ms
  btp_subaccount_entitlement.entitlement_2                               22408ms
  btp_subaccount_environment_instance.cloudfoundry                       6136ms
  btp_subaccount_environment_instance.cloudfoundry_1                     8061ms
  btp_subaccount_environment_instance.cloudfoundry_2                     8502ms
  btp_subaccount_role.role                                               227ms
  btp_subaccount_role.role_1                                             450ms
  btp_subaccount_role.role_2                                             8668ms
  btp_subaccount_role_collection.collection                              8603ms
  btp_subaccount_role_collection.collection_1                            7375ms
  btp_subaccount_role_collection.collection_2                            4032ms
  btp_subaccount_service_instance.instance                               13912ms
  btp_subaccount_service_instance.instance_1                             14404ms
  btp_subaccount_service_instance.instance_2                             13873ms
  btp_subaccount_subscription.subscription                               12339ms
  btp_subaccount_subscription.subscription_1                             12502ms
  btp_subaccount_subscription.subscription_2                             12341ms
  btp_subaccount_trust_configuration.trust                               3991ms
  btp_subaccount_trust_configuration.trust_1                             3894ms
  btp_subaccount_trust_configuration.trust_2                             646ms
  cloudfoundry_service_instance.instance                                 63ms
  cloudfoundry_service_instance.instance_1                               67ms
  cloudfoundry_service_instance.instance_2                               61ms
  cloudfoundry_space.space                                               140ms
  cloudfoundry_space.space_1                                             142ms
  cloudfoundry_space.space_2                                             138ms
  scc_subaccount.subaccount                                              715ms
  scc_subaccount.subaccount_1                                            1093ms
  scc_subaccount.subaccount_2                                            1520ms
  scc_system_mapping.system                                              232ms
  scc_system_mapping.system_1                                            207ms
  scc_system_mapping.system_2                                            223ms
  scc_system_mapping_resource.resource                                   202ms
  scc_system_mapping_resource.resource_1                                 204ms
  scc_system_mapping_resource.resource_2                                 193ms
  sci_application.app                                                    250ms
  sci_application.app_1                                                  270ms
  sci_application.app_2                                                  239ms
  sci_group_base.group                                                   247ms
  sci_group_base.group_1                                                 234ms
  sci_group_base.group_2                                                 216ms
  sci_user.user                                                          209ms
  sci_user.user_1                                                        257ms
  sci_user.user_2                                                        210ms


Run 3/10:
  Total run time: 19.103305s
  btp_directory.directory                                                6173ms
  btp_directory.directory_1                                              4740ms
  btp_directory.directory_2                                              6570ms
  btp_subaccount.subaccount                                              2467ms
  btp_subaccount.subaccount_1                                            3324ms
  btp_subaccount.subaccount_2                                            3130ms
  btp_subaccount_entitlement.entitlement                                 17137ms
  btp_subaccount_entitlement.entitlement_1                               17660ms
  btp_subaccount_entitlement.entitlement_2                               15206ms
  btp_subaccount_environment_instance.cloudfoundry                       3492ms
  btp_subaccount_environment_instance.cloudfoundry_1                     3696ms
  btp_subaccount_environment_instance.cloudfoundry_2                     1675ms
  btp_subaccount_role.role                                               213ms
  btp_subaccount_role.role_1                                             3079ms
  btp_subaccount_role.role_2                                             3742ms
  btp_subaccount_role_collection.collection                              1889ms
  btp_subaccount_role_collection.collection_1                            3128ms
  btp_subaccount_role_collection.collection_2                            3061ms
  btp_subaccount_service_instance.instance                               5156ms
  btp_subaccount_service_instance.instance_1                             8488ms
  btp_subaccount_service_instance.instance_2                             6795ms
  btp_subaccount_subscription.subscription                               4569ms
  btp_subaccount_subscription.subscription_1                             6508ms
  btp_subaccount_subscription.subscription_2                             5526ms
  btp_subaccount_trust_configuration.trust                               3929ms
  btp_subaccount_trust_configuration.trust_1                             2067ms
  btp_subaccount_trust_configuration.trust_2                             457ms
  cloudfoundry_service_instance.instance                                 88ms
  cloudfoundry_service_instance.instance_1                               54ms
  cloudfoundry_service_instance.instance_2                               72ms
  cloudfoundry_space.space                                               149ms
  cloudfoundry_space.space_1                                             140ms
  cloudfoundry_space.space_2                                             161ms
  scc_subaccount.subaccount                                              11602ms
  scc_subaccount.subaccount_1                                            5732ms
  scc_subaccount.subaccount_2                                            6120ms
  scc_system_mapping.system                                              209ms
  scc_system_mapping.system_1                                            228ms
  scc_system_mapping.system_2                                            198ms
  scc_system_mapping_resource.resource                                   221ms
  scc_system_mapping_resource.resource_1                                 200ms
  scc_system_mapping_resource.resource_2                                 228ms
  sci_application.app                                                    239ms
  sci_application.app_1                                                  268ms
  sci_application.app_2                                                  285ms
  sci_group_base.group                                                   248ms
  sci_group_base.group_1                                                 201ms
  sci_group_base.group_2                                                 205ms
  sci_user.user                                                          203ms
  sci_user.user_1                                                        204ms
  sci_user.user_2                                                        235ms


Run 4/10:
  Total run time: 20.117357s
  btp_directory.directory                                                4630ms
  btp_directory.directory_1                                              4908ms
  btp_directory.directory_2                                              4973ms
  btp_subaccount.subaccount                                              248ms
  btp_subaccount.subaccount_1                                            4450ms
  btp_subaccount.subaccount_2                                            3216ms
  btp_subaccount_entitlement.entitlement                                 17652ms
  btp_subaccount_entitlement.entitlement_1                               16353ms
  btp_subaccount_entitlement.entitlement_2                               17563ms
  btp_subaccount_environment_instance.cloudfoundry                       2709ms
  btp_subaccount_environment_instance.cloudfoundry_1                     3096ms
  btp_subaccount_environment_instance.cloudfoundry_2                     4363ms
  btp_subaccount_role.role                                               4089ms
  btp_subaccount_role.role_1                                             2298ms
  btp_subaccount_role.role_2                                             3949ms
  btp_subaccount_role_collection.collection                              1544ms
  btp_subaccount_role_collection.collection_1                            4362ms
  btp_subaccount_role_collection.collection_2                            2070ms
  btp_subaccount_service_instance.instance                               7902ms
  btp_subaccount_service_instance.instance_1                             8675ms
  btp_subaccount_service_instance.instance_2                             8107ms
  btp_subaccount_subscription.subscription                               4124ms
  btp_subaccount_subscription.subscription_1                             6457ms
  btp_subaccount_subscription.subscription_2                             6292ms
  btp_subaccount_trust_configuration.trust                               1156ms
  btp_subaccount_trust_configuration.trust_1                             1372ms
  btp_subaccount_trust_configuration.trust_2                             3171ms
  cloudfoundry_service_instance.instance                                 66ms
  cloudfoundry_service_instance.instance_1                               56ms
  cloudfoundry_service_instance.instance_2                               59ms
  cloudfoundry_space.space                                               127ms
  cloudfoundry_space.space_1                                             155ms
  cloudfoundry_space.space_2                                             125ms
  scc_subaccount.subaccount                                              1085ms
  scc_subaccount.subaccount_1                                            703ms
  scc_subaccount.subaccount_2                                            1461ms
  scc_system_mapping.system                                              215ms
  scc_system_mapping.system_1                                            193ms
  scc_system_mapping.system_2                                            223ms
  scc_system_mapping_resource.resource                                   226ms
  scc_system_mapping_resource.resource_1                                 206ms
  scc_system_mapping_resource.resource_2                                 205ms
  sci_application.app                                                    209ms
  sci_application.app_1                                                  250ms
  sci_application.app_2                                                  231ms
  sci_group_base.group                                                   213ms
  sci_group_base.group_1                                                 207ms
  sci_group_base.group_2                                                 207ms
  sci_user.user                                                          237ms
  sci_user.user_1                                                        207ms
  sci_user.user_2                                                        207ms


Run 5/10:
  Total run time: 25.007947s
  btp_directory.directory                                                9564ms
  btp_directory.directory_1                                              10307ms
  btp_directory.directory_2                                              12378ms
  btp_subaccount.subaccount                                              8090ms
  btp_subaccount.subaccount_1                                            8034ms
  btp_subaccount.subaccount_2                                            7968ms
  btp_subaccount_entitlement.entitlement                                 20847ms
  btp_subaccount_entitlement.entitlement_1                               23118ms
  btp_subaccount_entitlement.entitlement_2                               23045ms
  btp_subaccount_environment_instance.cloudfoundry                       2516ms
  btp_subaccount_environment_instance.cloudfoundry_1                     2192ms
  btp_subaccount_environment_instance.cloudfoundry_2                     7904ms
  btp_subaccount_role.role                                               1606ms
  btp_subaccount_role.role_1                                             8947ms
  btp_subaccount_role.role_2                                             1772ms
  btp_subaccount_role_collection.collection                              201ms
  btp_subaccount_role_collection.collection_1                            1414ms
  btp_subaccount_role_collection.collection_2                            1067ms
  btp_subaccount_service_instance.instance                               13449ms
  btp_subaccount_service_instance.instance_1                             13237ms
  btp_subaccount_service_instance.instance_2                             14520ms
  btp_subaccount_subscription.subscription                               12651ms
  btp_subaccount_subscription.subscription_1                             12106ms
  btp_subaccount_subscription.subscription_2                             12329ms
  btp_subaccount_trust_configuration.trust                               9213ms
  btp_subaccount_trust_configuration.trust_1                             9164ms
  btp_subaccount_trust_configuration.trust_2                             419ms
  cloudfoundry_service_instance.instance                                 65ms
  cloudfoundry_service_instance.instance_1                               57ms
  cloudfoundry_service_instance.instance_2                               70ms
  cloudfoundry_space.space                                               144ms
  cloudfoundry_space.space_1                                             132ms
  cloudfoundry_space.space_2                                             143ms
  scc_subaccount.subaccount                                              558ms
  scc_subaccount.subaccount_1                                            622ms
  scc_subaccount.subaccount_2                                            623ms
  scc_system_mapping.system                                              69ms
  scc_system_mapping.system_1                                            67ms
  scc_system_mapping.system_2                                            74ms
  scc_system_mapping_resource.resource                                   65ms
  scc_system_mapping_resource.resource_1                                 67ms
  scc_system_mapping_resource.resource_2                                 186ms
  sci_application.app                                                    252ms
  sci_application.app_1                                                  263ms
  sci_application.app_2                                                  253ms
  sci_group_base.group                                                   234ms
  sci_group_base.group_1                                                 238ms
  sci_group_base.group_2                                                 228ms
  sci_user.user                                                          229ms
  sci_user.user_1                                                        224ms
  sci_user.user_2                                                        228ms


Run 6/10:
  Total run time: 17.083950s
  btp_directory.directory                                                4918ms
  btp_directory.directory_1                                              3518ms
  btp_directory.directory_2                                              4630ms
  btp_subaccount.subaccount                                              2763ms
  btp_subaccount.subaccount_1                                            3186ms
  btp_subaccount.subaccount_2                                            1053ms
  btp_subaccount_entitlement.entitlement                                 16112ms
  btp_subaccount_entitlement.entitlement_1                               15504ms
  btp_subaccount_entitlement.entitlement_2                               15840ms
  btp_subaccount_environment_instance.cloudfoundry                       3046ms
  btp_subaccount_environment_instance.cloudfoundry_1                     3682ms
  btp_subaccount_environment_instance.cloudfoundry_2                     3427ms
  btp_subaccount_role.role                                               3313ms
  btp_subaccount_role.role_1                                             2518ms
  btp_subaccount_role.role_2                                             4017ms
  btp_subaccount_role_collection.collection                              1605ms
  btp_subaccount_role_collection.collection_1                            880ms
  btp_subaccount_role_collection.collection_2                            2699ms
  btp_subaccount_service_instance.instance                               7660ms
  btp_subaccount_service_instance.instance_1                             7512ms
  btp_subaccount_service_instance.instance_2                             7528ms
  btp_subaccount_subscription.subscription                               4190ms
  btp_subaccount_subscription.subscription_1                             6103ms
  btp_subaccount_subscription.subscription_2                             6284ms
  btp_subaccount_trust_configuration.trust                               1959ms
  btp_subaccount_trust_configuration.trust_1                             3988ms
  btp_subaccount_trust_configuration.trust_2                             1788ms
  cloudfoundry_service_instance.instance                                 52ms
  cloudfoundry_service_instance.instance_1                               54ms
  cloudfoundry_service_instance.instance_2                               69ms
  cloudfoundry_space.space                                               135ms
  cloudfoundry_space.space_1                                             162ms
  cloudfoundry_space.space_2                                             135ms
  scc_subaccount.subaccount                                              984ms
  scc_subaccount.subaccount_1                                            666ms
  scc_subaccount.subaccount_2                                            1394ms
  scc_system_mapping.system                                              212ms
  scc_system_mapping.system_1                                            76ms
  scc_system_mapping.system_2                                            72ms
  scc_system_mapping_resource.resource                                   182ms
  scc_system_mapping_resource.resource_1                                 79ms
  scc_system_mapping_resource.resource_2                                 67ms
  sci_application.app                                                    253ms
  sci_application.app_1                                                  222ms
  sci_application.app_2                                                  250ms
  sci_group_base.group                                                   207ms
  sci_group_base.group_1                                                 213ms
  sci_group_base.group_2                                                 248ms
  sci_user.user                                                          251ms
  sci_user.user_1                                                        212ms
  sci_user.user_2                                                        211ms


Run 7/10:
  Total run time: 26.325525s
  btp_directory.directory                                                5492ms
  btp_directory.directory_1                                              12080ms
  btp_directory.directory_2                                              5580ms
  btp_subaccount.subaccount                                              9808ms
  btp_subaccount.subaccount_1                                            9342ms
  btp_subaccount.subaccount_2                                            4387ms
  btp_subaccount_entitlement.entitlement                                 15127ms
  btp_subaccount_entitlement.entitlement_1                               21528ms
  btp_subaccount_entitlement.entitlement_2                               21761ms
  btp_subaccount_environment_instance.cloudfoundry                       2797ms
  btp_subaccount_environment_instance.cloudfoundry_1                     1716ms
  btp_subaccount_environment_instance.cloudfoundry_2                     3203ms
  btp_subaccount_role.role                                               709ms
  btp_subaccount_role.role_1                                             9886ms
  btp_subaccount_role.role_2                                             3956ms
  btp_subaccount_role_collection.collection                              3887ms
  btp_subaccount_role_collection.collection_1                            904ms
  btp_subaccount_role_collection.collection_2                            3917ms
  btp_subaccount_service_instance.instance                               13350ms
  btp_subaccount_service_instance.instance_1                             14473ms
  btp_subaccount_service_instance.instance_2                             14116ms
  btp_subaccount_subscription.subscription                               12625ms
  btp_subaccount_subscription.subscription_1                             12015ms
  btp_subaccount_subscription.subscription_2                             13049ms
  btp_subaccount_trust_configuration.trust                               4528ms
  btp_subaccount_trust_configuration.trust_1                             8995ms
  btp_subaccount_trust_configuration.trust_2                             3742ms
  cloudfoundry_service_instance.instance                                 79ms
  cloudfoundry_service_instance.instance_1                               53ms
  cloudfoundry_service_instance.instance_2                               55ms
  cloudfoundry_space.space                                               170ms
  cloudfoundry_space.space_1                                             135ms
  cloudfoundry_space.space_2                                             173ms
  scc_subaccount.subaccount                                              1091ms
  scc_subaccount.subaccount_1                                            749ms
  scc_subaccount.subaccount_2                                            1475ms
  scc_system_mapping.system                                              190ms
  scc_system_mapping.system_1                                            208ms
  scc_system_mapping.system_2                                            218ms
  scc_system_mapping_resource.resource                                   227ms
  scc_system_mapping_resource.resource_1                                 216ms
  scc_system_mapping_resource.resource_2                                 197ms
  sci_application.app                                                    284ms
  sci_application.app_1                                                  246ms
  sci_application.app_2                                                  272ms
  sci_group_base.group                                                   216ms
  sci_group_base.group_1                                                 212ms
  sci_group_base.group_2                                                 219ms
  sci_user.user                                                          255ms
  sci_user.user_1                                                        263ms
  sci_user.user_2                                                        260ms


Run 8/10:
  Total run time: 17.698504s
  btp_directory.directory                                                4571ms
  btp_directory.directory_1                                              11027ms
  btp_directory.directory_2                                              4679ms
  btp_subaccount.subaccount                                              2311ms
  btp_subaccount.subaccount_1                                            9291ms
  btp_subaccount.subaccount_2                                            2849ms
  btp_subaccount_entitlement.entitlement                                 16681ms
  btp_subaccount_entitlement.entitlement_1                               15112ms
  btp_subaccount_entitlement.entitlement_2                               16000ms
  btp_subaccount_environment_instance.cloudfoundry                       9390ms
  btp_subaccount_environment_instance.cloudfoundry_1                     3195ms
  btp_subaccount_environment_instance.cloudfoundry_2                     4177ms
  btp_subaccount_role.role                                               1832ms
  btp_subaccount_role.role_1                                             198ms
  btp_subaccount_role.role_2                                             3058ms
  btp_subaccount_role_collection.collection                              736ms
  btp_subaccount_role_collection.collection_1                            373ms
  btp_subaccount_role_collection.collection_2                            2485ms
  btp_subaccount_service_instance.instance                               14133ms
  btp_subaccount_service_instance.instance_1                             14372ms
  btp_subaccount_service_instance.instance_2                             13235ms
  btp_subaccount_subscription.subscription                               11026ms
  btp_subaccount_subscription.subscription_1                             4429ms
  btp_subaccount_subscription.subscription_2                             5398ms
  btp_subaccount_trust_configuration.trust                               3259ms
  btp_subaccount_trust_configuration.trust_1                             3263ms
  btp_subaccount_trust_configuration.trust_2                             2707ms
  cloudfoundry_service_instance.instance                                 84ms
  cloudfoundry_service_instance.instance_1                               74ms
  cloudfoundry_service_instance.instance_2                               144ms
  cloudfoundry_space.space                                               165ms
  cloudfoundry_space.space_1                                             149ms
  cloudfoundry_space.space_2                                             189ms
  scc_subaccount.subaccount                                              11295ms
  scc_subaccount.subaccount_1                                            11805ms
  scc_subaccount.subaccount_2                                            5794ms
  scc_system_mapping.system                                              235ms
  scc_system_mapping.system_1                                            220ms
  scc_system_mapping.system_2                                            191ms
  scc_system_mapping_resource.resource                                   219ms
  scc_system_mapping_resource.resource_1                                 194ms
  scc_system_mapping_resource.resource_2                                 219ms
  sci_application.app                                                    264ms
  sci_application.app_1                                                  288ms
  sci_application.app_2                                                  238ms
  sci_group_base.group                                                   243ms
  sci_group_base.group_1                                                 223ms
  sci_group_base.group_2                                                 227ms
  sci_user.user                                                          212ms
  sci_user.user_1                                                        215ms
  sci_user.user_2                                                        264ms


Run 9/10:
  Total run time: 22.787297s
  btp_directory.directory                                                8057ms
  btp_directory.directory_1                                              9093ms
  btp_directory.directory_2                                              9183ms
  btp_subaccount.subaccount                                              5243ms
  btp_subaccount.subaccount_1                                            5253ms
  btp_subaccount.subaccount_2                                            1021ms
  btp_subaccount_entitlement.entitlement                                 17027ms
  btp_subaccount_entitlement.entitlement_1                               17539ms
  btp_subaccount_entitlement.entitlement_2                               21462ms
  btp_subaccount_environment_instance.cloudfoundry                       5226ms
  btp_subaccount_environment_instance.cloudfoundry_1                     5118ms
  btp_subaccount_environment_instance.cloudfoundry_2                     5786ms
  btp_subaccount_role.role                                               2882ms
  btp_subaccount_role.role_1                                             5052ms
  btp_subaccount_role.role_2                                             5140ms
  btp_subaccount_role_collection.collection                              505ms
  btp_subaccount_role_collection.collection_1                            5106ms
  btp_subaccount_role_collection.collection_2                            2112ms
  btp_subaccount_service_instance.instance                               16091ms
  btp_subaccount_service_instance.instance_1                             10663ms
  btp_subaccount_service_instance.instance_2                             16488ms
  btp_subaccount_subscription.subscription                               9513ms
  btp_subaccount_subscription.subscription_1                             8989ms
  btp_subaccount_subscription.subscription_2                             9938ms
  btp_subaccount_trust_configuration.trust                               2593ms
  btp_subaccount_trust_configuration.trust_1                             2348ms
  btp_subaccount_trust_configuration.trust_2                             5198ms
  cloudfoundry_service_instance.instance                                 76ms
  cloudfoundry_service_instance.instance_1                               65ms
  cloudfoundry_service_instance.instance_2                               71ms
  cloudfoundry_space.space                                               188ms
  cloudfoundry_space.space_1                                             248ms
  cloudfoundry_space.space_2                                             203ms
  scc_subaccount.subaccount                                              825ms
  scc_subaccount.subaccount_1                                            600ms
  scc_subaccount.subaccount_2                                            770ms
  scc_system_mapping.system                                              73ms
  scc_system_mapping.system_1                                            202ms
  scc_system_mapping.system_2                                            71ms
  scc_system_mapping_resource.resource                                   183ms
  scc_system_mapping_resource.resource_1                                 201ms
  scc_system_mapping_resource.resource_2                                 72ms
  sci_application.app                                                    244ms
  sci_application.app_1                                                  246ms
  sci_application.app_2                                                  242ms
  sci_group_base.group                                                   220ms
  sci_group_base.group_1                                                 249ms
  sci_group_base.group_2                                                 215ms
  sci_user.user                                                          215ms
  sci_user.user_1                                                        216ms
  sci_user.user_2                                                        214ms


Run 10/10:
  Total run time: 25.615799s
  btp_directory.directory                                                6395ms
  btp_directory.directory_1                                              13047ms
  btp_directory.directory_2                                              6842ms
  btp_subaccount.subaccount                                              3193ms
  btp_subaccount.subaccount_1                                            4298ms
  btp_subaccount.subaccount_2                                            3118ms
  btp_subaccount_entitlement.entitlement                                 23762ms
  btp_subaccount_entitlement.entitlement_1                               22994ms
  btp_subaccount_entitlement.entitlement_2                               15818ms
  btp_subaccount_environment_instance.cloudfoundry                       1597ms
  btp_subaccount_environment_instance.cloudfoundry_1                     3785ms
  btp_subaccount_environment_instance.cloudfoundry_2                     4723ms
  btp_subaccount_role.role                                               2576ms
  btp_subaccount_role.role_1                                             1836ms
  btp_subaccount_role.role_2                                             228ms
  btp_subaccount_role_collection.collection                              4513ms
  btp_subaccount_role_collection.collection_1                            4488ms
  btp_subaccount_role_collection.collection_2                            3878ms
  btp_subaccount_service_instance.instance                               12813ms
  btp_subaccount_service_instance.instance_1                             14949ms
  btp_subaccount_service_instance.instance_2                             14168ms
  btp_subaccount_subscription.subscription                               5572ms
  btp_subaccount_subscription.subscription_1                             11754ms
  btp_subaccount_subscription.subscription_2                             4825ms
  btp_subaccount_trust_configuration.trust                               3775ms
  btp_subaccount_trust_configuration.trust_1                             10316ms
  btp_subaccount_trust_configuration.trust_2                             2783ms
  cloudfoundry_service_instance.instance                                 54ms
  cloudfoundry_service_instance.instance_1                               64ms
  cloudfoundry_service_instance.instance_2                               56ms
  cloudfoundry_space.space                                               143ms
  cloudfoundry_space.space_1                                             130ms
  cloudfoundry_space.space_2                                             169ms
  scc_subaccount.subaccount                                              1518ms
  scc_subaccount.subaccount_1                                            1132ms
  scc_subaccount.subaccount_2                                            722ms
  scc_system_mapping.system                                              212ms
  scc_system_mapping.system_1                                            211ms
  scc_system_mapping.system_2                                            193ms
  scc_system_mapping_resource.resource                                   213ms
  scc_system_mapping_resource.resource_1                                 213ms
  scc_system_mapping_resource.resource_2                                 180ms
  sci_application.app                                                    239ms
  sci_application.app_1                                                  240ms
  sci_application.app_2                                                  245ms
  sci_group_base.group                                                   221ms
  sci_group_base.group_1                                                 213ms
  sci_group_base.group_2                                                 216ms
  sci_user.user                                                          207ms
  sci_user.user_1                                                        221ms
  sci_user.user_2                                                        207ms


Final results:
-------                                              ------------    -----------    -----------
Element                                              Average (ms)   Minimum (ms)   Maximum (ms)
btp_directory.directory                                   6776.10           4571          10434
btp_directory.directory_1                                 8683.40           3518          13047
btp_directory.directory_2                                 7229.50           4630          12378
btp_subaccount.subaccount                                 4458.40            248           9808
btp_subaccount.subaccount_1                               5722.50           3015           9342
btp_subaccount.subaccount_2                               3770.30           1021           7968
btp_subaccount_entitlement.entitlement                   17787.50          15127          23762
btp_subaccount_entitlement.entitlement_1                 18818.70          15112          23118
btp_subaccount_entitlement.entitlement_2                 18551.40          15206          23045
btp_subaccount_environment_instance.cloudfoundry          3765.50            746           9390
btp_subaccount_environment_instance.cloudfoundry_1        3883.30           1716           8061
btp_subaccount_environment_instance.cloudfoundry_2        4497.40           1214           8502
btp_subaccount_role.role                                  2138.00            213           4089
btp_subaccount_role.role_1                                3816.70            198           9886
btp_subaccount_role.role_2                                3868.80            228           8668
btp_subaccount_role_collection.collection                 2753.50            201           8603
btp_subaccount_role_collection.collection_1               3127.60            373           7375
btp_subaccount_role_collection.collection_2               2903.20           1067           4032
btp_subaccount_service_instance.instance                 11177.20           5156          16091
btp_subaccount_service_instance.instance_1               11602.10           7512          14949
btp_subaccount_service_instance.instance_2               11797.70           6795          16488
btp_subaccount_subscription.subscription                  8307.50           4124          12651
btp_subaccount_subscription.subscription_1                8697.50           4429          12502
btp_subaccount_subscription.subscription_2                8182.50           4825          13049
btp_subaccount_trust_configuration.trust                  3587.20           1156           9213
btp_subaccount_trust_configuration.trust_1                4566.90            262          10316
btp_subaccount_trust_configuration.trust_2                2431.10            419           5198
cloudfoundry_service_instance.instance                      70.00             52             88
cloudfoundry_service_instance.instance_1                    59.40             50             74
cloudfoundry_service_instance.instance_2                    71.50             55            144
cloudfoundry_space.space                                   154.30            127            188
cloudfoundry_space.space_1                                 153.50            130            248
cloudfoundry_space.space_2                                 158.80            125            203
scc_subaccount.subaccount                                 3078.00            558          11602
scc_subaccount.subaccount_1                               2464.70            600          11805
scc_subaccount.subaccount_2                               2064.00            623           6120
scc_system_mapping.system                                  171.70             69            235
scc_system_mapping.system_1                                181.10             67            228
scc_system_mapping.system_2                                156.60             71            223
scc_system_mapping_resource.resource                       192.00             65            227
scc_system_mapping_resource.resource_1                     165.40             67            216
scc_system_mapping_resource.resource_2                     161.20             65            228
sci_application.app                                        252.70            209            293
sci_application.app_1                                      258.60            222            293
sci_application.app_2                                      256.30            231            308
sci_group_base.group                                       232.00            207            271
sci_group_base.group_1                                     224.90            201            259
sci_group_base.group_2                                     225.10            205            270
sci_user.user                                              228.60            203            268
sci_user.user_1                                            228.20            204            263
sci_user.user_2                                            230.20            207            266

Grouped results:
-------                                 ------------    -----------    -----------
Element                                 Average (ms)   Minimum (ms)   Maximum (ms)
btp_directory.*                              7563.00           3518          13047
btp_subaccount.*                             4650.40            248           9808
btp_subaccount_entitlement.*                18385.87          15112          23762
btp_subaccount_environment_instance.*        4048.73            746           9390
btp_subaccount_role.*                        3274.50            198           9886
btp_subaccount_role_collection.*             2928.10            201           8603
btp_subaccount_service_instance.*           11525.67           5156          16488
btp_subaccount_subscription.*                8395.83           4124          13049
btp_subaccount_trust_configuration.*         3528.40            262          10316
cloudfoundry_service_instance.*                66.97             50            144
cloudfoundry_space.*                          155.53            125            248
scc_subaccount.*                             2535.57            558          11805
scc_system_mapping.*                          169.80             67            235
scc_system_mapping_resource.*                 172.87             65            228
sci_application.*                             255.87            209            308
sci_group_base.*                              227.33            201            271
sci_user.*                                    229.00            203            268

Total wall-clock time: 217.786314s
Average wall-clock time: 21.778631s
Minimum wall-clock time: 17.083950s
Maximum wall-clock time: 26.325525s
Total Ressources: 51
