Running terraform plan -refresh-only 20 time(s)
Using Terraform parallelism: 20

Run 1/20:
  Total run time: 2.199645s
  scc_system_mapping.system_1                                            256ms
  scc_system_mapping.system_10                                           94ms
  scc_system_mapping.system_11                                           238ms
  scc_system_mapping.system_12                                           94ms
  scc_system_mapping.system_13                                           212ms
  scc_system_mapping.system_14                                           95ms
  scc_system_mapping.system_15                                           92ms
  scc_system_mapping.system_16                                           93ms
  scc_system_mapping.system_17                                           184ms
  scc_system_mapping.system_18                                           91ms
  scc_system_mapping.system_19                                           76ms
  scc_system_mapping.system_2                                            94ms
  scc_system_mapping.system_20                                           92ms
  scc_system_mapping.system_21                                           98ms
  scc_system_mapping.system_22                                           254ms
  scc_system_mapping.system_23                                           80ms
  scc_system_mapping.system_24                                           231ms
  scc_system_mapping.system_25                                           216ms
  scc_system_mapping.system_26                                           92ms
  scc_system_mapping.system_27                                           262ms
  scc_system_mapping.system_28                                           224ms
  scc_system_mapping.system_29                                           203ms
  scc_system_mapping.system_3                                            190ms
  scc_system_mapping.system_30                                           88ms
  scc_system_mapping.system_31                                           94ms
  scc_system_mapping.system_32                                           238ms
  scc_system_mapping.system_33                                           94ms
  scc_system_mapping.system_34                                           262ms
  scc_system_mapping.system_35                                           191ms
  scc_system_mapping.system_36                                           76ms
  scc_system_mapping.system_37                                           81ms
  scc_system_mapping.system_38                                           106ms
  scc_system_mapping.system_39                                           93ms
  scc_system_mapping.system_4                                            88ms
  scc_system_mapping.system_40                                           223ms
  scc_system_mapping.system_41                                           259ms
  scc_system_mapping.system_42                                           82ms
  scc_system_mapping.system_43                                           90ms
  scc_system_mapping.system_44                                           94ms
  scc_system_mapping.system_45                                           96ms
  scc_system_mapping.system_46                                           261ms
  scc_system_mapping.system_47                                           235ms
  scc_system_mapping.system_48                                           79ms
  scc_system_mapping.system_49                                           90ms
  scc_system_mapping.system_5                                            228ms
  scc_system_mapping.system_50                                           97ms
  scc_system_mapping.system_6                                            85ms
  scc_system_mapping.system_7                                            75ms
  scc_system_mapping.system_8                                            200ms
  scc_system_mapping.system_9                                            80ms


Run 2/20:
  Total run time: 1.260840s
  scc_system_mapping.system_1                                            78ms
  scc_system_mapping.system_10                                           235ms
  scc_system_mapping.system_11                                           167ms
  scc_system_mapping.system_12                                           219ms
  scc_system_mapping.system_13                                           98ms
  scc_system_mapping.system_14                                           217ms
  scc_system_mapping.system_15                                           154ms
  scc_system_mapping.system_16                                           125ms
  scc_system_mapping.system_17                                           148ms
  scc_system_mapping.system_18                                           90ms
  scc_system_mapping.system_19                                           164ms
  scc_system_mapping.system_2                                            151ms
  scc_system_mapping.system_20                                           166ms
  scc_system_mapping.system_21                                           226ms
  scc_system_mapping.system_22                                           224ms
  scc_system_mapping.system_23                                           166ms
  scc_system_mapping.system_24                                           155ms
  scc_system_mapping.system_25                                           72ms
  scc_system_mapping.system_26                                           66ms
  scc_system_mapping.system_27                                           148ms
  scc_system_mapping.system_28                                           219ms
  scc_system_mapping.system_29                                           172ms
  scc_system_mapping.system_3                                            283ms
  scc_system_mapping.system_30                                           109ms
  scc_system_mapping.system_31                                           168ms
  scc_system_mapping.system_32                                           182ms
  scc_system_mapping.system_33                                           97ms
  scc_system_mapping.system_34                                           168ms
  scc_system_mapping.system_35                                           172ms
  scc_system_mapping.system_36                                           241ms
  scc_system_mapping.system_37                                           246ms
  scc_system_mapping.system_38                                           245ms
  scc_system_mapping.system_39                                           159ms
  scc_system_mapping.system_4                                            134ms
  scc_system_mapping.system_40                                           235ms
  scc_system_mapping.system_41                                           235ms
  scc_system_mapping.system_42                                           267ms
  scc_system_mapping.system_43                                           246ms
  scc_system_mapping.system_44                                           211ms
  scc_system_mapping.system_45                                           217ms
  scc_system_mapping.system_46                                           255ms
  scc_system_mapping.system_47                                           171ms
  scc_system_mapping.system_48                                           249ms
  scc_system_mapping.system_49                                           159ms
  scc_system_mapping.system_5                                            163ms
  scc_system_mapping.system_50                                           108ms
  scc_system_mapping.system_6                                            265ms
  scc_system_mapping.system_7                                            115ms
  scc_system_mapping.system_8                                            171ms
  scc_system_mapping.system_9                                            218ms


Run 3/20:
  Total run time: 1.081925s
  scc_system_mapping.system_1                                            98ms
  scc_system_mapping.system_10                                           255ms
  scc_system_mapping.system_11                                           100ms
  scc_system_mapping.system_12                                           93ms
  scc_system_mapping.system_13                                           109ms
  scc_system_mapping.system_14                                           94ms
  scc_system_mapping.system_15                                           194ms
  scc_system_mapping.system_16                                           184ms
  scc_system_mapping.system_17                                           204ms
  scc_system_mapping.system_18                                           203ms
  scc_system_mapping.system_19                                           247ms
  scc_system_mapping.system_2                                            92ms
  scc_system_mapping.system_20                                           223ms
  scc_system_mapping.system_21                                           194ms
  scc_system_mapping.system_22                                           96ms
  scc_system_mapping.system_23                                           232ms
  scc_system_mapping.system_24                                           211ms
  scc_system_mapping.system_25                                           240ms
  scc_system_mapping.system_26                                           81ms
  scc_system_mapping.system_27                                           97ms
  scc_system_mapping.system_28                                           237ms
  scc_system_mapping.system_29                                           84ms
  scc_system_mapping.system_3                                            216ms
  scc_system_mapping.system_30                                           106ms
  scc_system_mapping.system_31                                           90ms
  scc_system_mapping.system_32                                           220ms
  scc_system_mapping.system_33                                           100ms
  scc_system_mapping.system_34                                           97ms
  scc_system_mapping.system_35                                           100ms
  scc_system_mapping.system_36                                           247ms
  scc_system_mapping.system_37                                           276ms
  scc_system_mapping.system_38                                           94ms
  scc_system_mapping.system_39                                           88ms
  scc_system_mapping.system_4                                            103ms
  scc_system_mapping.system_40                                           102ms
  scc_system_mapping.system_41                                           82ms
  scc_system_mapping.system_42                                           93ms
  scc_system_mapping.system_43                                           113ms
  scc_system_mapping.system_44                                           257ms
  scc_system_mapping.system_45                                           94ms
  scc_system_mapping.system_46                                           110ms
  scc_system_mapping.system_47                                           96ms
  scc_system_mapping.system_48                                           93ms
  scc_system_mapping.system_49                                           105ms
  scc_system_mapping.system_5                                            212ms
  scc_system_mapping.system_50                                           241ms
  scc_system_mapping.system_6                                            108ms
  scc_system_mapping.system_7                                            107ms
  scc_system_mapping.system_8                                            93ms
  scc_system_mapping.system_9                                            197ms


Run 4/20:
  Total run time: 1.119464s
  scc_system_mapping.system_1                                            117ms
  scc_system_mapping.system_10                                           230ms
  scc_system_mapping.system_11                                           88ms
  scc_system_mapping.system_12                                           90ms
  scc_system_mapping.system_13                                           81ms
  scc_system_mapping.system_14                                           97ms
  scc_system_mapping.system_15                                           189ms
  scc_system_mapping.system_16                                           93ms
  scc_system_mapping.system_17                                           284ms
  scc_system_mapping.system_18                                           100ms
  scc_system_mapping.system_19                                           249ms
  scc_system_mapping.system_2                                            118ms
  scc_system_mapping.system_20                                           248ms
  scc_system_mapping.system_21                                           86ms
  scc_system_mapping.system_22                                           182ms
  scc_system_mapping.system_23                                           100ms
  scc_system_mapping.system_24                                           234ms
  scc_system_mapping.system_25                                           274ms
  scc_system_mapping.system_26                                           262ms
  scc_system_mapping.system_27                                           241ms
  scc_system_mapping.system_28                                           100ms
  scc_system_mapping.system_29                                           266ms
  scc_system_mapping.system_3                                            101ms
  scc_system_mapping.system_30                                           96ms
  scc_system_mapping.system_31                                           283ms
  scc_system_mapping.system_32                                           88ms
  scc_system_mapping.system_33                                           116ms
  scc_system_mapping.system_34                                           93ms
  scc_system_mapping.system_35                                           283ms
  scc_system_mapping.system_36                                           102ms
  scc_system_mapping.system_37                                           181ms
  scc_system_mapping.system_38                                           101ms
  scc_system_mapping.system_39                                           92ms
  scc_system_mapping.system_4                                            266ms
  scc_system_mapping.system_40                                           104ms
  scc_system_mapping.system_41                                           227ms
  scc_system_mapping.system_42                                           94ms
  scc_system_mapping.system_43                                           122ms
  scc_system_mapping.system_44                                           103ms
  scc_system_mapping.system_45                                           237ms
  scc_system_mapping.system_46                                           272ms
  scc_system_mapping.system_47                                           197ms
  scc_system_mapping.system_48                                           100ms
  scc_system_mapping.system_49                                           84ms
  scc_system_mapping.system_5                                            288ms
  scc_system_mapping.system_50                                           92ms
  scc_system_mapping.system_6                                            103ms
  scc_system_mapping.system_7                                            91ms
  scc_system_mapping.system_8                                            95ms
  scc_system_mapping.system_9                                            106ms


Run 5/20:
  Total run time: 1.055038s
  scc_system_mapping.system_1                                            261ms
  scc_system_mapping.system_10                                           220ms
  scc_system_mapping.system_11                                           100ms
  scc_system_mapping.system_12                                           113ms
  scc_system_mapping.system_13                                           102ms
  scc_system_mapping.system_14                                           102ms
  scc_system_mapping.system_15                                           105ms
  scc_system_mapping.system_16                                           240ms
  scc_system_mapping.system_17                                           104ms
  scc_system_mapping.system_18                                           270ms
  scc_system_mapping.system_19                                           238ms
  scc_system_mapping.system_2                                            101ms
  scc_system_mapping.system_20                                           101ms
  scc_system_mapping.system_21                                           187ms
  scc_system_mapping.system_22                                           106ms
  scc_system_mapping.system_23                                           116ms
  scc_system_mapping.system_24                                           88ms
  scc_system_mapping.system_25                                           270ms
  scc_system_mapping.system_26                                           223ms
  scc_system_mapping.system_27                                           94ms
  scc_system_mapping.system_28                                           179ms
  scc_system_mapping.system_29                                           94ms
  scc_system_mapping.system_3                                            107ms
  scc_system_mapping.system_30                                           111ms
  scc_system_mapping.system_31                                           93ms
  scc_system_mapping.system_32                                           108ms
  scc_system_mapping.system_33                                           217ms
  scc_system_mapping.system_34                                           88ms
  scc_system_mapping.system_35                                           255ms
  scc_system_mapping.system_36                                           106ms
  scc_system_mapping.system_37                                           185ms
  scc_system_mapping.system_38                                           88ms
  scc_system_mapping.system_39                                           238ms
  scc_system_mapping.system_4                                            213ms
  scc_system_mapping.system_40                                           211ms
  scc_system_mapping.system_41                                           82ms
  scc_system_mapping.system_42                                           102ms
  scc_system_mapping.system_43                                           104ms
  scc_system_mapping.system_44                                           91ms
  scc_system_mapping.system_45                                           108ms
  scc_system_mapping.system_46                                           107ms
  scc_system_mapping.system_47                                           183ms
  scc_system_mapping.system_48                                           100ms
  scc_system_mapping.system_49                                           179ms
  scc_system_mapping.system_5                                            235ms
  scc_system_mapping.system_50                                           101ms
  scc_system_mapping.system_6                                            106ms
  scc_system_mapping.system_7                                            184ms
  scc_system_mapping.system_8                                            244ms
  scc_system_mapping.system_9                                            96ms


Run 6/20:
  Total run time: 1.092816s
  scc_system_mapping.system_1                                            94ms
  scc_system_mapping.system_10                                           198ms
  scc_system_mapping.system_11                                           110ms
  scc_system_mapping.system_12                                           88ms
  scc_system_mapping.system_13                                           207ms
  scc_system_mapping.system_14                                           115ms
  scc_system_mapping.system_15                                           261ms
  scc_system_mapping.system_16                                           249ms
  scc_system_mapping.system_17                                           188ms
  scc_system_mapping.system_18                                           261ms
  scc_system_mapping.system_19                                           257ms
  scc_system_mapping.system_2                                            103ms
  scc_system_mapping.system_20                                           74ms
  scc_system_mapping.system_21                                           97ms
  scc_system_mapping.system_22                                           223ms
  scc_system_mapping.system_23                                           266ms
  scc_system_mapping.system_24                                           224ms
  scc_system_mapping.system_25                                           239ms
  scc_system_mapping.system_26                                           240ms
  scc_system_mapping.system_27                                           83ms
  scc_system_mapping.system_28                                           181ms
  scc_system_mapping.system_29                                           106ms
  scc_system_mapping.system_3                                            92ms
  scc_system_mapping.system_30                                           99ms
  scc_system_mapping.system_31                                           100ms
  scc_system_mapping.system_32                                           218ms
  scc_system_mapping.system_33                                           265ms
  scc_system_mapping.system_34                                           91ms
  scc_system_mapping.system_35                                           95ms
  scc_system_mapping.system_36                                           95ms
  scc_system_mapping.system_37                                           192ms
  scc_system_mapping.system_38                                           98ms
  scc_system_mapping.system_39                                           107ms
  scc_system_mapping.system_4                                            96ms
  scc_system_mapping.system_40                                           108ms
  scc_system_mapping.system_41                                           80ms
  scc_system_mapping.system_42                                           225ms
  scc_system_mapping.system_43                                           89ms
  scc_system_mapping.system_44                                           219ms
  scc_system_mapping.system_45                                           103ms
  scc_system_mapping.system_46                                           90ms
  scc_system_mapping.system_47                                           73ms
  scc_system_mapping.system_48                                           99ms
  scc_system_mapping.system_49                                           88ms
  scc_system_mapping.system_5                                            236ms
  scc_system_mapping.system_50                                           95ms
  scc_system_mapping.system_6                                            185ms
  scc_system_mapping.system_7                                            105ms
  scc_system_mapping.system_8                                            102ms
  scc_system_mapping.system_9                                            111ms


Run 7/20:
  Total run time: 1.043535s
  scc_system_mapping.system_1                                            205ms
  scc_system_mapping.system_10                                           187ms
  scc_system_mapping.system_11                                           104ms
  scc_system_mapping.system_12                                           120ms
  scc_system_mapping.system_13                                           78ms
  scc_system_mapping.system_14                                           84ms
  scc_system_mapping.system_15                                           173ms
  scc_system_mapping.system_16                                           189ms
  scc_system_mapping.system_17                                           69ms
  scc_system_mapping.system_18                                           188ms
  scc_system_mapping.system_19                                           78ms
  scc_system_mapping.system_2                                            233ms
  scc_system_mapping.system_20                                           274ms
  scc_system_mapping.system_21                                           78ms
  scc_system_mapping.system_22                                           109ms
  scc_system_mapping.system_23                                           91ms
  scc_system_mapping.system_24                                           258ms
  scc_system_mapping.system_25                                           87ms
  scc_system_mapping.system_26                                           248ms
  scc_system_mapping.system_27                                           80ms
  scc_system_mapping.system_28                                           75ms
  scc_system_mapping.system_29                                           90ms
  scc_system_mapping.system_3                                            235ms
  scc_system_mapping.system_30                                           268ms
  scc_system_mapping.system_31                                           211ms
  scc_system_mapping.system_32                                           86ms
  scc_system_mapping.system_33                                           239ms
  scc_system_mapping.system_34                                           248ms
  scc_system_mapping.system_35                                           112ms
  scc_system_mapping.system_36                                           70ms
  scc_system_mapping.system_37                                           99ms
  scc_system_mapping.system_38                                           228ms
  scc_system_mapping.system_39                                           234ms
  scc_system_mapping.system_4                                            82ms
  scc_system_mapping.system_40                                           252ms
  scc_system_mapping.system_41                                           204ms
  scc_system_mapping.system_42                                           94ms
  scc_system_mapping.system_43                                           94ms
  scc_system_mapping.system_44                                           84ms
  scc_system_mapping.system_45                                           93ms
  scc_system_mapping.system_46                                           101ms
  scc_system_mapping.system_47                                           82ms
  scc_system_mapping.system_48                                           90ms
  scc_system_mapping.system_49                                           104ms
  scc_system_mapping.system_5                                            86ms
  scc_system_mapping.system_50                                           216ms
  scc_system_mapping.system_6                                            106ms
  scc_system_mapping.system_7                                            107ms
  scc_system_mapping.system_8                                            270ms
  scc_system_mapping.system_9                                            101ms


Run 8/20:
  Total run time: 1.077805s
  scc_system_mapping.system_1                                            286ms
  scc_system_mapping.system_10                                           273ms
  scc_system_mapping.system_11                                           263ms
  scc_system_mapping.system_12                                           92ms
  scc_system_mapping.system_13                                           93ms
  scc_system_mapping.system_14                                           81ms
  scc_system_mapping.system_15                                           219ms
  scc_system_mapping.system_16                                           227ms
  scc_system_mapping.system_17                                           93ms
  scc_system_mapping.system_18                                           90ms
  scc_system_mapping.system_19                                           91ms
  scc_system_mapping.system_2                                            99ms
  scc_system_mapping.system_20                                           86ms
  scc_system_mapping.system_21                                           99ms
  scc_system_mapping.system_22                                           95ms
  scc_system_mapping.system_23                                           253ms
  scc_system_mapping.system_24                                           233ms
  scc_system_mapping.system_25                                           80ms
  scc_system_mapping.system_26                                           225ms
  scc_system_mapping.system_27                                           93ms
  scc_system_mapping.system_28                                           252ms
  scc_system_mapping.system_29                                           94ms
  scc_system_mapping.system_3                                            110ms
  scc_system_mapping.system_30                                           94ms
  scc_system_mapping.system_31                                           84ms
  scc_system_mapping.system_32                                           247ms
  scc_system_mapping.system_33                                           224ms
  scc_system_mapping.system_34                                           93ms
  scc_system_mapping.system_35                                           95ms
  scc_system_mapping.system_36                                           96ms
  scc_system_mapping.system_37                                           246ms
  scc_system_mapping.system_38                                           91ms
  scc_system_mapping.system_39                                           93ms
  scc_system_mapping.system_4                                            274ms
  scc_system_mapping.system_40                                           248ms
  scc_system_mapping.system_41                                           224ms
  scc_system_mapping.system_42                                           91ms
  scc_system_mapping.system_43                                           90ms
  scc_system_mapping.system_44                                           83ms
  scc_system_mapping.system_45                                           263ms
  scc_system_mapping.system_46                                           98ms
  scc_system_mapping.system_47                                           106ms
  scc_system_mapping.system_48                                           101ms
  scc_system_mapping.system_49                                           96ms
  scc_system_mapping.system_5                                            85ms
  scc_system_mapping.system_50                                           221ms
  scc_system_mapping.system_6                                            238ms
  scc_system_mapping.system_7                                            206ms
  scc_system_mapping.system_8                                            95ms
  scc_system_mapping.system_9                                            201ms


Run 9/20:
  Total run time: 1.123681s
  scc_system_mapping.system_1                                            111ms
  scc_system_mapping.system_10                                           104ms
  scc_system_mapping.system_11                                           87ms
  scc_system_mapping.system_12                                           257ms
  scc_system_mapping.system_13                                           268ms
  scc_system_mapping.system_14                                           101ms
  scc_system_mapping.system_15                                           87ms
  scc_system_mapping.system_16                                           90ms
  scc_system_mapping.system_17                                           84ms
  scc_system_mapping.system_18                                           241ms
  scc_system_mapping.system_19                                           89ms
  scc_system_mapping.system_2                                            280ms
  scc_system_mapping.system_20                                           276ms
  scc_system_mapping.system_21                                           107ms
  scc_system_mapping.system_22                                           95ms
  scc_system_mapping.system_23                                           98ms
  scc_system_mapping.system_24                                           92ms
  scc_system_mapping.system_25                                           88ms
  scc_system_mapping.system_26                                           100ms
  scc_system_mapping.system_27                                           90ms
  scc_system_mapping.system_28                                           222ms
  scc_system_mapping.system_29                                           87ms
  scc_system_mapping.system_3                                            231ms
  scc_system_mapping.system_30                                           91ms
  scc_system_mapping.system_31                                           92ms
  scc_system_mapping.system_32                                           240ms
  scc_system_mapping.system_33                                           124ms
  scc_system_mapping.system_34                                           215ms
  scc_system_mapping.system_35                                           236ms
  scc_system_mapping.system_36                                           104ms
  scc_system_mapping.system_37                                           93ms
  scc_system_mapping.system_38                                           283ms
  scc_system_mapping.system_39                                           201ms
  scc_system_mapping.system_4                                            221ms
  scc_system_mapping.system_40                                           253ms
  scc_system_mapping.system_41                                           103ms
  scc_system_mapping.system_42                                           88ms
  scc_system_mapping.system_43                                           90ms
  scc_system_mapping.system_44                                           253ms
  scc_system_mapping.system_45                                           213ms
  scc_system_mapping.system_46                                           95ms
  scc_system_mapping.system_47                                           117ms
  scc_system_mapping.system_48                                           92ms
  scc_system_mapping.system_49                                           91ms
  scc_system_mapping.system_5                                            233ms
  scc_system_mapping.system_50                                           207ms
  scc_system_mapping.system_6                                            258ms
  scc_system_mapping.system_7                                            120ms
  scc_system_mapping.system_8                                            90ms
  scc_system_mapping.system_9                                            225ms


Run 10/20:
  Total run time: 1.120672s
  scc_system_mapping.system_1                                            110ms
  scc_system_mapping.system_10                                           92ms
  scc_system_mapping.system_11                                           119ms
  scc_system_mapping.system_12                                           98ms
  scc_system_mapping.system_13                                           88ms
  scc_system_mapping.system_14                                           116ms
  scc_system_mapping.system_15                                           109ms
  scc_system_mapping.system_16                                           91ms
  scc_system_mapping.system_17                                           93ms
  scc_system_mapping.system_18                                           268ms
  scc_system_mapping.system_19                                           257ms
  scc_system_mapping.system_2                                            90ms
  scc_system_mapping.system_20                                           97ms
  scc_system_mapping.system_21                                           118ms
  scc_system_mapping.system_22                                           101ms
  scc_system_mapping.system_23                                           225ms
  scc_system_mapping.system_24                                           86ms
  scc_system_mapping.system_25                                           102ms
  scc_system_mapping.system_26                                           100ms
  scc_system_mapping.system_27                                           97ms
  scc_system_mapping.system_28                                           249ms
  scc_system_mapping.system_29                                           122ms
  scc_system_mapping.system_3                                            115ms
  scc_system_mapping.system_30                                           272ms
  scc_system_mapping.system_31                                           234ms
  scc_system_mapping.system_32                                           275ms
  scc_system_mapping.system_33                                           100ms
  scc_system_mapping.system_34                                           80ms
  scc_system_mapping.system_35                                           96ms
  scc_system_mapping.system_36                                           94ms
  scc_system_mapping.system_37                                           265ms
  scc_system_mapping.system_38                                           95ms
  scc_system_mapping.system_39                                           265ms
  scc_system_mapping.system_4                                            212ms
  scc_system_mapping.system_40                                           249ms
  scc_system_mapping.system_41                                           243ms
  scc_system_mapping.system_42                                           281ms
  scc_system_mapping.system_43                                           96ms
  scc_system_mapping.system_44                                           192ms
  scc_system_mapping.system_45                                           244ms
  scc_system_mapping.system_46                                           98ms
  scc_system_mapping.system_47                                           91ms
  scc_system_mapping.system_48                                           212ms
  scc_system_mapping.system_49                                           241ms
  scc_system_mapping.system_5                                            209ms
  scc_system_mapping.system_50                                           280ms
  scc_system_mapping.system_6                                            89ms
  scc_system_mapping.system_7                                            101ms
  scc_system_mapping.system_8                                            224ms
  scc_system_mapping.system_9                                            93ms


Run 11/20:
  Total run time: 1.057482s
  scc_system_mapping.system_1                                            88ms
  scc_system_mapping.system_10                                           93ms
  scc_system_mapping.system_11                                           89ms
  scc_system_mapping.system_12                                           206ms
  scc_system_mapping.system_13                                           225ms
  scc_system_mapping.system_14                                           88ms
  scc_system_mapping.system_15                                           254ms
  scc_system_mapping.system_16                                           267ms
  scc_system_mapping.system_17                                           186ms
  scc_system_mapping.system_18                                           85ms
  scc_system_mapping.system_19                                           235ms
  scc_system_mapping.system_2                                            225ms
  scc_system_mapping.system_20                                           188ms
  scc_system_mapping.system_21                                           107ms
  scc_system_mapping.system_22                                           200ms
  scc_system_mapping.system_23                                           87ms
  scc_system_mapping.system_24                                           91ms
  scc_system_mapping.system_25                                           241ms
  scc_system_mapping.system_26                                           263ms
  scc_system_mapping.system_27                                           85ms
  scc_system_mapping.system_28                                           83ms
  scc_system_mapping.system_29                                           92ms
  scc_system_mapping.system_3                                            76ms
  scc_system_mapping.system_30                                           256ms
  scc_system_mapping.system_31                                           83ms
  scc_system_mapping.system_32                                           250ms
  scc_system_mapping.system_33                                           76ms
  scc_system_mapping.system_34                                           79ms
  scc_system_mapping.system_35                                           84ms
  scc_system_mapping.system_36                                           81ms
  scc_system_mapping.system_37                                           83ms
  scc_system_mapping.system_38                                           82ms
  scc_system_mapping.system_39                                           240ms
  scc_system_mapping.system_4                                            211ms
  scc_system_mapping.system_40                                           92ms
  scc_system_mapping.system_41                                           84ms
  scc_system_mapping.system_42                                           223ms
  scc_system_mapping.system_43                                           100ms
  scc_system_mapping.system_44                                           89ms
  scc_system_mapping.system_45                                           78ms
  scc_system_mapping.system_46                                           80ms
  scc_system_mapping.system_47                                           230ms
  scc_system_mapping.system_48                                           87ms
  scc_system_mapping.system_49                                           102ms
  scc_system_mapping.system_5                                            252ms
  scc_system_mapping.system_50                                           103ms
  scc_system_mapping.system_6                                            225ms
  scc_system_mapping.system_7                                            89ms
  scc_system_mapping.system_8                                            85ms
  scc_system_mapping.system_9                                            217ms


Run 12/20:
  Total run time: 1.052680s
  scc_system_mapping.system_1                                            200ms
  scc_system_mapping.system_10                                           74ms
  scc_system_mapping.system_11                                           210ms
  scc_system_mapping.system_12                                           86ms
  scc_system_mapping.system_13                                           216ms
  scc_system_mapping.system_14                                           96ms
  scc_system_mapping.system_15                                           255ms
  scc_system_mapping.system_16                                           88ms
  scc_system_mapping.system_17                                           101ms
  scc_system_mapping.system_18                                           241ms
  scc_system_mapping.system_19                                           273ms
  scc_system_mapping.system_2                                            257ms
  scc_system_mapping.system_20                                           104ms
  scc_system_mapping.system_21                                           89ms
  scc_system_mapping.system_22                                           87ms
  scc_system_mapping.system_23                                           86ms
  scc_system_mapping.system_24                                           221ms
  scc_system_mapping.system_25                                           95ms
  scc_system_mapping.system_26                                           232ms
  scc_system_mapping.system_27                                           97ms
  scc_system_mapping.system_28                                           267ms
  scc_system_mapping.system_29                                           104ms
  scc_system_mapping.system_3                                            104ms
  scc_system_mapping.system_30                                           215ms
  scc_system_mapping.system_31                                           234ms
  scc_system_mapping.system_32                                           209ms
  scc_system_mapping.system_33                                           202ms
  scc_system_mapping.system_34                                           105ms
  scc_system_mapping.system_35                                           251ms
  scc_system_mapping.system_36                                           249ms
  scc_system_mapping.system_37                                           86ms
  scc_system_mapping.system_38                                           89ms
  scc_system_mapping.system_39                                           115ms
  scc_system_mapping.system_4                                            92ms
  scc_system_mapping.system_40                                           97ms
  scc_system_mapping.system_41                                           89ms
  scc_system_mapping.system_42                                           96ms
  scc_system_mapping.system_43                                           71ms
  scc_system_mapping.system_44                                           239ms
  scc_system_mapping.system_45                                           190ms
  scc_system_mapping.system_46                                           93ms
  scc_system_mapping.system_47                                           103ms
  scc_system_mapping.system_48                                           79ms
  scc_system_mapping.system_49                                           102ms
  scc_system_mapping.system_5                                            243ms
  scc_system_mapping.system_50                                           265ms
  scc_system_mapping.system_6                                            99ms
  scc_system_mapping.system_7                                            92ms
  scc_system_mapping.system_8                                            96ms
  scc_system_mapping.system_9                                            96ms


Run 13/20:
  Total run time: 1.103616s
  scc_system_mapping.system_1                                            262ms
  scc_system_mapping.system_10                                           106ms
  scc_system_mapping.system_11                                           295ms
  scc_system_mapping.system_12                                           99ms
  scc_system_mapping.system_13                                           256ms
  scc_system_mapping.system_14                                           97ms
  scc_system_mapping.system_15                                           226ms
  scc_system_mapping.system_16                                           290ms
  scc_system_mapping.system_17                                           93ms
  scc_system_mapping.system_18                                           228ms
  scc_system_mapping.system_19                                           91ms
  scc_system_mapping.system_2                                            265ms
  scc_system_mapping.system_20                                           98ms
  scc_system_mapping.system_21                                           238ms
  scc_system_mapping.system_22                                           200ms
  scc_system_mapping.system_23                                           99ms
  scc_system_mapping.system_24                                           91ms
  scc_system_mapping.system_25                                           98ms
  scc_system_mapping.system_26                                           97ms
  scc_system_mapping.system_27                                           111ms
  scc_system_mapping.system_28                                           196ms
  scc_system_mapping.system_29                                           96ms
  scc_system_mapping.system_3                                            94ms
  scc_system_mapping.system_30                                           272ms
  scc_system_mapping.system_31                                           271ms
  scc_system_mapping.system_32                                           119ms
  scc_system_mapping.system_33                                           97ms
  scc_system_mapping.system_34                                           92ms
  scc_system_mapping.system_35                                           278ms
  scc_system_mapping.system_36                                           103ms
  scc_system_mapping.system_37                                           91ms
  scc_system_mapping.system_38                                           240ms
  scc_system_mapping.system_39                                           111ms
  scc_system_mapping.system_4                                            113ms
  scc_system_mapping.system_40                                           116ms
  scc_system_mapping.system_41                                           185ms
  scc_system_mapping.system_42                                           214ms
  scc_system_mapping.system_43                                           94ms
  scc_system_mapping.system_44                                           100ms
  scc_system_mapping.system_45                                           92ms
  scc_system_mapping.system_46                                           114ms
  scc_system_mapping.system_47                                           92ms
  scc_system_mapping.system_48                                           92ms
  scc_system_mapping.system_49                                           252ms
  scc_system_mapping.system_5                                            294ms
  scc_system_mapping.system_50                                           104ms
  scc_system_mapping.system_6                                            90ms
  scc_system_mapping.system_7                                            92ms
  scc_system_mapping.system_8                                            241ms
  scc_system_mapping.system_9                                            236ms


Run 14/20:
  Total run time: 1.122664s
  scc_system_mapping.system_1                                            274ms
  scc_system_mapping.system_10                                           92ms
  scc_system_mapping.system_11                                           229ms
  scc_system_mapping.system_12                                           112ms
  scc_system_mapping.system_13                                           76ms
  scc_system_mapping.system_14                                           68ms
  scc_system_mapping.system_15                                           220ms
  scc_system_mapping.system_16                                           230ms
  scc_system_mapping.system_17                                           91ms
  scc_system_mapping.system_18                                           87ms
  scc_system_mapping.system_19                                           96ms
  scc_system_mapping.system_2                                            259ms
  scc_system_mapping.system_20                                           92ms
  scc_system_mapping.system_21                                           102ms
  scc_system_mapping.system_22                                           102ms
  scc_system_mapping.system_23                                           113ms
  scc_system_mapping.system_24                                           109ms
  scc_system_mapping.system_25                                           246ms
  scc_system_mapping.system_26                                           104ms
  scc_system_mapping.system_27                                           293ms
  scc_system_mapping.system_28                                           284ms
  scc_system_mapping.system_29                                           244ms
  scc_system_mapping.system_3                                            108ms
  scc_system_mapping.system_30                                           128ms
  scc_system_mapping.system_31                                           261ms
  scc_system_mapping.system_32                                           173ms
  scc_system_mapping.system_33                                           106ms
  scc_system_mapping.system_34                                           276ms
  scc_system_mapping.system_35                                           89ms
  scc_system_mapping.system_36                                           233ms
  scc_system_mapping.system_37                                           136ms
  scc_system_mapping.system_38                                           93ms
  scc_system_mapping.system_39                                           96ms
  scc_system_mapping.system_4                                            268ms
  scc_system_mapping.system_40                                           115ms
  scc_system_mapping.system_41                                           113ms
  scc_system_mapping.system_42                                           89ms
  scc_system_mapping.system_43                                           108ms
  scc_system_mapping.system_44                                           102ms
  scc_system_mapping.system_45                                           180ms
  scc_system_mapping.system_46                                           228ms
  scc_system_mapping.system_47                                           104ms
  scc_system_mapping.system_48                                           95ms
  scc_system_mapping.system_49                                           113ms
  scc_system_mapping.system_5                                            299ms
  scc_system_mapping.system_50                                           244ms
  scc_system_mapping.system_6                                            100ms
  scc_system_mapping.system_7                                            97ms
  scc_system_mapping.system_8                                            258ms
  scc_system_mapping.system_9                                            287ms


Run 15/20:
  Total run time: 1.107899s
  scc_system_mapping.system_1                                            178ms
  scc_system_mapping.system_10                                           90ms
  scc_system_mapping.system_11                                           88ms
  scc_system_mapping.system_12                                           229ms
  scc_system_mapping.system_13                                           107ms
  scc_system_mapping.system_14                                           272ms
  scc_system_mapping.system_15                                           240ms
  scc_system_mapping.system_16                                           85ms
  scc_system_mapping.system_17                                           92ms
  scc_system_mapping.system_18                                           78ms
  scc_system_mapping.system_19                                           304ms
  scc_system_mapping.system_2                                            104ms
  scc_system_mapping.system_20                                           117ms
  scc_system_mapping.system_21                                           235ms
  scc_system_mapping.system_22                                           91ms
  scc_system_mapping.system_23                                           184ms
  scc_system_mapping.system_24                                           250ms
  scc_system_mapping.system_25                                           90ms
  scc_system_mapping.system_26                                           87ms
  scc_system_mapping.system_27                                           281ms
  scc_system_mapping.system_28                                           95ms
  scc_system_mapping.system_29                                           257ms
  scc_system_mapping.system_3                                            84ms
  scc_system_mapping.system_30                                           88ms
  scc_system_mapping.system_31                                           291ms
  scc_system_mapping.system_32                                           92ms
  scc_system_mapping.system_33                                           87ms
  scc_system_mapping.system_34                                           94ms
  scc_system_mapping.system_35                                           231ms
  scc_system_mapping.system_36                                           85ms
  scc_system_mapping.system_37                                           96ms
  scc_system_mapping.system_38                                           242ms
  scc_system_mapping.system_39                                           255ms
  scc_system_mapping.system_4                                            95ms
  scc_system_mapping.system_40                                           93ms
  scc_system_mapping.system_41                                           94ms
  scc_system_mapping.system_42                                           91ms
  scc_system_mapping.system_43                                           99ms
  scc_system_mapping.system_44                                           292ms
  scc_system_mapping.system_45                                           220ms
  scc_system_mapping.system_46                                           283ms
  scc_system_mapping.system_47                                           89ms
  scc_system_mapping.system_48                                           78ms
  scc_system_mapping.system_49                                           257ms
  scc_system_mapping.system_5                                            256ms
  scc_system_mapping.system_50                                           96ms
  scc_system_mapping.system_6                                            112ms
  scc_system_mapping.system_7                                            96ms
  scc_system_mapping.system_8                                            87ms
  scc_system_mapping.system_9                                            192ms


Run 16/20:
  Total run time: 1.113864s
  scc_system_mapping.system_1                                            291ms
  scc_system_mapping.system_10                                           209ms
  scc_system_mapping.system_11                                           115ms
  scc_system_mapping.system_12                                           87ms
  scc_system_mapping.system_13                                           187ms
  scc_system_mapping.system_14                                           240ms
  scc_system_mapping.system_15                                           114ms
  scc_system_mapping.system_16                                           117ms
  scc_system_mapping.system_17                                           264ms
  scc_system_mapping.system_18                                           95ms
  scc_system_mapping.system_19                                           112ms
  scc_system_mapping.system_2                                            244ms
  scc_system_mapping.system_20                                           97ms
  scc_system_mapping.system_21                                           85ms
  scc_system_mapping.system_22                                           90ms
  scc_system_mapping.system_23                                           184ms
  scc_system_mapping.system_24                                           96ms
  scc_system_mapping.system_25                                           94ms
  scc_system_mapping.system_26                                           94ms
  scc_system_mapping.system_27                                           100ms
  scc_system_mapping.system_28                                           86ms
  scc_system_mapping.system_29                                           95ms
  scc_system_mapping.system_3                                            115ms
  scc_system_mapping.system_30                                           279ms
  scc_system_mapping.system_31                                           266ms
  scc_system_mapping.system_32                                           98ms
  scc_system_mapping.system_33                                           114ms
  scc_system_mapping.system_34                                           102ms
  scc_system_mapping.system_35                                           208ms
  scc_system_mapping.system_36                                           73ms
  scc_system_mapping.system_37                                           194ms
  scc_system_mapping.system_38                                           88ms
  scc_system_mapping.system_39                                           248ms
  scc_system_mapping.system_4                                            90ms
  scc_system_mapping.system_40                                           97ms
  scc_system_mapping.system_41                                           191ms
  scc_system_mapping.system_42                                           241ms
  scc_system_mapping.system_43                                           94ms
  scc_system_mapping.system_44                                           97ms
  scc_system_mapping.system_45                                           281ms
  scc_system_mapping.system_46                                           104ms
  scc_system_mapping.system_47                                           233ms
  scc_system_mapping.system_48                                           200ms
  scc_system_mapping.system_49                                           111ms
  scc_system_mapping.system_5                                            282ms
  scc_system_mapping.system_50                                           95ms
  scc_system_mapping.system_6                                            255ms
  scc_system_mapping.system_7                                            82ms
  scc_system_mapping.system_8                                            212ms
  scc_system_mapping.system_9                                            119ms


Run 17/20:
  Total run time: 1.081460s
  scc_system_mapping.system_1                                            99ms
  scc_system_mapping.system_10                                           195ms
  scc_system_mapping.system_11                                           209ms
  scc_system_mapping.system_12                                           95ms
  scc_system_mapping.system_13                                           99ms
  scc_system_mapping.system_14                                           234ms
  scc_system_mapping.system_15                                           95ms
  scc_system_mapping.system_16                                           266ms
  scc_system_mapping.system_17                                           235ms
  scc_system_mapping.system_18                                           192ms
  scc_system_mapping.system_19                                           96ms
  scc_system_mapping.system_2                                            93ms
  scc_system_mapping.system_20                                           241ms
  scc_system_mapping.system_21                                           85ms
  scc_system_mapping.system_22                                           90ms
  scc_system_mapping.system_23                                           204ms
  scc_system_mapping.system_24                                           99ms
  scc_system_mapping.system_25                                           101ms
  scc_system_mapping.system_26                                           102ms
  scc_system_mapping.system_27                                           96ms
  scc_system_mapping.system_28                                           101ms
  scc_system_mapping.system_29                                           208ms
  scc_system_mapping.system_3                                            99ms
  scc_system_mapping.system_30                                           92ms
  scc_system_mapping.system_31                                           214ms
  scc_system_mapping.system_32                                           100ms
  scc_system_mapping.system_33                                           222ms
  scc_system_mapping.system_34                                           102ms
  scc_system_mapping.system_35                                           95ms
  scc_system_mapping.system_36                                           244ms
  scc_system_mapping.system_37                                           225ms
  scc_system_mapping.system_38                                           68ms
  scc_system_mapping.system_39                                           214ms
  scc_system_mapping.system_4                                            94ms
  scc_system_mapping.system_40                                           95ms
  scc_system_mapping.system_41                                           100ms
  scc_system_mapping.system_42                                           187ms
  scc_system_mapping.system_43                                           91ms
  scc_system_mapping.system_44                                           97ms
  scc_system_mapping.system_45                                           111ms
  scc_system_mapping.system_46                                           89ms
  scc_system_mapping.system_47                                           101ms
  scc_system_mapping.system_48                                           87ms
  scc_system_mapping.system_49                                           208ms
  scc_system_mapping.system_5                                            91ms
  scc_system_mapping.system_50                                           99ms
  scc_system_mapping.system_6                                            239ms
  scc_system_mapping.system_7                                            222ms
  scc_system_mapping.system_8                                            197ms
  scc_system_mapping.system_9                                            255ms


Run 18/20:
  Total run time: 1.069218s
  scc_system_mapping.system_1                                            104ms
  scc_system_mapping.system_10                                           201ms
  scc_system_mapping.system_11                                           92ms
  scc_system_mapping.system_12                                           202ms
  scc_system_mapping.system_13                                           102ms
  scc_system_mapping.system_14                                           258ms
  scc_system_mapping.system_15                                           102ms
  scc_system_mapping.system_16                                           99ms
  scc_system_mapping.system_17                                           101ms
  scc_system_mapping.system_18                                           101ms
  scc_system_mapping.system_19                                           90ms
  scc_system_mapping.system_2                                            96ms
  scc_system_mapping.system_20                                           82ms
  scc_system_mapping.system_21                                           223ms
  scc_system_mapping.system_22                                           89ms
  scc_system_mapping.system_23                                           111ms
  scc_system_mapping.system_24                                           237ms
  scc_system_mapping.system_25                                           94ms
  scc_system_mapping.system_26                                           220ms
  scc_system_mapping.system_27                                           182ms
  scc_system_mapping.system_28                                           203ms
  scc_system_mapping.system_29                                           216ms
  scc_system_mapping.system_3                                            235ms
  scc_system_mapping.system_30                                           99ms
  scc_system_mapping.system_31                                           105ms
  scc_system_mapping.system_32                                           89ms
  scc_system_mapping.system_33                                           97ms
  scc_system_mapping.system_34                                           244ms
  scc_system_mapping.system_35                                           253ms
  scc_system_mapping.system_36                                           94ms
  scc_system_mapping.system_37                                           103ms
  scc_system_mapping.system_38                                           94ms
  scc_system_mapping.system_39                                           262ms
  scc_system_mapping.system_4                                            189ms
  scc_system_mapping.system_40                                           84ms
  scc_system_mapping.system_41                                           253ms
  scc_system_mapping.system_42                                           97ms
  scc_system_mapping.system_43                                           230ms
  scc_system_mapping.system_44                                           98ms
  scc_system_mapping.system_45                                           205ms
  scc_system_mapping.system_46                                           98ms
  scc_system_mapping.system_47                                           176ms
  scc_system_mapping.system_48                                           100ms
  scc_system_mapping.system_49                                           101ms
  scc_system_mapping.system_5                                            98ms
  scc_system_mapping.system_50                                           246ms
  scc_system_mapping.system_6                                            105ms
  scc_system_mapping.system_7                                            218ms
  scc_system_mapping.system_8                                            104ms
  scc_system_mapping.system_9                                            90ms


Run 19/20:
  Total run time: 1.077033s
  scc_system_mapping.system_1                                            193ms
  scc_system_mapping.system_10                                           91ms
  scc_system_mapping.system_11                                           81ms
  scc_system_mapping.system_12                                           91ms
  scc_system_mapping.system_13                                           257ms
  scc_system_mapping.system_14                                           87ms
  scc_system_mapping.system_15                                           220ms
  scc_system_mapping.system_16                                           215ms
  scc_system_mapping.system_17                                           85ms
  scc_system_mapping.system_18                                           221ms
  scc_system_mapping.system_19                                           236ms
  scc_system_mapping.system_2                                            107ms
  scc_system_mapping.system_20                                           97ms
  scc_system_mapping.system_21                                           207ms
  scc_system_mapping.system_22                                           97ms
  scc_system_mapping.system_23                                           257ms
  scc_system_mapping.system_24                                           103ms
  scc_system_mapping.system_25                                           92ms
  scc_system_mapping.system_26                                           86ms
  scc_system_mapping.system_27                                           96ms
  scc_system_mapping.system_28                                           96ms
  scc_system_mapping.system_29                                           70ms
  scc_system_mapping.system_3                                            97ms
  scc_system_mapping.system_30                                           91ms
  scc_system_mapping.system_31                                           91ms
  scc_system_mapping.system_32                                           98ms
  scc_system_mapping.system_33                                           95ms
  scc_system_mapping.system_34                                           92ms
  scc_system_mapping.system_35                                           93ms
  scc_system_mapping.system_36                                           91ms
  scc_system_mapping.system_37                                           90ms
  scc_system_mapping.system_38                                           90ms
  scc_system_mapping.system_39                                           236ms
  scc_system_mapping.system_4                                            118ms
  scc_system_mapping.system_40                                           260ms
  scc_system_mapping.system_41                                           194ms
  scc_system_mapping.system_42                                           226ms
  scc_system_mapping.system_43                                           255ms
  scc_system_mapping.system_44                                           87ms
  scc_system_mapping.system_45                                           196ms
  scc_system_mapping.system_46                                           101ms
  scc_system_mapping.system_47                                           249ms
  scc_system_mapping.system_48                                           211ms
  scc_system_mapping.system_49                                           90ms
  scc_system_mapping.system_5                                            204ms
  scc_system_mapping.system_50                                           219ms
  scc_system_mapping.system_6                                            188ms
  scc_system_mapping.system_7                                            101ms
  scc_system_mapping.system_8                                            86ms
  scc_system_mapping.system_9                                            240ms


Run 20/20:
  Total run time: 1.108183s
  scc_system_mapping.system_1                                            89ms
  scc_system_mapping.system_10                                           213ms
  scc_system_mapping.system_11                                           88ms
  scc_system_mapping.system_12                                           89ms
  scc_system_mapping.system_13                                           89ms
  scc_system_mapping.system_14                                           90ms
  scc_system_mapping.system_15                                           125ms
  scc_system_mapping.system_16                                           102ms
  scc_system_mapping.system_17                                           85ms
  scc_system_mapping.system_18                                           185ms
  scc_system_mapping.system_19                                           89ms
  scc_system_mapping.system_2                                            238ms
  scc_system_mapping.system_20                                           208ms
  scc_system_mapping.system_21                                           250ms
  scc_system_mapping.system_22                                           225ms
  scc_system_mapping.system_23                                           86ms
  scc_system_mapping.system_24                                           93ms
  scc_system_mapping.system_25                                           179ms
  scc_system_mapping.system_26                                           97ms
  scc_system_mapping.system_27                                           85ms
  scc_system_mapping.system_28                                           173ms
  scc_system_mapping.system_29                                           84ms
  scc_system_mapping.system_3                                            91ms
  scc_system_mapping.system_30                                           89ms
  scc_system_mapping.system_31                                           99ms
  scc_system_mapping.system_32                                           86ms
  scc_system_mapping.system_33                                           92ms
  scc_system_mapping.system_34                                           87ms
  scc_system_mapping.system_35                                           84ms
  scc_system_mapping.system_36                                           232ms
  scc_system_mapping.system_37                                           89ms
  scc_system_mapping.system_38                                           91ms
  scc_system_mapping.system_39                                           89ms
  scc_system_mapping.system_4                                            91ms
  scc_system_mapping.system_40                                           221ms
  scc_system_mapping.system_41                                           209ms
  scc_system_mapping.system_42                                           97ms
  scc_system_mapping.system_43                                           89ms
  scc_system_mapping.system_44                                           232ms
  scc_system_mapping.system_45                                           225ms
  scc_system_mapping.system_46                                           90ms
  scc_system_mapping.system_47                                           91ms
  scc_system_mapping.system_48                                           256ms
  scc_system_mapping.system_49                                           240ms
  scc_system_mapping.system_5                                            199ms
  scc_system_mapping.system_50                                           177ms
  scc_system_mapping.system_6                                            89ms
  scc_system_mapping.system_7                                            189ms
  scc_system_mapping.system_8                                            243ms
  scc_system_mapping.system_9                                            200ms


Final results:
-------                                ------------    -----------    -----------
Element                                Average (ms)   Minimum (ms)   Maximum (ms)
scc_system_mapping.system_1                  169.70             78            291
scc_system_mapping.system_10                 162.60             74            273
scc_system_mapping.system_11                 143.60             81            295
scc_system_mapping.system_12                 128.00             86            257
scc_system_mapping.system_13                 147.50             76            268
scc_system_mapping.system_14                 131.60             68            272
scc_system_mapping.system_15                 171.70             87            261
scc_system_mapping.system_16                 167.00             85            290
scc_system_mapping.system_17                 139.20             69            284
scc_system_mapping.system_18                 165.75             78            270
scc_system_mapping.system_19                 168.40             76            304
scc_system_mapping.system_2                  162.45             90            280
scc_system_mapping.system_20                 148.05             74            276
scc_system_mapping.system_21                 145.55             78            250
scc_system_mapping.system_22                 137.80             87            254
scc_system_mapping.system_23                 151.90             80            266
scc_system_mapping.system_24                 160.10             86            258
scc_system_mapping.system_25                 149.90             72            274
scc_system_mapping.system_26                 150.95             66            263
scc_system_mapping.system_27                 135.55             80            293
scc_system_mapping.system_28                 176.10             75            284
scc_system_mapping.system_29                 139.20             70            266
scc_system_mapping.system_3                  139.15             76            283
scc_system_mapping.system_30                 147.15             88            279
scc_system_mapping.system_31                 168.20             83            291
scc_system_mapping.system_32                 160.80             86            275
scc_system_mapping.system_33                 138.20             76            265
scc_system_mapping.system_34                 135.40             79            276
scc_system_mapping.system_35                 165.05             84            283
scc_system_mapping.system_36                 135.80             70            249
scc_system_mapping.system_37                 152.85             81            276
scc_system_mapping.system_38                 130.30             68            283
scc_system_mapping.system_39                 171.80             88            265
scc_system_mapping.system_4                  152.50             82            274
scc_system_mapping.system_40                 162.75             84            260
scc_system_mapping.system_41                 162.55             80            259
scc_system_mapping.system_42                 148.90             82            281
scc_system_mapping.system_43                 118.25             71            255
scc_system_mapping.system_44                 151.00             83            292
scc_system_mapping.system_45                 172.30             78            281
scc_system_mapping.system_46                 138.35             80            283
scc_system_mapping.system_47                 140.95             73            249
scc_system_mapping.system_48                 125.00             78            256
scc_system_mapping.system_49                 140.65             84            257
scc_system_mapping.system_5                  209.65             85            299
scc_system_mapping.system_50                 165.30             92            280
scc_system_mapping.system_6                  152.25             85            265
scc_system_mapping.system_7                  124.45             75            222
scc_system_mapping.system_8                  159.65             85            270
scc_system_mapping.system_9                  168.00             80            287

Grouped results:
-------                                ------------    -----------    -----------
Element                                Average (ms)   Minimum (ms)   Maximum (ms)
scc_system_mapping.*                         151.80             66            304

Total wall-clock time: 23.069520s
Average wall-clock time: 1.153476s
Minimum wall-clock time: 1.043535s
Maximum wall-clock time: 2.199645s
Total Ressources: 50
