Running terraform plan -refresh-only 20 time(s)
Using Terraform parallelism: 50

Run 1/20:
  Total run time: 1.912181s
  scc_system_mapping.system_1                                            440ms
  scc_system_mapping.system_10                                           291ms
  scc_system_mapping.system_11                                           427ms
  scc_system_mapping.system_12                                           379ms
  scc_system_mapping.system_13                                           423ms
  scc_system_mapping.system_14                                           246ms
  scc_system_mapping.system_15                                           283ms
  scc_system_mapping.system_16                                           365ms
  scc_system_mapping.system_17                                           324ms
  scc_system_mapping.system_18                                           332ms
  scc_system_mapping.system_19                                           383ms
  scc_system_mapping.system_2                                            282ms
  scc_system_mapping.system_20                                           268ms
  scc_system_mapping.system_21                                           393ms
  scc_system_mapping.system_22                                           357ms
  scc_system_mapping.system_23                                           404ms
  scc_system_mapping.system_24                                           201ms
  scc_system_mapping.system_25                                           357ms
  scc_system_mapping.system_26                                           321ms
  scc_system_mapping.system_27                                           294ms
  scc_system_mapping.system_28                                           297ms
  scc_system_mapping.system_29                                           253ms
  scc_system_mapping.system_3                                            363ms
  scc_system_mapping.system_30                                           421ms
  scc_system_mapping.system_31                                           335ms
  scc_system_mapping.system_32                                           392ms
  scc_system_mapping.system_33                                           358ms
  scc_system_mapping.system_34                                           273ms
  scc_system_mapping.system_35                                           326ms
  scc_system_mapping.system_36                                           369ms
  scc_system_mapping.system_37                                           374ms
  scc_system_mapping.system_38                                           260ms
  scc_system_mapping.system_39                                           254ms
  scc_system_mapping.system_4                                            318ms
  scc_system_mapping.system_40                                           249ms
  scc_system_mapping.system_41                                           427ms
  scc_system_mapping.system_42                                           401ms
  scc_system_mapping.system_43                                           364ms
  scc_system_mapping.system_44                                           314ms
  scc_system_mapping.system_45                                           288ms
  scc_system_mapping.system_46                                           416ms
  scc_system_mapping.system_47                                           295ms
  scc_system_mapping.system_48                                           406ms
  scc_system_mapping.system_49                                           398ms
  scc_system_mapping.system_5                                            270ms
  scc_system_mapping.system_50                                           346ms
  scc_system_mapping.system_6                                            277ms
  scc_system_mapping.system_7                                            264ms
  scc_system_mapping.system_8                                            362ms
  scc_system_mapping.system_9                                            323ms


Run 2/20:
  Total run time: 1.133967s
  scc_system_mapping.system_1                                            271ms
  scc_system_mapping.system_10                                           284ms
  scc_system_mapping.system_11                                           277ms
  scc_system_mapping.system_12                                           252ms
  scc_system_mapping.system_13                                           395ms
  scc_system_mapping.system_14                                           395ms
  scc_system_mapping.system_15                                           392ms
  scc_system_mapping.system_16                                           434ms
  scc_system_mapping.system_17                                           346ms
  scc_system_mapping.system_18                                           411ms
  scc_system_mapping.system_19                                           401ms
  scc_system_mapping.system_2                                            430ms
  scc_system_mapping.system_20                                           274ms
  scc_system_mapping.system_21                                           394ms
  scc_system_mapping.system_22                                           283ms
  scc_system_mapping.system_23                                           346ms
  scc_system_mapping.system_24                                           400ms
  scc_system_mapping.system_25                                           348ms
  scc_system_mapping.system_26                                           436ms
  scc_system_mapping.system_27                                           288ms
  scc_system_mapping.system_28                                           364ms
  scc_system_mapping.system_29                                           440ms
  scc_system_mapping.system_3                                            382ms
  scc_system_mapping.system_30                                           319ms
  scc_system_mapping.system_31                                           325ms
  scc_system_mapping.system_32                                           251ms
  scc_system_mapping.system_33                                           398ms
  scc_system_mapping.system_34                                           318ms
  scc_system_mapping.system_35                                           298ms
  scc_system_mapping.system_36                                           318ms
  scc_system_mapping.system_37                                           287ms
  scc_system_mapping.system_38                                           373ms
  scc_system_mapping.system_39                                           435ms
  scc_system_mapping.system_4                                            358ms
  scc_system_mapping.system_40                                           433ms
  scc_system_mapping.system_41                                           344ms
  scc_system_mapping.system_42                                           298ms
  scc_system_mapping.system_43                                           421ms
  scc_system_mapping.system_44                                           354ms
  scc_system_mapping.system_45                                           413ms
  scc_system_mapping.system_46                                           362ms
  scc_system_mapping.system_47                                           357ms
  scc_system_mapping.system_48                                           402ms
  scc_system_mapping.system_49                                           308ms
  scc_system_mapping.system_5                                            376ms
  scc_system_mapping.system_50                                           301ms
  scc_system_mapping.system_6                                            262ms
  scc_system_mapping.system_7                                            297ms
  scc_system_mapping.system_8                                            340ms
  scc_system_mapping.system_9                                            307ms


Run 3/20:
  Total run time: 1.069666s
  scc_system_mapping.system_1                                            419ms
  scc_system_mapping.system_10                                           398ms
  scc_system_mapping.system_11                                           332ms
  scc_system_mapping.system_12                                           347ms
  scc_system_mapping.system_13                                           393ms
  scc_system_mapping.system_14                                           374ms
  scc_system_mapping.system_15                                           377ms
  scc_system_mapping.system_16                                           245ms
  scc_system_mapping.system_17                                           308ms
  scc_system_mapping.system_18                                           312ms
  scc_system_mapping.system_19                                           409ms
  scc_system_mapping.system_2                                            389ms
  scc_system_mapping.system_20                                           254ms
  scc_system_mapping.system_21                                           260ms
  scc_system_mapping.system_22                                           289ms
  scc_system_mapping.system_23                                           303ms
  scc_system_mapping.system_24                                           325ms
  scc_system_mapping.system_25                                           256ms
  scc_system_mapping.system_26                                           406ms
  scc_system_mapping.system_27                                           264ms
  scc_system_mapping.system_28                                           335ms
  scc_system_mapping.system_29                                           250ms
  scc_system_mapping.system_3                                            361ms
  scc_system_mapping.system_30                                           354ms
  scc_system_mapping.system_31                                           360ms
  scc_system_mapping.system_32                                           263ms
  scc_system_mapping.system_33                                           321ms
  scc_system_mapping.system_34                                           391ms
  scc_system_mapping.system_35                                           375ms
  scc_system_mapping.system_36                                           293ms
  scc_system_mapping.system_37                                           306ms
  scc_system_mapping.system_38                                           300ms
  scc_system_mapping.system_39                                           325ms
  scc_system_mapping.system_4                                            291ms
  scc_system_mapping.system_40                                           285ms
  scc_system_mapping.system_41                                           401ms
  scc_system_mapping.system_42                                           331ms
  scc_system_mapping.system_43                                           414ms
  scc_system_mapping.system_44                                           254ms
  scc_system_mapping.system_45                                           302ms
  scc_system_mapping.system_46                                           305ms
  scc_system_mapping.system_47                                           337ms
  scc_system_mapping.system_48                                           248ms
  scc_system_mapping.system_49                                           374ms
  scc_system_mapping.system_5                                            269ms
  scc_system_mapping.system_50                                           413ms
  scc_system_mapping.system_6                                            395ms
  scc_system_mapping.system_7                                            387ms
  scc_system_mapping.system_8                                            307ms
  scc_system_mapping.system_9                                            317ms


Run 4/20:
  Total run time: 1.146769s
  scc_system_mapping.system_1                                            318ms
  scc_system_mapping.system_10                                           372ms
  scc_system_mapping.system_11                                           305ms
  scc_system_mapping.system_12                                           321ms
  scc_system_mapping.system_13                                           309ms
  scc_system_mapping.system_14                                           335ms
  scc_system_mapping.system_15                                           319ms
  scc_system_mapping.system_16                                           455ms
  scc_system_mapping.system_17                                           441ms
  scc_system_mapping.system_18                                           319ms
  scc_system_mapping.system_19                                           314ms
  scc_system_mapping.system_2                                            319ms
  scc_system_mapping.system_20                                           312ms
  scc_system_mapping.system_21                                           336ms
  scc_system_mapping.system_22                                           343ms
  scc_system_mapping.system_23                                           407ms
  scc_system_mapping.system_24                                           436ms
  scc_system_mapping.system_25                                           445ms
  scc_system_mapping.system_26                                           398ms
  scc_system_mapping.system_27                                           425ms
  scc_system_mapping.system_28                                           378ms
  scc_system_mapping.system_29                                           395ms
  scc_system_mapping.system_3                                            369ms
  scc_system_mapping.system_30                                           321ms
  scc_system_mapping.system_31                                           444ms
  scc_system_mapping.system_32                                           354ms
  scc_system_mapping.system_33                                           321ms
  scc_system_mapping.system_34                                           406ms
  scc_system_mapping.system_35                                           425ms
  scc_system_mapping.system_36                                           426ms
  scc_system_mapping.system_37                                           323ms
  scc_system_mapping.system_38                                           353ms
  scc_system_mapping.system_39                                           352ms
  scc_system_mapping.system_4                                            425ms
  scc_system_mapping.system_40                                           397ms
  scc_system_mapping.system_41                                           381ms
  scc_system_mapping.system_42                                           444ms
  scc_system_mapping.system_43                                           386ms
  scc_system_mapping.system_44                                           452ms
  scc_system_mapping.system_45                                           448ms
  scc_system_mapping.system_46                                           346ms
  scc_system_mapping.system_47                                           427ms
  scc_system_mapping.system_48                                           435ms
  scc_system_mapping.system_49                                           335ms
  scc_system_mapping.system_5                                            363ms
  scc_system_mapping.system_50                                           382ms
  scc_system_mapping.system_6                                            319ms
  scc_system_mapping.system_7                                            315ms
  scc_system_mapping.system_8                                            336ms
  scc_system_mapping.system_9                                            417ms


Run 5/20:
  Total run time: 1.045563s
  scc_system_mapping.system_1                                            361ms
  scc_system_mapping.system_10                                           262ms
  scc_system_mapping.system_11                                           364ms
  scc_system_mapping.system_12                                           397ms
  scc_system_mapping.system_13                                           238ms
  scc_system_mapping.system_14                                           369ms
  scc_system_mapping.system_15                                           389ms
  scc_system_mapping.system_16                                           277ms
  scc_system_mapping.system_17                                           250ms
  scc_system_mapping.system_18                                           297ms
  scc_system_mapping.system_19                                           329ms
  scc_system_mapping.system_2                                            329ms
  scc_system_mapping.system_20                                           296ms
  scc_system_mapping.system_21                                           276ms
  scc_system_mapping.system_22                                           335ms
  scc_system_mapping.system_23                                           316ms
  scc_system_mapping.system_24                                           291ms
  scc_system_mapping.system_25                                           256ms
  scc_system_mapping.system_26                                           351ms
  scc_system_mapping.system_27                                           322ms
  scc_system_mapping.system_28                                           293ms
  scc_system_mapping.system_29                                           323ms
  scc_system_mapping.system_3                                            275ms
  scc_system_mapping.system_30                                           278ms
  scc_system_mapping.system_31                                           332ms
  scc_system_mapping.system_32                                           380ms
  scc_system_mapping.system_33                                           218ms
  scc_system_mapping.system_34                                           354ms
  scc_system_mapping.system_35                                           267ms
  scc_system_mapping.system_36                                           389ms
  scc_system_mapping.system_37                                           315ms
  scc_system_mapping.system_38                                           346ms
  scc_system_mapping.system_39                                           302ms
  scc_system_mapping.system_4                                            331ms
  scc_system_mapping.system_40                                           289ms
  scc_system_mapping.system_41                                           383ms
  scc_system_mapping.system_42                                           364ms
  scc_system_mapping.system_43                                           292ms
  scc_system_mapping.system_44                                           391ms
  scc_system_mapping.system_45                                           368ms
  scc_system_mapping.system_46                                           356ms
  scc_system_mapping.system_47                                           266ms
  scc_system_mapping.system_48                                           311ms
  scc_system_mapping.system_49                                           323ms
  scc_system_mapping.system_5                                            254ms
  scc_system_mapping.system_50                                           360ms
  scc_system_mapping.system_6                                            322ms
  scc_system_mapping.system_7                                            344ms
  scc_system_mapping.system_8                                            376ms
  scc_system_mapping.system_9                                            299ms


Run 6/20:
  Total run time: 1.096142s
  scc_system_mapping.system_1                                            319ms
  scc_system_mapping.system_10                                           402ms
  scc_system_mapping.system_11                                           258ms
  scc_system_mapping.system_12                                           299ms
  scc_system_mapping.system_13                                           278ms
  scc_system_mapping.system_14                                           348ms
  scc_system_mapping.system_15                                           384ms
  scc_system_mapping.system_16                                           387ms
  scc_system_mapping.system_17                                           411ms
  scc_system_mapping.system_18                                           409ms
  scc_system_mapping.system_19                                           374ms
  scc_system_mapping.system_2                                            281ms
  scc_system_mapping.system_20                                           318ms
  scc_system_mapping.system_21                                           349ms
  scc_system_mapping.system_22                                           312ms
  scc_system_mapping.system_23                                           357ms
  scc_system_mapping.system_24                                           422ms
  scc_system_mapping.system_25                                           410ms
  scc_system_mapping.system_26                                           289ms
  scc_system_mapping.system_27                                           265ms
  scc_system_mapping.system_28                                           397ms
  scc_system_mapping.system_29                                           381ms
  scc_system_mapping.system_3                                            390ms
  scc_system_mapping.system_30                                           430ms
  scc_system_mapping.system_31                                           237ms
  scc_system_mapping.system_32                                           440ms
  scc_system_mapping.system_33                                           390ms
  scc_system_mapping.system_34                                           315ms
  scc_system_mapping.system_35                                           277ms
  scc_system_mapping.system_36                                           330ms
  scc_system_mapping.system_37                                           297ms
  scc_system_mapping.system_38                                           295ms
  scc_system_mapping.system_39                                           413ms
  scc_system_mapping.system_4                                            271ms
  scc_system_mapping.system_40                                           336ms
  scc_system_mapping.system_41                                           283ms
  scc_system_mapping.system_42                                           287ms
  scc_system_mapping.system_43                                           354ms
  scc_system_mapping.system_44                                           351ms
  scc_system_mapping.system_45                                           317ms
  scc_system_mapping.system_46                                           361ms
  scc_system_mapping.system_47                                           420ms
  scc_system_mapping.system_48                                           274ms
  scc_system_mapping.system_49                                           383ms
  scc_system_mapping.system_5                                            375ms
  scc_system_mapping.system_50                                           408ms
  scc_system_mapping.system_6                                            309ms
  scc_system_mapping.system_7                                            322ms
  scc_system_mapping.system_8                                            437ms
  scc_system_mapping.system_9                                            426ms


Run 7/20:
  Total run time: 1.118111s
  scc_system_mapping.system_1                                            399ms
  scc_system_mapping.system_10                                           383ms
  scc_system_mapping.system_11                                           391ms
  scc_system_mapping.system_12                                           313ms
  scc_system_mapping.system_13                                           435ms
  scc_system_mapping.system_14                                           363ms
  scc_system_mapping.system_15                                           286ms
  scc_system_mapping.system_16                                           304ms
  scc_system_mapping.system_17                                           397ms
  scc_system_mapping.system_18                                           333ms
  scc_system_mapping.system_19                                           413ms
  scc_system_mapping.system_2                                            382ms
  scc_system_mapping.system_20                                           428ms
  scc_system_mapping.system_21                                           311ms
  scc_system_mapping.system_22                                           333ms
  scc_system_mapping.system_23                                           249ms
  scc_system_mapping.system_24                                           347ms
  scc_system_mapping.system_25                                           348ms
  scc_system_mapping.system_26                                           289ms
  scc_system_mapping.system_27                                           321ms
  scc_system_mapping.system_28                                           323ms
  scc_system_mapping.system_29                                           378ms
  scc_system_mapping.system_3                                            372ms
  scc_system_mapping.system_30                                           303ms
  scc_system_mapping.system_31                                           282ms
  scc_system_mapping.system_32                                           313ms
  scc_system_mapping.system_33                                           451ms
  scc_system_mapping.system_34                                           334ms
  scc_system_mapping.system_35                                           421ms
  scc_system_mapping.system_36                                           350ms
  scc_system_mapping.system_37                                           277ms
  scc_system_mapping.system_38                                           260ms
  scc_system_mapping.system_39                                           346ms
  scc_system_mapping.system_4                                            337ms
  scc_system_mapping.system_40                                           375ms
  scc_system_mapping.system_41                                           352ms
  scc_system_mapping.system_42                                           430ms
  scc_system_mapping.system_43                                           331ms
  scc_system_mapping.system_44                                           452ms
  scc_system_mapping.system_45                                           242ms
  scc_system_mapping.system_46                                           282ms
  scc_system_mapping.system_47                                           361ms
  scc_system_mapping.system_48                                           384ms
  scc_system_mapping.system_49                                           277ms
  scc_system_mapping.system_5                                            271ms
  scc_system_mapping.system_50                                           409ms
  scc_system_mapping.system_6                                            418ms
  scc_system_mapping.system_7                                            275ms
  scc_system_mapping.system_8                                            399ms
  scc_system_mapping.system_9                                            276ms


Run 8/20:
  Total run time: 1.112968s
  scc_system_mapping.system_1                                            329ms
  scc_system_mapping.system_10                                           395ms
  scc_system_mapping.system_11                                           288ms
  scc_system_mapping.system_12                                           272ms
  scc_system_mapping.system_13                                           394ms
  scc_system_mapping.system_14                                           412ms
  scc_system_mapping.system_15                                           355ms
  scc_system_mapping.system_16                                           347ms
  scc_system_mapping.system_17                                           278ms
  scc_system_mapping.system_18                                           415ms
  scc_system_mapping.system_19                                           394ms
  scc_system_mapping.system_2                                            372ms
  scc_system_mapping.system_20                                           331ms
  scc_system_mapping.system_21                                           412ms
  scc_system_mapping.system_22                                           304ms
  scc_system_mapping.system_23                                           284ms
  scc_system_mapping.system_24                                           387ms
  scc_system_mapping.system_25                                           400ms
  scc_system_mapping.system_26                                           420ms
  scc_system_mapping.system_27                                           439ms
  scc_system_mapping.system_28                                           276ms
  scc_system_mapping.system_29                                           334ms
  scc_system_mapping.system_3                                            320ms
  scc_system_mapping.system_30                                           330ms
  scc_system_mapping.system_31                                           427ms
  scc_system_mapping.system_32                                           397ms
  scc_system_mapping.system_33                                           281ms
  scc_system_mapping.system_34                                           345ms
  scc_system_mapping.system_35                                           360ms
  scc_system_mapping.system_36                                           274ms
  scc_system_mapping.system_37                                           228ms
  scc_system_mapping.system_38                                           345ms
  scc_system_mapping.system_39                                           275ms
  scc_system_mapping.system_4                                            424ms
  scc_system_mapping.system_40                                           433ms
  scc_system_mapping.system_41                                           281ms
  scc_system_mapping.system_42                                           245ms
  scc_system_mapping.system_43                                           324ms
  scc_system_mapping.system_44                                           386ms
  scc_system_mapping.system_45                                           287ms
  scc_system_mapping.system_46                                           297ms
  scc_system_mapping.system_47                                           371ms
  scc_system_mapping.system_48                                           363ms
  scc_system_mapping.system_49                                           410ms
  scc_system_mapping.system_5                                            312ms
  scc_system_mapping.system_50                                           334ms
  scc_system_mapping.system_6                                            367ms
  scc_system_mapping.system_7                                            441ms
  scc_system_mapping.system_8                                            344ms
  scc_system_mapping.system_9                                            302ms


Run 9/20:
  Total run time: 1.096069s
  scc_system_mapping.system_1                                            318ms
  scc_system_mapping.system_10                                           374ms
  scc_system_mapping.system_11                                           318ms
  scc_system_mapping.system_12                                           403ms
  scc_system_mapping.system_13                                           252ms
  scc_system_mapping.system_14                                           277ms
  scc_system_mapping.system_15                                           285ms
  scc_system_mapping.system_16                                           414ms
  scc_system_mapping.system_17                                           398ms
  scc_system_mapping.system_18                                           304ms
  scc_system_mapping.system_19                                           308ms
  scc_system_mapping.system_2                                            356ms
  scc_system_mapping.system_20                                           277ms
  scc_system_mapping.system_21                                           418ms
  scc_system_mapping.system_22                                           427ms
  scc_system_mapping.system_23                                           253ms
  scc_system_mapping.system_24                                           299ms
  scc_system_mapping.system_25                                           440ms
  scc_system_mapping.system_26                                           397ms
  scc_system_mapping.system_27                                           340ms
  scc_system_mapping.system_28                                           367ms
  scc_system_mapping.system_29                                           333ms
  scc_system_mapping.system_3                                            404ms
  scc_system_mapping.system_30                                           373ms
  scc_system_mapping.system_31                                           328ms
  scc_system_mapping.system_32                                           353ms
  scc_system_mapping.system_33                                           316ms
  scc_system_mapping.system_34                                           385ms
  scc_system_mapping.system_35                                           275ms
  scc_system_mapping.system_36                                           416ms
  scc_system_mapping.system_37                                           372ms
  scc_system_mapping.system_38                                           346ms
  scc_system_mapping.system_39                                           389ms
  scc_system_mapping.system_4                                            398ms
  scc_system_mapping.system_40                                           412ms
  scc_system_mapping.system_41                                           249ms
  scc_system_mapping.system_42                                           303ms
  scc_system_mapping.system_43                                           339ms
  scc_system_mapping.system_44                                           266ms
  scc_system_mapping.system_45                                           272ms
  scc_system_mapping.system_46                                           281ms
  scc_system_mapping.system_47                                           247ms
  scc_system_mapping.system_48                                           260ms
  scc_system_mapping.system_49                                           336ms
  scc_system_mapping.system_5                                            273ms
  scc_system_mapping.system_50                                           374ms
  scc_system_mapping.system_6                                            341ms
  scc_system_mapping.system_7                                            414ms
  scc_system_mapping.system_8                                            283ms
  scc_system_mapping.system_9                                            334ms


Run 10/20:
  Total run time: 1.111413s
  scc_system_mapping.system_1                                            336ms
  scc_system_mapping.system_10                                           367ms
  scc_system_mapping.system_11                                           355ms
  scc_system_mapping.system_12                                           283ms
  scc_system_mapping.system_13                                           309ms
  scc_system_mapping.system_14                                           298ms
  scc_system_mapping.system_15                                           261ms
  scc_system_mapping.system_16                                           371ms
  scc_system_mapping.system_17                                           383ms
  scc_system_mapping.system_18                                           367ms
  scc_system_mapping.system_19                                           326ms
  scc_system_mapping.system_2                                            279ms
  scc_system_mapping.system_20                                           242ms
  scc_system_mapping.system_21                                           378ms
  scc_system_mapping.system_22                                           363ms
  scc_system_mapping.system_23                                           410ms
  scc_system_mapping.system_24                                           342ms
  scc_system_mapping.system_25                                           355ms
  scc_system_mapping.system_26                                           277ms
  scc_system_mapping.system_27                                           409ms
  scc_system_mapping.system_28                                           308ms
  scc_system_mapping.system_29                                           422ms
  scc_system_mapping.system_3                                            394ms
  scc_system_mapping.system_30                                           250ms
  scc_system_mapping.system_31                                           316ms
  scc_system_mapping.system_32                                           307ms
  scc_system_mapping.system_33                                           251ms
  scc_system_mapping.system_34                                           392ms
  scc_system_mapping.system_35                                           419ms
  scc_system_mapping.system_36                                           377ms
  scc_system_mapping.system_37                                           315ms
  scc_system_mapping.system_38                                           345ms
  scc_system_mapping.system_39                                           313ms
  scc_system_mapping.system_4                                            250ms
  scc_system_mapping.system_40                                           420ms
  scc_system_mapping.system_41                                           369ms
  scc_system_mapping.system_42                                           326ms
  scc_system_mapping.system_43                                           408ms
  scc_system_mapping.system_44                                           321ms
  scc_system_mapping.system_45                                           410ms
  scc_system_mapping.system_46                                           389ms
  scc_system_mapping.system_47                                           418ms
  scc_system_mapping.system_48                                           379ms
  scc_system_mapping.system_49                                           263ms
  scc_system_mapping.system_5                                            350ms
  scc_system_mapping.system_50                                           340ms
  scc_system_mapping.system_6                                            398ms
  scc_system_mapping.system_7                                            412ms
  scc_system_mapping.system_8                                            305ms
  scc_system_mapping.system_9                                            282ms


Run 11/20:
  Total run time: 1.100383s
  scc_system_mapping.system_1                                            375ms
  scc_system_mapping.system_10                                           307ms
  scc_system_mapping.system_11                                           282ms
  scc_system_mapping.system_12                                           368ms
  scc_system_mapping.system_13                                           338ms
  scc_system_mapping.system_14                                           348ms
  scc_system_mapping.system_15                                           361ms
  scc_system_mapping.system_16                                           321ms
  scc_system_mapping.system_17                                           405ms
  scc_system_mapping.system_18                                           379ms
  scc_system_mapping.system_19                                           379ms
  scc_system_mapping.system_2                                            264ms
  scc_system_mapping.system_20                                           412ms
  scc_system_mapping.system_21                                           349ms
  scc_system_mapping.system_22                                           393ms
  scc_system_mapping.system_23                                           426ms
  scc_system_mapping.system_24                                           269ms
  scc_system_mapping.system_25                                           370ms
  scc_system_mapping.system_26                                           237ms
  scc_system_mapping.system_27                                           350ms
  scc_system_mapping.system_28                                           305ms
  scc_system_mapping.system_29                                           287ms
  scc_system_mapping.system_3                                            410ms
  scc_system_mapping.system_30                                           403ms
  scc_system_mapping.system_31                                           290ms
  scc_system_mapping.system_32                                           430ms
  scc_system_mapping.system_33                                           419ms
  scc_system_mapping.system_34                                           407ms
  scc_system_mapping.system_35                                           283ms
  scc_system_mapping.system_36                                           388ms
  scc_system_mapping.system_37                                           250ms
  scc_system_mapping.system_38                                           390ms
  scc_system_mapping.system_39                                           416ms
  scc_system_mapping.system_4                                            269ms
  scc_system_mapping.system_40                                           293ms
  scc_system_mapping.system_41                                           405ms
  scc_system_mapping.system_42                                           354ms
  scc_system_mapping.system_43                                           356ms
  scc_system_mapping.system_44                                           283ms
  scc_system_mapping.system_45                                           379ms
  scc_system_mapping.system_46                                           323ms
  scc_system_mapping.system_47                                           307ms
  scc_system_mapping.system_48                                           271ms
  scc_system_mapping.system_49                                           306ms
  scc_system_mapping.system_5                                            324ms
  scc_system_mapping.system_50                                           296ms
  scc_system_mapping.system_6                                            274ms
  scc_system_mapping.system_7                                            281ms
  scc_system_mapping.system_8                                            267ms
  scc_system_mapping.system_9                                            337ms


Run 12/20:
  Total run time: 1.130424s
  scc_system_mapping.system_1                                            423ms
  scc_system_mapping.system_10                                           343ms
  scc_system_mapping.system_11                                           393ms
  scc_system_mapping.system_12                                           311ms
  scc_system_mapping.system_13                                           327ms
  scc_system_mapping.system_14                                           328ms
  scc_system_mapping.system_15                                           302ms
  scc_system_mapping.system_16                                           411ms
  scc_system_mapping.system_17                                           455ms
  scc_system_mapping.system_18                                           355ms
  scc_system_mapping.system_19                                           303ms
  scc_system_mapping.system_2                                            305ms
  scc_system_mapping.system_20                                           379ms
  scc_system_mapping.system_21                                           362ms
  scc_system_mapping.system_22                                           371ms
  scc_system_mapping.system_23                                           457ms
  scc_system_mapping.system_24                                           443ms
  scc_system_mapping.system_25                                           401ms
  scc_system_mapping.system_26                                           413ms
  scc_system_mapping.system_27                                           371ms
  scc_system_mapping.system_28                                           415ms
  scc_system_mapping.system_29                                           267ms
  scc_system_mapping.system_3                                            380ms
  scc_system_mapping.system_30                                           318ms
  scc_system_mapping.system_31                                           380ms
  scc_system_mapping.system_32                                           316ms
  scc_system_mapping.system_33                                           321ms
  scc_system_mapping.system_34                                           336ms
  scc_system_mapping.system_35                                           369ms
  scc_system_mapping.system_36                                           270ms
  scc_system_mapping.system_37                                           430ms
  scc_system_mapping.system_38                                           311ms
  scc_system_mapping.system_39                                           261ms
  scc_system_mapping.system_4                                            232ms
  scc_system_mapping.system_40                                           281ms
  scc_system_mapping.system_41                                           439ms
  scc_system_mapping.system_42                                           370ms
  scc_system_mapping.system_43                                           395ms
  scc_system_mapping.system_44                                           292ms
  scc_system_mapping.system_45                                           435ms
  scc_system_mapping.system_46                                           331ms
  scc_system_mapping.system_47                                           432ms
  scc_system_mapping.system_48                                           402ms
  scc_system_mapping.system_49                                           302ms
  scc_system_mapping.system_5                                            272ms
  scc_system_mapping.system_50                                           336ms
  scc_system_mapping.system_6                                            385ms
  scc_system_mapping.system_7                                            356ms
  scc_system_mapping.system_8                                            409ms
  scc_system_mapping.system_9                                            424ms


Run 13/20:
  Total run time: 1.106628s
  scc_system_mapping.system_1                                            446ms
  scc_system_mapping.system_10                                           398ms
  scc_system_mapping.system_11                                           293ms
  scc_system_mapping.system_12                                           267ms
  scc_system_mapping.system_13                                           332ms
  scc_system_mapping.system_14                                           323ms
  scc_system_mapping.system_15                                           435ms
  scc_system_mapping.system_16                                           446ms
  scc_system_mapping.system_17                                           431ms
  scc_system_mapping.system_18                                           385ms
  scc_system_mapping.system_19                                           269ms
  scc_system_mapping.system_2                                            296ms
  scc_system_mapping.system_20                                           301ms
  scc_system_mapping.system_21                                           370ms
  scc_system_mapping.system_22                                           316ms
  scc_system_mapping.system_23                                           300ms
  scc_system_mapping.system_24                                           344ms
  scc_system_mapping.system_25                                           266ms
  scc_system_mapping.system_26                                           373ms
  scc_system_mapping.system_27                                           402ms
  scc_system_mapping.system_28                                           430ms
  scc_system_mapping.system_29                                           343ms
  scc_system_mapping.system_3                                            301ms
  scc_system_mapping.system_30                                           350ms
  scc_system_mapping.system_31                                           296ms
  scc_system_mapping.system_32                                           324ms
  scc_system_mapping.system_33                                           317ms
  scc_system_mapping.system_34                                           423ms
  scc_system_mapping.system_35                                           361ms
  scc_system_mapping.system_36                                           274ms
  scc_system_mapping.system_37                                           255ms
  scc_system_mapping.system_38                                           253ms
  scc_system_mapping.system_39                                           412ms
  scc_system_mapping.system_4                                            377ms
  scc_system_mapping.system_40                                           355ms
  scc_system_mapping.system_41                                           350ms
  scc_system_mapping.system_42                                           398ms
  scc_system_mapping.system_43                                           274ms
  scc_system_mapping.system_44                                           322ms
  scc_system_mapping.system_45                                           332ms
  scc_system_mapping.system_46                                           298ms
  scc_system_mapping.system_47                                           433ms
  scc_system_mapping.system_48                                           272ms
  scc_system_mapping.system_49                                           356ms
  scc_system_mapping.system_5                                            407ms
  scc_system_mapping.system_50                                           353ms
  scc_system_mapping.system_6                                            360ms
  scc_system_mapping.system_7                                            408ms
  scc_system_mapping.system_8                                            392ms
  scc_system_mapping.system_9                                            439ms


Run 14/20:
  Total run time: 1.145308s
  scc_system_mapping.system_1                                            390ms
  scc_system_mapping.system_10                                           268ms
  scc_system_mapping.system_11                                           327ms
  scc_system_mapping.system_12                                           330ms
  scc_system_mapping.system_13                                           312ms
  scc_system_mapping.system_14                                           442ms
  scc_system_mapping.system_15                                           326ms
  scc_system_mapping.system_16                                           423ms
  scc_system_mapping.system_17                                           279ms
  scc_system_mapping.system_18                                           347ms
  scc_system_mapping.system_19                                           413ms
  scc_system_mapping.system_2                                            439ms
  scc_system_mapping.system_20                                           383ms
  scc_system_mapping.system_21                                           389ms
  scc_system_mapping.system_22                                           323ms
  scc_system_mapping.system_23                                           393ms
  scc_system_mapping.system_24                                           414ms
  scc_system_mapping.system_25                                           377ms
  scc_system_mapping.system_26                                           403ms
  scc_system_mapping.system_27                                           285ms
  scc_system_mapping.system_28                                           451ms
  scc_system_mapping.system_29                                           461ms
  scc_system_mapping.system_3                                            377ms
  scc_system_mapping.system_30                                           360ms
  scc_system_mapping.system_31                                           266ms
  scc_system_mapping.system_32                                           400ms
  scc_system_mapping.system_33                                           286ms
  scc_system_mapping.system_34                                           446ms
  scc_system_mapping.system_35                                           345ms
  scc_system_mapping.system_36                                           371ms
  scc_system_mapping.system_37                                           308ms
  scc_system_mapping.system_38                                           368ms
  scc_system_mapping.system_39                                           384ms
  scc_system_mapping.system_4                                            286ms
  scc_system_mapping.system_40                                           408ms
  scc_system_mapping.system_41                                           417ms
  scc_system_mapping.system_42                                           385ms
  scc_system_mapping.system_43                                           402ms
  scc_system_mapping.system_44                                           346ms
  scc_system_mapping.system_45                                           305ms
  scc_system_mapping.system_46                                           279ms
  scc_system_mapping.system_47                                           315ms
  scc_system_mapping.system_48                                           285ms
  scc_system_mapping.system_49                                           405ms
  scc_system_mapping.system_5                                            453ms
  scc_system_mapping.system_50                                           433ms
  scc_system_mapping.system_6                                            321ms
  scc_system_mapping.system_7                                            343ms
  scc_system_mapping.system_8                                            451ms
  scc_system_mapping.system_9                                            420ms


Run 15/20:
  Total run time: 1.131106s
  scc_system_mapping.system_1                                            372ms
  scc_system_mapping.system_10                                           376ms
  scc_system_mapping.system_11                                           271ms
  scc_system_mapping.system_12                                           257ms
  scc_system_mapping.system_13                                           266ms
  scc_system_mapping.system_14                                           284ms
  scc_system_mapping.system_15                                           315ms
  scc_system_mapping.system_16                                           331ms
  scc_system_mapping.system_17                                           270ms
  scc_system_mapping.system_18                                           296ms
  scc_system_mapping.system_19                                           285ms
  scc_system_mapping.system_2                                            372ms
  scc_system_mapping.system_20                                           279ms
  scc_system_mapping.system_21                                           419ms
  scc_system_mapping.system_22                                           430ms
  scc_system_mapping.system_23                                           331ms
  scc_system_mapping.system_24                                           379ms
  scc_system_mapping.system_25                                           316ms
  scc_system_mapping.system_26                                           267ms
  scc_system_mapping.system_27                                           374ms
  scc_system_mapping.system_28                                           403ms
  scc_system_mapping.system_29                                           277ms
  scc_system_mapping.system_3                                            317ms
  scc_system_mapping.system_30                                           396ms
  scc_system_mapping.system_31                                           327ms
  scc_system_mapping.system_32                                           424ms
  scc_system_mapping.system_33                                           303ms
  scc_system_mapping.system_34                                           274ms
  scc_system_mapping.system_35                                           337ms
  scc_system_mapping.system_36                                           339ms
  scc_system_mapping.system_37                                           321ms
  scc_system_mapping.system_38                                           393ms
  scc_system_mapping.system_39                                           393ms
  scc_system_mapping.system_4                                            387ms
  scc_system_mapping.system_40                                           338ms
  scc_system_mapping.system_41                                           350ms
  scc_system_mapping.system_42                                           372ms
  scc_system_mapping.system_43                                           408ms
  scc_system_mapping.system_44                                           383ms
  scc_system_mapping.system_45                                           349ms
  scc_system_mapping.system_46                                           277ms
  scc_system_mapping.system_47                                           312ms
  scc_system_mapping.system_48                                           337ms
  scc_system_mapping.system_49                                           362ms
  scc_system_mapping.system_5                                            391ms
  scc_system_mapping.system_50                                           213ms
  scc_system_mapping.system_6                                            272ms
  scc_system_mapping.system_7                                            301ms
  scc_system_mapping.system_8                                            305ms
  scc_system_mapping.system_9                                            362ms


Run 16/20:
  Total run time: 1.076840s
  scc_system_mapping.system_1                                            340ms
  scc_system_mapping.system_10                                           289ms
  scc_system_mapping.system_11                                           269ms
  scc_system_mapping.system_12                                           419ms
  scc_system_mapping.system_13                                           416ms
  scc_system_mapping.system_14                                           325ms
  scc_system_mapping.system_15                                           334ms
  scc_system_mapping.system_16                                           422ms
  scc_system_mapping.system_17                                           412ms
  scc_system_mapping.system_18                                           305ms
  scc_system_mapping.system_19                                           393ms
  scc_system_mapping.system_2                                            378ms
  scc_system_mapping.system_20                                           315ms
  scc_system_mapping.system_21                                           363ms
  scc_system_mapping.system_22                                           283ms
  scc_system_mapping.system_23                                           407ms
  scc_system_mapping.system_24                                           318ms
  scc_system_mapping.system_25                                           414ms
  scc_system_mapping.system_26                                           412ms
  scc_system_mapping.system_27                                           419ms
  scc_system_mapping.system_28                                           299ms
  scc_system_mapping.system_29                                           191ms
  scc_system_mapping.system_3                                            367ms
  scc_system_mapping.system_30                                           348ms
  scc_system_mapping.system_31                                           351ms
  scc_system_mapping.system_32                                           301ms
  scc_system_mapping.system_33                                           416ms
  scc_system_mapping.system_34                                           270ms
  scc_system_mapping.system_35                                           320ms
  scc_system_mapping.system_36                                           414ms
  scc_system_mapping.system_37                                           277ms
  scc_system_mapping.system_38                                           290ms
  scc_system_mapping.system_39                                           349ms
  scc_system_mapping.system_4                                            337ms
  scc_system_mapping.system_40                                           413ms
  scc_system_mapping.system_41                                           415ms
  scc_system_mapping.system_42                                           310ms
  scc_system_mapping.system_43                                           370ms
  scc_system_mapping.system_44                                           310ms
  scc_system_mapping.system_45                                           244ms
  scc_system_mapping.system_46                                           419ms
  scc_system_mapping.system_47                                           401ms
  scc_system_mapping.system_48                                           325ms
  scc_system_mapping.system_49                                           338ms
  scc_system_mapping.system_5                                            260ms
  scc_system_mapping.system_50                                           308ms
  scc_system_mapping.system_6                                            412ms
  scc_system_mapping.system_7                                            288ms
  scc_system_mapping.system_8                                            272ms
  scc_system_mapping.system_9                                            243ms


Run 17/20:
  Total run time: 1.125945s
  scc_system_mapping.system_1                                            332ms
  scc_system_mapping.system_10                                           355ms
  scc_system_mapping.system_11                                           447ms
  scc_system_mapping.system_12                                           314ms
  scc_system_mapping.system_13                                           397ms
  scc_system_mapping.system_14                                           304ms
  scc_system_mapping.system_15                                           371ms
  scc_system_mapping.system_16                                           332ms
  scc_system_mapping.system_17                                           319ms
  scc_system_mapping.system_18                                           306ms
  scc_system_mapping.system_19                                           328ms
  scc_system_mapping.system_2                                            440ms
  scc_system_mapping.system_20                                           308ms
  scc_system_mapping.system_21                                           385ms
  scc_system_mapping.system_22                                           405ms
  scc_system_mapping.system_23                                           390ms
  scc_system_mapping.system_24                                           383ms
  scc_system_mapping.system_25                                           443ms
  scc_system_mapping.system_26                                           361ms
  scc_system_mapping.system_27                                           441ms
  scc_system_mapping.system_28                                           384ms
  scc_system_mapping.system_29                                           304ms
  scc_system_mapping.system_3                                            413ms
  scc_system_mapping.system_30                                           320ms
  scc_system_mapping.system_31                                           354ms
  scc_system_mapping.system_32                                           461ms
  scc_system_mapping.system_33                                           445ms
  scc_system_mapping.system_34                                           379ms
  scc_system_mapping.system_35                                           305ms
  scc_system_mapping.system_36                                           331ms
  scc_system_mapping.system_37                                           254ms
  scc_system_mapping.system_38                                           429ms
  scc_system_mapping.system_39                                           394ms
  scc_system_mapping.system_4                                            398ms
  scc_system_mapping.system_40                                           416ms
  scc_system_mapping.system_41                                           329ms
  scc_system_mapping.system_42                                           430ms
  scc_system_mapping.system_43                                           450ms
  scc_system_mapping.system_44                                           418ms
  scc_system_mapping.system_45                                           391ms
  scc_system_mapping.system_46                                           414ms
  scc_system_mapping.system_47                                           429ms
  scc_system_mapping.system_48                                           292ms
  scc_system_mapping.system_49                                           460ms
  scc_system_mapping.system_5                                            305ms
  scc_system_mapping.system_50                                           287ms
  scc_system_mapping.system_6                                            369ms
  scc_system_mapping.system_7                                            411ms
  scc_system_mapping.system_8                                            400ms
  scc_system_mapping.system_9                                            375ms


Run 18/20:
  Total run time: 1.196779s
  scc_system_mapping.system_1                                            476ms
  scc_system_mapping.system_10                                           357ms
  scc_system_mapping.system_11                                           344ms
  scc_system_mapping.system_12                                           474ms
  scc_system_mapping.system_13                                           345ms
  scc_system_mapping.system_14                                           462ms
  scc_system_mapping.system_15                                           331ms
  scc_system_mapping.system_16                                           385ms
  scc_system_mapping.system_17                                           399ms
  scc_system_mapping.system_18                                           451ms
  scc_system_mapping.system_19                                           413ms
  scc_system_mapping.system_2                                            390ms
  scc_system_mapping.system_20                                           446ms
  scc_system_mapping.system_21                                           452ms
  scc_system_mapping.system_22                                           440ms
  scc_system_mapping.system_23                                           410ms
  scc_system_mapping.system_24                                           439ms
  scc_system_mapping.system_25                                           370ms
  scc_system_mapping.system_26                                           454ms
  scc_system_mapping.system_27                                           406ms
  scc_system_mapping.system_28                                           461ms
  scc_system_mapping.system_29                                           345ms
  scc_system_mapping.system_3                                            380ms
  scc_system_mapping.system_30                                           415ms
  scc_system_mapping.system_31                                           452ms
  scc_system_mapping.system_32                                           334ms
  scc_system_mapping.system_33                                           363ms
  scc_system_mapping.system_34                                           374ms
  scc_system_mapping.system_35                                           463ms
  scc_system_mapping.system_36                                           466ms
  scc_system_mapping.system_37                                           439ms
  scc_system_mapping.system_38                                           478ms
  scc_system_mapping.system_39                                           361ms
  scc_system_mapping.system_4                                            449ms
  scc_system_mapping.system_40                                           375ms
  scc_system_mapping.system_41                                           362ms
  scc_system_mapping.system_42                                           400ms
  scc_system_mapping.system_43                                           380ms
  scc_system_mapping.system_44                                           393ms
  scc_system_mapping.system_45                                           328ms
  scc_system_mapping.system_46                                           359ms
  scc_system_mapping.system_47                                           399ms
  scc_system_mapping.system_48                                           436ms
  scc_system_mapping.system_49                                           362ms
  scc_system_mapping.system_5                                            420ms
  scc_system_mapping.system_50                                           477ms
  scc_system_mapping.system_6                                            388ms
  scc_system_mapping.system_7                                            453ms
  scc_system_mapping.system_8                                            347ms
  scc_system_mapping.system_9                                            398ms


Run 19/20:
  Total run time: 1.092994s
  scc_system_mapping.system_1                                            384ms
  scc_system_mapping.system_10                                           293ms
  scc_system_mapping.system_11                                           272ms
  scc_system_mapping.system_12                                           347ms
  scc_system_mapping.system_13                                           269ms
  scc_system_mapping.system_14                                           345ms
  scc_system_mapping.system_15                                           332ms
  scc_system_mapping.system_16                                           332ms
  scc_system_mapping.system_17                                           408ms
  scc_system_mapping.system_18                                           339ms
  scc_system_mapping.system_19                                           288ms
  scc_system_mapping.system_2                                            304ms
  scc_system_mapping.system_20                                           362ms
  scc_system_mapping.system_21                                           370ms
  scc_system_mapping.system_22                                           359ms
  scc_system_mapping.system_23                                           320ms
  scc_system_mapping.system_24                                           344ms
  scc_system_mapping.system_25                                           346ms
  scc_system_mapping.system_26                                           407ms
  scc_system_mapping.system_27                                           410ms
  scc_system_mapping.system_28                                           333ms
  scc_system_mapping.system_29                                           394ms
  scc_system_mapping.system_3                                            270ms
  scc_system_mapping.system_30                                           381ms
  scc_system_mapping.system_31                                           278ms
  scc_system_mapping.system_32                                           381ms
  scc_system_mapping.system_33                                           262ms
  scc_system_mapping.system_34                                           413ms
  scc_system_mapping.system_35                                           400ms
  scc_system_mapping.system_36                                           317ms
  scc_system_mapping.system_37                                           295ms
  scc_system_mapping.system_38                                           294ms
  scc_system_mapping.system_39                                           389ms
  scc_system_mapping.system_4                                            330ms
  scc_system_mapping.system_40                                           355ms
  scc_system_mapping.system_41                                           309ms
  scc_system_mapping.system_42                                           310ms
  scc_system_mapping.system_43                                           340ms
  scc_system_mapping.system_44                                           386ms
  scc_system_mapping.system_45                                           318ms
  scc_system_mapping.system_46                                           388ms
  scc_system_mapping.system_47                                           323ms
  scc_system_mapping.system_48                                           284ms
  scc_system_mapping.system_49                                           399ms
  scc_system_mapping.system_5                                            357ms
  scc_system_mapping.system_50                                           274ms
  scc_system_mapping.system_6                                            393ms
  scc_system_mapping.system_7                                            307ms
  scc_system_mapping.system_8                                            412ms
  scc_system_mapping.system_9                                            396ms


Run 20/20:
  Total run time: 1.172489s
  scc_system_mapping.system_1                                            310ms
  scc_system_mapping.system_10                                           309ms
  scc_system_mapping.system_11                                           342ms
  scc_system_mapping.system_12                                           370ms
  scc_system_mapping.system_13                                           406ms
  scc_system_mapping.system_14                                           413ms
  scc_system_mapping.system_15                                           465ms
  scc_system_mapping.system_16                                           452ms
  scc_system_mapping.system_17                                           469ms
  scc_system_mapping.system_18                                           443ms
  scc_system_mapping.system_19                                           334ms
  scc_system_mapping.system_2                                            299ms
  scc_system_mapping.system_20                                           455ms
  scc_system_mapping.system_21                                           275ms
  scc_system_mapping.system_22                                           332ms
  scc_system_mapping.system_23                                           325ms
  scc_system_mapping.system_24                                           396ms
  scc_system_mapping.system_25                                           275ms
  scc_system_mapping.system_26                                           349ms
  scc_system_mapping.system_27                                           357ms
  scc_system_mapping.system_28                                           275ms
  scc_system_mapping.system_29                                           355ms
  scc_system_mapping.system_3                                            297ms
  scc_system_mapping.system_30                                           306ms
  scc_system_mapping.system_31                                           431ms
  scc_system_mapping.system_32                                           295ms
  scc_system_mapping.system_33                                           442ms
  scc_system_mapping.system_34                                           428ms
  scc_system_mapping.system_35                                           373ms
  scc_system_mapping.system_36                                           224ms
  scc_system_mapping.system_37                                           375ms
  scc_system_mapping.system_38                                           356ms
  scc_system_mapping.system_39                                           307ms
  scc_system_mapping.system_4                                            454ms
  scc_system_mapping.system_40                                           436ms
  scc_system_mapping.system_41                                           265ms
  scc_system_mapping.system_42                                           331ms
  scc_system_mapping.system_43                                           369ms
  scc_system_mapping.system_44                                           288ms
  scc_system_mapping.system_45                                           293ms
  scc_system_mapping.system_46                                           264ms
  scc_system_mapping.system_47                                           383ms
  scc_system_mapping.system_48                                           281ms
  scc_system_mapping.system_49                                           257ms
  scc_system_mapping.system_5                                            333ms
  scc_system_mapping.system_50                                           429ms
  scc_system_mapping.system_6                                            305ms
  scc_system_mapping.system_7                                            275ms
  scc_system_mapping.system_8                                            323ms
  scc_system_mapping.system_9                                            410ms


Final results:
-------                                ------------    -----------    -----------
Element                                Average (ms)   Minimum (ms)   Maximum (ms)
scc_system_mapping.system_1                  367.90            271            476
scc_system_mapping.system_10                 341.15            262            402
scc_system_mapping.system_11                 327.75            258            447
scc_system_mapping.system_12                 336.15            252            474
scc_system_mapping.system_13                 341.70            238            435
scc_system_mapping.system_14                 349.55            246            462
scc_system_mapping.system_15                 345.15            261            465
scc_system_mapping.system_16                 372.70            245            455
scc_system_mapping.system_17                 369.15            250            469
scc_system_mapping.system_18                 355.25            296            451
scc_system_mapping.system_19                 352.80            269            413
scc_system_mapping.system_2                  345.30            264            440
scc_system_mapping.system_20                 332.00            242            455
scc_system_mapping.system_21                 363.05            260            452
scc_system_mapping.system_22                 349.90            283            440
scc_system_mapping.system_23                 354.40            249            457
scc_system_mapping.system_24                 358.95            201            443
scc_system_mapping.system_25                 359.65            256            445
scc_system_mapping.system_26                 363.00            237            454
scc_system_mapping.system_27                 359.10            264            441
scc_system_mapping.system_28                 354.70            275            461
scc_system_mapping.system_29                 336.65            191            461
scc_system_mapping.system_3                  357.10            270            413
scc_system_mapping.system_30                 348.80            250            430
scc_system_mapping.system_31                 340.55            237            452
scc_system_mapping.system_32                 355.80            251            461
scc_system_mapping.system_33                 343.95            218            451
scc_system_mapping.system_34                 363.15            270            446
scc_system_mapping.system_35                 349.95            267            463
scc_system_mapping.system_36                 346.80            224            466
scc_system_mapping.system_37                 314.90            228            439
scc_system_mapping.system_38                 339.25            253            478
scc_system_mapping.system_39                 353.50            254            435
scc_system_mapping.system_4                  346.10            232            454
scc_system_mapping.system_40                 364.95            249            436
scc_system_mapping.system_41                 355.55            249            439
scc_system_mapping.system_42                 354.45            245            444
scc_system_mapping.system_43                 368.85            274            450
scc_system_mapping.system_44                 348.10            254            452
scc_system_mapping.system_45                 336.05            242            448
scc_system_mapping.system_46                 337.35            264            419
scc_system_mapping.system_47                 361.65            247            433
scc_system_mapping.system_48                 332.35            248            436
scc_system_mapping.system_49                 347.70            257            460
scc_system_mapping.system_5                  331.75            254            453
scc_system_mapping.system_50                 353.65            213            477
scc_system_mapping.system_6                  344.35            262            418
scc_system_mapping.system_7                  344.70            264            453
scc_system_mapping.system_8                  353.35            267            451
scc_system_mapping.system_9                  354.35            243            439

Grouped results:
-------                                ------------    -----------    -----------
Element                                Average (ms)   Minimum (ms)   Maximum (ms)
scc_system_mapping.*                         349.70            191            478

Total wall-clock time: 23.121745s
Average wall-clock time: 1.156087s
Minimum wall-clock time: 1.045563s
Maximum wall-clock time: 1.912181s
Total Ressources: 50
