Running terraform plan -refresh-only 20 time(s)
Using Terraform parallelism: 10

Run 1/20:
  Total run time: 2.815023s
  scc_system_mapping.system_1                                            67ms
  scc_system_mapping.system_10                                           68ms
  scc_system_mapping.system_11                                           77ms
  scc_system_mapping.system_12                                           72ms
  scc_system_mapping.system_13                                           73ms
  scc_system_mapping.system_14                                           74ms
  scc_system_mapping.system_15                                           187ms
  scc_system_mapping.system_16                                           208ms
  scc_system_mapping.system_17                                           70ms
  scc_system_mapping.system_18                                           74ms
  scc_system_mapping.system_19                                           187ms
  scc_system_mapping.system_2                                            66ms
  scc_system_mapping.system_20                                           198ms
  scc_system_mapping.system_21                                           74ms
  scc_system_mapping.system_22                                           217ms
  scc_system_mapping.system_23                                           69ms
  scc_system_mapping.system_24                                           73ms
  scc_system_mapping.system_25                                           214ms
  scc_system_mapping.system_26                                           64ms
  scc_system_mapping.system_27                                           73ms
  scc_system_mapping.system_28                                           83ms
  scc_system_mapping.system_29                                           70ms
  scc_system_mapping.system_3                                            197ms
  scc_system_mapping.system_30                                           73ms
  scc_system_mapping.system_31                                           71ms
  scc_system_mapping.system_32                                           78ms
  scc_system_mapping.system_33                                           94ms
  scc_system_mapping.system_34                                           91ms
  scc_system_mapping.system_35                                           86ms
  scc_system_mapping.system_36                                           75ms
  scc_system_mapping.system_37                                           85ms
  scc_system_mapping.system_38                                           192ms
  scc_system_mapping.system_39                                           68ms
  scc_system_mapping.system_4                                            81ms
  scc_system_mapping.system_40                                           91ms
  scc_system_mapping.system_41                                           87ms
  scc_system_mapping.system_42                                           86ms
  scc_system_mapping.system_43                                           80ms
  scc_system_mapping.system_44                                           75ms
  scc_system_mapping.system_45                                           220ms
  scc_system_mapping.system_46                                           86ms
  scc_system_mapping.system_47                                           202ms
  scc_system_mapping.system_48                                           80ms
  scc_system_mapping.system_49                                           100ms
  scc_system_mapping.system_5                                            84ms
  scc_system_mapping.system_50                                           82ms
  scc_system_mapping.system_6                                            73ms
  scc_system_mapping.system_7                                            70ms
  scc_system_mapping.system_8                                            80ms
  scc_system_mapping.system_9                                            79ms


Run 2/20:
  Total run time: 1.234077s
  scc_system_mapping.system_1                                            77ms
  scc_system_mapping.system_10                                           86ms
  scc_system_mapping.system_11                                           82ms
  scc_system_mapping.system_12                                           83ms
  scc_system_mapping.system_13                                           70ms
  scc_system_mapping.system_14                                           205ms
  scc_system_mapping.system_15                                           73ms
  scc_system_mapping.system_16                                           99ms
  scc_system_mapping.system_17                                           79ms
  scc_system_mapping.system_18                                           194ms
  scc_system_mapping.system_19                                           105ms
  scc_system_mapping.system_2                                            87ms
  scc_system_mapping.system_20                                           86ms
  scc_system_mapping.system_21                                           229ms
  scc_system_mapping.system_22                                           86ms
  scc_system_mapping.system_23                                           231ms
  scc_system_mapping.system_24                                           71ms
  scc_system_mapping.system_25                                           67ms
  scc_system_mapping.system_26                                           208ms
  scc_system_mapping.system_27                                           75ms
  scc_system_mapping.system_28                                           67ms
  scc_system_mapping.system_29                                           70ms
  scc_system_mapping.system_3                                            84ms
  scc_system_mapping.system_30                                           74ms
  scc_system_mapping.system_31                                           232ms
  scc_system_mapping.system_32                                           217ms
  scc_system_mapping.system_33                                           94ms
  scc_system_mapping.system_34                                           69ms
  scc_system_mapping.system_35                                           79ms
  scc_system_mapping.system_36                                           85ms
  scc_system_mapping.system_37                                           203ms
  scc_system_mapping.system_38                                           78ms
  scc_system_mapping.system_39                                           77ms
  scc_system_mapping.system_4                                            79ms
  scc_system_mapping.system_40                                           82ms
  scc_system_mapping.system_41                                           71ms
  scc_system_mapping.system_42                                           84ms
  scc_system_mapping.system_43                                           73ms
  scc_system_mapping.system_44                                           88ms
  scc_system_mapping.system_45                                           71ms
  scc_system_mapping.system_46                                           91ms
  scc_system_mapping.system_47                                           79ms
  scc_system_mapping.system_48                                           187ms
  scc_system_mapping.system_49                                           81ms
  scc_system_mapping.system_5                                            71ms
  scc_system_mapping.system_50                                           98ms
  scc_system_mapping.system_6                                            83ms
  scc_system_mapping.system_7                                            64ms
  scc_system_mapping.system_8                                            202ms
  scc_system_mapping.system_9                                            72ms


Run 3/20:
  Total run time: 1.235020s
  scc_system_mapping.system_1                                            75ms
  scc_system_mapping.system_10                                           70ms
  scc_system_mapping.system_11                                           74ms
  scc_system_mapping.system_12                                           194ms
  scc_system_mapping.system_13                                           68ms
  scc_system_mapping.system_14                                           70ms
  scc_system_mapping.system_15                                           104ms
  scc_system_mapping.system_16                                           70ms
  scc_system_mapping.system_17                                           204ms
  scc_system_mapping.system_18                                           96ms
  scc_system_mapping.system_19                                           99ms
  scc_system_mapping.system_2                                            96ms
  scc_system_mapping.system_20                                           215ms
  scc_system_mapping.system_21                                           86ms
  scc_system_mapping.system_22                                           87ms
  scc_system_mapping.system_23                                           73ms
  scc_system_mapping.system_24                                           71ms
  scc_system_mapping.system_25                                           74ms
  scc_system_mapping.system_26                                           230ms
  scc_system_mapping.system_27                                           94ms
  scc_system_mapping.system_28                                           247ms
  scc_system_mapping.system_29                                           99ms
  scc_system_mapping.system_3                                            80ms
  scc_system_mapping.system_30                                           72ms
  scc_system_mapping.system_31                                           96ms
  scc_system_mapping.system_32                                           70ms
  scc_system_mapping.system_33                                           85ms
  scc_system_mapping.system_34                                           63ms
  scc_system_mapping.system_35                                           235ms
  scc_system_mapping.system_36                                           232ms
  scc_system_mapping.system_37                                           87ms
  scc_system_mapping.system_38                                           78ms
  scc_system_mapping.system_39                                           76ms
  scc_system_mapping.system_4                                            196ms
  scc_system_mapping.system_40                                           102ms
  scc_system_mapping.system_41                                           228ms
  scc_system_mapping.system_42                                           73ms
  scc_system_mapping.system_43                                           71ms
  scc_system_mapping.system_44                                           70ms
  scc_system_mapping.system_45                                           80ms
  scc_system_mapping.system_46                                           96ms
  scc_system_mapping.system_47                                           72ms
  scc_system_mapping.system_48                                           77ms
  scc_system_mapping.system_49                                           70ms
  scc_system_mapping.system_5                                            95ms
  scc_system_mapping.system_50                                           79ms
  scc_system_mapping.system_6                                            76ms
  scc_system_mapping.system_7                                            222ms
  scc_system_mapping.system_8                                            75ms
  scc_system_mapping.system_9                                            72ms


Run 4/20:
  Total run time: 1.165247s
  scc_system_mapping.system_1                                            66ms
  scc_system_mapping.system_10                                           211ms
  scc_system_mapping.system_11                                           70ms
  scc_system_mapping.system_12                                           181ms
  scc_system_mapping.system_13                                           65ms
  scc_system_mapping.system_14                                           68ms
  scc_system_mapping.system_15                                           65ms
  scc_system_mapping.system_16                                           193ms
  scc_system_mapping.system_17                                           71ms
  scc_system_mapping.system_18                                           70ms
  scc_system_mapping.system_19                                           69ms
  scc_system_mapping.system_2                                            73ms
  scc_system_mapping.system_20                                           198ms
  scc_system_mapping.system_21                                           71ms
  scc_system_mapping.system_22                                           69ms
  scc_system_mapping.system_23                                           72ms
  scc_system_mapping.system_24                                           66ms
  scc_system_mapping.system_25                                           70ms
  scc_system_mapping.system_26                                           62ms
  scc_system_mapping.system_27                                           65ms
  scc_system_mapping.system_28                                           68ms
  scc_system_mapping.system_29                                           225ms
  scc_system_mapping.system_3                                            69ms
  scc_system_mapping.system_30                                           69ms
  scc_system_mapping.system_31                                           193ms
  scc_system_mapping.system_32                                           71ms
  scc_system_mapping.system_33                                           75ms
  scc_system_mapping.system_34                                           72ms
  scc_system_mapping.system_35                                           67ms
  scc_system_mapping.system_36                                           72ms
  scc_system_mapping.system_37                                           69ms
  scc_system_mapping.system_38                                           68ms
  scc_system_mapping.system_39                                           74ms
  scc_system_mapping.system_4                                            67ms
  scc_system_mapping.system_40                                           78ms
  scc_system_mapping.system_41                                           222ms
  scc_system_mapping.system_42                                           188ms
  scc_system_mapping.system_43                                           70ms
  scc_system_mapping.system_44                                           180ms
  scc_system_mapping.system_45                                           68ms
  scc_system_mapping.system_46                                           69ms
  scc_system_mapping.system_47                                           70ms
  scc_system_mapping.system_48                                           71ms
  scc_system_mapping.system_49                                           74ms
  scc_system_mapping.system_5                                            67ms
  scc_system_mapping.system_50                                           72ms
  scc_system_mapping.system_6                                            64ms
  scc_system_mapping.system_7                                            67ms
  scc_system_mapping.system_8                                            69ms
  scc_system_mapping.system_9                                            207ms


Run 5/20:
  Total run time: 1.239566s
  scc_system_mapping.system_1                                            67ms
  scc_system_mapping.system_10                                           67ms
  scc_system_mapping.system_11                                           72ms
  scc_system_mapping.system_12                                           76ms
  scc_system_mapping.system_13                                           68ms
  scc_system_mapping.system_14                                           89ms
  scc_system_mapping.system_15                                           68ms
  scc_system_mapping.system_16                                           180ms
  scc_system_mapping.system_17                                           203ms
  scc_system_mapping.system_18                                           73ms
  scc_system_mapping.system_19                                           201ms
  scc_system_mapping.system_2                                            71ms
  scc_system_mapping.system_20                                           74ms
  scc_system_mapping.system_21                                           88ms
  scc_system_mapping.system_22                                           81ms
  scc_system_mapping.system_23                                           77ms
  scc_system_mapping.system_24                                           189ms
  scc_system_mapping.system_25                                           82ms
  scc_system_mapping.system_26                                           71ms
  scc_system_mapping.system_27                                           78ms
  scc_system_mapping.system_28                                           68ms
  scc_system_mapping.system_29                                           194ms
  scc_system_mapping.system_3                                            213ms
  scc_system_mapping.system_30                                           77ms
  scc_system_mapping.system_31                                           70ms
  scc_system_mapping.system_32                                           209ms
  scc_system_mapping.system_33                                           195ms
  scc_system_mapping.system_34                                           64ms
  scc_system_mapping.system_35                                           76ms
  scc_system_mapping.system_36                                           84ms
  scc_system_mapping.system_37                                           188ms
  scc_system_mapping.system_38                                           70ms
  scc_system_mapping.system_39                                           81ms
  scc_system_mapping.system_4                                            68ms
  scc_system_mapping.system_40                                           82ms
  scc_system_mapping.system_41                                           88ms
  scc_system_mapping.system_42                                           81ms
  scc_system_mapping.system_43                                           92ms
  scc_system_mapping.system_44                                           69ms
  scc_system_mapping.system_45                                           71ms
  scc_system_mapping.system_46                                           75ms
  scc_system_mapping.system_47                                           81ms
  scc_system_mapping.system_48                                           69ms
  scc_system_mapping.system_49                                           213ms
  scc_system_mapping.system_5                                            71ms
  scc_system_mapping.system_50                                           67ms
  scc_system_mapping.system_6                                            81ms
  scc_system_mapping.system_7                                            81ms
  scc_system_mapping.system_8                                            79ms
  scc_system_mapping.system_9                                            78ms


Run 6/20:
  Total run time: 1.237903s
  scc_system_mapping.system_1                                            85ms
  scc_system_mapping.system_10                                           71ms
  scc_system_mapping.system_11                                           118ms
  scc_system_mapping.system_12                                           234ms
  scc_system_mapping.system_13                                           206ms
  scc_system_mapping.system_14                                           66ms
  scc_system_mapping.system_15                                           70ms
  scc_system_mapping.system_16                                           69ms
  scc_system_mapping.system_17                                           74ms
  scc_system_mapping.system_18                                           64ms
  scc_system_mapping.system_19                                           78ms
  scc_system_mapping.system_2                                            238ms
  scc_system_mapping.system_20                                           193ms
  scc_system_mapping.system_21                                           81ms
  scc_system_mapping.system_22                                           219ms
  scc_system_mapping.system_23                                           66ms
  scc_system_mapping.system_24                                           77ms
  scc_system_mapping.system_25                                           205ms
  scc_system_mapping.system_26                                           65ms
  scc_system_mapping.system_27                                           73ms
  scc_system_mapping.system_28                                           72ms
  scc_system_mapping.system_29                                           77ms
  scc_system_mapping.system_3                                            213ms
  scc_system_mapping.system_30                                           70ms
  scc_system_mapping.system_31                                           88ms
  scc_system_mapping.system_32                                           72ms
  scc_system_mapping.system_33                                           73ms
  scc_system_mapping.system_34                                           76ms
  scc_system_mapping.system_35                                           74ms
  scc_system_mapping.system_36                                           95ms
  scc_system_mapping.system_37                                           188ms
  scc_system_mapping.system_38                                           67ms
  scc_system_mapping.system_39                                           78ms
  scc_system_mapping.system_4                                            68ms
  scc_system_mapping.system_40                                           70ms
  scc_system_mapping.system_41                                           227ms
  scc_system_mapping.system_42                                           86ms
  scc_system_mapping.system_43                                           238ms
  scc_system_mapping.system_44                                           72ms
  scc_system_mapping.system_45                                           85ms
  scc_system_mapping.system_46                                           70ms
  scc_system_mapping.system_47                                           73ms
  scc_system_mapping.system_48                                           69ms
  scc_system_mapping.system_49                                           71ms
  scc_system_mapping.system_5                                            73ms
  scc_system_mapping.system_50                                           69ms
  scc_system_mapping.system_6                                            71ms
  scc_system_mapping.system_7                                            73ms
  scc_system_mapping.system_8                                            84ms
  scc_system_mapping.system_9                                            73ms


Run 7/20:
  Total run time: 1.174651s
  scc_system_mapping.system_1                                            70ms
  scc_system_mapping.system_10                                           70ms
  scc_system_mapping.system_11                                           76ms
  scc_system_mapping.system_12                                           71ms
  scc_system_mapping.system_13                                           73ms
  scc_system_mapping.system_14                                           73ms
  scc_system_mapping.system_15                                           77ms
  scc_system_mapping.system_16                                           76ms
  scc_system_mapping.system_17                                           85ms
  scc_system_mapping.system_18                                           222ms
  scc_system_mapping.system_19                                           71ms
  scc_system_mapping.system_2                                            67ms
  scc_system_mapping.system_20                                           88ms
  scc_system_mapping.system_21                                           70ms
  scc_system_mapping.system_22                                           219ms
  scc_system_mapping.system_23                                           74ms
  scc_system_mapping.system_24                                           72ms
  scc_system_mapping.system_25                                           77ms
  scc_system_mapping.system_26                                           177ms
  scc_system_mapping.system_27                                           93ms
  scc_system_mapping.system_28                                           71ms
  scc_system_mapping.system_29                                           66ms
  scc_system_mapping.system_3                                            218ms
  scc_system_mapping.system_30                                           208ms
  scc_system_mapping.system_31                                           80ms
  scc_system_mapping.system_32                                           72ms
  scc_system_mapping.system_33                                           72ms
  scc_system_mapping.system_34                                           73ms
  scc_system_mapping.system_35                                           71ms
  scc_system_mapping.system_36                                           187ms
  scc_system_mapping.system_37                                           69ms
  scc_system_mapping.system_38                                           79ms
  scc_system_mapping.system_39                                           84ms
  scc_system_mapping.system_4                                            72ms
  scc_system_mapping.system_40                                           76ms
  scc_system_mapping.system_41                                           69ms
  scc_system_mapping.system_42                                           69ms
  scc_system_mapping.system_43                                           76ms
  scc_system_mapping.system_44                                           72ms
  scc_system_mapping.system_45                                           89ms
  scc_system_mapping.system_46                                           78ms
  scc_system_mapping.system_47                                           79ms
  scc_system_mapping.system_48                                           174ms
  scc_system_mapping.system_49                                           74ms
  scc_system_mapping.system_5                                            88ms
  scc_system_mapping.system_50                                           81ms
  scc_system_mapping.system_6                                            209ms
  scc_system_mapping.system_7                                            207ms
  scc_system_mapping.system_8                                            186ms
  scc_system_mapping.system_9                                            63ms


Run 8/20:
  Total run time: 1.182319s
  scc_system_mapping.system_1                                            70ms
  scc_system_mapping.system_10                                           71ms
  scc_system_mapping.system_11                                           76ms
  scc_system_mapping.system_12                                           208ms
  scc_system_mapping.system_13                                           74ms
  scc_system_mapping.system_14                                           180ms
  scc_system_mapping.system_15                                           73ms
  scc_system_mapping.system_16                                           68ms
  scc_system_mapping.system_17                                           69ms
  scc_system_mapping.system_18                                           73ms
  scc_system_mapping.system_19                                           73ms
  scc_system_mapping.system_2                                            68ms
  scc_system_mapping.system_20                                           62ms
  scc_system_mapping.system_21                                           70ms
  scc_system_mapping.system_22                                           76ms
  scc_system_mapping.system_23                                           66ms
  scc_system_mapping.system_24                                           217ms
  scc_system_mapping.system_25                                           201ms
  scc_system_mapping.system_26                                           82ms
  scc_system_mapping.system_27                                           218ms
  scc_system_mapping.system_28                                           66ms
  scc_system_mapping.system_29                                           197ms
  scc_system_mapping.system_3                                            72ms
  scc_system_mapping.system_30                                           212ms
  scc_system_mapping.system_31                                           64ms
  scc_system_mapping.system_32                                           75ms
  scc_system_mapping.system_33                                           182ms
  scc_system_mapping.system_34                                           69ms
  scc_system_mapping.system_35                                           70ms
  scc_system_mapping.system_36                                           72ms
  scc_system_mapping.system_37                                           70ms
  scc_system_mapping.system_38                                           63ms
  scc_system_mapping.system_39                                           100ms
  scc_system_mapping.system_4                                            64ms
  scc_system_mapping.system_40                                           74ms
  scc_system_mapping.system_41                                           193ms
  scc_system_mapping.system_42                                           74ms
  scc_system_mapping.system_43                                           62ms
  scc_system_mapping.system_44                                           67ms
  scc_system_mapping.system_45                                           69ms
  scc_system_mapping.system_46                                           74ms
  scc_system_mapping.system_47                                           71ms
  scc_system_mapping.system_48                                           69ms
  scc_system_mapping.system_49                                           226ms
  scc_system_mapping.system_5                                            225ms
  scc_system_mapping.system_50                                           74ms
  scc_system_mapping.system_6                                            73ms
  scc_system_mapping.system_7                                            78ms
  scc_system_mapping.system_8                                            64ms
  scc_system_mapping.system_9                                            67ms


Run 9/20:
  Total run time: 1.143920s
  scc_system_mapping.system_1                                            206ms
  scc_system_mapping.system_10                                           65ms
  scc_system_mapping.system_11                                           66ms
  scc_system_mapping.system_12                                           65ms
  scc_system_mapping.system_13                                           67ms
  scc_system_mapping.system_14                                           69ms
  scc_system_mapping.system_15                                           182ms
  scc_system_mapping.system_16                                           80ms
  scc_system_mapping.system_17                                           71ms
  scc_system_mapping.system_18                                           64ms
  scc_system_mapping.system_19                                           74ms
  scc_system_mapping.system_2                                            70ms
  scc_system_mapping.system_20                                           68ms
  scc_system_mapping.system_21                                           73ms
  scc_system_mapping.system_22                                           66ms
  scc_system_mapping.system_23                                           92ms
  scc_system_mapping.system_24                                           69ms
  scc_system_mapping.system_25                                           206ms
  scc_system_mapping.system_26                                           187ms
  scc_system_mapping.system_27                                           75ms
  scc_system_mapping.system_28                                           66ms
  scc_system_mapping.system_29                                           66ms
  scc_system_mapping.system_3                                            66ms
  scc_system_mapping.system_30                                           213ms
  scc_system_mapping.system_31                                           92ms
  scc_system_mapping.system_32                                           76ms
  scc_system_mapping.system_33                                           182ms
  scc_system_mapping.system_34                                           210ms
  scc_system_mapping.system_35                                           67ms
  scc_system_mapping.system_36                                           225ms
  scc_system_mapping.system_37                                           68ms
  scc_system_mapping.system_38                                           197ms
  scc_system_mapping.system_39                                           67ms
  scc_system_mapping.system_4                                            68ms
  scc_system_mapping.system_40                                           64ms
  scc_system_mapping.system_41                                           68ms
  scc_system_mapping.system_42                                           66ms
  scc_system_mapping.system_43                                           224ms
  scc_system_mapping.system_44                                           67ms
  scc_system_mapping.system_45                                           78ms
  scc_system_mapping.system_46                                           73ms
  scc_system_mapping.system_47                                           68ms
  scc_system_mapping.system_48                                           74ms
  scc_system_mapping.system_49                                           70ms
  scc_system_mapping.system_5                                            66ms
  scc_system_mapping.system_50                                           69ms
  scc_system_mapping.system_6                                            70ms
  scc_system_mapping.system_7                                            70ms
  scc_system_mapping.system_8                                            72ms
  scc_system_mapping.system_9                                            68ms


Run 10/20:
  Total run time: 1.291503s
  scc_system_mapping.system_1                                            186ms
  scc_system_mapping.system_10                                           80ms
  scc_system_mapping.system_11                                           90ms
  scc_system_mapping.system_12                                           80ms
  scc_system_mapping.system_13                                           186ms
  scc_system_mapping.system_14                                           65ms
  scc_system_mapping.system_15                                           101ms
  scc_system_mapping.system_16                                           81ms
  scc_system_mapping.system_17                                           107ms
  scc_system_mapping.system_18                                           77ms
  scc_system_mapping.system_19                                           74ms
  scc_system_mapping.system_2                                            109ms
  scc_system_mapping.system_20                                           64ms
  scc_system_mapping.system_21                                           116ms
  scc_system_mapping.system_22                                           85ms
  scc_system_mapping.system_23                                           135ms
  scc_system_mapping.system_24                                           83ms
  scc_system_mapping.system_25                                           120ms
  scc_system_mapping.system_26                                           89ms
  scc_system_mapping.system_27                                           73ms
  scc_system_mapping.system_28                                           116ms
  scc_system_mapping.system_29                                           88ms
  scc_system_mapping.system_3                                            120ms
  scc_system_mapping.system_30                                           210ms
  scc_system_mapping.system_31                                           191ms
  scc_system_mapping.system_32                                           68ms
  scc_system_mapping.system_33                                           85ms
  scc_system_mapping.system_34                                           193ms
  scc_system_mapping.system_35                                           71ms
  scc_system_mapping.system_36                                           127ms
  scc_system_mapping.system_37                                           98ms
  scc_system_mapping.system_38                                           79ms
  scc_system_mapping.system_39                                           123ms
  scc_system_mapping.system_4                                            182ms
  scc_system_mapping.system_40                                           98ms
  scc_system_mapping.system_41                                           135ms
  scc_system_mapping.system_42                                           82ms
  scc_system_mapping.system_43                                           105ms
  scc_system_mapping.system_44                                           95ms
  scc_system_mapping.system_45                                           207ms
  scc_system_mapping.system_46                                           203ms
  scc_system_mapping.system_47                                           146ms
  scc_system_mapping.system_48                                           139ms
  scc_system_mapping.system_49                                           128ms
  scc_system_mapping.system_5                                            136ms
  scc_system_mapping.system_50                                           219ms
  scc_system_mapping.system_6                                            207ms
  scc_system_mapping.system_7                                            124ms
  scc_system_mapping.system_8                                            71ms
  scc_system_mapping.system_9                                            96ms


Run 11/20:
  Total run time: 1.243695s
  scc_system_mapping.system_1                                            75ms
  scc_system_mapping.system_10                                           201ms
  scc_system_mapping.system_11                                           204ms
  scc_system_mapping.system_12                                           65ms
  scc_system_mapping.system_13                                           241ms
  scc_system_mapping.system_14                                           77ms
  scc_system_mapping.system_15                                           74ms
  scc_system_mapping.system_16                                           75ms
  scc_system_mapping.system_17                                           70ms
  scc_system_mapping.system_18                                           76ms
  scc_system_mapping.system_19                                           209ms
  scc_system_mapping.system_2                                            70ms
  scc_system_mapping.system_20                                           84ms
  scc_system_mapping.system_21                                           225ms
  scc_system_mapping.system_22                                           74ms
  scc_system_mapping.system_23                                           205ms
  scc_system_mapping.system_24                                           92ms
  scc_system_mapping.system_25                                           74ms
  scc_system_mapping.system_26                                           198ms
  scc_system_mapping.system_27                                           75ms
  scc_system_mapping.system_28                                           107ms
  scc_system_mapping.system_29                                           83ms
  scc_system_mapping.system_3                                            69ms
  scc_system_mapping.system_30                                           69ms
  scc_system_mapping.system_31                                           71ms
  scc_system_mapping.system_32                                           90ms
  scc_system_mapping.system_33                                           75ms
  scc_system_mapping.system_34                                           89ms
  scc_system_mapping.system_35                                           64ms
  scc_system_mapping.system_36                                           87ms
  scc_system_mapping.system_37                                           72ms
  scc_system_mapping.system_38                                           88ms
  scc_system_mapping.system_39                                           72ms
  scc_system_mapping.system_4                                            76ms
  scc_system_mapping.system_40                                           68ms
  scc_system_mapping.system_41                                           80ms
  scc_system_mapping.system_42                                           78ms
  scc_system_mapping.system_43                                           220ms
  scc_system_mapping.system_44                                           67ms
  scc_system_mapping.system_45                                           76ms
  scc_system_mapping.system_46                                           73ms
  scc_system_mapping.system_47                                           192ms
  scc_system_mapping.system_48                                           71ms
  scc_system_mapping.system_49                                           79ms
  scc_system_mapping.system_5                                            88ms
  scc_system_mapping.system_50                                           75ms
  scc_system_mapping.system_6                                            75ms
  scc_system_mapping.system_7                                            223ms
  scc_system_mapping.system_8                                            80ms
  scc_system_mapping.system_9                                            75ms


Run 12/20:
  Total run time: 1.212706s
  scc_system_mapping.system_1                                            66ms
  scc_system_mapping.system_10                                           86ms
  scc_system_mapping.system_11                                           78ms
  scc_system_mapping.system_12                                           83ms
  scc_system_mapping.system_13                                           82ms
  scc_system_mapping.system_14                                           76ms
  scc_system_mapping.system_15                                           89ms
  scc_system_mapping.system_16                                           64ms
  scc_system_mapping.system_17                                           71ms
  scc_system_mapping.system_18                                           200ms
  scc_system_mapping.system_19                                           177ms
  scc_system_mapping.system_2                                            65ms
  scc_system_mapping.system_20                                           73ms
  scc_system_mapping.system_21                                           64ms
  scc_system_mapping.system_22                                           66ms
  scc_system_mapping.system_23                                           192ms
  scc_system_mapping.system_24                                           61ms
  scc_system_mapping.system_25                                           210ms
  scc_system_mapping.system_26                                           67ms
  scc_system_mapping.system_27                                           205ms
  scc_system_mapping.system_28                                           75ms
  scc_system_mapping.system_29                                           65ms
  scc_system_mapping.system_3                                            194ms
  scc_system_mapping.system_30                                           87ms
  scc_system_mapping.system_31                                           67ms
  scc_system_mapping.system_32                                           95ms
  scc_system_mapping.system_33                                           72ms
  scc_system_mapping.system_34                                           80ms
  scc_system_mapping.system_35                                           70ms
  scc_system_mapping.system_36                                           85ms
  scc_system_mapping.system_37                                           212ms
  scc_system_mapping.system_38                                           88ms
  scc_system_mapping.system_39                                           83ms
  scc_system_mapping.system_4                                            69ms
  scc_system_mapping.system_40                                           184ms
  scc_system_mapping.system_41                                           77ms
  scc_system_mapping.system_42                                           218ms
  scc_system_mapping.system_43                                           66ms
  scc_system_mapping.system_44                                           63ms
  scc_system_mapping.system_45                                           75ms
  scc_system_mapping.system_46                                           70ms
  scc_system_mapping.system_47                                           75ms
  scc_system_mapping.system_48                                           64ms
  scc_system_mapping.system_49                                           67ms
  scc_system_mapping.system_5                                            108ms
  scc_system_mapping.system_50                                           111ms
  scc_system_mapping.system_6                                            183ms
  scc_system_mapping.system_7                                            81ms
  scc_system_mapping.system_8                                            65ms
  scc_system_mapping.system_9                                            104ms


Run 13/20:
  Total run time: 1.228004s
  scc_system_mapping.system_1                                            90ms
  scc_system_mapping.system_10                                           77ms
  scc_system_mapping.system_11                                           105ms
  scc_system_mapping.system_12                                           64ms
  scc_system_mapping.system_13                                           118ms
  scc_system_mapping.system_14                                           97ms
  scc_system_mapping.system_15                                           91ms
  scc_system_mapping.system_16                                           103ms
  scc_system_mapping.system_17                                           94ms
  scc_system_mapping.system_18                                           75ms
  scc_system_mapping.system_19                                           89ms
  scc_system_mapping.system_2                                            68ms
  scc_system_mapping.system_20                                           67ms
  scc_system_mapping.system_21                                           62ms
  scc_system_mapping.system_22                                           76ms
  scc_system_mapping.system_23                                           206ms
  scc_system_mapping.system_24                                           87ms
  scc_system_mapping.system_25                                           179ms
  scc_system_mapping.system_26                                           221ms
  scc_system_mapping.system_27                                           68ms
  scc_system_mapping.system_28                                           76ms
  scc_system_mapping.system_29                                           81ms
  scc_system_mapping.system_3                                            86ms
  scc_system_mapping.system_30                                           78ms
  scc_system_mapping.system_31                                           102ms
  scc_system_mapping.system_32                                           201ms
  scc_system_mapping.system_33                                           186ms
  scc_system_mapping.system_34                                           73ms
  scc_system_mapping.system_35                                           72ms
  scc_system_mapping.system_36                                           70ms
  scc_system_mapping.system_37                                           63ms
  scc_system_mapping.system_38                                           181ms
  scc_system_mapping.system_39                                           97ms
  scc_system_mapping.system_4                                            80ms
  scc_system_mapping.system_40                                           69ms
  scc_system_mapping.system_41                                           211ms
  scc_system_mapping.system_42                                           103ms
  scc_system_mapping.system_43                                           83ms
  scc_system_mapping.system_44                                           76ms
  scc_system_mapping.system_45                                           84ms
  scc_system_mapping.system_46                                           69ms
  scc_system_mapping.system_47                                           202ms
  scc_system_mapping.system_48                                           92ms
  scc_system_mapping.system_49                                           211ms
  scc_system_mapping.system_5                                            71ms
  scc_system_mapping.system_50                                           115ms
  scc_system_mapping.system_6                                            208ms
  scc_system_mapping.system_7                                            68ms
  scc_system_mapping.system_8                                            68ms
  scc_system_mapping.system_9                                            76ms


Run 14/20:
  Total run time: 1.213358s
  scc_system_mapping.system_1                                            195ms
  scc_system_mapping.system_10                                           77ms
  scc_system_mapping.system_11                                           76ms
  scc_system_mapping.system_12                                           82ms
  scc_system_mapping.system_13                                           76ms
  scc_system_mapping.system_14                                           73ms
  scc_system_mapping.system_15                                           85ms
  scc_system_mapping.system_16                                           72ms
  scc_system_mapping.system_17                                           79ms
  scc_system_mapping.system_18                                           183ms
  scc_system_mapping.system_19                                           67ms
  scc_system_mapping.system_2                                            83ms
  scc_system_mapping.system_20                                           177ms
  scc_system_mapping.system_21                                           72ms
  scc_system_mapping.system_22                                           75ms
  scc_system_mapping.system_23                                           75ms
  scc_system_mapping.system_24                                           75ms
  scc_system_mapping.system_25                                           89ms
  scc_system_mapping.system_26                                           69ms
  scc_system_mapping.system_27                                           82ms
  scc_system_mapping.system_28                                           79ms
  scc_system_mapping.system_29                                           74ms
  scc_system_mapping.system_3                                            72ms
  scc_system_mapping.system_30                                           71ms
  scc_system_mapping.system_31                                           82ms
  scc_system_mapping.system_32                                           217ms
  scc_system_mapping.system_33                                           211ms
  scc_system_mapping.system_34                                           84ms
  scc_system_mapping.system_35                                           73ms
  scc_system_mapping.system_36                                           82ms
  scc_system_mapping.system_37                                           76ms
  scc_system_mapping.system_38                                           66ms
  scc_system_mapping.system_39                                           183ms
  scc_system_mapping.system_4                                            68ms
  scc_system_mapping.system_40                                           184ms
  scc_system_mapping.system_41                                           205ms
  scc_system_mapping.system_42                                           84ms
  scc_system_mapping.system_43                                           68ms
  scc_system_mapping.system_44                                           72ms
  scc_system_mapping.system_45                                           76ms
  scc_system_mapping.system_46                                           71ms
  scc_system_mapping.system_47                                           194ms
  scc_system_mapping.system_48                                           69ms
  scc_system_mapping.system_49                                           67ms
  scc_system_mapping.system_5                                            69ms
  scc_system_mapping.system_50                                           74ms
  scc_system_mapping.system_6                                            81ms
  scc_system_mapping.system_7                                            200ms
  scc_system_mapping.system_8                                            93ms
  scc_system_mapping.system_9                                            72ms


Run 15/20:
  Total run time: 1.268133s
  scc_system_mapping.system_1                                            193ms
  scc_system_mapping.system_10                                           93ms
  scc_system_mapping.system_11                                           66ms
  scc_system_mapping.system_12                                           201ms
  scc_system_mapping.system_13                                           94ms
  scc_system_mapping.system_14                                           81ms
  scc_system_mapping.system_15                                           86ms
  scc_system_mapping.system_16                                           85ms
  scc_system_mapping.system_17                                           95ms
  scc_system_mapping.system_18                                           107ms
  scc_system_mapping.system_19                                           84ms
  scc_system_mapping.system_2                                            108ms
  scc_system_mapping.system_20                                           84ms
  scc_system_mapping.system_21                                           67ms
  scc_system_mapping.system_22                                           75ms
  scc_system_mapping.system_23                                           74ms
  scc_system_mapping.system_24                                           89ms
  scc_system_mapping.system_25                                           221ms
  scc_system_mapping.system_26                                           78ms
  scc_system_mapping.system_27                                           99ms
  scc_system_mapping.system_28                                           193ms
  scc_system_mapping.system_29                                           99ms
  scc_system_mapping.system_3                                            224ms
  scc_system_mapping.system_30                                           77ms
  scc_system_mapping.system_31                                           231ms
  scc_system_mapping.system_32                                           90ms
  scc_system_mapping.system_33                                           186ms
  scc_system_mapping.system_34                                           80ms
  scc_system_mapping.system_35                                           97ms
  scc_system_mapping.system_36                                           101ms
  scc_system_mapping.system_37                                           83ms
  scc_system_mapping.system_38                                           90ms
  scc_system_mapping.system_39                                           226ms
  scc_system_mapping.system_4                                            98ms
  scc_system_mapping.system_40                                           103ms
  scc_system_mapping.system_41                                           70ms
  scc_system_mapping.system_42                                           86ms
  scc_system_mapping.system_43                                           76ms
  scc_system_mapping.system_44                                           107ms
  scc_system_mapping.system_45                                           61ms
  scc_system_mapping.system_46                                           108ms
  scc_system_mapping.system_47                                           91ms
  scc_system_mapping.system_48                                           195ms
  scc_system_mapping.system_49                                           69ms
  scc_system_mapping.system_5                                            88ms
  scc_system_mapping.system_50                                           98ms
  scc_system_mapping.system_6                                            101ms
  scc_system_mapping.system_7                                            97ms
  scc_system_mapping.system_8                                            91ms
  scc_system_mapping.system_9                                            226ms


Run 16/20:
  Total run time: 1.170385s
  scc_system_mapping.system_1                                            82ms
  scc_system_mapping.system_10                                           73ms
  scc_system_mapping.system_11                                           219ms
  scc_system_mapping.system_12                                           60ms
  scc_system_mapping.system_13                                           72ms
  scc_system_mapping.system_14                                           182ms
  scc_system_mapping.system_15                                           70ms
  scc_system_mapping.system_16                                           77ms
  scc_system_mapping.system_17                                           71ms
  scc_system_mapping.system_18                                           73ms
  scc_system_mapping.system_19                                           70ms
  scc_system_mapping.system_2                                            211ms
  scc_system_mapping.system_20                                           195ms
  scc_system_mapping.system_21                                           82ms
  scc_system_mapping.system_22                                           67ms
  scc_system_mapping.system_23                                           77ms
  scc_system_mapping.system_24                                           77ms
  scc_system_mapping.system_25                                           178ms
  scc_system_mapping.system_26                                           70ms
  scc_system_mapping.system_27                                           203ms
  scc_system_mapping.system_28                                           78ms
  scc_system_mapping.system_29                                           69ms
  scc_system_mapping.system_3                                            78ms
  scc_system_mapping.system_30                                           71ms
  scc_system_mapping.system_31                                           66ms
  scc_system_mapping.system_32                                           77ms
  scc_system_mapping.system_33                                           71ms
  scc_system_mapping.system_34                                           71ms
  scc_system_mapping.system_35                                           76ms
  scc_system_mapping.system_36                                           67ms
  scc_system_mapping.system_37                                           67ms
  scc_system_mapping.system_38                                           76ms
  scc_system_mapping.system_39                                           69ms
  scc_system_mapping.system_4                                            74ms
  scc_system_mapping.system_40                                           77ms
  scc_system_mapping.system_41                                           61ms
  scc_system_mapping.system_42                                           200ms
  scc_system_mapping.system_43                                           83ms
  scc_system_mapping.system_44                                           75ms
  scc_system_mapping.system_45                                           74ms
  scc_system_mapping.system_46                                           75ms
  scc_system_mapping.system_47                                           66ms
  scc_system_mapping.system_48                                           68ms
  scc_system_mapping.system_49                                           186ms
  scc_system_mapping.system_5                                            78ms
  scc_system_mapping.system_50                                           75ms
  scc_system_mapping.system_6                                            175ms
  scc_system_mapping.system_7                                            77ms
  scc_system_mapping.system_8                                            73ms
  scc_system_mapping.system_9                                            204ms


Run 17/20:
  Total run time: 1.269466s
  scc_system_mapping.system_1                                            93ms
  scc_system_mapping.system_10                                           74ms
  scc_system_mapping.system_11                                           80ms
  scc_system_mapping.system_12                                           83ms
  scc_system_mapping.system_13                                           75ms
  scc_system_mapping.system_14                                           77ms
  scc_system_mapping.system_15                                           75ms
  scc_system_mapping.system_16                                           118ms
  scc_system_mapping.system_17                                           98ms
  scc_system_mapping.system_18                                           193ms
  scc_system_mapping.system_19                                           219ms
  scc_system_mapping.system_2                                            99ms
  scc_system_mapping.system_20                                           74ms
  scc_system_mapping.system_21                                           78ms
  scc_system_mapping.system_22                                           106ms
  scc_system_mapping.system_23                                           219ms
  scc_system_mapping.system_24                                           112ms
  scc_system_mapping.system_25                                           80ms
  scc_system_mapping.system_26                                           76ms
  scc_system_mapping.system_27                                           117ms
  scc_system_mapping.system_28                                           217ms
  scc_system_mapping.system_29                                           95ms
  scc_system_mapping.system_3                                            84ms
  scc_system_mapping.system_30                                           68ms
  scc_system_mapping.system_31                                           97ms
  scc_system_mapping.system_32                                           80ms
  scc_system_mapping.system_33                                           199ms
  scc_system_mapping.system_34                                           103ms
  scc_system_mapping.system_35                                           192ms
  scc_system_mapping.system_36                                           222ms
  scc_system_mapping.system_37                                           146ms
  scc_system_mapping.system_38                                           78ms
  scc_system_mapping.system_39                                           80ms
  scc_system_mapping.system_4                                            78ms
  scc_system_mapping.system_40                                           216ms
  scc_system_mapping.system_41                                           72ms
  scc_system_mapping.system_42                                           65ms
  scc_system_mapping.system_43                                           64ms
  scc_system_mapping.system_44                                           72ms
  scc_system_mapping.system_45                                           98ms
  scc_system_mapping.system_46                                           67ms
  scc_system_mapping.system_47                                           218ms
  scc_system_mapping.system_48                                           80ms
  scc_system_mapping.system_49                                           64ms
  scc_system_mapping.system_5                                            74ms
  scc_system_mapping.system_50                                           81ms
  scc_system_mapping.system_6                                            95ms
  scc_system_mapping.system_7                                            199ms
  scc_system_mapping.system_8                                            76ms
  scc_system_mapping.system_9                                            118ms


Run 18/20:
  Total run time: 1.187841s
  scc_system_mapping.system_1                                            79ms
  scc_system_mapping.system_10                                           70ms
  scc_system_mapping.system_11                                           73ms
  scc_system_mapping.system_12                                           175ms
  scc_system_mapping.system_13                                           76ms
  scc_system_mapping.system_14                                           81ms
  scc_system_mapping.system_15                                           77ms
  scc_system_mapping.system_16                                           98ms
  scc_system_mapping.system_17                                           77ms
  scc_system_mapping.system_18                                           216ms
  scc_system_mapping.system_19                                           71ms
  scc_system_mapping.system_2                                            177ms
  scc_system_mapping.system_20                                           68ms
  scc_system_mapping.system_21                                           71ms
  scc_system_mapping.system_22                                           65ms
  scc_system_mapping.system_23                                           62ms
  scc_system_mapping.system_24                                           76ms
  scc_system_mapping.system_25                                           84ms
  scc_system_mapping.system_26                                           224ms
  scc_system_mapping.system_27                                           216ms
  scc_system_mapping.system_28                                           78ms
  scc_system_mapping.system_29                                           76ms
  scc_system_mapping.system_3                                            88ms
  scc_system_mapping.system_30                                           81ms
  scc_system_mapping.system_31                                           75ms
  scc_system_mapping.system_32                                           64ms
  scc_system_mapping.system_33                                           74ms
  scc_system_mapping.system_34                                           109ms
  scc_system_mapping.system_35                                           203ms
  scc_system_mapping.system_36                                           65ms
  scc_system_mapping.system_37                                           198ms
  scc_system_mapping.system_38                                           204ms
  scc_system_mapping.system_39                                           90ms
  scc_system_mapping.system_4                                            67ms
  scc_system_mapping.system_40                                           78ms
  scc_system_mapping.system_41                                           77ms
  scc_system_mapping.system_42                                           80ms
  scc_system_mapping.system_43                                           81ms
  scc_system_mapping.system_44                                           222ms
  scc_system_mapping.system_45                                           94ms
  scc_system_mapping.system_46                                           99ms
  scc_system_mapping.system_47                                           66ms
  scc_system_mapping.system_48                                           84ms
  scc_system_mapping.system_49                                           213ms
  scc_system_mapping.system_5                                            76ms
  scc_system_mapping.system_50                                           77ms
  scc_system_mapping.system_6                                            66ms
  scc_system_mapping.system_7                                            82ms
  scc_system_mapping.system_8                                            77ms
  scc_system_mapping.system_9                                            84ms


Run 19/20:
  Total run time: 1.258828s
  scc_system_mapping.system_1                                            198ms
  scc_system_mapping.system_10                                           84ms
  scc_system_mapping.system_11                                           66ms
  scc_system_mapping.system_12                                           81ms
  scc_system_mapping.system_13                                           67ms
  scc_system_mapping.system_14                                           76ms
  scc_system_mapping.system_15                                           79ms
  scc_system_mapping.system_16                                           224ms
  scc_system_mapping.system_17                                           84ms
  scc_system_mapping.system_18                                           76ms
  scc_system_mapping.system_19                                           79ms
  scc_system_mapping.system_2                                            199ms
  scc_system_mapping.system_20                                           211ms
  scc_system_mapping.system_21                                           81ms
  scc_system_mapping.system_22                                           76ms
  scc_system_mapping.system_23                                           71ms
  scc_system_mapping.system_24                                           104ms
  scc_system_mapping.system_25                                           68ms
  scc_system_mapping.system_26                                           65ms
  scc_system_mapping.system_27                                           92ms
  scc_system_mapping.system_28                                           89ms
  scc_system_mapping.system_29                                           229ms
  scc_system_mapping.system_3                                            98ms
  scc_system_mapping.system_30                                           65ms
  scc_system_mapping.system_31                                           67ms
  scc_system_mapping.system_32                                           220ms
  scc_system_mapping.system_33                                           196ms
  scc_system_mapping.system_34                                           72ms
  scc_system_mapping.system_35                                           75ms
  scc_system_mapping.system_36                                           74ms
  scc_system_mapping.system_37                                           84ms
  scc_system_mapping.system_38                                           77ms
  scc_system_mapping.system_39                                           103ms
  scc_system_mapping.system_4                                            75ms
  scc_system_mapping.system_40                                           81ms
  scc_system_mapping.system_41                                           77ms
  scc_system_mapping.system_42                                           192ms
  scc_system_mapping.system_43                                           80ms
  scc_system_mapping.system_44                                           225ms
  scc_system_mapping.system_45                                           69ms
  scc_system_mapping.system_46                                           70ms
  scc_system_mapping.system_47                                           81ms
  scc_system_mapping.system_48                                           71ms
  scc_system_mapping.system_49                                           71ms
  scc_system_mapping.system_5                                            69ms
  scc_system_mapping.system_50                                           78ms
  scc_system_mapping.system_6                                            224ms
  scc_system_mapping.system_7                                            74ms
  scc_system_mapping.system_8                                            70ms
  scc_system_mapping.system_9                                            72ms


Run 20/20:
  Total run time: 1.200090s
  scc_system_mapping.system_1                                            80ms
  scc_system_mapping.system_10                                           65ms
  scc_system_mapping.system_11                                           69ms
  scc_system_mapping.system_12                                           89ms
  scc_system_mapping.system_13                                           63ms
  scc_system_mapping.system_14                                           228ms
  scc_system_mapping.system_15                                           77ms
  scc_system_mapping.system_16                                           67ms
  scc_system_mapping.system_17                                           71ms
  scc_system_mapping.system_18                                           69ms
  scc_system_mapping.system_19                                           213ms
  scc_system_mapping.system_2                                            186ms
  scc_system_mapping.system_20                                           90ms
  scc_system_mapping.system_21                                           73ms
  scc_system_mapping.system_22                                           77ms
  scc_system_mapping.system_23                                           86ms
  scc_system_mapping.system_24                                           177ms
  scc_system_mapping.system_25                                           62ms
  scc_system_mapping.system_26                                           217ms
  scc_system_mapping.system_27                                           81ms
  scc_system_mapping.system_28                                           71ms
  scc_system_mapping.system_29                                           80ms
  scc_system_mapping.system_3                                            66ms
  scc_system_mapping.system_30                                           70ms
  scc_system_mapping.system_31                                           64ms
  scc_system_mapping.system_32                                           72ms
  scc_system_mapping.system_33                                           67ms
  scc_system_mapping.system_34                                           179ms
  scc_system_mapping.system_35                                           199ms
  scc_system_mapping.system_36                                           195ms
  scc_system_mapping.system_37                                           64ms
  scc_system_mapping.system_38                                           86ms
  scc_system_mapping.system_39                                           72ms
  scc_system_mapping.system_4                                            67ms
  scc_system_mapping.system_40                                           87ms
  scc_system_mapping.system_41                                           70ms
  scc_system_mapping.system_42                                           86ms
  scc_system_mapping.system_43                                           72ms
  scc_system_mapping.system_44                                           74ms
  scc_system_mapping.system_45                                           208ms
  scc_system_mapping.system_46                                           68ms
  scc_system_mapping.system_47                                           82ms
  scc_system_mapping.system_48                                           189ms
  scc_system_mapping.system_49                                           66ms
  scc_system_mapping.system_5                                            69ms
  scc_system_mapping.system_50                                           65ms
  scc_system_mapping.system_6                                            62ms
  scc_system_mapping.system_7                                            68ms
  scc_system_mapping.system_8                                            70ms
  scc_system_mapping.system_9                                            63ms


Final results:
-------                                ------------    -----------    -----------
Element                                Average (ms)   Minimum (ms)   Maximum (ms)
scc_system_mapping.system_1                  106.00             66            206
scc_system_mapping.system_10                  87.95             65            211
scc_system_mapping.system_11                  91.85             66            219
scc_system_mapping.system_12                 112.35             60            234
scc_system_mapping.system_13                  95.70             63            241
scc_system_mapping.system_14                 100.35             65            228
scc_system_mapping.system_15                  90.15             65            187
scc_system_mapping.system_16                 105.35             64            224
scc_system_mapping.system_17                  92.15             69            204
scc_system_mapping.system_18                 113.75             64            222
scc_system_mapping.system_19                 115.45             67            219
scc_system_mapping.system_2                  110.55             65            238
scc_system_mapping.system_20                 118.45             62            215
scc_system_mapping.system_21                  91.65             62            229
scc_system_mapping.system_22                  98.10             65            219
scc_system_mapping.system_23                 111.10             62            231
scc_system_mapping.system_24                  96.90             61            217
scc_system_mapping.system_25                 128.05             62            221
scc_system_mapping.system_26                 126.00             62            230
scc_system_mapping.system_27                 107.75             65            218
scc_system_mapping.system_28                  99.35             66            247
scc_system_mapping.system_29                 105.15             65            229
scc_system_mapping.system_3                  119.55             66            224
scc_system_mapping.system_30                 100.75             65            213
scc_system_mapping.system_31                 104.95             64            232
scc_system_mapping.system_32                 110.70             64            220
scc_system_mapping.system_33                 123.70             67            211
scc_system_mapping.system_34                  96.00             63            210
scc_system_mapping.system_35                 100.85             64            235
scc_system_mapping.system_36                 115.10             65            232
scc_system_mapping.system_37                 109.50             63            212
scc_system_mapping.system_38                 100.25             63            204
scc_system_mapping.system_39                  95.15             67            226
scc_system_mapping.system_4                   84.85             64            196
scc_system_mapping.system_40                  98.20             64            216
scc_system_mapping.system_41                 119.40             61            228
scc_system_mapping.system_42                 104.05             65            218
scc_system_mapping.system_43                  99.20             62            238
scc_system_mapping.system_44                  95.40             63            225
scc_system_mapping.system_45                  97.65             61            220
scc_system_mapping.system_46                  84.25             67            203
scc_system_mapping.system_47                 110.40             66            218
scc_system_mapping.system_48                  99.60             64            195
scc_system_mapping.system_49                 110.00             64            226
scc_system_mapping.system_5                   88.30             66            225
scc_system_mapping.system_50                  87.95             65            219
scc_system_mapping.system_6                  113.85             62            224
scc_system_mapping.system_7                  111.25             64            223
scc_system_mapping.system_8                   87.25             64            202
scc_system_mapping.system_9                   98.45             63            226

Grouped results:
-------                                ------------    -----------    -----------
Element                                Average (ms)   Minimum (ms)   Maximum (ms)
scc_system_mapping.*                         103.41             60            247

Total wall-clock time: 25.971735s
Average wall-clock time: 1.298587s
Minimum wall-clock time: 1.143920s
Maximum wall-clock time: 2.815023s
Total Ressources: 50
