Running terraform plan -refresh-only 10 time(s) in /Users/christopher-henry.john/Documents/GitHub_Private/performance-test/cf_space_only/test_x50...
Using Terraform parallelism: 1

Run 1/10:
  Total run time: 8.539428s
  cloudfoundry_space.space_1                                             136ms
  cloudfoundry_space.space_10                                            141ms
  cloudfoundry_space.space_11                                            126ms
  cloudfoundry_space.space_12                                            161ms
  cloudfoundry_space.space_13                                            146ms
  cloudfoundry_space.space_14                                            152ms
  cloudfoundry_space.space_15                                            153ms
  cloudfoundry_space.space_16                                            158ms
  cloudfoundry_space.space_17                                            146ms
  cloudfoundry_space.space_18                                            161ms
  cloudfoundry_space.space_19                                            123ms
  cloudfoundry_space.space_2                                             143ms
  cloudfoundry_space.space_20                                            123ms
  cloudfoundry_space.space_21                                            127ms
  cloudfoundry_space.space_22                                            167ms
  cloudfoundry_space.space_23                                            156ms
  cloudfoundry_space.space_24                                            141ms
  cloudfoundry_space.space_25                                            116ms
  cloudfoundry_space.space_26                                            140ms
  cloudfoundry_space.space_27                                            127ms
  cloudfoundry_space.space_28                                            147ms
  cloudfoundry_space.space_29                                            131ms
  cloudfoundry_space.space_3                                             138ms
  cloudfoundry_space.space_30                                            141ms
  cloudfoundry_space.space_31                                            167ms
  cloudfoundry_space.space_32                                            138ms
  cloudfoundry_space.space_33                                            137ms
  cloudfoundry_space.space_34                                            130ms
  cloudfoundry_space.space_35                                            151ms
  cloudfoundry_space.space_36                                            136ms
  cloudfoundry_space.space_37                                            157ms
  cloudfoundry_space.space_38                                            173ms
  cloudfoundry_space.space_39                                            134ms
  cloudfoundry_space.space_4                                             143ms
  cloudfoundry_space.space_40                                            143ms
  cloudfoundry_space.space_41                                            143ms
  cloudfoundry_space.space_42                                            140ms
  cloudfoundry_space.space_43                                            158ms
  cloudfoundry_space.space_44                                            153ms
  cloudfoundry_space.space_45                                            158ms
  cloudfoundry_space.space_46                                            134ms
  cloudfoundry_space.space_47                                            146ms
  cloudfoundry_space.space_48                                            139ms
  cloudfoundry_space.space_49                                            120ms
  cloudfoundry_space.space_5                                             158ms
  cloudfoundry_space.space_50                                            155ms
  cloudfoundry_space.space_6                                             136ms
  cloudfoundry_space.space_7                                             128ms
  cloudfoundry_space.space_8                                             129ms
  cloudfoundry_space.space_9                                             148ms


Run 2/10:
  Total run time: 9.934939s
  cloudfoundry_space.space_1                                             121ms
  cloudfoundry_space.space_10                                            130ms
  cloudfoundry_space.space_11                                            123ms
  cloudfoundry_space.space_12                                            146ms
  cloudfoundry_space.space_13                                            132ms
  cloudfoundry_space.space_14                                            123ms
  cloudfoundry_space.space_15                                            141ms
  cloudfoundry_space.space_16                                            127ms
  cloudfoundry_space.space_17                                            133ms
  cloudfoundry_space.space_18                                            125ms
  cloudfoundry_space.space_19                                            145ms
  cloudfoundry_space.space_2                                             134ms
  cloudfoundry_space.space_20                                            127ms
  cloudfoundry_space.space_21                                            134ms
  cloudfoundry_space.space_22                                            141ms
  cloudfoundry_space.space_23                                            148ms
  cloudfoundry_space.space_24                                            161ms
  cloudfoundry_space.space_25                                            138ms
  cloudfoundry_space.space_26                                            145ms
  cloudfoundry_space.space_27                                            189ms
  cloudfoundry_space.space_28                                            135ms
  cloudfoundry_space.space_29                                            137ms
  cloudfoundry_space.space_3                                             163ms
  cloudfoundry_space.space_30                                            132ms
  cloudfoundry_space.space_31                                            132ms
  cloudfoundry_space.space_32                                            147ms
  cloudfoundry_space.space_33                                            141ms
  cloudfoundry_space.space_34                                            174ms
  cloudfoundry_space.space_35                                            131ms
  cloudfoundry_space.space_36                                            149ms
  cloudfoundry_space.space_37                                            141ms
  cloudfoundry_space.space_38                                            147ms
  cloudfoundry_space.space_39                                            133ms
  cloudfoundry_space.space_4                                             124ms
  cloudfoundry_space.space_40                                            144ms
  cloudfoundry_space.space_41                                            191ms
  cloudfoundry_space.space_42                                            147ms
  cloudfoundry_space.space_43                                            137ms
  cloudfoundry_space.space_44                                            159ms
  cloudfoundry_space.space_45                                            144ms
  cloudfoundry_space.space_46                                            135ms
  cloudfoundry_space.space_47                                            134ms
  cloudfoundry_space.space_48                                            125ms
  cloudfoundry_space.space_49                                            124ms
  cloudfoundry_space.space_5                                             149ms
  cloudfoundry_space.space_50                                            144ms
  cloudfoundry_space.space_6                                             140ms
  cloudfoundry_space.space_7                                             149ms
  cloudfoundry_space.space_8                                             138ms
  cloudfoundry_space.space_9                                             133ms


Run 3/10:
  Total run time: 7.983789s
  cloudfoundry_space.space_1                                             136ms
  cloudfoundry_space.space_10                                            123ms
  cloudfoundry_space.space_11                                            125ms
  cloudfoundry_space.space_12                                            150ms
  cloudfoundry_space.space_13                                            142ms
  cloudfoundry_space.space_14                                            144ms
  cloudfoundry_space.space_15                                            183ms
  cloudfoundry_space.space_16                                            129ms
  cloudfoundry_space.space_17                                            129ms
  cloudfoundry_space.space_18                                            134ms
  cloudfoundry_space.space_19                                            137ms
  cloudfoundry_space.space_2                                             136ms
  cloudfoundry_space.space_20                                            139ms
  cloudfoundry_space.space_21                                            131ms
  cloudfoundry_space.space_22                                            137ms
  cloudfoundry_space.space_23                                            127ms
  cloudfoundry_space.space_24                                            147ms
  cloudfoundry_space.space_25                                            139ms
  cloudfoundry_space.space_26                                            128ms
  cloudfoundry_space.space_27                                            123ms
  cloudfoundry_space.space_28                                            130ms
  cloudfoundry_space.space_29                                            151ms
  cloudfoundry_space.space_3                                             127ms
  cloudfoundry_space.space_30                                            144ms
  cloudfoundry_space.space_31                                            131ms
  cloudfoundry_space.space_32                                            134ms
  cloudfoundry_space.space_33                                            162ms
  cloudfoundry_space.space_34                                            141ms
  cloudfoundry_space.space_35                                            124ms
  cloudfoundry_space.space_36                                            126ms
  cloudfoundry_space.space_37                                            120ms
  cloudfoundry_space.space_38                                            120ms
  cloudfoundry_space.space_39                                            131ms
  cloudfoundry_space.space_4                                             121ms
  cloudfoundry_space.space_40                                            129ms
  cloudfoundry_space.space_41                                            144ms
  cloudfoundry_space.space_42                                            132ms
  cloudfoundry_space.space_43                                            152ms
  cloudfoundry_space.space_44                                            137ms
  cloudfoundry_space.space_45                                            141ms
  cloudfoundry_space.space_46                                            120ms
  cloudfoundry_space.space_47                                            155ms
  cloudfoundry_space.space_48                                            149ms
  cloudfoundry_space.space_49                                            130ms
  cloudfoundry_space.space_5                                             147ms
  cloudfoundry_space.space_50                                            117ms
  cloudfoundry_space.space_6                                             129ms
  cloudfoundry_space.space_7                                             135ms
  cloudfoundry_space.space_8                                             128ms
  cloudfoundry_space.space_9                                             138ms


Run 4/10:
  Total run time: 8.297468s
  cloudfoundry_space.space_1                                             124ms
  cloudfoundry_space.space_10                                            135ms
  cloudfoundry_space.space_11                                            136ms
  cloudfoundry_space.space_12                                            136ms
  cloudfoundry_space.space_13                                            142ms
  cloudfoundry_space.space_14                                            132ms
  cloudfoundry_space.space_15                                            140ms
  cloudfoundry_space.space_16                                            118ms
  cloudfoundry_space.space_17                                            136ms
  cloudfoundry_space.space_18                                            127ms
  cloudfoundry_space.space_19                                            134ms
  cloudfoundry_space.space_2                                             146ms
  cloudfoundry_space.space_20                                            139ms
  cloudfoundry_space.space_21                                            137ms
  cloudfoundry_space.space_22                                            129ms
  cloudfoundry_space.space_23                                            133ms
  cloudfoundry_space.space_24                                            152ms
  cloudfoundry_space.space_25                                            170ms
  cloudfoundry_space.space_26                                            144ms
  cloudfoundry_space.space_27                                            135ms
  cloudfoundry_space.space_28                                            147ms
  cloudfoundry_space.space_29                                            152ms
  cloudfoundry_space.space_3                                             152ms
  cloudfoundry_space.space_30                                            129ms
  cloudfoundry_space.space_31                                            241ms
  cloudfoundry_space.space_32                                            160ms
  cloudfoundry_space.space_33                                            129ms
  cloudfoundry_space.space_34                                            121ms
  cloudfoundry_space.space_35                                            119ms
  cloudfoundry_space.space_36                                            160ms
  cloudfoundry_space.space_37                                            135ms
  cloudfoundry_space.space_38                                            180ms
  cloudfoundry_space.space_39                                            134ms
  cloudfoundry_space.space_4                                             155ms
  cloudfoundry_space.space_40                                            137ms
  cloudfoundry_space.space_41                                            125ms
  cloudfoundry_space.space_42                                            135ms
  cloudfoundry_space.space_43                                            158ms
  cloudfoundry_space.space_44                                            150ms
  cloudfoundry_space.space_45                                            133ms
  cloudfoundry_space.space_46                                            147ms
  cloudfoundry_space.space_47                                            130ms
  cloudfoundry_space.space_48                                            139ms
  cloudfoundry_space.space_49                                            136ms
  cloudfoundry_space.space_5                                             165ms
  cloudfoundry_space.space_50                                            135ms
  cloudfoundry_space.space_6                                             155ms
  cloudfoundry_space.space_7                                             119ms
  cloudfoundry_space.space_8                                             138ms
  cloudfoundry_space.space_9                                             159ms


Run 5/10:
  Total run time: 8.296680s
  cloudfoundry_space.space_1                                             125ms
  cloudfoundry_space.space_10                                            142ms
  cloudfoundry_space.space_11                                            160ms
  cloudfoundry_space.space_12                                            139ms
  cloudfoundry_space.space_13                                            154ms
  cloudfoundry_space.space_14                                            130ms
  cloudfoundry_space.space_15                                            123ms
  cloudfoundry_space.space_16                                            147ms
  cloudfoundry_space.space_17                                            131ms
  cloudfoundry_space.space_18                                            130ms
  cloudfoundry_space.space_19                                            142ms
  cloudfoundry_space.space_2                                             143ms
  cloudfoundry_space.space_20                                            137ms
  cloudfoundry_space.space_21                                            142ms
  cloudfoundry_space.space_22                                            131ms
  cloudfoundry_space.space_23                                            146ms
  cloudfoundry_space.space_24                                            169ms
  cloudfoundry_space.space_25                                            125ms
  cloudfoundry_space.space_26                                            140ms
  cloudfoundry_space.space_27                                            135ms
  cloudfoundry_space.space_28                                            145ms
  cloudfoundry_space.space_29                                            137ms
  cloudfoundry_space.space_3                                             139ms
  cloudfoundry_space.space_30                                            150ms
  cloudfoundry_space.space_31                                            133ms
  cloudfoundry_space.space_32                                            140ms
  cloudfoundry_space.space_33                                            176ms
  cloudfoundry_space.space_34                                            156ms
  cloudfoundry_space.space_35                                            160ms
  cloudfoundry_space.space_36                                            132ms
  cloudfoundry_space.space_37                                            139ms
  cloudfoundry_space.space_38                                            138ms
  cloudfoundry_space.space_39                                            133ms
  cloudfoundry_space.space_4                                             178ms
  cloudfoundry_space.space_40                                            137ms
  cloudfoundry_space.space_41                                            120ms
  cloudfoundry_space.space_42                                            151ms
  cloudfoundry_space.space_43                                            152ms
  cloudfoundry_space.space_44                                            149ms
  cloudfoundry_space.space_45                                            124ms
  cloudfoundry_space.space_46                                            141ms
  cloudfoundry_space.space_47                                            133ms
  cloudfoundry_space.space_48                                            189ms
  cloudfoundry_space.space_49                                            150ms
  cloudfoundry_space.space_5                                             146ms
  cloudfoundry_space.space_50                                            192ms
  cloudfoundry_space.space_6                                             137ms
  cloudfoundry_space.space_7                                             136ms
  cloudfoundry_space.space_8                                             174ms
  cloudfoundry_space.space_9                                             122ms


Run 6/10:
  Total run time: 9.319904s
  cloudfoundry_space.space_1                                             158ms
  cloudfoundry_space.space_10                                            137ms
  cloudfoundry_space.space_11                                            161ms
  cloudfoundry_space.space_12                                            144ms
  cloudfoundry_space.space_13                                            133ms
  cloudfoundry_space.space_14                                            133ms
  cloudfoundry_space.space_15                                            182ms
  cloudfoundry_space.space_16                                            138ms
  cloudfoundry_space.space_17                                            157ms
  cloudfoundry_space.space_18                                            142ms
  cloudfoundry_space.space_19                                            131ms
  cloudfoundry_space.space_2                                             166ms
  cloudfoundry_space.space_20                                            127ms
  cloudfoundry_space.space_21                                            907ms
  cloudfoundry_space.space_22                                            170ms
  cloudfoundry_space.space_23                                            144ms
  cloudfoundry_space.space_24                                            134ms
  cloudfoundry_space.space_25                                            158ms
  cloudfoundry_space.space_26                                            137ms
  cloudfoundry_space.space_27                                            135ms
  cloudfoundry_space.space_28                                            122ms
  cloudfoundry_space.space_29                                            145ms
  cloudfoundry_space.space_3                                             139ms
  cloudfoundry_space.space_30                                            137ms
  cloudfoundry_space.space_31                                            138ms
  cloudfoundry_space.space_32                                            153ms
  cloudfoundry_space.space_33                                            162ms
  cloudfoundry_space.space_34                                            165ms
  cloudfoundry_space.space_35                                            131ms
  cloudfoundry_space.space_36                                            155ms
  cloudfoundry_space.space_37                                            179ms
  cloudfoundry_space.space_38                                            128ms
  cloudfoundry_space.space_39                                            124ms
  cloudfoundry_space.space_4                                             222ms
  cloudfoundry_space.space_40                                            135ms
  cloudfoundry_space.space_41                                            168ms
  cloudfoundry_space.space_42                                            137ms
  cloudfoundry_space.space_43                                            150ms
  cloudfoundry_space.space_44                                            156ms
  cloudfoundry_space.space_45                                            134ms
  cloudfoundry_space.space_46                                            137ms
  cloudfoundry_space.space_47                                            157ms
  cloudfoundry_space.space_48                                            148ms
  cloudfoundry_space.space_49                                            175ms
  cloudfoundry_space.space_5                                             170ms
  cloudfoundry_space.space_50                                            129ms
  cloudfoundry_space.space_6                                             145ms
  cloudfoundry_space.space_7                                             132ms
  cloudfoundry_space.space_8                                             141ms
  cloudfoundry_space.space_9                                             135ms


Run 7/10:
  Total run time: 8.782599s
  cloudfoundry_space.space_1                                             149ms
  cloudfoundry_space.space_10                                            172ms
  cloudfoundry_space.space_11                                            138ms
  cloudfoundry_space.space_12                                            171ms
  cloudfoundry_space.space_13                                            132ms
  cloudfoundry_space.space_14                                            158ms
  cloudfoundry_space.space_15                                            150ms
  cloudfoundry_space.space_16                                            166ms
  cloudfoundry_space.space_17                                            162ms
  cloudfoundry_space.space_18                                            154ms
  cloudfoundry_space.space_19                                            135ms
  cloudfoundry_space.space_2                                             136ms
  cloudfoundry_space.space_20                                            195ms
  cloudfoundry_space.space_21                                            177ms
  cloudfoundry_space.space_22                                            179ms
  cloudfoundry_space.space_23                                            144ms
  cloudfoundry_space.space_24                                            152ms
  cloudfoundry_space.space_25                                            147ms
  cloudfoundry_space.space_26                                            143ms
  cloudfoundry_space.space_27                                            149ms
  cloudfoundry_space.space_28                                            145ms
  cloudfoundry_space.space_29                                            178ms
  cloudfoundry_space.space_3                                             137ms
  cloudfoundry_space.space_30                                            134ms
  cloudfoundry_space.space_31                                            124ms
  cloudfoundry_space.space_32                                            137ms
  cloudfoundry_space.space_33                                            149ms
  cloudfoundry_space.space_34                                            151ms
  cloudfoundry_space.space_35                                            139ms
  cloudfoundry_space.space_36                                            154ms
  cloudfoundry_space.space_37                                            152ms
  cloudfoundry_space.space_38                                            170ms
  cloudfoundry_space.space_39                                            150ms
  cloudfoundry_space.space_4                                             124ms
  cloudfoundry_space.space_40                                            131ms
  cloudfoundry_space.space_41                                            130ms
  cloudfoundry_space.space_42                                            167ms
  cloudfoundry_space.space_43                                            141ms
  cloudfoundry_space.space_44                                            151ms
  cloudfoundry_space.space_45                                            153ms
  cloudfoundry_space.space_46                                            139ms
  cloudfoundry_space.space_47                                            178ms
  cloudfoundry_space.space_48                                            135ms
  cloudfoundry_space.space_49                                            147ms
  cloudfoundry_space.space_5                                             128ms
  cloudfoundry_space.space_50                                            139ms
  cloudfoundry_space.space_6                                             160ms
  cloudfoundry_space.space_7                                             148ms
  cloudfoundry_space.space_8                                             127ms
  cloudfoundry_space.space_9                                             143ms


Run 8/10:
  Total run time: 8.875691s
  cloudfoundry_space.space_1                                             143ms
  cloudfoundry_space.space_10                                            140ms
  cloudfoundry_space.space_11                                            141ms
  cloudfoundry_space.space_12                                            147ms
  cloudfoundry_space.space_13                                            155ms
  cloudfoundry_space.space_14                                            152ms
  cloudfoundry_space.space_15                                            135ms
  cloudfoundry_space.space_16                                            187ms
  cloudfoundry_space.space_17                                            140ms
  cloudfoundry_space.space_18                                            126ms
  cloudfoundry_space.space_19                                            183ms
  cloudfoundry_space.space_2                                             152ms
  cloudfoundry_space.space_20                                            148ms
  cloudfoundry_space.space_21                                            158ms
  cloudfoundry_space.space_22                                            146ms
  cloudfoundry_space.space_23                                            179ms
  cloudfoundry_space.space_24                                            142ms
  cloudfoundry_space.space_25                                            162ms
  cloudfoundry_space.space_26                                            176ms
  cloudfoundry_space.space_27                                            135ms
  cloudfoundry_space.space_28                                            129ms
  cloudfoundry_space.space_29                                            127ms
  cloudfoundry_space.space_3                                             140ms
  cloudfoundry_space.space_30                                            134ms
  cloudfoundry_space.space_31                                            128ms
  cloudfoundry_space.space_32                                            160ms
  cloudfoundry_space.space_33                                            162ms
  cloudfoundry_space.space_34                                            166ms
  cloudfoundry_space.space_35                                            133ms
  cloudfoundry_space.space_36                                            148ms
  cloudfoundry_space.space_37                                            161ms
  cloudfoundry_space.space_38                                            158ms
  cloudfoundry_space.space_39                                            158ms
  cloudfoundry_space.space_4                                             131ms
  cloudfoundry_space.space_40                                            132ms
  cloudfoundry_space.space_41                                            148ms
  cloudfoundry_space.space_42                                            191ms
  cloudfoundry_space.space_43                                            144ms
  cloudfoundry_space.space_44                                            171ms
  cloudfoundry_space.space_45                                            137ms
  cloudfoundry_space.space_46                                            138ms
  cloudfoundry_space.space_47                                            143ms
  cloudfoundry_space.space_48                                            179ms
  cloudfoundry_space.space_49                                            144ms
  cloudfoundry_space.space_5                                             127ms
  cloudfoundry_space.space_50                                            130ms
  cloudfoundry_space.space_6                                             143ms
  cloudfoundry_space.space_7                                             195ms
  cloudfoundry_space.space_8                                             142ms
  cloudfoundry_space.space_9                                             135ms


Run 9/10:
  Total run time: 8.791666s
  cloudfoundry_space.space_1                                             130ms
  cloudfoundry_space.space_10                                            237ms
  cloudfoundry_space.space_11                                            168ms
  cloudfoundry_space.space_12                                            145ms
  cloudfoundry_space.space_13                                            185ms
  cloudfoundry_space.space_14                                            139ms
  cloudfoundry_space.space_15                                            138ms
  cloudfoundry_space.space_16                                            155ms
  cloudfoundry_space.space_17                                            182ms
  cloudfoundry_space.space_18                                            151ms
  cloudfoundry_space.space_19                                            157ms
  cloudfoundry_space.space_2                                             133ms
  cloudfoundry_space.space_20                                            133ms
  cloudfoundry_space.space_21                                            146ms
  cloudfoundry_space.space_22                                            146ms
  cloudfoundry_space.space_23                                            166ms
  cloudfoundry_space.space_24                                            143ms
  cloudfoundry_space.space_25                                            132ms
  cloudfoundry_space.space_26                                            182ms
  cloudfoundry_space.space_27                                            127ms
  cloudfoundry_space.space_28                                            144ms
  cloudfoundry_space.space_29                                            149ms
  cloudfoundry_space.space_3                                             128ms
  cloudfoundry_space.space_30                                            139ms
  cloudfoundry_space.space_31                                            147ms
  cloudfoundry_space.space_32                                            156ms
  cloudfoundry_space.space_33                                            152ms
  cloudfoundry_space.space_34                                            125ms
  cloudfoundry_space.space_35                                            167ms
  cloudfoundry_space.space_36                                            158ms
  cloudfoundry_space.space_37                                            165ms
  cloudfoundry_space.space_38                                            161ms
  cloudfoundry_space.space_39                                            170ms
  cloudfoundry_space.space_4                                             155ms
  cloudfoundry_space.space_40                                            140ms
  cloudfoundry_space.space_41                                            165ms
  cloudfoundry_space.space_42                                            144ms
  cloudfoundry_space.space_43                                            151ms
  cloudfoundry_space.space_44                                            159ms
  cloudfoundry_space.space_45                                            147ms
  cloudfoundry_space.space_46                                            138ms
  cloudfoundry_space.space_47                                            160ms
  cloudfoundry_space.space_48                                            141ms
  cloudfoundry_space.space_49                                            144ms
  cloudfoundry_space.space_5                                             144ms
  cloudfoundry_space.space_50                                            178ms
  cloudfoundry_space.space_6                                             153ms
  cloudfoundry_space.space_7                                             136ms
  cloudfoundry_space.space_8                                             158ms
  cloudfoundry_space.space_9                                             135ms


Run 10/10:
  Total run time: 13.352670s
  cloudfoundry_space.space_1                                             136ms
  cloudfoundry_space.space_10                                            146ms
  cloudfoundry_space.space_11                                            144ms
  cloudfoundry_space.space_12                                            146ms
  cloudfoundry_space.space_13                                            140ms
  cloudfoundry_space.space_14                                            150ms
  cloudfoundry_space.space_15                                            151ms
  cloudfoundry_space.space_16                                            135ms
  cloudfoundry_space.space_17                                            140ms
  cloudfoundry_space.space_18                                            145ms
  cloudfoundry_space.space_19                                            127ms
  cloudfoundry_space.space_2                                             139ms
  cloudfoundry_space.space_20                                            148ms
  cloudfoundry_space.space_21                                            136ms
  cloudfoundry_space.space_22                                            122ms
  cloudfoundry_space.space_23                                            130ms
  cloudfoundry_space.space_24                                            135ms
  cloudfoundry_space.space_25                                            159ms
  cloudfoundry_space.space_26                                            141ms
  cloudfoundry_space.space_27                                            144ms
  cloudfoundry_space.space_28                                            140ms
  cloudfoundry_space.space_29                                            150ms
  cloudfoundry_space.space_3                                             150ms
  cloudfoundry_space.space_30                                            136ms
  cloudfoundry_space.space_31                                            141ms
  cloudfoundry_space.space_32                                            119ms
  cloudfoundry_space.space_33                                            138ms
  cloudfoundry_space.space_34                                            149ms
  cloudfoundry_space.space_35                                            160ms
  cloudfoundry_space.space_36                                            132ms
  cloudfoundry_space.space_37                                            132ms
  cloudfoundry_space.space_38                                            152ms
  cloudfoundry_space.space_39                                            128ms
  cloudfoundry_space.space_4                                             134ms
  cloudfoundry_space.space_40                                            136ms
  cloudfoundry_space.space_41                                            145ms
  cloudfoundry_space.space_42                                            139ms
  cloudfoundry_space.space_43                                            147ms
  cloudfoundry_space.space_44                                            136ms
  cloudfoundry_space.space_45                                            137ms
  cloudfoundry_space.space_46                                            147ms
  cloudfoundry_space.space_47                                            138ms
  cloudfoundry_space.space_48                                            163ms
  cloudfoundry_space.space_49                                            139ms
  cloudfoundry_space.space_5                                             141ms
  cloudfoundry_space.space_50                                            129ms
  cloudfoundry_space.space_6                                             162ms
  cloudfoundry_space.space_7                                             133ms
  cloudfoundry_space.space_8                                             153ms
  cloudfoundry_space.space_9                                             140ms


Final results:
-------                                ------------    -----------    -----------
Element                                Average (ms)   Minimum (ms)   Maximum (ms)
cloudfoundry_space.space_1                   135.80            121            158
cloudfoundry_space.space_10                  150.30            123            237
cloudfoundry_space.space_11                  142.20            123            168
cloudfoundry_space.space_12                  148.50            136            171
cloudfoundry_space.space_13                  146.10            132            185
cloudfoundry_space.space_14                  141.30            123            158
cloudfoundry_space.space_15                  149.60            123            183
cloudfoundry_space.space_16                  146.00            118            187
cloudfoundry_space.space_17                  145.60            129            182
cloudfoundry_space.space_18                  139.50            125            161
cloudfoundry_space.space_19                  141.40            123            183
cloudfoundry_space.space_2                   142.80            133            166
cloudfoundry_space.space_20                  141.60            123            195
cloudfoundry_space.space_21                  219.50            127            907
cloudfoundry_space.space_22                  146.80            122            179
cloudfoundry_space.space_23                  147.30            127            179
cloudfoundry_space.space_24                  147.60            134            169
cloudfoundry_space.space_25                  144.60            116            170
cloudfoundry_space.space_26                  147.60            128            182
cloudfoundry_space.space_27                  139.90            123            189
cloudfoundry_space.space_28                  138.40            122            147
cloudfoundry_space.space_29                  145.70            127            178
cloudfoundry_space.space_3                   141.30            127            163
cloudfoundry_space.space_30                  137.60            129            150
cloudfoundry_space.space_31                  148.20            124            241
cloudfoundry_space.space_32                  144.40            119            160
cloudfoundry_space.space_33                  150.80            129            176
cloudfoundry_space.space_34                  147.80            121            174
cloudfoundry_space.space_35                  141.50            119            167
cloudfoundry_space.space_36                  145.00            126            160
cloudfoundry_space.space_37                  148.10            120            179
cloudfoundry_space.space_38                  152.70            120            180
cloudfoundry_space.space_39                  139.50            124            170
cloudfoundry_space.space_4                   148.70            121            222
cloudfoundry_space.space_40                  136.40            129            144
cloudfoundry_space.space_41                  147.90            120            191
cloudfoundry_space.space_42                  148.30            132            191
cloudfoundry_space.space_43                  149.00            137            158
cloudfoundry_space.space_44                  152.10            136            171
cloudfoundry_space.space_45                  140.80            124            158
cloudfoundry_space.space_46                  137.60            120            147
cloudfoundry_space.space_47                  147.40            130            178
cloudfoundry_space.space_48                  150.70            125            189
cloudfoundry_space.space_49                  140.90            120            175
cloudfoundry_space.space_5                   147.50            127            170
cloudfoundry_space.space_50                  144.80            117            192
cloudfoundry_space.space_6                   146.00            129            162
cloudfoundry_space.space_7                   141.10            119            195
cloudfoundry_space.space_8                   142.80            127            174
cloudfoundry_space.space_9                   138.80            122            159

Grouped results:
-------                                ------------    -----------    -----------
Element                                Average (ms)   Minimum (ms)   Maximum (ms)
cloudfoundry_space.*                         146.12            116            907

Total wall-clock time: 92.174834s
Average wall-clock time: 9.217483s
Minimum wall-clock time: 7.983789s
Maximum wall-clock time: 13.352670s
Total Ressources: 50
