Running terraform plan -refresh-only 10 time(s)

Run 1/10:
  Total run time: 2.772193s
  cloudfoundry_space.space_1                                             187ms
  cloudfoundry_space.space_10                                            213ms
  cloudfoundry_space.space_11                                            170ms
  cloudfoundry_space.space_12                                            211ms
  cloudfoundry_space.space_13                                            195ms
  cloudfoundry_space.space_14                                            208ms
  cloudfoundry_space.space_15                                            180ms
  cloudfoundry_space.space_16                                            183ms
  cloudfoundry_space.space_17                                            212ms
  cloudfoundry_space.space_18                                            170ms
  cloudfoundry_space.space_19                                            181ms
  cloudfoundry_space.space_2                                             213ms
  cloudfoundry_space.space_20                                            144ms
  cloudfoundry_space.space_21                                            174ms
  cloudfoundry_space.space_22                                            169ms
  cloudfoundry_space.space_23                                            159ms
  cloudfoundry_space.space_24                                            208ms
  cloudfoundry_space.space_25                                            153ms
  cloudfoundry_space.space_26                                            211ms
  cloudfoundry_space.space_27                                            157ms
  cloudfoundry_space.space_28                                            199ms
  cloudfoundry_space.space_29                                            209ms
  cloudfoundry_space.space_3                                             187ms
  cloudfoundry_space.space_30                                            173ms
  cloudfoundry_space.space_31                                            175ms
  cloudfoundry_space.space_32                                            160ms
  cloudfoundry_space.space_33                                            405ms
  cloudfoundry_space.space_34                                            202ms
  cloudfoundry_space.space_35                                            216ms
  cloudfoundry_space.space_36                                            171ms
  cloudfoundry_space.space_37                                            175ms
  cloudfoundry_space.space_38                                            210ms
  cloudfoundry_space.space_39                                            179ms
  cloudfoundry_space.space_4                                             169ms
  cloudfoundry_space.space_40                                            213ms
  cloudfoundry_space.space_41                                            175ms
  cloudfoundry_space.space_42                                            191ms
  cloudfoundry_space.space_43                                            169ms
  cloudfoundry_space.space_44                                            212ms
  cloudfoundry_space.space_45                                            149ms
  cloudfoundry_space.space_46                                            210ms
  cloudfoundry_space.space_47                                            176ms
  cloudfoundry_space.space_48                                            156ms
  cloudfoundry_space.space_49                                            157ms
  cloudfoundry_space.space_5                                             177ms
  cloudfoundry_space.space_50                                            166ms
  cloudfoundry_space.space_6                                             184ms
  cloudfoundry_space.space_7                                             164ms
  cloudfoundry_space.space_8                                             175ms
  cloudfoundry_space.space_9                                             191ms


Run 2/10:
  Total run time: 2.039335s
  cloudfoundry_space.space_1                                             191ms
  cloudfoundry_space.space_10                                            252ms
  cloudfoundry_space.space_11                                            161ms
  cloudfoundry_space.space_12                                            173ms
  cloudfoundry_space.space_13                                            168ms
  cloudfoundry_space.space_14                                            230ms
  cloudfoundry_space.space_15                                            194ms
  cloudfoundry_space.space_16                                            153ms
  cloudfoundry_space.space_17                                            164ms
  cloudfoundry_space.space_18                                            146ms
  cloudfoundry_space.space_19                                            216ms
  cloudfoundry_space.space_2                                             164ms
  cloudfoundry_space.space_20                                            174ms
  cloudfoundry_space.space_21                                            155ms
  cloudfoundry_space.space_22                                            190ms
  cloudfoundry_space.space_23                                            170ms
  cloudfoundry_space.space_24                                            156ms
  cloudfoundry_space.space_25                                            137ms
  cloudfoundry_space.space_26                                            172ms
  cloudfoundry_space.space_27                                            168ms
  cloudfoundry_space.space_28                                            215ms
  cloudfoundry_space.space_29                                            190ms
  cloudfoundry_space.space_3                                             159ms
  cloudfoundry_space.space_30                                            160ms
  cloudfoundry_space.space_31                                            173ms
  cloudfoundry_space.space_32                                            171ms
  cloudfoundry_space.space_33                                            225ms
  cloudfoundry_space.space_34                                            191ms
  cloudfoundry_space.space_35                                            174ms
  cloudfoundry_space.space_36                                            255ms
  cloudfoundry_space.space_37                                            169ms
  cloudfoundry_space.space_38                                            169ms
  cloudfoundry_space.space_39                                            198ms
  cloudfoundry_space.space_4                                             152ms
  cloudfoundry_space.space_40                                            177ms
  cloudfoundry_space.space_41                                            208ms
  cloudfoundry_space.space_42                                            265ms
  cloudfoundry_space.space_43                                            187ms
  cloudfoundry_space.space_44                                            180ms
  cloudfoundry_space.space_45                                            216ms
  cloudfoundry_space.space_46                                            198ms
  cloudfoundry_space.space_47                                            183ms
  cloudfoundry_space.space_48                                            200ms
  cloudfoundry_space.space_49                                            151ms
  cloudfoundry_space.space_5                                             253ms
  cloudfoundry_space.space_50                                            174ms
  cloudfoundry_space.space_6                                             198ms
  cloudfoundry_space.space_7                                             230ms
  cloudfoundry_space.space_8                                             149ms
  cloudfoundry_space.space_9                                             200ms


Run 3/10:
  Total run time: 7.098199s
  cloudfoundry_space.space_1                                             163ms
  cloudfoundry_space.space_10                                            171ms
  cloudfoundry_space.space_11                                            157ms
  cloudfoundry_space.space_12                                            185ms
  cloudfoundry_space.space_13                                            153ms
  cloudfoundry_space.space_14                                            176ms
  cloudfoundry_space.space_15                                            157ms
  cloudfoundry_space.space_16                                            154ms
  cloudfoundry_space.space_17                                            231ms
  cloudfoundry_space.space_18                                            241ms
  cloudfoundry_space.space_19                                            179ms
  cloudfoundry_space.space_2                                             154ms
  cloudfoundry_space.space_20                                            195ms
  cloudfoundry_space.space_21                                            230ms
  cloudfoundry_space.space_22                                            233ms
  cloudfoundry_space.space_23                                            178ms
  cloudfoundry_space.space_24                                            210ms
  cloudfoundry_space.space_25                                            182ms
  cloudfoundry_space.space_26                                            173ms
  cloudfoundry_space.space_27                                            168ms
  cloudfoundry_space.space_28                                            185ms
  cloudfoundry_space.space_29                                            144ms
  cloudfoundry_space.space_3                                             178ms
  cloudfoundry_space.space_30                                            174ms
  cloudfoundry_space.space_31                                            170ms
  cloudfoundry_space.space_32                                            158ms
  cloudfoundry_space.space_33                                            187ms
  cloudfoundry_space.space_34                                            164ms
  cloudfoundry_space.space_35                                            157ms
  cloudfoundry_space.space_36                                            148ms
  cloudfoundry_space.space_37                                            176ms
  cloudfoundry_space.space_38                                            171ms
  cloudfoundry_space.space_39                                            165ms
  cloudfoundry_space.space_4                                             212ms
  cloudfoundry_space.space_40                                            144ms
  cloudfoundry_space.space_41                                            153ms
  cloudfoundry_space.space_42                                            185ms
  cloudfoundry_space.space_43                                            233ms
  cloudfoundry_space.space_44                                            172ms
  cloudfoundry_space.space_45                                            168ms
  cloudfoundry_space.space_46                                            166ms
  cloudfoundry_space.space_47                                            227ms
  cloudfoundry_space.space_48                                            168ms
  cloudfoundry_space.space_49                                            211ms
  cloudfoundry_space.space_5                                             169ms
  cloudfoundry_space.space_50                                            182ms
  cloudfoundry_space.space_6                                             236ms
  cloudfoundry_space.space_7                                             190ms
  cloudfoundry_space.space_8                                             167ms
  cloudfoundry_space.space_9                                             168ms


Run 4/10:
  Total run time: 2.148813s
  cloudfoundry_space.space_1                                             191ms
  cloudfoundry_space.space_10                                            162ms
  cloudfoundry_space.space_11                                            179ms
  cloudfoundry_space.space_12                                            176ms
  cloudfoundry_space.space_13                                            166ms
  cloudfoundry_space.space_14                                            153ms
  cloudfoundry_space.space_15                                            176ms
  cloudfoundry_space.space_16                                            161ms
  cloudfoundry_space.space_17                                            190ms
  cloudfoundry_space.space_18                                            183ms
  cloudfoundry_space.space_19                                            168ms
  cloudfoundry_space.space_2                                             197ms
  cloudfoundry_space.space_20                                            171ms
  cloudfoundry_space.space_21                                            163ms
  cloudfoundry_space.space_22                                            196ms
  cloudfoundry_space.space_23                                            154ms
  cloudfoundry_space.space_24                                            148ms
  cloudfoundry_space.space_25                                            160ms
  cloudfoundry_space.space_26                                            164ms
  cloudfoundry_space.space_27                                            191ms
  cloudfoundry_space.space_28                                            178ms
  cloudfoundry_space.space_29                                            193ms
  cloudfoundry_space.space_3                                             190ms
  cloudfoundry_space.space_30                                            173ms
  cloudfoundry_space.space_31                                            177ms
  cloudfoundry_space.space_32                                            184ms
  cloudfoundry_space.space_33                                            205ms
  cloudfoundry_space.space_34                                            187ms
  cloudfoundry_space.space_35                                            161ms
  cloudfoundry_space.space_36                                            175ms
  cloudfoundry_space.space_37                                            192ms
  cloudfoundry_space.space_38                                            178ms
  cloudfoundry_space.space_39                                            143ms
  cloudfoundry_space.space_4                                             156ms
  cloudfoundry_space.space_40                                            179ms
  cloudfoundry_space.space_41                                            159ms
  cloudfoundry_space.space_42                                            178ms
  cloudfoundry_space.space_43                                            200ms
  cloudfoundry_space.space_44                                            164ms
  cloudfoundry_space.space_45                                            184ms
  cloudfoundry_space.space_46                                            167ms
  cloudfoundry_space.space_47                                            167ms
  cloudfoundry_space.space_48                                            160ms
  cloudfoundry_space.space_49                                            198ms
  cloudfoundry_space.space_5                                             204ms
  cloudfoundry_space.space_50                                            205ms
  cloudfoundry_space.space_6                                             191ms
  cloudfoundry_space.space_7                                             210ms
  cloudfoundry_space.space_8                                             161ms
  cloudfoundry_space.space_9                                             198ms


Run 5/10:
  Total run time: 2.235674s
  cloudfoundry_space.space_1                                             144ms
  cloudfoundry_space.space_10                                            219ms
  cloudfoundry_space.space_11                                            223ms
  cloudfoundry_space.space_12                                            183ms
  cloudfoundry_space.space_13                                            156ms
  cloudfoundry_space.space_14                                            189ms
  cloudfoundry_space.space_15                                            166ms
  cloudfoundry_space.space_16                                            159ms
  cloudfoundry_space.space_17                                            153ms
  cloudfoundry_space.space_18                                            188ms
  cloudfoundry_space.space_19                                            206ms
  cloudfoundry_space.space_2                                             159ms
  cloudfoundry_space.space_20                                            203ms
  cloudfoundry_space.space_21                                            225ms
  cloudfoundry_space.space_22                                            166ms
  cloudfoundry_space.space_23                                            157ms
  cloudfoundry_space.space_24                                            144ms
  cloudfoundry_space.space_25                                            227ms
  cloudfoundry_space.space_26                                            219ms
  cloudfoundry_space.space_27                                            176ms
  cloudfoundry_space.space_28                                            170ms
  cloudfoundry_space.space_29                                            240ms
  cloudfoundry_space.space_3                                             189ms
  cloudfoundry_space.space_30                                            175ms
  cloudfoundry_space.space_31                                            165ms
  cloudfoundry_space.space_32                                            166ms
  cloudfoundry_space.space_33                                            211ms
  cloudfoundry_space.space_34                                            166ms
  cloudfoundry_space.space_35                                            161ms
  cloudfoundry_space.space_36                                            175ms
  cloudfoundry_space.space_37                                            231ms
  cloudfoundry_space.space_38                                            176ms
  cloudfoundry_space.space_39                                            221ms
  cloudfoundry_space.space_4                                             165ms
  cloudfoundry_space.space_40                                            200ms
  cloudfoundry_space.space_41                                            163ms
  cloudfoundry_space.space_42                                            222ms
  cloudfoundry_space.space_43                                            165ms
  cloudfoundry_space.space_44                                            214ms
  cloudfoundry_space.space_45                                            204ms
  cloudfoundry_space.space_46                                            216ms
  cloudfoundry_space.space_47                                            189ms
  cloudfoundry_space.space_48                                            159ms
  cloudfoundry_space.space_49                                            204ms
  cloudfoundry_space.space_5                                             179ms
  cloudfoundry_space.space_50                                            191ms
  cloudfoundry_space.space_6                                             158ms
  cloudfoundry_space.space_7                                             187ms
  cloudfoundry_space.space_8                                             210ms
  cloudfoundry_space.space_9                                             164ms


Run 6/10:
  Total run time: 2.109983s
  cloudfoundry_space.space_1                                             167ms
  cloudfoundry_space.space_10                                            175ms
  cloudfoundry_space.space_11                                            167ms
  cloudfoundry_space.space_12                                            164ms
  cloudfoundry_space.space_13                                            161ms
  cloudfoundry_space.space_14                                            169ms
  cloudfoundry_space.space_15                                            160ms
  cloudfoundry_space.space_16                                            176ms
  cloudfoundry_space.space_17                                            168ms
  cloudfoundry_space.space_18                                            167ms
  cloudfoundry_space.space_19                                            212ms
  cloudfoundry_space.space_2                                             208ms
  cloudfoundry_space.space_20                                            187ms
  cloudfoundry_space.space_21                                            181ms
  cloudfoundry_space.space_22                                            191ms
  cloudfoundry_space.space_23                                            188ms
  cloudfoundry_space.space_24                                            162ms
  cloudfoundry_space.space_25                                            180ms
  cloudfoundry_space.space_26                                            163ms
  cloudfoundry_space.space_27                                            190ms
  cloudfoundry_space.space_28                                            195ms
  cloudfoundry_space.space_29                                            178ms
  cloudfoundry_space.space_3                                             186ms
  cloudfoundry_space.space_30                                            151ms
  cloudfoundry_space.space_31                                            175ms
  cloudfoundry_space.space_32                                            183ms
  cloudfoundry_space.space_33                                            183ms
  cloudfoundry_space.space_34                                            166ms
  cloudfoundry_space.space_35                                            166ms
  cloudfoundry_space.space_36                                            180ms
  cloudfoundry_space.space_37                                            191ms
  cloudfoundry_space.space_38                                            184ms
  cloudfoundry_space.space_39                                            175ms
  cloudfoundry_space.space_4                                             155ms
  cloudfoundry_space.space_40                                            194ms
  cloudfoundry_space.space_41                                            177ms
  cloudfoundry_space.space_42                                            164ms
  cloudfoundry_space.space_43                                            158ms
  cloudfoundry_space.space_44                                            181ms
  cloudfoundry_space.space_45                                            191ms
  cloudfoundry_space.space_46                                            141ms
  cloudfoundry_space.space_47                                            180ms
  cloudfoundry_space.space_48                                            182ms
  cloudfoundry_space.space_49                                            174ms
  cloudfoundry_space.space_5                                             202ms
  cloudfoundry_space.space_50                                            155ms
  cloudfoundry_space.space_6                                             172ms
  cloudfoundry_space.space_7                                             181ms
  cloudfoundry_space.space_8                                             166ms
  cloudfoundry_space.space_9                                             191ms


Run 7/10:
  Total run time: 1.937039s
  cloudfoundry_space.space_1                                             166ms
  cloudfoundry_space.space_10                                            196ms
  cloudfoundry_space.space_11                                            161ms
  cloudfoundry_space.space_12                                            175ms
  cloudfoundry_space.space_13                                            152ms
  cloudfoundry_space.space_14                                            146ms
  cloudfoundry_space.space_15                                            145ms
  cloudfoundry_space.space_16                                            165ms
  cloudfoundry_space.space_17                                            145ms
  cloudfoundry_space.space_18                                            159ms
  cloudfoundry_space.space_19                                            136ms
  cloudfoundry_space.space_2                                             163ms
  cloudfoundry_space.space_20                                            159ms
  cloudfoundry_space.space_21                                            161ms
  cloudfoundry_space.space_22                                            154ms
  cloudfoundry_space.space_23                                            160ms
  cloudfoundry_space.space_24                                            182ms
  cloudfoundry_space.space_25                                            187ms
  cloudfoundry_space.space_26                                            163ms
  cloudfoundry_space.space_27                                            143ms
  cloudfoundry_space.space_28                                            189ms
  cloudfoundry_space.space_29                                            152ms
  cloudfoundry_space.space_3                                             187ms
  cloudfoundry_space.space_30                                            192ms
  cloudfoundry_space.space_31                                            160ms
  cloudfoundry_space.space_32                                            168ms
  cloudfoundry_space.space_33                                            169ms
  cloudfoundry_space.space_34                                            197ms
  cloudfoundry_space.space_35                                            192ms
  cloudfoundry_space.space_36                                            157ms
  cloudfoundry_space.space_37                                            150ms
  cloudfoundry_space.space_38                                            184ms
  cloudfoundry_space.space_39                                            157ms
  cloudfoundry_space.space_4                                             163ms
  cloudfoundry_space.space_40                                            166ms
  cloudfoundry_space.space_41                                            208ms
  cloudfoundry_space.space_42                                            186ms
  cloudfoundry_space.space_43                                            176ms
  cloudfoundry_space.space_44                                            154ms
  cloudfoundry_space.space_45                                            167ms
  cloudfoundry_space.space_46                                            159ms
  cloudfoundry_space.space_47                                            186ms
  cloudfoundry_space.space_48                                            149ms
  cloudfoundry_space.space_49                                            191ms
  cloudfoundry_space.space_5                                             153ms
  cloudfoundry_space.space_50                x                            156ms
  cloudfoundry_space.space_6                                             185ms
  cloudfoundry_space.space_7                                             143ms
  cloudfoundry_space.space_8                                             157ms
  cloudfoundry_space.space_9                                             185ms


Run 8/10:
  Total run time: 2.188347s
  cloudfoundry_space.space_1                                             174ms
  cloudfoundry_space.space_10                                            166ms
  cloudfoundry_space.space_11                                            151ms
  cloudfoundry_space.space_12                                            168ms
  cloudfoundry_space.space_13                                            181ms
  cloudfoundry_space.space_14                                            147ms
  cloudfoundry_space.space_15                                            204ms
  cloudfoundry_space.space_16                                            173ms
  cloudfoundry_space.space_17                                            163ms
  cloudfoundry_space.space_18                                            159ms
  cloudfoundry_space.space_19                                            178ms
  cloudfoundry_space.space_2                                             196ms
  cloudfoundry_space.space_20                                            178ms
  cloudfoundry_space.space_21                                            181ms
  cloudfoundry_space.space_22                                            164ms
  cloudfoundry_space.space_23                                            154ms
  cloudfoundry_space.space_24                                            197ms
  cloudfoundry_space.space_25                                            176ms
  cloudfoundry_space.space_26                                            162ms
  cloudfoundry_space.space_27                                            161ms
  cloudfoundry_space.space_28                                            172ms
  cloudfoundry_space.space_29                                            206ms
  cloudfoundry_space.space_3                                             199ms
  cloudfoundry_space.space_30                                            181ms
  cloudfoundry_space.space_31                                            154ms
  cloudfoundry_space.space_32                                            142ms
  cloudfoundry_space.space_33                                            157ms
  cloudfoundry_space.space_34                                            138ms
  cloudfoundry_space.space_35                                            174ms
  cloudfoundry_space.space_36                                            153ms
  cloudfoundry_space.space_37                                            170ms
  cloudfoundry_space.space_38                                            181ms
  cloudfoundry_space.space_39                                            149ms
  cloudfoundry_space.space_4                                             181ms
  cloudfoundry_space.space_40                                            161ms
  cloudfoundry_space.space_41                                            177ms
  cloudfoundry_space.space_42                                            181ms
  cloudfoundry_space.space_43                                            203ms
  cloudfoundry_space.space_44                                            151ms
  cloudfoundry_space.space_45                                            140ms
  cloudfoundry_space.space_46                                            144ms
  cloudfoundry_space.space_47                                            202ms
  cloudfoundry_space.space_48                                            172ms
  cloudfoundry_space.space_49                                            159ms
  cloudfoundry_space.space_5                                             187ms
  cloudfoundry_space.space_50                                            214ms
  cloudfoundry_space.space_6                                             189ms
  cloudfoundry_space.space_7                                             177ms
  cloudfoundry_space.space_8                                             201ms
  cloudfoundry_space.space_9                                             188ms


Run 9/10:
  Total run time: 2.099560s
  cloudfoundry_space.space_1                                             193ms
  cloudfoundry_space.space_10                                            135ms
  cloudfoundry_space.space_11                                            171ms
  cloudfoundry_space.space_12                                            200ms
  cloudfoundry_space.space_13                                            134ms
  cloudfoundry_space.space_14                                            194ms
  cloudfoundry_space.space_15                                            181ms
  cloudfoundry_space.space_16                                            201ms
  cloudfoundry_space.space_17                                            158ms
  cloudfoundry_space.space_18                                            193ms
  cloudfoundry_space.space_19                                            181ms
  cloudfoundry_space.space_2                                             178ms
  cloudfoundry_space.space_20                                            149ms
  cloudfoundry_space.space_21                                            170ms
  cloudfoundry_space.space_22                                            207ms
  cloudfoundry_space.space_23                                            181ms
  cloudfoundry_space.space_24                                            157ms
  cloudfoundry_space.space_25                                            155ms
  cloudfoundry_space.space_26                                            145ms
  cloudfoundry_space.space_27                                            194ms
  cloudfoundry_space.space_28                                            156ms
  cloudfoundry_space.space_29                                            151ms
  cloudfoundry_space.space_3                                             171ms
  cloudfoundry_space.space_30                                            138ms
  cloudfoundry_space.space_31                                            145ms
  cloudfoundry_space.space_32                                            184ms
  cloudfoundry_space.space_33                                            151ms
  cloudfoundry_space.space_34                                            202ms
  cloudfoundry_space.space_35                                            187ms
  cloudfoundry_space.space_36                                            191ms
  cloudfoundry_space.space_37                                            180ms
  cloudfoundry_space.space_38                                            174ms
  cloudfoundry_space.space_39                                            148ms
  cloudfoundry_space.space_4                                             190ms
  cloudfoundry_space.space_40                                            190ms
  cloudfoundry_space.space_41                                            199ms
  cloudfoundry_space.space_42                                            195ms
  cloudfoundry_space.space_43                                            182ms
  cloudfoundry_space.space_44                                            166ms
  cloudfoundry_space.space_45                                            160ms
  cloudfoundry_space.space_46                                            170ms
  cloudfoundry_space.space_47                                            217ms
  cloudfoundry_space.space_48                                            162ms
  cloudfoundry_space.space_49                                            206ms
  cloudfoundry_space.space_5                                             164ms
  cloudfoundry_space.space_50                                            223ms
  cloudfoundry_space.space_6                                             179ms
  cloudfoundry_space.space_7                                             198ms
  cloudfoundry_space.space_8                                             187ms
  cloudfoundry_space.space_9                                             163ms


Run 10/10:
  Total run time: 2.012552s
  cloudfoundry_space.space_1                                             161ms
  cloudfoundry_space.space_10                                            169ms
  cloudfoundry_space.space_11                                            143ms
  cloudfoundry_space.space_12                                            172ms
  cloudfoundry_space.space_13                                            199ms
  cloudfoundry_space.space_14                                            156ms
  cloudfoundry_space.space_15                                            179ms
  cloudfoundry_space.space_16                                            214ms
  cloudfoundry_space.space_17                                            155ms
  cloudfoundry_space.space_18                                            158ms
  cloudfoundry_space.space_19                                            207ms
  cloudfoundry_space.space_2                                             163ms
  cloudfoundry_space.space_20                                            213ms
  cloudfoundry_space.space_21                                            174ms
  cloudfoundry_space.space_22                                            155ms
  cloudfoundry_space.space_23                                            154ms
  cloudfoundry_space.space_24                                            141ms
  cloudfoundry_space.space_25                                            202ms
  cloudfoundry_space.space_26                                            212ms
  cloudfoundry_space.space_27                                            197ms
  cloudfoundry_space.space_28                                            152ms
  cloudfoundry_space.space_29                                            199ms
  cloudfoundry_space.space_3                                             173ms
  cloudfoundry_space.space_30                                            201ms
  cloudfoundry_space.space_31                                            149ms
  cloudfoundry_space.space_32                                            180ms
  cloudfoundry_space.space_33                                            174ms
  cloudfoundry_space.space_34                                            144ms
  cloudfoundry_space.space_35                                            163ms
  cloudfoundry_space.space_36                                            213ms
  cloudfoundry_space.space_37                                            145ms
  cloudfoundry_space.space_38                                            210ms
  cloudfoundry_space.space_39                                            150ms
  cloudfoundry_space.space_4                                             363ms
  cloudfoundry_space.space_40                                            211ms
  cloudfoundry_space.space_41                                            186ms
  cloudfoundry_space.space_42                                            183ms
  cloudfoundry_space.space_43                                            211ms
  cloudfoundry_space.space_44                                            179ms
  cloudfoundry_space.space_45                                            214ms
  cloudfoundry_space.space_46                                            165ms
  cloudfoundry_space.space_47                                            168ms
  cloudfoundry_space.space_48                                            202ms
  cloudfoundry_space.space_49                                            175ms
  cloudfoundry_space.space_5                                             165ms
  cloudfoundry_space.space_50                                            141ms
  cloudfoundry_space.space_6                                             177ms
  cloudfoundry_space.space_7                                             156ms
  cloudfoundry_space.space_8                                             162ms
  cloudfoundry_space.space_9                                             200ms


Final results:
-------                                ------------    -----------    -----------
Element                                Average (ms)   Minimum (ms)   Maximum (ms)
cloudfoundry_space.space_1                   173.70            144            193
cloudfoundry_space.space_10                  185.80            135            252
cloudfoundry_space.space_11                  168.30            143            223
cloudfoundry_space.space_12                  180.70            164            211
cloudfoundry_space.space_13                  166.50            134            199
cloudfoundry_space.space_14                  176.80            146            230
cloudfoundry_space.space_15                  174.20            145            204
cloudfoundry_space.space_16                  173.90            153            214
cloudfoundry_space.space_17                  173.90            145            231
cloudfoundry_space.space_18                  176.40            146            241
cloudfoundry_space.space_19                  186.40            136            216
cloudfoundry_space.space_2                   179.50            154            213
cloudfoundry_space.space_20                  177.30            144            213
cloudfoundry_space.space_21                  181.40            155            230
cloudfoundry_space.space_22                  182.50            154            233
cloudfoundry_space.space_23                  165.50            154            188
cloudfoundry_space.space_24                  170.50            141            210
cloudfoundry_space.space_25                  175.90            137            227
cloudfoundry_space.space_26                  178.40            145            219
cloudfoundry_space.space_27                  174.50            143            197
cloudfoundry_space.space_28                  181.10            152            215
cloudfoundry_space.space_29                  186.20            144            240
cloudfoundry_space.space_3                   181.90            159            199
cloudfoundry_space.space_30                  171.80            138            201
cloudfoundry_space.space_31                  164.30            145            177
cloudfoundry_space.space_32                  169.60            142            184
cloudfoundry_space.space_33                  206.70            151            405
cloudfoundry_space.space_34                  175.70            138            202
cloudfoundry_space.space_35                  175.10            157            216
cloudfoundry_space.space_36                  181.80            148            255
cloudfoundry_space.space_37                  177.90            145            231
cloudfoundry_space.space_38                  183.70            169            210
cloudfoundry_space.space_39                  168.50            143            221
cloudfoundry_space.space_4                   190.60            152            363
cloudfoundry_space.space_40                  183.50            144            213
cloudfoundry_space.space_41                  180.50            153            208
cloudfoundry_space.space_42                  195.00            164            265
cloudfoundry_space.space_43                  188.40            158            233
cloudfoundry_space.space_44                  177.30            151            214
cloudfoundry_space.space_45                  179.30            140            216
cloudfoundry_space.space_46                  173.60            141            216
cloudfoundry_space.space_47                  189.50            167            227
cloudfoundry_space.space_48                  171.00            149            202
cloudfoundry_space.space_49                  182.60            151            211
cloudfoundry_space.space_5                   185.30            153            253
cloudfoundry_space.space_50                  180.70            141            223
cloudfoundry_space.space_6                   186.90            158            236
cloudfoundry_space.space_7                   183.60            143            230
cloudfoundry_space.space_8                   173.50            149            210
cloudfoundry_space.space_9                   184.80            163            200

Grouped results:
-------                                ------------    -----------    -----------
Element                                Average (ms)   Minimum (ms)   Maximum (ms)
cloudfoundry_space.*                         179.05            134            405

Total wall-clock time: 26.641695s
Average wall-clock time: 2.664169s
Minimum wall-clock time: 1.937039s
Maximum wall-clock time: 7.098199s
Total Ressources: 50
