Running terraform plan -refresh-only 10 time(s) in /Users/christopher-henry.john/Documents/GitHub_Private/performance-test/cf_space_only/test_x50...
Using Terraform parallelism: 10

Run 1/10:
  Total run time: 2.048409s
  cloudfoundry_space.space_1                                             182ms
  cloudfoundry_space.space_10                                            193ms
  cloudfoundry_space.space_11                                            204ms
  cloudfoundry_space.space_12                                            151ms
  cloudfoundry_space.space_13                                            161ms
  cloudfoundry_space.space_14                                            214ms
  cloudfoundry_space.space_15                                            207ms
  cloudfoundry_space.space_16                                            201ms
  cloudfoundry_space.space_17                                            193ms
  cloudfoundry_space.space_18                                            180ms
  cloudfoundry_space.space_19                                            180ms
  cloudfoundry_space.space_2                                             182ms
  cloudfoundry_space.space_20                                            145ms
  cloudfoundry_space.space_21                                            158ms
  cloudfoundry_space.space_22                                            173ms
  cloudfoundry_space.space_23                                            179ms
  cloudfoundry_space.space_24                                            189ms
  cloudfoundry_space.space_25                                            192ms
  cloudfoundry_space.space_26                                            204ms
  cloudfoundry_space.space_27                                            188ms
  cloudfoundry_space.space_28                                            161ms
  cloudfoundry_space.space_29                                            195ms
  cloudfoundry_space.space_3                                             156ms
  cloudfoundry_space.space_30                                            173ms
  cloudfoundry_space.space_31                                            162ms
  cloudfoundry_space.space_32                                            170ms
  cloudfoundry_space.space_33                                            160ms
  cloudfoundry_space.space_34                                            161ms
  cloudfoundry_space.space_35                                            148ms
  cloudfoundry_space.space_36                                            173ms
  cloudfoundry_space.space_37                                            169ms
  cloudfoundry_space.space_38                                            193ms
  cloudfoundry_space.space_39                                            157ms
  cloudfoundry_space.space_4                                             179ms
  cloudfoundry_space.space_40                                            155ms
  cloudfoundry_space.space_41                                            158ms
  cloudfoundry_space.space_42                                            200ms
  cloudfoundry_space.space_43                                            176ms
  cloudfoundry_space.space_44                                            209ms
  cloudfoundry_space.space_45                                            174ms
  cloudfoundry_space.space_46                                            204ms
  cloudfoundry_space.space_47                                            181ms
  cloudfoundry_space.space_48                                            171ms
  cloudfoundry_space.space_49                                            159ms
  cloudfoundry_space.space_5                                             176ms
  cloudfoundry_space.space_50                                            163ms
  cloudfoundry_space.space_6                                             157ms
  cloudfoundry_space.space_7                                             192ms
  cloudfoundry_space.space_8                                             161ms
  cloudfoundry_space.space_9                                             161ms


Run 2/10:
  Total run time: 2.027835s
  cloudfoundry_space.space_1                                             176ms
  cloudfoundry_space.space_10                                            135ms
  cloudfoundry_space.space_11                                            163ms
  cloudfoundry_space.space_12                                            176ms
  cloudfoundry_space.space_13                                            207ms
  cloudfoundry_space.space_14                                            181ms
  cloudfoundry_space.space_15                                            179ms
  cloudfoundry_space.space_16                                            178ms
  cloudfoundry_space.space_17                                            204ms
  cloudfoundry_space.space_18                                            206ms
  cloudfoundry_space.space_19                                            209ms
  cloudfoundry_space.space_2                                             169ms
  cloudfoundry_space.space_20                                            178ms
  cloudfoundry_space.space_21                                            160ms
  cloudfoundry_space.space_22                                            167ms
  cloudfoundry_space.space_23                                            139ms
  cloudfoundry_space.space_24                                            176ms
  cloudfoundry_space.space_25                                            176ms
  cloudfoundry_space.space_26                                            172ms
  cloudfoundry_space.space_27                                            171ms
  cloudfoundry_space.space_28                                            176ms
  cloudfoundry_space.space_29                                            157ms
  cloudfoundry_space.space_3                                             171ms
  cloudfoundry_space.space_30                                            148ms
  cloudfoundry_space.space_31                                            167ms
  cloudfoundry_space.space_32                                            170ms
  cloudfoundry_space.space_33                                            210ms
  cloudfoundry_space.space_34                                            175ms
  cloudfoundry_space.space_35                                            161ms
  cloudfoundry_space.space_36                                            158ms
  cloudfoundry_space.space_37                                            169ms
  cloudfoundry_space.space_38                                            191ms
  cloudfoundry_space.space_39                                            177ms
  cloudfoundry_space.space_4                                             169ms
  cloudfoundry_space.space_40                                            177ms
  cloudfoundry_space.space_41                                            195ms
  cloudfoundry_space.space_42                                            208ms
  cloudfoundry_space.space_43                                            206ms
  cloudfoundry_space.space_44                                            141ms
  cloudfoundry_space.space_45                                            168ms
  cloudfoundry_space.space_46                                            170ms
  cloudfoundry_space.space_47                                            213ms
  cloudfoundry_space.space_48                                            188ms
  cloudfoundry_space.space_49                                            214ms
  cloudfoundry_space.space_5                                             189ms
  cloudfoundry_space.space_50                                            179ms
  cloudfoundry_space.space_6                                             153ms
  cloudfoundry_space.space_7                                             210ms
  cloudfoundry_space.space_8                                             155ms
  cloudfoundry_space.space_9                                             158ms


Run 3/10:
  Total run time: 1.908552s
  cloudfoundry_space.space_1                                             140ms
  cloudfoundry_space.space_10                                            155ms
  cloudfoundry_space.space_11                                            160ms
  cloudfoundry_space.space_12                                            185ms
  cloudfoundry_space.space_13                                            164ms
  cloudfoundry_space.space_14                                            146ms
  cloudfoundry_space.space_15                                            150ms
  cloudfoundry_space.space_16                                            157ms
  cloudfoundry_space.space_17                                            185ms
  cloudfoundry_space.space_18                                            199ms
  cloudfoundry_space.space_19                                            153ms
  cloudfoundry_space.space_2                                             165ms
  cloudfoundry_space.space_20                                            168ms
  cloudfoundry_space.space_21                                            174ms
  cloudfoundry_space.space_22                                            204ms
  cloudfoundry_space.space_23                                            145ms
  cloudfoundry_space.space_24                                            159ms
  cloudfoundry_space.space_25                                            183ms
  cloudfoundry_space.space_26                                            177ms
  cloudfoundry_space.space_27                                            192ms
  cloudfoundry_space.space_28                                            147ms
  cloudfoundry_space.space_29                                            169ms
  cloudfoundry_space.space_3                                             170ms
  cloudfoundry_space.space_30                                            197ms
  cloudfoundry_space.space_31                                            168ms
  cloudfoundry_space.space_32                                            170ms
  cloudfoundry_space.space_33                                            147ms
  cloudfoundry_space.space_34                                            211ms
  cloudfoundry_space.space_35                                            146ms
  cloudfoundry_space.space_36                                            206ms
  cloudfoundry_space.space_37                                            190ms
  cloudfoundry_space.space_38                                            175ms
  cloudfoundry_space.space_39                                            172ms
  cloudfoundry_space.space_4                                             161ms
  cloudfoundry_space.space_40                                            137ms
  cloudfoundry_space.space_41                                            188ms
  cloudfoundry_space.space_42                                            178ms
  cloudfoundry_space.space_43                                            150ms
  cloudfoundry_space.space_44                                            192ms
  cloudfoundry_space.space_45                                            170ms
  cloudfoundry_space.space_46                                            190ms
  cloudfoundry_space.space_47                                            149ms
  cloudfoundry_space.space_48                                            160ms
  cloudfoundry_space.space_49                                            168ms
  cloudfoundry_space.space_5                                             152ms
  cloudfoundry_space.space_50                                            149ms
  cloudfoundry_space.space_6                                             158ms
  cloudfoundry_space.space_7                                             180ms
  cloudfoundry_space.space_8                                             177ms
  cloudfoundry_space.space_9                                             181ms


Run 4/10:
  Total run time: 2.081871s
  cloudfoundry_space.space_1                                             173ms
  cloudfoundry_space.space_10                                            184ms
  cloudfoundry_space.space_11                                            196ms
  cloudfoundry_space.space_12                                            181ms
  cloudfoundry_space.space_13                                            172ms
  cloudfoundry_space.space_14                                            185ms
  cloudfoundry_space.space_15                                            174ms
  cloudfoundry_space.space_16                                            187ms
  cloudfoundry_space.space_17                                            166ms
  cloudfoundry_space.space_18                                            193ms
  cloudfoundry_space.space_19                                            153ms
  cloudfoundry_space.space_2                                             210ms
  cloudfoundry_space.space_20                                            175ms
  cloudfoundry_space.space_21                                            173ms
  cloudfoundry_space.space_22                                            159ms
  cloudfoundry_space.space_23                                            157ms
  cloudfoundry_space.space_24                                            166ms
  cloudfoundry_space.space_25                                            174ms
  cloudfoundry_space.space_26                                            169ms
  cloudfoundry_space.space_27                                            181ms
  cloudfoundry_space.space_28                                            164ms
  cloudfoundry_space.space_29                                            179ms
  cloudfoundry_space.space_3                                             163ms
  cloudfoundry_space.space_30                                            156ms
  cloudfoundry_space.space_31                                            185ms
  cloudfoundry_space.space_32                                            180ms
  cloudfoundry_space.space_33                                            152ms
  cloudfoundry_space.space_34                                            202ms
  cloudfoundry_space.space_35                                            185ms
  cloudfoundry_space.space_36                                            184ms
  cloudfoundry_space.space_37                                            182ms
  cloudfoundry_space.space_38                                            182ms
  cloudfoundry_space.space_39                                            178ms
  cloudfoundry_space.space_4                                             173ms
  cloudfoundry_space.space_40                                            174ms
  cloudfoundry_space.space_41                                            181ms
  cloudfoundry_space.space_42                                            188ms
  cloudfoundry_space.space_43                                            175ms
  cloudfoundry_space.space_44                                            186ms
  cloudfoundry_space.space_45                                            196ms
  cloudfoundry_space.space_46                                            140ms
  cloudfoundry_space.space_47                                            171ms
  cloudfoundry_space.space_48                                            181ms
  cloudfoundry_space.space_49                                            218ms
  cloudfoundry_space.space_5                                             190ms
  cloudfoundry_space.space_50                                            151ms
  cloudfoundry_space.space_6                                             177ms
  cloudfoundry_space.space_7                                             173ms
  cloudfoundry_space.space_8                                             180ms
  cloudfoundry_space.space_9                                             182ms


Run 5/10:
  Total run time: 1.960276s
  cloudfoundry_space.space_1                                             179ms
  cloudfoundry_space.space_10                                            154ms
  cloudfoundry_space.space_11                                            147ms
  cloudfoundry_space.space_12                                            185ms
  cloudfoundry_space.space_13                                            153ms
  cloudfoundry_space.space_14                                            179ms
  cloudfoundry_space.space_15                                            154ms
  cloudfoundry_space.space_16                                            142ms
  cloudfoundry_space.space_17                                            147ms
  cloudfoundry_space.space_18                                            157ms
  cloudfoundry_space.space_19                                            169ms
  cloudfoundry_space.space_2                                             173ms
  cloudfoundry_space.space_20                                            172ms
  cloudfoundry_space.space_21                                            138ms
  cloudfoundry_space.space_22                                            179ms
  cloudfoundry_space.space_23                                            154ms
  cloudfoundry_space.space_24                                            168ms
  cloudfoundry_space.space_25                                            149ms
  cloudfoundry_space.space_26                                            173ms
  cloudfoundry_space.space_27                                            138ms
  cloudfoundry_space.space_28                                            176ms
  cloudfoundry_space.space_29                                            177ms
  cloudfoundry_space.space_3                                             186ms
  cloudfoundry_space.space_30                                            188ms
  cloudfoundry_space.space_31                                            170ms
  cloudfoundry_space.space_32                                            156ms
  cloudfoundry_space.space_33                                            138ms
  cloudfoundry_space.space_34                                            183ms
  cloudfoundry_space.space_35                                            168ms
  cloudfoundry_space.space_36                                            190ms
  cloudfoundry_space.space_37                                            172ms
  cloudfoundry_space.space_38                                            193ms
  cloudfoundry_space.space_39                                            150ms
  cloudfoundry_space.space_4                                             149ms
  cloudfoundry_space.space_40                                            159ms
  cloudfoundry_space.space_41                                            152ms
  cloudfoundry_space.space_42                                            154ms
  cloudfoundry_space.space_43                                            144ms
  cloudfoundry_space.space_44                                            143ms
  cloudfoundry_space.space_45                                            152ms
  cloudfoundry_space.space_46                                            161ms
  cloudfoundry_space.space_47                                            158ms
  cloudfoundry_space.space_48                                            151ms
  cloudfoundry_space.space_49                                            158ms
  cloudfoundry_space.space_5                                             173ms
  cloudfoundry_space.space_50                                            161ms
  cloudfoundry_space.space_6                                             160ms
  cloudfoundry_space.space_7                                             176ms
  cloudfoundry_space.space_8                                             162ms
  cloudfoundry_space.space_9                                             160ms


Run 6/10:
  Total run time: 1.923369s
  cloudfoundry_space.space_1                                             209ms
  cloudfoundry_space.space_10                                            154ms
  cloudfoundry_space.space_11                                            171ms
  cloudfoundry_space.space_12                                            171ms
  cloudfoundry_space.space_13                                            170ms
  cloudfoundry_space.space_14                                            205ms
  cloudfoundry_space.space_15                                            174ms
  cloudfoundry_space.space_16                                            171ms
  cloudfoundry_space.space_17                                            171ms
  cloudfoundry_space.space_18                                            162ms
  cloudfoundry_space.space_19                                            177ms
  cloudfoundry_space.space_2                                             171ms
  cloudfoundry_space.space_20                                            180ms
  cloudfoundry_space.space_21                                            162ms
  cloudfoundry_space.space_22                                            180ms
  cloudfoundry_space.space_23                                            181ms
  cloudfoundry_space.space_24                                            160ms
  cloudfoundry_space.space_25                                            176ms
  cloudfoundry_space.space_26                                            154ms
  cloudfoundry_space.space_27                                            158ms
  cloudfoundry_space.space_28                                            165ms
  cloudfoundry_space.space_29                                            162ms
  cloudfoundry_space.space_3                                             171ms
  cloudfoundry_space.space_30                                            203ms
  cloudfoundry_space.space_31                                            162ms
  cloudfoundry_space.space_32                                            153ms
  cloudfoundry_space.space_33                                            206ms
  cloudfoundry_space.space_34                                            170ms
  cloudfoundry_space.space_35                                            150ms
  cloudfoundry_space.space_36                                            164ms
  cloudfoundry_space.space_37                                            164ms
  cloudfoundry_space.space_38                                            158ms
  cloudfoundry_space.space_39                                            160ms
  cloudfoundry_space.space_4                                             202ms
  cloudfoundry_space.space_40                                            156ms
  cloudfoundry_space.space_41                                            150ms
  cloudfoundry_space.space_42                                            145ms
  cloudfoundry_space.space_43                                            151ms
  cloudfoundry_space.space_44                                            178ms
  cloudfoundry_space.space_45                                            138ms
  cloudfoundry_space.space_46                                            165ms
  cloudfoundry_space.space_47                                            169ms
  cloudfoundry_space.space_48                                            163ms
  cloudfoundry_space.space_49                                            169ms
  cloudfoundry_space.space_5                                             197ms
  cloudfoundry_space.space_50                                            163ms
  cloudfoundry_space.space_6                                             164ms
  cloudfoundry_space.space_7                                             152ms
  cloudfoundry_space.space_8                                             210ms
  cloudfoundry_space.space_9                                             201ms


Run 7/10:
  Total run time: 1.968844s
  cloudfoundry_space.space_1                                             236ms
  cloudfoundry_space.space_10                                            184ms
  cloudfoundry_space.space_11                                            164ms
  cloudfoundry_space.space_12                                            166ms
  cloudfoundry_space.space_13                                            217ms
  cloudfoundry_space.space_14                                            173ms
  cloudfoundry_space.space_15                                            251ms
  cloudfoundry_space.space_16                                            186ms
  cloudfoundry_space.space_17                                            180ms
  cloudfoundry_space.space_18                                            170ms
  cloudfoundry_space.space_19                                            154ms
  cloudfoundry_space.space_2                                             188ms
  cloudfoundry_space.space_20                                            154ms
  cloudfoundry_space.space_21                                            180ms
  cloudfoundry_space.space_22                                            193ms
  cloudfoundry_space.space_23                                            249ms
  cloudfoundry_space.space_24                                            172ms
  cloudfoundry_space.space_25                                            243ms
  cloudfoundry_space.space_26                                            187ms
  cloudfoundry_space.space_27                                            210ms
  cloudfoundry_space.space_28                                            167ms
  cloudfoundry_space.space_29                                            172ms
  cloudfoundry_space.space_3                                             165ms
  cloudfoundry_space.space_30                                            178ms
  cloudfoundry_space.space_31                                            176ms
  cloudfoundry_space.space_32                                            188ms
  cloudfoundry_space.space_33                                            174ms
  cloudfoundry_space.space_34                                            156ms
  cloudfoundry_space.space_35                                            209ms
  cloudfoundry_space.space_36                                            171ms
  cloudfoundry_space.space_37                                            186ms
  cloudfoundry_space.space_38                                            165ms
  cloudfoundry_space.space_39                                            217ms
  cloudfoundry_space.space_4                                             213ms
  cloudfoundry_space.space_40                                            153ms
  cloudfoundry_space.space_41                                            245ms
  cloudfoundry_space.space_42                                            176ms
  cloudfoundry_space.space_43                                            153ms
  cloudfoundry_space.space_44                                            180ms
  cloudfoundry_space.space_45                                            171ms
  cloudfoundry_space.space_46                                            160ms
  cloudfoundry_space.space_47                                            174ms
  cloudfoundry_space.space_48                                            247ms
  cloudfoundry_space.space_49                                            175ms
  cloudfoundry_space.space_5                                             178ms
  cloudfoundry_space.space_50                                            215ms
  cloudfoundry_space.space_6                                             179ms
  cloudfoundry_space.space_7                                             153ms
  cloudfoundry_space.space_8                                             245ms
  cloudfoundry_space.space_9                                             153ms


Run 8/10:
  Total run time: 1.859010s
  cloudfoundry_space.space_1                                             146ms
  cloudfoundry_space.space_10                                            153ms
  cloudfoundry_space.space_11                                            145ms
  cloudfoundry_space.space_12                                            148ms
  cloudfoundry_space.space_13                                            156ms
  cloudfoundry_space.space_14                                            174ms
  cloudfoundry_space.space_15                                            172ms
  cloudfoundry_space.space_16                                            178ms
  cloudfoundry_space.space_17                                            144ms
  cloudfoundry_space.space_18                                            164ms
  cloudfoundry_space.space_19                                            161ms
  cloudfoundry_space.space_2                                             149ms
  cloudfoundry_space.space_20                                            158ms
  cloudfoundry_space.space_21                                            178ms
  cloudfoundry_space.space_22                                            138ms
  cloudfoundry_space.space_23                                            145ms
  cloudfoundry_space.space_24                                            164ms
  cloudfoundry_space.space_25                                            137ms
  cloudfoundry_space.space_26                                            170ms
  cloudfoundry_space.space_27                                            181ms
  cloudfoundry_space.space_28                                            200ms
  cloudfoundry_space.space_29                                            142ms
  cloudfoundry_space.space_3                                             140ms
  cloudfoundry_space.space_30                                            163ms
  cloudfoundry_space.space_31                                            176ms
  cloudfoundry_space.space_32                                            170ms
  cloudfoundry_space.space_33                                            143ms
  cloudfoundry_space.space_34                                            142ms
  cloudfoundry_space.space_35                                            153ms
  cloudfoundry_space.space_36                                            167ms
  cloudfoundry_space.space_37                                            175ms
  cloudfoundry_space.space_38                                            171ms
  cloudfoundry_space.space_39                                            165ms
  cloudfoundry_space.space_4                                             145ms
  cloudfoundry_space.space_40                                            163ms
  cloudfoundry_space.space_41                                            151ms
  cloudfoundry_space.space_42                                            187ms
  cloudfoundry_space.space_43                                            142ms
  cloudfoundry_space.space_44                                            161ms
  cloudfoundry_space.space_45                                            132ms
  cloudfoundry_space.space_46                                            196ms
  cloudfoundry_space.space_47                                            164ms
  cloudfoundry_space.space_48                                            162ms
  cloudfoundry_space.space_49                                            179ms
  cloudfoundry_space.space_5                                             178ms
  cloudfoundry_space.space_50                                            169ms
  cloudfoundry_space.space_6                                             177ms
  cloudfoundry_space.space_7                                             168ms
  cloudfoundry_space.space_8                                             140ms
  cloudfoundry_space.space_9                                             161ms


Run 9/10:
  Total run time: 2.867992s
  cloudfoundry_space.space_1                                             219ms
  cloudfoundry_space.space_10                                            191ms
  cloudfoundry_space.space_11                                            217ms
  cloudfoundry_space.space_12                                            353ms
  cloudfoundry_space.space_13                                            276ms
  cloudfoundry_space.space_14                                            218ms
  cloudfoundry_space.space_15                                            421ms
  cloudfoundry_space.space_16                                            382ms
  cloudfoundry_space.space_17                                            309ms
  cloudfoundry_space.space_18                                            369ms
  cloudfoundry_space.space_19                                            221ms
  cloudfoundry_space.space_2                                             309ms
  cloudfoundry_space.space_20                                            163ms
  cloudfoundry_space.space_21                                            380ms
  cloudfoundry_space.space_22                                            288ms
  cloudfoundry_space.space_23                                            397ms
  cloudfoundry_space.space_24                                            347ms
  cloudfoundry_space.space_25                                            364ms
  cloudfoundry_space.space_26                                            305ms
  cloudfoundry_space.space_27                                            283ms
  cloudfoundry_space.space_28                                            296ms
  cloudfoundry_space.space_29                                            218ms
  cloudfoundry_space.space_3                                             305ms
  cloudfoundry_space.space_30                                            352ms
  cloudfoundry_space.space_31                                            381ms
  cloudfoundry_space.space_32                                            428ms
  cloudfoundry_space.space_33                                            376ms
  cloudfoundry_space.space_34                                            345ms
  cloudfoundry_space.space_35                                            192ms
  cloudfoundry_space.space_36                                            384ms
  cloudfoundry_space.space_37                                            223ms
  cloudfoundry_space.space_38                                            307ms
  cloudfoundry_space.space_39                                            304ms
  cloudfoundry_space.space_4                                             424ms
  cloudfoundry_space.space_40                                            336ms
  cloudfoundry_space.space_41                                            269ms
  cloudfoundry_space.space_42                                            336ms
  cloudfoundry_space.space_43                                            376ms
  cloudfoundry_space.space_44                                            217ms
  cloudfoundry_space.space_45                                            367ms
  cloudfoundry_space.space_46                                            299ms
  cloudfoundry_space.space_47                                            305ms
  cloudfoundry_space.space_48                                            298ms
  cloudfoundry_space.space_49                                            172ms
  cloudfoundry_space.space_5                                             270ms
  cloudfoundry_space.space_50                                            280ms
  cloudfoundry_space.space_6                                             306ms
  cloudfoundry_space.space_7                                             426ms
  cloudfoundry_space.space_8                                             371ms
  cloudfoundry_space.space_9                                             275ms


Run 10/10:
  Total run time: 2.617053s
  cloudfoundry_space.space_1                                             195ms
  cloudfoundry_space.space_10                                            192ms
  cloudfoundry_space.space_11                                            191ms
  cloudfoundry_space.space_12                                            195ms
  cloudfoundry_space.space_13                                            193ms
  cloudfoundry_space.space_14                                            200ms
  cloudfoundry_space.space_15                                            187ms
  cloudfoundry_space.space_16                                            204ms
  cloudfoundry_space.space_17                                            183ms
  cloudfoundry_space.space_18                                            213ms
  cloudfoundry_space.space_19                                            201ms
  cloudfoundry_space.space_2                                             191ms
  cloudfoundry_space.space_20                                            169ms
  cloudfoundry_space.space_21                                            200ms
  cloudfoundry_space.space_22                                            202ms
  cloudfoundry_space.space_23                                            198ms
  cloudfoundry_space.space_24                                            199ms
  cloudfoundry_space.space_25                                            198ms
  cloudfoundry_space.space_26                                            187ms
  cloudfoundry_space.space_27                                            184ms
  cloudfoundry_space.space_28                                            202ms
  cloudfoundry_space.space_29                                            185ms
  cloudfoundry_space.space_3                                             206ms
  cloudfoundry_space.space_30                                            181ms
  cloudfoundry_space.space_31                                            194ms
  cloudfoundry_space.space_32                                            158ms
  cloudfoundry_space.space_33                                            201ms
  cloudfoundry_space.space_34                                            203ms
  cloudfoundry_space.space_35                                            165ms
  cloudfoundry_space.space_36                                            196ms
  cloudfoundry_space.space_37                                            185ms
  cloudfoundry_space.space_38                                            185ms
  cloudfoundry_space.space_39                                            201ms
  cloudfoundry_space.space_4                                             196ms
  cloudfoundry_space.space_40                                            190ms
  cloudfoundry_space.space_41                                            199ms
  cloudfoundry_space.space_42                                            185ms
  cloudfoundry_space.space_43                                            190ms
  cloudfoundry_space.space_44                                            161ms
  cloudfoundry_space.space_45                                            185ms
  cloudfoundry_space.space_46                                            197ms
  cloudfoundry_space.space_47                                            196ms
  cloudfoundry_space.space_48                                            201ms
  cloudfoundry_space.space_49                                            194ms
  cloudfoundry_space.space_5                                             197ms
  cloudfoundry_space.space_50                                            183ms
  cloudfoundry_space.space_6                                             187ms
  cloudfoundry_space.space_7                                             201ms
  cloudfoundry_space.space_8                                             201ms
  cloudfoundry_space.space_9                                             196ms


Final results:
-------                                ------------    -----------    -----------
Element                                Average (ms)   Minimum (ms)   Maximum (ms)
cloudfoundry_space.space_1                   185.50            140            236
cloudfoundry_space.space_10                  169.50            135            193
cloudfoundry_space.space_11                  175.80            145            217
cloudfoundry_space.space_12                  191.10            148            353
cloudfoundry_space.space_13                  186.90            153            276
cloudfoundry_space.space_14                  187.50            146            218
cloudfoundry_space.space_15                  206.90            150            421
cloudfoundry_space.space_16                  198.60            142            382
cloudfoundry_space.space_17                  188.20            144            309
cloudfoundry_space.space_18                  201.30            157            369
cloudfoundry_space.space_19                  177.80            153            221
cloudfoundry_space.space_2                   190.70            149            309
cloudfoundry_space.space_20                  166.20            145            180
cloudfoundry_space.space_21                  190.30            138            380
cloudfoundry_space.space_22                  188.30            138            288
cloudfoundry_space.space_23                  194.40            139            397
cloudfoundry_space.space_24                  190.00            159            347
cloudfoundry_space.space_25                  199.20            137            364
cloudfoundry_space.space_26                  189.80            154            305
cloudfoundry_space.space_27                  188.60            138            283
cloudfoundry_space.space_28                  185.40            147            296
cloudfoundry_space.space_29                  175.60            142            218
cloudfoundry_space.space_3                   183.30            140            305
cloudfoundry_space.space_30                  193.90            148            352
cloudfoundry_space.space_31                  194.10            162            381
cloudfoundry_space.space_32                  194.30            153            428
cloudfoundry_space.space_33                  190.70            138            376
cloudfoundry_space.space_34                  194.80            142            345
cloudfoundry_space.space_35                  167.70            146            209
cloudfoundry_space.space_36                  199.30            158            384
cloudfoundry_space.space_37                  181.50            164            223
cloudfoundry_space.space_38                  192.00            158            307
cloudfoundry_space.space_39                  188.10            150            304
cloudfoundry_space.space_4                   201.10            145            424
cloudfoundry_space.space_40                  180.00            137            336
cloudfoundry_space.space_41                  188.80            150            269
cloudfoundry_space.space_42                  195.70            145            336
cloudfoundry_space.space_43                  186.30            142            376
cloudfoundry_space.space_44                  176.80            141            217
cloudfoundry_space.space_45                  185.30            132            367
cloudfoundry_space.space_46                  188.20            140            299
cloudfoundry_space.space_47                  188.00            149            305
cloudfoundry_space.space_48                  192.20            151            298
cloudfoundry_space.space_49                  180.60            158            218
cloudfoundry_space.space_5                   190.00            152            270
cloudfoundry_space.space_50                  181.30            149            280
cloudfoundry_space.space_6                   181.80            153            306
cloudfoundry_space.space_7                   203.10            152            426
cloudfoundry_space.space_8                   200.20            140            371
cloudfoundry_space.space_9                   182.80            153            275

Grouped results:
-------                                ------------    -----------    -----------
Element                                Average (ms)   Minimum (ms)   Maximum (ms)
cloudfoundry_space.*                         188.19            132            428

Total wall-clock time: 21.263211s
Average wall-clock time: 2.126321s
Minimum wall-clock time: 1.859010s
Maximum wall-clock time: 2.867992s
Total Ressources: 50
