Running terraform plan -refresh-only 10 time(s)

Run 1/10:
  Total run time: 4.455064s
  cloudfoundry_space.space_1                                             198ms
  cloudfoundry_space.space_10                                            207ms
  cloudfoundry_space.space_11                                            161ms
  cloudfoundry_space.space_12                                            205ms
  cloudfoundry_space.space_13                                            194ms
  cloudfoundry_space.space_14                                            227ms
  cloudfoundry_space.space_15                                            188ms
  cloudfoundry_space.space_16                                            173ms
  cloudfoundry_space.space_17                                            183ms
  cloudfoundry_space.space_18                                            186ms
  cloudfoundry_space.space_19                                            234ms
  cloudfoundry_space.space_2                                             195ms
  cloudfoundry_space.space_20                                            244ms
  cloudfoundry_space.space_21                                            213ms
  cloudfoundry_space.space_22                                            179ms
  cloudfoundry_space.space_23                                            221ms
  cloudfoundry_space.space_24                                            215ms
  cloudfoundry_space.space_25                                            187ms
  cloudfoundry_space.space_26                                            238ms
  cloudfoundry_space.space_27                                            212ms
  cloudfoundry_space.space_28                                            217ms
  cloudfoundry_space.space_29                                            185ms
  cloudfoundry_space.space_3                                             202ms
  cloudfoundry_space.space_30                                            212ms
  cloudfoundry_space.space_31                                            174ms
  cloudfoundry_space.space_32                                            218ms
  cloudfoundry_space.space_33                                            167ms
  cloudfoundry_space.space_34                                            198ms
  cloudfoundry_space.space_35                                            199ms
  cloudfoundry_space.space_36                                            202ms
  cloudfoundry_space.space_37                                            206ms
  cloudfoundry_space.space_38                                            204ms
  cloudfoundry_space.space_39                                            185ms
  cloudfoundry_space.space_4                                             184ms
  cloudfoundry_space.space_40                                            204ms
  cloudfoundry_space.space_41                                            219ms
  cloudfoundry_space.space_42                                            196ms
  cloudfoundry_space.space_43                                            195ms
  cloudfoundry_space.space_44                                            197ms
  cloudfoundry_space.space_45                                            230ms
  cloudfoundry_space.space_46                                            232ms
  cloudfoundry_space.space_47                                            220ms
  cloudfoundry_space.space_48                                            186ms
  cloudfoundry_space.space_49                                            194ms
  cloudfoundry_space.space_5                                             227ms
  cloudfoundry_space.space_50                                            221ms
  cloudfoundry_space.space_6                                             213ms
  cloudfoundry_space.space_7                                             222ms
  cloudfoundry_space.space_8                                             198ms
  cloudfoundry_space.space_9                                             201ms


Run 2/10:
  Total run time: 7.249427s
  cloudfoundry_space.space_1                                             174ms
  cloudfoundry_space.space_10                                            197ms
  cloudfoundry_space.space_11                                            182ms
  cloudfoundry_space.space_12                                            232ms
  cloudfoundry_space.space_13                                            169ms
  cloudfoundry_space.space_14                                            177ms
  cloudfoundry_space.space_15                                            196ms
  cloudfoundry_space.space_16                                            206ms
  cloudfoundry_space.space_17                                            208ms
  cloudfoundry_space.space_18                                            178ms
  cloudfoundry_space.space_19                                            186ms
  cloudfoundry_space.space_2                                             188ms
  cloudfoundry_space.space_20                                            205ms
  cloudfoundry_space.space_21                                            196ms
  cloudfoundry_space.space_22                                            179ms
  cloudfoundry_space.space_23                                            156ms
  cloudfoundry_space.space_24                                            184ms
  cloudfoundry_space.space_25                                            190ms
  cloudfoundry_space.space_26                                            184ms
  cloudfoundry_space.space_27                                            180ms
  cloudfoundry_space.space_28                                            189ms
  cloudfoundry_space.space_29                                            170ms
  cloudfoundry_space.space_3                                             176ms
  cloudfoundry_space.space_30                                            191ms
  cloudfoundry_space.space_31                                            173ms
  cloudfoundry_space.space_32                                            183ms
  cloudfoundry_space.space_33                                            239ms
  cloudfoundry_space.space_34                                            179ms
  cloudfoundry_space.space_35                                            177ms
  cloudfoundry_space.space_36                                            189ms
  cloudfoundry_space.space_37                                            217ms
  cloudfoundry_space.space_38                                            159ms
  cloudfoundry_space.space_39                                            175ms
  cloudfoundry_space.space_4                                             181ms
  cloudfoundry_space.space_40                                            200ms
  cloudfoundry_space.space_41                                            163ms
  cloudfoundry_space.space_42                                            193ms
  cloudfoundry_space.space_43                                            221ms
  cloudfoundry_space.space_44                                            194ms
  cloudfoundry_space.space_45                                            175ms
  cloudfoundry_space.space_46                                            167ms
  cloudfoundry_space.space_47                                            145ms
  cloudfoundry_space.space_48                                            175ms
  cloudfoundry_space.space_49                                            179ms
  cloudfoundry_space.space_5                                             185ms
  cloudfoundry_space.space_50                                            200ms
  cloudfoundry_space.space_6                                             187ms
  cloudfoundry_space.space_7                                             162ms
  cloudfoundry_space.space_8                                             199ms
  cloudfoundry_space.space_9                                             175ms


Run 3/10:
  Total run time: 2.650449s
  cloudfoundry_space.space_1                                             192ms
  cloudfoundry_space.space_10                                            250ms
  cloudfoundry_space.space_11                                            256ms
  cloudfoundry_space.space_12                                            248ms
  cloudfoundry_space.space_13                                            230ms
  cloudfoundry_space.space_14                                            266ms
  cloudfoundry_space.space_15                                            202ms
  cloudfoundry_space.space_16                                            425ms
  cloudfoundry_space.space_17                                            358ms
  cloudfoundry_space.space_18                                            263ms
  cloudfoundry_space.space_19                                            213ms
  cloudfoundry_space.space_2                                             233ms
  cloudfoundry_space.space_20                                            235ms
  cloudfoundry_space.space_21                                            349ms
  cloudfoundry_space.space_22                                            199ms
  cloudfoundry_space.space_23                                            358ms
  cloudfoundry_space.space_24                                            232ms
  cloudfoundry_space.space_25                                            211ms
  cloudfoundry_space.space_26                                            211ms
  cloudfoundry_space.space_27                                            213ms
  cloudfoundry_space.space_28                                            236ms
  cloudfoundry_space.space_29                                            196ms
  cloudfoundry_space.space_3                                             243ms
  cloudfoundry_space.space_30                                            233ms
  cloudfoundry_space.space_31                                            235ms
  cloudfoundry_space.space_32                                            214ms
  cloudfoundry_space.space_33                                            214ms
  cloudfoundry_space.space_34                                            232ms
  cloudfoundry_space.space_35                                            219ms
  cloudfoundry_space.space_36                                            211ms
  cloudfoundry_space.space_37                                            267ms
  cloudfoundry_space.space_38                                            423ms
  cloudfoundry_space.space_39                                            242ms
  cloudfoundry_space.space_4                                             231ms
  cloudfoundry_space.space_40                                            201ms
  cloudfoundry_space.space_41                                            186ms
  cloudfoundry_space.space_42                                            240ms
  cloudfoundry_space.space_43                                            247ms
  cloudfoundry_space.space_44                                            236ms
  cloudfoundry_space.space_45                                            180ms
  cloudfoundry_space.space_46                                            231ms
  cloudfoundry_space.space_47                                            422ms
  cloudfoundry_space.space_48                                            191ms
  cloudfoundry_space.space_49                                            307ms
  cloudfoundry_space.space_5                                             281ms
  cloudfoundry_space.space_50                                            231ms
  cloudfoundry_space.space_6                                             413ms
  cloudfoundry_space.space_7                                             242ms
  cloudfoundry_space.space_8                                             223ms
  cloudfoundry_space.space_9                                             196ms


Run 4/10:
  Total run time: 2.563261s
  cloudfoundry_space.space_1                                             211ms
  cloudfoundry_space.space_10                                            182ms
  cloudfoundry_space.space_11                                            203ms
  cloudfoundry_space.space_12                                            226ms
  cloudfoundry_space.space_13                                            203ms
  cloudfoundry_space.space_14                                            177ms
  cloudfoundry_space.space_15                                            187ms
  cloudfoundry_space.space_16                                            171ms
  cloudfoundry_space.space_17                                            200ms
  cloudfoundry_space.space_18                                            217ms
  cloudfoundry_space.space_19                                            184ms
  cloudfoundry_space.space_2                                             217ms
  cloudfoundry_space.space_20                                            193ms
  cloudfoundry_space.space_21                                            187ms
  cloudfoundry_space.space_22                                            161ms
  cloudfoundry_space.space_23                                            197ms
  cloudfoundry_space.space_24                                            199ms
  cloudfoundry_space.space_25                                            196ms
  cloudfoundry_space.space_26                                            188ms
  cloudfoundry_space.space_27                                            200ms
  cloudfoundry_space.space_28                                            184ms
  cloudfoundry_space.space_29                                            232ms
  cloudfoundry_space.space_3                                             204ms
  cloudfoundry_space.space_30                                            215ms
  cloudfoundry_space.space_31                                            184ms
  cloudfoundry_space.space_32                                            237ms
  cloudfoundry_space.space_33                                            185ms
  cloudfoundry_space.space_34                                            224ms
  cloudfoundry_space.space_35                                            235ms
  cloudfoundry_space.space_36                                            235ms
  cloudfoundry_space.space_37                                            186ms
  cloudfoundry_space.space_38                                            205ms
  cloudfoundry_space.space_39                                            237ms
  cloudfoundry_space.space_4                                             235ms
  cloudfoundry_space.space_40                                            213ms
  cloudfoundry_space.space_41                                            203ms
  cloudfoundry_space.space_42                                            200ms
  cloudfoundry_space.space_43                                            200ms
  cloudfoundry_space.space_44                                            173ms
  cloudfoundry_space.space_45                                            190ms
  cloudfoundry_space.space_46                                            162ms
  cloudfoundry_space.space_47                                            197ms
  cloudfoundry_space.space_48                                            201ms
  cloudfoundry_space.space_49                                            226ms
  cloudfoundry_space.space_5                                             184ms
  cloudfoundry_space.space_50                                            237ms
  cloudfoundry_space.space_6                                             168ms
  cloudfoundry_space.space_7                                             206ms
  cloudfoundry_space.space_8                                             189ms
  cloudfoundry_space.space_9                                             225ms


Run 5/10:
  Total run time: 2.217582s
  cloudfoundry_space.space_1                                             178ms
  cloudfoundry_space.space_10                                            188ms
  cloudfoundry_space.space_11                                            177ms
  cloudfoundry_space.space_12                                            206ms
  cloudfoundry_space.space_13                                            193ms
  cloudfoundry_space.space_14                                            200ms
  cloudfoundry_space.space_15                                            206ms
  cloudfoundry_space.space_16                                            181ms
  cloudfoundry_space.space_17                                            197ms
  cloudfoundry_space.space_18                                            169ms
  cloudfoundry_space.space_19                                            169ms
  cloudfoundry_space.space_2                                             216ms
  cloudfoundry_space.space_20                                            201ms
  cloudfoundry_space.space_21                                            162ms
  cloudfoundry_space.space_22                                            175ms
  cloudfoundry_space.space_23                                            216ms
  cloudfoundry_space.space_24                                            166ms
  cloudfoundry_space.space_25                                            184ms
  cloudfoundry_space.space_26                                            184ms
  cloudfoundry_space.space_27                                            175ms
  cloudfoundry_space.space_28                                            184ms
  cloudfoundry_space.space_29                                            167ms
  cloudfoundry_space.space_3                                             187ms
  cloudfoundry_space.space_30                                            188ms
  cloudfoundry_space.space_31                                            171ms
  cloudfoundry_space.space_32                                            186ms
  cloudfoundry_space.space_33                                            233ms
  cloudfoundry_space.space_34                                            178ms
  cloudfoundry_space.space_35                                            188ms
  cloudfoundry_space.space_36                                            239ms
  cloudfoundry_space.space_37                                            207ms
  cloudfoundry_space.space_38                                            188ms
  cloudfoundry_space.space_39                                            206ms
  cloudfoundry_space.space_4                                             196ms
  cloudfoundry_space.space_40                                            197ms
  cloudfoundry_space.space_41                                            200ms
  cloudfoundry_space.space_42                                            178ms
  cloudfoundry_space.space_43                                            236ms
  cloudfoundry_space.space_44                                            175ms
  cloudfoundry_space.space_45                                            158ms
  cloudfoundry_space.space_46                                            186ms
  cloudfoundry_space.space_47                                            219ms
  cloudfoundry_space.space_48                                            198ms
  cloudfoundry_space.space_49                                            232ms
  cloudfoundry_space.space_5                                             156ms
  cloudfoundry_space.space_50                                            159ms
  cloudfoundry_space.space_6                                             172ms
  cloudfoundry_space.space_7                                             151ms
  cloudfoundry_space.space_8                                             220ms
  cloudfoundry_space.space_9                                             167ms


Run 6/10:
  Total run time: 2.199453s
  cloudfoundry_space.space_1                                             178ms
  cloudfoundry_space.space_10                                            184ms
  cloudfoundry_space.space_11                                            161ms
  cloudfoundry_space.space_12                                            183ms
  cloudfoundry_space.space_13                                            174ms
  cloudfoundry_space.space_14                                            164ms
  cloudfoundry_space.space_15                                            195ms
  cloudfoundry_space.space_16                                            161ms
  cloudfoundry_space.space_17                                            190ms
  cloudfoundry_space.space_18                                            174ms
  cloudfoundry_space.space_19                                            153ms
  cloudfoundry_space.space_2                                             172ms
  cloudfoundry_space.space_20                                            194ms
  cloudfoundry_space.space_21                                            204ms
  cloudfoundry_space.space_22                                            176ms
  cloudfoundry_space.space_23                                            172ms
  cloudfoundry_space.space_24                                            173ms
  cloudfoundry_space.space_25                                            160ms
  cloudfoundry_space.space_26                                            172ms
  cloudfoundry_space.space_27                                            149ms
  cloudfoundry_space.space_28                                            180ms
  cloudfoundry_space.space_29                                            190ms
  cloudfoundry_space.space_3                                             190ms
  cloudfoundry_space.space_30                                            177ms
  cloudfoundry_space.space_31                                            169ms
  cloudfoundry_space.space_32                                            171ms
  cloudfoundry_space.space_33                                            167ms
  cloudfoundry_space.space_34                                            186ms
  cloudfoundry_space.space_35                                            170ms
  cloudfoundry_space.space_36                                            173ms
  cloudfoundry_space.space_37                                            173ms
  cloudfoundry_space.space_38                                            198ms
  cloudfoundry_space.space_39                                            163ms
  cloudfoundry_space.space_4                                             190ms
  cloudfoundry_space.space_40                                            183ms
  cloudfoundry_space.space_41                                            152ms
  cloudfoundry_space.space_42                                            192ms
  cloudfoundry_space.space_43                                            191ms
  cloudfoundry_space.space_44                                            171ms
  cloudfoundry_space.space_45                                            160ms
  cloudfoundry_space.space_46                                            163ms
  cloudfoundry_space.space_47                                            168ms
  cloudfoundry_space.space_48                                            183ms
  cloudfoundry_space.space_49                                            203ms
  cloudfoundry_space.space_5                                             162ms
  cloudfoundry_space.space_50                                            157ms
  cloudfoundry_space.space_6                                             206ms
  cloudfoundry_space.space_7                                             160ms
  cloudfoundry_space.space_8                                             171ms
  cloudfoundry_space.space_9                                             197ms


Run 7/10:
  Total run time: 2.383424s
  cloudfoundry_space.space_1                                             214ms
  cloudfoundry_space.space_10                                            221ms
  cloudfoundry_space.space_11                                            223ms
  cloudfoundry_space.space_12                                            204ms
  cloudfoundry_space.space_13                                            187ms
  cloudfoundry_space.space_14                                            194ms
  cloudfoundry_space.space_15                                            174ms
  cloudfoundry_space.space_16                                            252ms
  cloudfoundry_space.space_17                                            260ms
  cloudfoundry_space.space_18                                            255ms
  cloudfoundry_space.space_19                                            252ms
  cloudfoundry_space.space_2                                             260ms
  cloudfoundry_space.space_20                                            195ms
  cloudfoundry_space.space_21                                            260ms
  cloudfoundry_space.space_22                                            248ms
  cloudfoundry_space.space_23                                            178ms
  cloudfoundry_space.space_24                                            201ms
  cloudfoundry_space.space_25                                            238ms
  cloudfoundry_space.space_26                                            200ms
  cloudfoundry_space.space_27                                            189ms
  cloudfoundry_space.space_28                                            174ms
  cloudfoundry_space.space_29                                            206ms
  cloudfoundry_space.space_3                                             245ms
  cloudfoundry_space.space_30                                            176ms
  cloudfoundry_space.space_31                                            256ms
  cloudfoundry_space.space_32                                            171ms
  cloudfoundry_space.space_33                                            165ms
  cloudfoundry_space.space_34                                            185ms
  cloudfoundry_space.space_35                                            194ms
  cloudfoundry_space.space_36                                            213ms
  cloudfoundry_space.space_37                                            242ms
  cloudfoundry_space.space_38                                            247ms
  cloudfoundry_space.space_39                                            210ms
  cloudfoundry_space.space_4                                             207ms
  cloudfoundry_space.space_40                                            177ms
  cloudfoundry_space.space_41                                            246ms
  cloudfoundry_space.space_42                                            248ms
  cloudfoundry_space.space_43                                            206ms
  cloudfoundry_space.space_44                                            250ms
  cloudfoundry_space.space_45                                            194ms
  cloudfoundry_space.space_46                                            165ms
  cloudfoundry_space.space_47                                            211ms
  cloudfoundry_space.space_48                                            189ms
  cloudfoundry_space.space_49                                            210ms
  cloudfoundry_space.space_5                                             206ms
  cloudfoundry_space.space_50                                            178ms
  cloudfoundry_space.space_6                                             247ms
  cloudfoundry_space.space_7                                             262ms
  cloudfoundry_space.space_8                                             212ms
  cloudfoundry_space.space_9                                             254ms


Run 8/10:
  Total run time: 2.160915s
  cloudfoundry_space.space_1                                             228ms
  cloudfoundry_space.space_10                                            228ms
  cloudfoundry_space.space_11                                            193ms
  cloudfoundry_space.space_12                                            177ms
  cloudfoundry_space.space_13                                            246ms
  cloudfoundry_space.space_14                                            190ms
  cloudfoundry_space.space_15                                            227ms
  cloudfoundry_space.space_16                                            179ms
  cloudfoundry_space.space_17                                            192ms
  cloudfoundry_space.space_18                                            228ms
  cloudfoundry_space.space_19                                            188ms
  cloudfoundry_space.space_2                                             209ms
  cloudfoundry_space.space_20                                            203ms
  cloudfoundry_space.space_21                                            156ms
  cloudfoundry_space.space_22                                            171ms
  cloudfoundry_space.space_23                                            201ms
  cloudfoundry_space.space_24                                            177ms
  cloudfoundry_space.space_25                                            178ms
  cloudfoundry_space.space_26                                            155ms
  cloudfoundry_space.space_27                                            230ms
  cloudfoundry_space.space_28                                            186ms
  cloudfoundry_space.space_29                                            197ms
  cloudfoundry_space.space_3                                             187ms
  cloudfoundry_space.space_30                                            186ms
  cloudfoundry_space.space_31                                            173ms
  cloudfoundry_space.space_32                                            226ms
  cloudfoundry_space.space_33                                            182ms
  cloudfoundry_space.space_34                                            189ms
  cloudfoundry_space.space_35                                            188ms
  cloudfoundry_space.space_36                                            189ms
  cloudfoundry_space.space_37                                            187ms
  cloudfoundry_space.space_38                                            187ms
  cloudfoundry_space.space_39                                            188ms
  cloudfoundry_space.space_4                                             177ms
  cloudfoundry_space.space_40                                            180ms
  cloudfoundry_space.space_41                                            189ms
  cloudfoundry_space.space_42                                            167ms
  cloudfoundry_space.space_43                                            178ms
  cloudfoundry_space.space_44                                            244ms
  cloudfoundry_space.space_45                                            181ms
  cloudfoundry_space.space_46                                            181ms
  cloudfoundry_space.space_47                                            160ms
  cloudfoundry_space.space_48                                            177ms
  cloudfoundry_space.space_49                                            182ms
  cloudfoundry_space.space_5                                             200ms
  cloudfoundry_space.space_50                                            184ms
  cloudfoundry_space.space_6                                             183ms
  cloudfoundry_space.space_7                                             175ms
  cloudfoundry_space.space_8                                             193ms
  cloudfoundry_space.space_9                                             208ms


Run 9/10:
  Total run time: 2.708841s
  cloudfoundry_space.space_1                                             206ms
  cloudfoundry_space.space_10                                            167ms
  cloudfoundry_space.space_11                                            156ms
  cloudfoundry_space.space_12                                            332ms
  cloudfoundry_space.space_13                                            318ms
  cloudfoundry_space.space_14                                            239ms
  cloudfoundry_space.space_15                                            364ms
  cloudfoundry_space.space_16                                            328ms
  cloudfoundry_space.space_17                                            187ms
  cloudfoundry_space.space_18                                            217ms
  cloudfoundry_space.space_19                                            180ms
  cloudfoundry_space.space_2                                             258ms
  cloudfoundry_space.space_20                                            326ms
  cloudfoundry_space.space_21                                            194ms
  cloudfoundry_space.space_22                                            211ms
  cloudfoundry_space.space_23                                            192ms
  cloudfoundry_space.space_24                                            366ms
  cloudfoundry_space.space_25                                            226ms
  cloudfoundry_space.space_26                                            206ms
  cloudfoundry_space.space_27                                            232ms
  cloudfoundry_space.space_28                                            210ms
  cloudfoundry_space.space_29                                            374ms
  cloudfoundry_space.space_3                                             166ms
  cloudfoundry_space.space_30                                            167ms
  cloudfoundry_space.space_31                                            370ms
  cloudfoundry_space.space_32                                            377ms
  cloudfoundry_space.space_33                                            372ms
  cloudfoundry_space.space_34                                            225ms
  cloudfoundry_space.space_35                                            201ms
  cloudfoundry_space.space_36                                            232ms
  cloudfoundry_space.space_37                                            192ms
  cloudfoundry_space.space_38                                            370ms
  cloudfoundry_space.space_39                                            193ms
  cloudfoundry_space.space_4                                             173ms
  cloudfoundry_space.space_40                                            191ms
  cloudfoundry_space.space_41                                            228ms
  cloudfoundry_space.space_42                                            170ms
  cloudfoundry_space.space_43                                            392ms
  cloudfoundry_space.space_44                                            185ms
  cloudfoundry_space.space_45                                            314ms
  cloudfoundry_space.space_46                                            327ms
  cloudfoundry_space.space_47                                            299ms
  cloudfoundry_space.space_48                                            324ms
  cloudfoundry_space.space_49                                            190ms
  cloudfoundry_space.space_5                                             182ms
  cloudfoundry_space.space_50                                            373ms
  cloudfoundry_space.space_6                                             377ms
  cloudfoundry_space.space_7                                             142ms
  cloudfoundry_space.space_8                                             207ms
  cloudfoundry_space.space_9                                             254ms


Run 10/10:
  Total run time: 2.354079s
  cloudfoundry_space.space_1                                             236ms
  cloudfoundry_space.space_10                                            190ms
  cloudfoundry_space.space_11                                            213ms
  cloudfoundry_space.space_12                                            231ms
  cloudfoundry_space.space_13                                            226ms
  cloudfoundry_space.space_14                                            211ms
  cloudfoundry_space.space_15                                            185ms
  cloudfoundry_space.space_16                                            194ms
  cloudfoundry_space.space_17                                            353ms
  cloudfoundry_space.space_18                                            231ms
  cloudfoundry_space.space_19                                            194ms
  cloudfoundry_space.space_2                                             361ms
  cloudfoundry_space.space_20                                            155ms
  cloudfoundry_space.space_21                                            192ms
  cloudfoundry_space.space_22                                            220ms
  cloudfoundry_space.space_23                                            232ms
  cloudfoundry_space.space_24                                            334ms
  cloudfoundry_space.space_25                                            247ms
  cloudfoundry_space.space_26                                            207ms
  cloudfoundry_space.space_27                                            186ms
  cloudfoundry_space.space_28                                            210ms
  cloudfoundry_space.space_29                                            353ms
  cloudfoundry_space.space_3                                             200ms
  cloudfoundry_space.space_30                                            219ms
  cloudfoundry_space.space_31                                            354ms
  cloudfoundry_space.space_32                                            211ms
  cloudfoundry_space.space_33                                            221ms
  cloudfoundry_space.space_34                                            221ms
  cloudfoundry_space.space_35                                            225ms
  cloudfoundry_space.space_36                                            206ms
  cloudfoundry_space.space_37                                            328ms
  cloudfoundry_space.space_38                                            183ms
  cloudfoundry_space.space_39                                            269ms
  cloudfoundry_space.space_4                                             200ms
  cloudfoundry_space.space_40                                            192ms
  cloudfoundry_space.space_41                                            284ms
  cloudfoundry_space.space_42                                            208ms
  cloudfoundry_space.space_43                                            212ms
  cloudfoundry_space.space_44                                            195ms
  cloudfoundry_space.space_45                                            223ms
  cloudfoundry_space.space_46                                            194ms
  cloudfoundry_space.space_47                                            195ms
  cloudfoundry_space.space_48                                            353ms
  cloudfoundry_space.space_49                                            206ms
  cloudfoundry_space.space_5                                             209ms
  cloudfoundry_space.space_50                                            176ms
  cloudfoundry_space.space_6                                             230ms
  cloudfoundry_space.space_7                                             360ms
  cloudfoundry_space.space_8                                             198ms
  cloudfoundry_space.space_9                                             199ms


Final results:
-------                                ------------    -----------    -----------
Element                                Average (ms)   Minimum (ms)   Maximum (ms)
cloudfoundry_space.space_1                   201.50            174            236
cloudfoundry_space.space_10                  201.40            167            250
cloudfoundry_space.space_11                  192.50            156            256
cloudfoundry_space.space_12                  224.40            177            332
cloudfoundry_space.space_13                  214.00            169            318
cloudfoundry_space.space_14                  204.50            164            266
cloudfoundry_space.space_15                  212.40            174            364
cloudfoundry_space.space_16                  227.00            161            425
cloudfoundry_space.space_17                  232.80            183            358
cloudfoundry_space.space_18                  211.80            169            263
cloudfoundry_space.space_19                  195.30            153            252
cloudfoundry_space.space_2                   230.90            172            361
cloudfoundry_space.space_20                  215.10            155            326
cloudfoundry_space.space_21                  211.30            156            349
cloudfoundry_space.space_22                  191.90            161            248
cloudfoundry_space.space_23                  212.30            156            358
cloudfoundry_space.space_24                  224.70            166            366
cloudfoundry_space.space_25                  201.70            160            247
cloudfoundry_space.space_26                  194.50            155            238
cloudfoundry_space.space_27                  196.60            149            232
cloudfoundry_space.space_28                  197.00            174            236
cloudfoundry_space.space_29                  227.00            167            374
cloudfoundry_space.space_3                   200.00            166            245
cloudfoundry_space.space_30                  196.40            167            233
cloudfoundry_space.space_31                  225.90            169            370
cloudfoundry_space.space_32                  219.40            171            377
cloudfoundry_space.space_33                  214.50            165            372
cloudfoundry_space.space_34                  201.70            178            232
cloudfoundry_space.space_35                  199.60            170            235
cloudfoundry_space.space_36                  208.90            173            239
cloudfoundry_space.space_37                  220.50            173            328
cloudfoundry_space.space_38                  236.40            159            423
cloudfoundry_space.space_39                  206.80            163            269
cloudfoundry_space.space_4                   197.40            173            235
cloudfoundry_space.space_40                  193.80            177            213
cloudfoundry_space.space_41                  207.00            152            284
cloudfoundry_space.space_42                  199.20            167            248
cloudfoundry_space.space_43                  227.80            178            392
cloudfoundry_space.space_44                  202.00            171            250
cloudfoundry_space.space_45                  200.50            158            314
cloudfoundry_space.space_46                  200.80            162            327
cloudfoundry_space.space_47                  223.60            145            422
cloudfoundry_space.space_48                  217.70            175            353
cloudfoundry_space.space_49                  212.90            179            307
cloudfoundry_space.space_5                   199.20            156            281
cloudfoundry_space.space_50                  211.60            157            373
cloudfoundry_space.space_6                   239.60            168            413
cloudfoundry_space.space_7                   208.20            142            360
cloudfoundry_space.space_8                   201.00            171            223
cloudfoundry_space.space_9                   207.60            167            254

Grouped results:
-------                                ------------    -----------    -----------
Element                                Average (ms)   Minimum (ms)   Maximum (ms)
cloudfoundry_space.*                         210.01            142            425

Total wall-clock time: 30.942495s
Average wall-clock time: 3.094250s
Minimum wall-clock time: 2.160915s
Maximum wall-clock time: 7.249427s
Total Ressources: 50
