Running terraform plan -refresh-only 10 time(s)
Using Terraform parallelism: 10

Run 1/10:
  Total run time: 8.853898s
  btp_directory.directory_1                                              1327ms
  btp_directory.directory_10                                             1341ms
  btp_directory.directory_11                                             1042ms
  btp_directory.directory_12                                             1358ms
  btp_directory.directory_13                                             1233ms
  btp_directory.directory_14                                             1386ms
  btp_directory.directory_15                                             1483ms
  btp_directory.directory_16                                             1309ms
  btp_directory.directory_17                                             1324ms
  btp_directory.directory_18                                             1325ms
  btp_directory.directory_19                                             1317ms
  btp_directory.directory_2                                              1443ms
  btp_directory.directory_20                                             1383ms
  btp_directory.directory_21                                             1107ms
  btp_directory.directory_22                                             1479ms
  btp_directory.directory_23                                             1478ms
  btp_directory.directory_24                                             1545ms
  btp_directory.directory_25                                             1285ms
  btp_directory.directory_26                                             1390ms
  btp_directory.directory_27                                             1341ms
  btp_directory.directory_28                                             1296ms
  btp_directory.directory_29                                             1447ms
  btp_directory.directory_3                                              1456ms
  btp_directory.directory_30                                             1471ms
  btp_directory.directory_31                                             1308ms
  btp_directory.directory_32                                             1263ms
  btp_directory.directory_33                                             1369ms
  btp_directory.directory_34                                             1469ms
  btp_directory.directory_35                                             1320ms
  btp_directory.directory_36                                             1314ms
  btp_directory.directory_37                                             1320ms
  btp_directory.directory_38                                             1354ms
  btp_directory.directory_39                                             1259ms
  btp_directory.directory_4                                              1172ms
  btp_directory.directory_40                                             1455ms
  btp_directory.directory_41                                             1483ms
  btp_directory.directory_42                                             1275ms
  btp_directory.directory_43                                             1371ms
  btp_directory.directory_44                                             1263ms
  btp_directory.directory_45                                             1372ms
  btp_directory.directory_46                                             1265ms
  btp_directory.directory_47                                             1301ms
  btp_directory.directory_48                                             1284ms
  btp_directory.directory_49                                             1337ms
  btp_directory.directory_5                                              1354ms
  btp_directory.directory_50                                             1400ms
  btp_directory.directory_6                                              983ms
  btp_directory.directory_7                                              1428ms
  btp_directory.directory_8                                              1313ms
  btp_directory.directory_9                                              1484ms


Run 2/10:
  Total run time: 7.672029s
  btp_directory.directory_1                                              1320ms
  btp_directory.directory_10                                             1332ms
  btp_directory.directory_11                                             1259ms
  btp_directory.directory_12                                             1424ms
  btp_directory.directory_13                                             1328ms
  btp_directory.directory_14                                             1314ms
  btp_directory.directory_15                                             1266ms
  btp_directory.directory_16                                             1369ms
  btp_directory.directory_17                                             1322ms
  btp_directory.directory_18                                             1428ms
  btp_directory.directory_19                                             1089ms
  btp_directory.directory_2                                              1322ms
  btp_directory.directory_20                                             1381ms
  btp_directory.directory_21                                             1367ms
  btp_directory.directory_22                                             1321ms
  btp_directory.directory_23                                             1388ms
  btp_directory.directory_24                                             1381ms
  btp_directory.directory_25                                             1361ms
  btp_directory.directory_26                                             1349ms
  btp_directory.directory_27                                             958ms
  btp_directory.directory_28                                             1356ms
  btp_directory.directory_29                                             1279ms
  btp_directory.directory_3                                              1314ms
  btp_directory.directory_30                                             1265ms
  btp_directory.directory_31                                             1382ms
  btp_directory.directory_32                                             1335ms
  btp_directory.directory_33                                             1366ms
  btp_directory.directory_34                                             1384ms
  btp_directory.directory_35                                             1333ms
  btp_directory.directory_36                                             1357ms
  btp_directory.directory_37                                             1307ms
  btp_directory.directory_38                                             1358ms
  btp_directory.directory_39                                             1392ms
  btp_directory.directory_4                                              1351ms
  btp_directory.directory_40                                             1365ms
  btp_directory.directory_41                                             1331ms
  btp_directory.directory_42                                             1327ms
  btp_directory.directory_43                                             1342ms
  btp_directory.directory_44                                             1435ms
  btp_directory.directory_45                                             1384ms
  btp_directory.directory_46                                             1150ms
  btp_directory.directory_47                                             1018ms
  btp_directory.directory_48                                             1347ms
  btp_directory.directory_49                                             1317ms
  btp_directory.directory_5                                              878ms
  btp_directory.directory_50                                             1446ms
  btp_directory.directory_6                                              1307ms
  btp_directory.directory_7                                              1269ms
  btp_directory.directory_8                                              1436ms
  btp_directory.directory_9                                              1206ms


Run 3/10:
  Total run time: 7.620032s
  btp_directory.directory_1                                              1257ms
  btp_directory.directory_10                                             1302ms
  btp_directory.directory_11                                             1322ms
  btp_directory.directory_12                                             1393ms
  btp_directory.directory_13                                             1336ms
  btp_directory.directory_14                                             1306ms
  btp_directory.directory_15                                             1293ms
  btp_directory.directory_16                                             1387ms
  btp_directory.directory_17                                             1381ms
  btp_directory.directory_18                                             1301ms
  btp_directory.directory_19                                             1298ms
  btp_directory.directory_2                                              1302ms
  btp_directory.directory_20                                             1316ms
  btp_directory.directory_21                                             1303ms
  btp_directory.directory_22                                             1382ms
  btp_directory.directory_23                                             1210ms
  btp_directory.directory_24                                             1379ms
  btp_directory.directory_25                                             1343ms
  btp_directory.directory_26                                             1316ms
  btp_directory.directory_27                                             1390ms
  btp_directory.directory_28                                             1296ms
  btp_directory.directory_29                                             1312ms
  btp_directory.directory_3                                              861ms
  btp_directory.directory_30                                             973ms
  btp_directory.directory_31                                             1384ms
  btp_directory.directory_32                                             1252ms
  btp_directory.directory_33                                             1389ms
  btp_directory.directory_34                                             1270ms
  btp_directory.directory_35                                             1305ms
  btp_directory.directory_36                                             1152ms
  btp_directory.directory_37                                             917ms
  btp_directory.directory_38                                             1288ms
  btp_directory.directory_39                                             1300ms
  btp_directory.directory_4                                              1264ms
  btp_directory.directory_40                                             1298ms
  btp_directory.directory_41                                             1301ms
  btp_directory.directory_42                                             1291ms
  btp_directory.directory_43                                             1308ms
  btp_directory.directory_44                                             1256ms
  btp_directory.directory_45                                             1314ms
  btp_directory.directory_46                                             1038ms
  btp_directory.directory_47                                             1260ms
  btp_directory.directory_48                                             1391ms
  btp_directory.directory_49                                             1295ms
  btp_directory.directory_5                                              1378ms
  btp_directory.directory_50                                             1093ms
  btp_directory.directory_6                                              1267ms
  btp_directory.directory_7                                              1326ms
  btp_directory.directory_8                                              1327ms
  btp_directory.directory_9                                              1407ms


Run 4/10:
  Total run time: 7.673645s
  btp_directory.directory_1                                              1341ms
  btp_directory.directory_10                                             1270ms
  btp_directory.directory_11                                             1333ms
  btp_directory.directory_12                                             1149ms
  btp_directory.directory_13                                             1331ms
  btp_directory.directory_14                                             1391ms
  btp_directory.directory_15                                             1350ms
  btp_directory.directory_16                                             1336ms
  btp_directory.directory_17                                             1304ms
  btp_directory.directory_18                                             1334ms
  btp_directory.directory_19                                             1324ms
  btp_directory.directory_2                                              1406ms
  btp_directory.directory_20                                             1367ms
  btp_directory.directory_21                                             1332ms
  btp_directory.directory_22                                             883ms
  btp_directory.directory_23                                             1453ms
  btp_directory.directory_24                                             1322ms
  btp_directory.directory_25                                             1017ms
  btp_directory.directory_26                                             1337ms
  btp_directory.directory_27                                             1350ms
  btp_directory.directory_28                                             1319ms
  btp_directory.directory_29                                             1316ms
  btp_directory.directory_3                                              1326ms
  btp_directory.directory_30                                             1307ms
  btp_directory.directory_31                                             1336ms
  btp_directory.directory_32                                             1391ms
  btp_directory.directory_33                                             1324ms
  btp_directory.directory_34                                             1366ms
  btp_directory.directory_35                                             1302ms
  btp_directory.directory_36                                             1310ms
  btp_directory.directory_37                                             1348ms
  btp_directory.directory_38                                             1354ms
  btp_directory.directory_39                                             1334ms
  btp_directory.directory_4                                              1076ms
  btp_directory.directory_40                                             1320ms
  btp_directory.directory_41                                             1317ms
  btp_directory.directory_42                                             1336ms
  btp_directory.directory_43                                             1308ms
  btp_directory.directory_44                                             1319ms
  btp_directory.directory_45                                             1307ms
  btp_directory.directory_46                                             1327ms
  btp_directory.directory_47                                             1323ms
  btp_directory.directory_48                                             1335ms
  btp_directory.directory_49                                             1329ms
  btp_directory.directory_5                                              1378ms
  btp_directory.directory_50                                             941ms
  btp_directory.directory_6                                              1216ms
  btp_directory.directory_7                                              1333ms
  btp_directory.directory_8                                              1312ms
  btp_directory.directory_9                                              1408ms


Run 5/10:
  Total run time: 7.677701s
  btp_directory.directory_1                                              1329ms
  btp_directory.directory_10                                             1328ms
  btp_directory.directory_11                                             1313ms
  btp_directory.directory_12                                             1407ms
  btp_directory.directory_13                                             1346ms
  btp_directory.directory_14                                             1344ms
  btp_directory.directory_15                                             1322ms
  btp_directory.directory_16                                             1328ms
  btp_directory.directory_17                                             1324ms
  btp_directory.directory_18                                             1015ms
  btp_directory.directory_19                                             1339ms
  btp_directory.directory_2                                              1344ms
  btp_directory.directory_20                                             1323ms
  btp_directory.directory_21                                             1315ms
  btp_directory.directory_22                                             1318ms
  btp_directory.directory_23                                             1306ms
  btp_directory.directory_24                                             1340ms
  btp_directory.directory_25                                             1329ms
  btp_directory.directory_26                                             1318ms
  btp_directory.directory_27                                             1334ms
  btp_directory.directory_28                                             1323ms
  btp_directory.directory_29                                             1527ms
  btp_directory.directory_3                                              1468ms
  btp_directory.directory_30                                             1320ms
  btp_directory.directory_31                                             1314ms
  btp_directory.directory_32                                             1340ms
  btp_directory.directory_33                                             1327ms
  btp_directory.directory_34                                             1320ms
  btp_directory.directory_35                                             1351ms
  btp_directory.directory_36                                             1351ms
  btp_directory.directory_37                                             1154ms
  btp_directory.directory_38                                             1345ms
  btp_directory.directory_39                                             1327ms
  btp_directory.directory_4                                              1315ms
  btp_directory.directory_40                                             1318ms
  btp_directory.directory_41                                             1338ms
  btp_directory.directory_42                                             1316ms
  btp_directory.directory_43                                             1320ms
  btp_directory.directory_44                                             1285ms
  btp_directory.directory_45                                             1318ms
  btp_directory.directory_46                                             1312ms
  btp_directory.directory_47                                             946ms
  btp_directory.directory_48                                             1076ms
  btp_directory.directory_49                                             1314ms
  btp_directory.directory_5                                              1315ms
  btp_directory.directory_50                                             1322ms
  btp_directory.directory_6                                              1315ms
  btp_directory.directory_7                                              1225ms
  btp_directory.directory_8                                              1358ms
  btp_directory.directory_9                                              1321ms


Run 6/10:
  Total run time: 8.050153s
  btp_directory.directory_1                                              1274ms
  btp_directory.directory_10                                             1302ms
  btp_directory.directory_11                                             1282ms
  btp_directory.directory_12                                             1311ms
  btp_directory.directory_13                                             922ms
  btp_directory.directory_14                                             1362ms
  btp_directory.directory_15                                             1019ms
  btp_directory.directory_16                                             1304ms
  btp_directory.directory_17                                             1309ms
  btp_directory.directory_18                                             1271ms
  btp_directory.directory_19                                             1746ms
  btp_directory.directory_2                                              1464ms
  btp_directory.directory_20                                             1292ms
  btp_directory.directory_21                                             1283ms
  btp_directory.directory_22                                             1305ms
  btp_directory.directory_23                                             1263ms
  btp_directory.directory_24                                             1293ms
  btp_directory.directory_25                                             1260ms
  btp_directory.directory_26                                             1081ms
  btp_directory.directory_27                                             1273ms
  btp_directory.directory_28                                             1321ms
  btp_directory.directory_29                                             1348ms
  btp_directory.directory_3                                              1266ms
  btp_directory.directory_30                                             1149ms
  btp_directory.directory_31                                             1285ms
  btp_directory.directory_32                                             1706ms
  btp_directory.directory_33                                             1296ms
  btp_directory.directory_34                                             1833ms
  btp_directory.directory_35                                             1309ms
  btp_directory.directory_36                                             1279ms
  btp_directory.directory_37                                             1407ms
  btp_directory.directory_38                                             1230ms
  btp_directory.directory_39                                             1280ms
  btp_directory.directory_4                                              1295ms
  btp_directory.directory_40                                             1315ms
  btp_directory.directory_41                                             856ms
  btp_directory.directory_42                                             1885ms
  btp_directory.directory_43                                             1356ms
  btp_directory.directory_44                                             1650ms
  btp_directory.directory_45                                             1495ms
  btp_directory.directory_46                                             1322ms
  btp_directory.directory_47                                             1568ms
  btp_directory.directory_48                                             1278ms
  btp_directory.directory_49                                             1291ms
  btp_directory.directory_5                                              1306ms
  btp_directory.directory_50                                             1763ms
  btp_directory.directory_6                                              1225ms
  btp_directory.directory_7                                              1304ms
  btp_directory.directory_8                                              1289ms
  btp_directory.directory_9                                              1399ms


Run 7/10:
  Total run time: 8.550575s
  btp_directory.directory_1                                              1527ms
  btp_directory.directory_10                                             1520ms
  btp_directory.directory_11                                             1192ms
  btp_directory.directory_12                                             1453ms
  btp_directory.directory_13                                             1503ms
  btp_directory.directory_14                                             1483ms
  btp_directory.directory_15                                             1638ms
  btp_directory.directory_16                                             1486ms
  btp_directory.directory_17                                             1530ms
  btp_directory.directory_18                                             1518ms
  btp_directory.directory_19                                             1491ms
  btp_directory.directory_2                                              1515ms
  btp_directory.directory_20                                             1511ms
  btp_directory.directory_21                                             1517ms
  btp_directory.directory_22                                             1499ms
  btp_directory.directory_23                                             1529ms
  btp_directory.directory_24                                             1440ms
  btp_directory.directory_25                                             1463ms
  btp_directory.directory_26                                             1788ms
  btp_directory.directory_27                                             1494ms
  btp_directory.directory_28                                             1458ms
  btp_directory.directory_29                                             1519ms
  btp_directory.directory_3                                              1481ms
  btp_directory.directory_30                                             1489ms
  btp_directory.directory_31                                             1511ms
  btp_directory.directory_32                                             1528ms
  btp_directory.directory_33                                             1489ms
  btp_directory.directory_34                                             1466ms
  btp_directory.directory_35                                             1478ms
  btp_directory.directory_36                                             1506ms
  btp_directory.directory_37                                             1516ms
  btp_directory.directory_38                                             1514ms
  btp_directory.directory_39                                             1473ms
  btp_directory.directory_4                                              1512ms
  btp_directory.directory_40                                             1718ms
  btp_directory.directory_41                                             1440ms
  btp_directory.directory_42                                             1495ms
  btp_directory.directory_43                                             1255ms
  btp_directory.directory_44                                             1509ms
  btp_directory.directory_45                                             1517ms
  btp_directory.directory_46                                             1112ms
  btp_directory.directory_47                                             1501ms
  btp_directory.directory_48                                             1476ms
  btp_directory.directory_49                                             1402ms
  btp_directory.directory_5                                              1422ms
  btp_directory.directory_50                                             1551ms
  btp_directory.directory_6                                              1479ms
  btp_directory.directory_7                                              1510ms
  btp_directory.directory_8                                              1507ms
  btp_directory.directory_9                                              1315ms


Run 8/10:
  Total run time: 9.225209s
  btp_directory.directory_1                                              1391ms
  btp_directory.directory_10                                             1453ms
  btp_directory.directory_11                                             1375ms
  btp_directory.directory_12                                             1421ms
  btp_directory.directory_13                                             1378ms
  btp_directory.directory_14                                             1400ms
  btp_directory.directory_15                                             1451ms
  btp_directory.directory_16                                             1519ms
  btp_directory.directory_17                                             1441ms
  btp_directory.directory_18                                             1465ms
  btp_directory.directory_19                                             1377ms
  btp_directory.directory_2                                              1393ms
  btp_directory.directory_20                                             1397ms
  btp_directory.directory_21                                             1403ms
  btp_directory.directory_22                                             1441ms
  btp_directory.directory_23                                             968ms
  btp_directory.directory_24                                             1407ms
  btp_directory.directory_25                                             1454ms
  btp_directory.directory_26                                             1454ms
  btp_directory.directory_27                                             1378ms
  btp_directory.directory_28                                             1401ms
  btp_directory.directory_29                                             1464ms
  btp_directory.directory_3                                              1386ms
  btp_directory.directory_30                                             1037ms
  btp_directory.directory_31                                             1421ms
  btp_directory.directory_32                                             1120ms
  btp_directory.directory_33                                             1406ms
  btp_directory.directory_34                                             1393ms
  btp_directory.directory_35                                             1374ms
  btp_directory.directory_36                                             1417ms
  btp_directory.directory_37                                             1389ms
  btp_directory.directory_38                                             1403ms
  btp_directory.directory_39                                             1466ms
  btp_directory.directory_4                                              1371ms
  btp_directory.directory_40                                             1377ms
  btp_directory.directory_41                                             1389ms
  btp_directory.directory_42                                             1389ms
  btp_directory.directory_43                                             1455ms
  btp_directory.directory_44                                             1310ms
  btp_directory.directory_45                                             1408ms
  btp_directory.directory_46                                             1190ms
  btp_directory.directory_47                                             1583ms
  btp_directory.directory_48                                             1418ms
  btp_directory.directory_49                                             1470ms
  btp_directory.directory_5                                              1384ms
  btp_directory.directory_50                                             1248ms
  btp_directory.directory_6                                              1409ms
  btp_directory.directory_7                                              1365ms
  btp_directory.directory_8                                              1413ms
  btp_directory.directory_9                                              1389ms


Run 9/10:
  Total run time: 8.407479s
  btp_directory.directory_1                                              972ms
  btp_directory.directory_10                                             1538ms
  btp_directory.directory_11                                             941ms
  btp_directory.directory_12                                             1712ms
  btp_directory.directory_13                                             1388ms
  btp_directory.directory_14                                             1388ms
  btp_directory.directory_15                                             1707ms
  btp_directory.directory_16                                             1439ms
  btp_directory.directory_17                                             1420ms
  btp_directory.directory_18                                             1196ms
  btp_directory.directory_19                                             1729ms
  btp_directory.directory_2                                              1407ms
  btp_directory.directory_20                                             1434ms
  btp_directory.directory_21                                             1460ms
  btp_directory.directory_22                                             1387ms
  btp_directory.directory_23                                             1137ms
  btp_directory.directory_24                                             1724ms
  btp_directory.directory_25                                             1653ms
  btp_directory.directory_26                                             1470ms
  btp_directory.directory_27                                             1007ms
  btp_directory.directory_28                                             1447ms
  btp_directory.directory_29                                             1394ms
  btp_directory.directory_3                                              1447ms
  btp_directory.directory_30                                             1446ms
  btp_directory.directory_31                                             1377ms
  btp_directory.directory_32                                             1405ms
  btp_directory.directory_33                                             1324ms
  btp_directory.directory_34                                             1463ms
  btp_directory.directory_35                                             1496ms
  btp_directory.directory_36                                             1493ms
  btp_directory.directory_37                                             1264ms
  btp_directory.directory_38                                             1436ms
  btp_directory.directory_39                                             1681ms
  btp_directory.directory_4                                              1462ms
  btp_directory.directory_40                                             1455ms
  btp_directory.directory_41                                             1642ms
  btp_directory.directory_42                                             1405ms
  btp_directory.directory_43                                             1433ms
  btp_directory.directory_44                                             1392ms
  btp_directory.directory_45                                             1408ms
  btp_directory.directory_46                                             1396ms
  btp_directory.directory_47                                             1733ms
  btp_directory.directory_48                                             1439ms
  btp_directory.directory_49                                             1395ms
  btp_directory.directory_5                                              1703ms
  btp_directory.directory_50                                             1423ms
  btp_directory.directory_6                                              1079ms
  btp_directory.directory_7                                              1401ms
  btp_directory.directory_8                                              1409ms
  btp_directory.directory_9                                              1468ms


Run 10/10:
  Total run time: 8.628379s
  btp_directory.directory_1                                              1569ms
  btp_directory.directory_10                                             1495ms
  btp_directory.directory_11                                             1476ms
  btp_directory.directory_12                                             1492ms
  btp_directory.directory_13                                             1490ms
  btp_directory.directory_14                                             1512ms
  btp_directory.directory_15                                             1486ms
  btp_directory.directory_16                                             1486ms
  btp_directory.directory_17                                             1601ms
  btp_directory.directory_18                                             1469ms
  btp_directory.directory_19                                             1586ms
  btp_directory.directory_2                                              1463ms
  btp_directory.directory_20                                             1497ms
  btp_directory.directory_21                                             1570ms
  btp_directory.directory_22                                             1486ms
  btp_directory.directory_23                                             1422ms
  btp_directory.directory_24                                             1703ms
  btp_directory.directory_25                                             1506ms
  btp_directory.directory_26                                             1171ms
  btp_directory.directory_27                                             1474ms
  btp_directory.directory_28                                             1475ms
  btp_directory.directory_29                                             1648ms
  btp_directory.directory_3                                              1493ms
  btp_directory.directory_30                                             1466ms
  btp_directory.directory_31                                             1494ms
  btp_directory.directory_32                                             1053ms
  btp_directory.directory_33                                             1489ms
  btp_directory.directory_34                                             1576ms
  btp_directory.directory_35                                             1571ms
  btp_directory.directory_36                                             1569ms
  btp_directory.directory_37                                             1487ms
  btp_directory.directory_38                                             1465ms
  btp_directory.directory_39                                             1276ms
  btp_directory.directory_4                                              1501ms
  btp_directory.directory_40                                             1774ms
  btp_directory.directory_41                                             1480ms
  btp_directory.directory_42                                             1354ms
  btp_directory.directory_43                                             1468ms
  btp_directory.directory_44                                             1461ms
  btp_directory.directory_45                                             1566ms
  btp_directory.directory_46                                             1479ms
  btp_directory.directory_47                                             1563ms
  btp_directory.directory_48                                             1556ms
  btp_directory.directory_49                                             1477ms
  btp_directory.directory_5                                              1507ms
  btp_directory.directory_50                                             1475ms
  btp_directory.directory_6                                              1469ms
  btp_directory.directory_7                                              1503ms
  btp_directory.directory_8                                              1638ms
  btp_directory.directory_9                                              1482ms


Final results:
-------                                ------------    -----------    -----------
Element                                Average (ms)   Minimum (ms)   Maximum (ms)
btp_directory.directory_1                   1330.70            972           1569
btp_directory.directory_10                  1388.10           1270           1538
btp_directory.directory_11                  1253.50            941           1476
btp_directory.directory_12                  1412.00           1149           1712
btp_directory.directory_13                  1325.50            922           1503
btp_directory.directory_14                  1388.60           1306           1512
btp_directory.directory_15                  1401.50           1019           1707
btp_directory.directory_16                  1396.30           1304           1519
btp_directory.directory_17                  1395.60           1304           1601
btp_directory.directory_18                  1332.20           1015           1518
btp_directory.directory_19                  1429.60           1089           1746
btp_directory.directory_2                   1405.90           1302           1515
btp_directory.directory_20                  1390.10           1292           1511
btp_directory.directory_21                  1365.70           1107           1570
btp_directory.directory_22                  1350.10            883           1499
btp_directory.directory_23                  1315.40            968           1529
btp_directory.directory_24                  1453.40           1293           1724
btp_directory.directory_25                  1367.10           1017           1653
btp_directory.directory_26                  1367.40           1081           1788
btp_directory.directory_27                  1299.90            958           1494
btp_directory.directory_28                  1369.20           1296           1475
btp_directory.directory_29                  1425.40           1279           1648
btp_directory.directory_3                   1349.80            861           1493
btp_directory.directory_30                  1292.30            973           1489
btp_directory.directory_31                  1381.20           1285           1511
btp_directory.directory_32                  1339.30           1053           1706
btp_directory.directory_33                  1377.90           1296           1489
btp_directory.directory_34                  1454.00           1270           1833
btp_directory.directory_35                  1383.90           1302           1571
btp_directory.directory_36                  1374.80           1152           1569
btp_directory.directory_37                  1310.90            917           1516
btp_directory.directory_38                  1374.70           1230           1514
btp_directory.directory_39                  1378.80           1259           1681
btp_directory.directory_4                   1331.90           1076           1512
btp_directory.directory_40                  1439.50           1298           1774
btp_directory.directory_41                  1357.70            856           1642
btp_directory.directory_42                  1407.30           1275           1885
btp_directory.directory_43                  1361.60           1255           1468
btp_directory.directory_44                  1388.00           1256           1650
btp_directory.directory_45                  1408.90           1307           1566
btp_directory.directory_46                  1259.10           1038           1479
btp_directory.directory_47                  1379.60            946           1733
btp_directory.directory_48                  1360.00           1076           1556
btp_directory.directory_49                  1362.70           1291           1477
btp_directory.directory_5                   1362.50            878           1703
btp_directory.directory_50                  1366.20            941           1763
btp_directory.directory_6                   1274.90            983           1479
btp_directory.directory_7                   1366.40           1225           1510
btp_directory.directory_8                   1400.20           1289           1638
btp_directory.directory_9                   1387.90           1206           1484

Grouped results:
-------                                ------------    -----------    -----------
Element                                Average (ms)   Minimum (ms)   Maximum (ms)
btp_directory.*                             1367.90            856           1885

Total wall-clock time: 82.359100s
Average wall-clock time: 8.235910s
Minimum wall-clock time: 7.620032s
Maximum wall-clock time: 9.225209s
Total Ressources: 50
