Running terraform plan -refresh-only 10 time(s)
Using Terraform parallelism: 50

Run 1/10:
  Total run time: 7.651746s
  btp_directory.directory_1                                              3767ms
  btp_directory.directory_10                                             3656ms
  btp_directory.directory_11                                             4701ms
  btp_directory.directory_12                                             3895ms
  btp_directory.directory_13                                             4257ms
  btp_directory.directory_14                                             4634ms
  btp_directory.directory_15                                             4986ms
  btp_directory.directory_16                                             5903ms
  btp_directory.directory_17                                             5649ms
  btp_directory.directory_18                                             4863ms
  btp_directory.directory_19                                             6148ms
  btp_directory.directory_2                                              4427ms
  btp_directory.directory_20                                             5965ms
  btp_directory.directory_21                                             3961ms
  btp_directory.directory_22                                             5113ms
  btp_directory.directory_23                                             6794ms
  btp_directory.directory_24                                             5779ms
  btp_directory.directory_25                                             6025ms
  btp_directory.directory_26                                             4565ms
  btp_directory.directory_27                                             3599ms
  btp_directory.directory_28                                             3832ms
  btp_directory.directory_29                                             5522ms
  btp_directory.directory_3                                              3712ms
  btp_directory.directory_30                                             6330ms
  btp_directory.directory_31                                             4499ms
  btp_directory.directory_32                                             3537ms
  btp_directory.directory_33                                             4341ms
  btp_directory.directory_34                                             6453ms
  btp_directory.directory_35                                             6525ms
  btp_directory.directory_36                                             5464ms
  btp_directory.directory_37                                             4035ms
  btp_directory.directory_38                                             5054ms
  btp_directory.directory_39                                             6659ms
  btp_directory.directory_4                                              4765ms
  btp_directory.directory_40                                             6204ms
  btp_directory.directory_41                                             6088ms
  btp_directory.directory_42                                             6394ms
  btp_directory.directory_43                                             4182ms
  btp_directory.directory_44                                             5382ms
  btp_directory.directory_45                                             4111ms
  btp_directory.directory_46                                             5836ms
  btp_directory.directory_47                                             5179ms
  btp_directory.directory_48                                             5263ms
  btp_directory.directory_49                                             6726ms
  btp_directory.directory_5                                              5588ms
  btp_directory.directory_50                                             6273ms
  btp_directory.directory_6                                              4931ms
  btp_directory.directory_7                                              5324ms
  btp_directory.directory_8                                              5713ms
  btp_directory.directory_9                                              6602ms


Run 2/10:
  Total run time: 7.658176s
  btp_directory.directory_1                                              6118ms
  btp_directory.directory_10                                             3991ms
  btp_directory.directory_11                                             5678ms
  btp_directory.directory_12                                             4363ms
  btp_directory.directory_13                                             4481ms
  btp_directory.directory_14                                             4048ms
  btp_directory.directory_15                                             5493ms
  btp_directory.directory_16                                             6768ms
  btp_directory.directory_17                                             4304ms
  btp_directory.directory_18                                             4872ms
  btp_directory.directory_19                                             6185ms
  btp_directory.directory_2                                              3807ms
  btp_directory.directory_20                                             4925ms
  btp_directory.directory_21                                             5924ms
  btp_directory.directory_22                                             4754ms
  btp_directory.directory_23                                             4686ms
  btp_directory.directory_24                                             4114ms
  btp_directory.directory_25                                             5437ms
  btp_directory.directory_26                                             6430ms
  btp_directory.directory_27                                             4984ms
  btp_directory.directory_28                                             5606ms
  btp_directory.directory_29                                             3717ms
  btp_directory.directory_3                                              5550ms
  btp_directory.directory_30                                             5802ms
  btp_directory.directory_31                                             4543ms
  btp_directory.directory_32                                             6054ms
  btp_directory.directory_33                                             5745ms
  btp_directory.directory_34                                             5175ms
  btp_directory.directory_35                                             3877ms
  btp_directory.directory_36                                             6714ms
  btp_directory.directory_37                                             4238ms
  btp_directory.directory_38                                             5057ms
  btp_directory.directory_39                                             3937ms
  btp_directory.directory_4                                              5243ms
  btp_directory.directory_40                                             4417ms
  btp_directory.directory_41                                             4623ms
  btp_directory.directory_42                                             5865ms
  btp_directory.directory_43                                             6499ms
  btp_directory.directory_44                                             3659ms
  btp_directory.directory_45                                             6326ms
  btp_directory.directory_46                                             5119ms
  btp_directory.directory_47                                             5372ms
  btp_directory.directory_48                                             4805ms
  btp_directory.directory_49                                             4174ms
  btp_directory.directory_5                                              6254ms
  btp_directory.directory_50                                             6658ms
  btp_directory.directory_6                                              3590ms
  btp_directory.directory_7                                              6561ms
  btp_directory.directory_8                                              5983ms
  btp_directory.directory_9                                              5312ms


Run 3/10:
  Total run time: 7.766124s
  btp_directory.directory_1                                              6177ms
  btp_directory.directory_10                                             4372ms
  btp_directory.directory_11                                             4218ms
  btp_directory.directory_12                                             3687ms
  btp_directory.directory_13                                             6746ms
  btp_directory.directory_14                                             5144ms
  btp_directory.directory_15                                             5782ms
  btp_directory.directory_16                                             5847ms
  btp_directory.directory_17                                             4894ms
  btp_directory.directory_18                                             5330ms
  btp_directory.directory_19                                             6055ms
  btp_directory.directory_2                                              5269ms
  btp_directory.directory_20                                             5911ms
  btp_directory.directory_21                                             4527ms
  btp_directory.directory_22                                             4943ms
  btp_directory.directory_23                                             5716ms
  btp_directory.directory_24                                             6470ms
  btp_directory.directory_25                                             3768ms
  btp_directory.directory_26                                             6683ms
  btp_directory.directory_27                                             6815ms
  btp_directory.directory_28                                             4745ms
  btp_directory.directory_29                                             5569ms
  btp_directory.directory_3                                              6119ms
  btp_directory.directory_30                                             6406ms
  btp_directory.directory_31                                             6933ms
  btp_directory.directory_32                                             4606ms
  btp_directory.directory_33                                             3539ms
  btp_directory.directory_34                                             5510ms
  btp_directory.directory_35                                             5449ms
  btp_directory.directory_36                                             6255ms
  btp_directory.directory_37                                             5076ms
  btp_directory.directory_38                                             3606ms
  btp_directory.directory_39                                             5396ms
  btp_directory.directory_4                                              3974ms
  btp_directory.directory_40                                             6876ms
  btp_directory.directory_41                                             4672ms
  btp_directory.directory_42                                             5634ms
  btp_directory.directory_43                                             6615ms
  btp_directory.directory_44                                             6340ms
  btp_directory.directory_45                                             6545ms
  btp_directory.directory_46                                             4312ms
  btp_directory.directory_47                                             5218ms
  btp_directory.directory_48                                             5010ms
  btp_directory.directory_49                                             4071ms
  btp_directory.directory_5                                              5974ms
  btp_directory.directory_50                                             3866ms
  btp_directory.directory_6                                              4155ms
  btp_directory.directory_7                                              4825ms
  btp_directory.directory_8                                              3474ms
  btp_directory.directory_9                                              4448ms


Run 4/10:
  Total run time: 7.667649s
  btp_directory.directory_1                                              6017ms
  btp_directory.directory_10                                             4194ms
  btp_directory.directory_11                                             4920ms
  btp_directory.directory_12                                             6840ms
  btp_directory.directory_13                                             5277ms
  btp_directory.directory_14                                             4131ms
  btp_directory.directory_15                                             6268ms
  btp_directory.directory_16                                             3687ms
  btp_directory.directory_17                                             4343ms
  btp_directory.directory_18                                             3741ms
  btp_directory.directory_19                                             5590ms
  btp_directory.directory_2                                              6721ms
  btp_directory.directory_20                                             5527ms
  btp_directory.directory_21                                             6199ms
  btp_directory.directory_22                                             6661ms
  btp_directory.directory_23                                             5455ms
  btp_directory.directory_24                                             4791ms
  btp_directory.directory_25                                             4552ms
  btp_directory.directory_26                                             5333ms
  btp_directory.directory_27                                             6788ms
  btp_directory.directory_28                                             4732ms
  btp_directory.directory_29                                             5952ms
  btp_directory.directory_3                                              3938ms
  btp_directory.directory_30                                             4410ms
  btp_directory.directory_31                                             3603ms
  btp_directory.directory_32                                             5672ms
  btp_directory.directory_33                                             4276ms
  btp_directory.directory_34                                             4857ms
  btp_directory.directory_35                                             3997ms
  btp_directory.directory_36                                             4488ms
  btp_directory.directory_37                                             6409ms
  btp_directory.directory_38                                             4674ms
  btp_directory.directory_39                                             6080ms
  btp_directory.directory_4                                              3800ms
  btp_directory.directory_40                                             6555ms
  btp_directory.directory_41                                             5074ms
  btp_directory.directory_42                                             4059ms
  btp_directory.directory_43                                             5733ms
  btp_directory.directory_44                                             6610ms
  btp_directory.directory_45                                             6488ms
  btp_directory.directory_46                                             4608ms
  btp_directory.directory_47                                             5135ms
  btp_directory.directory_48                                             6140ms
  btp_directory.directory_49                                             5225ms
  btp_directory.directory_5                                              5391ms
  btp_directory.directory_50                                             5008ms
  btp_directory.directory_6                                              6332ms
  btp_directory.directory_7                                              5801ms
  btp_directory.directory_8                                              3868ms
  btp_directory.directory_9                                              5882ms


Run 5/10:
  Total run time: 7.776122s
  btp_directory.directory_1                                              5436ms
  btp_directory.directory_10                                             5872ms
  btp_directory.directory_11                                             6518ms
  btp_directory.directory_12                                             5748ms
  btp_directory.directory_13                                             6820ms
  btp_directory.directory_14                                             4984ms
  btp_directory.directory_15                                             5182ms
  btp_directory.directory_16                                             6241ms
  btp_directory.directory_17                                             4700ms
  btp_directory.directory_18                                             6306ms
  btp_directory.directory_19                                             4637ms
  btp_directory.directory_2                                              6179ms
  btp_directory.directory_20                                             3903ms
  btp_directory.directory_21                                             5120ms
  btp_directory.directory_22                                             4519ms
  btp_directory.directory_23                                             5497ms
  btp_directory.directory_24                                             5941ms
  btp_directory.directory_25                                             4767ms
  btp_directory.directory_26                                             4194ms
  btp_directory.directory_27                                             6067ms
  btp_directory.directory_28                                             5689ms
  btp_directory.directory_29                                             6451ms
  btp_directory.directory_3                                              6748ms
  btp_directory.directory_30                                             3820ms
  btp_directory.directory_31                                             4460ms
  btp_directory.directory_32                                             4826ms
  btp_directory.directory_33                                             4386ms
  btp_directory.directory_34                                             3972ms
  btp_directory.directory_35                                             6630ms
  btp_directory.directory_36                                             5246ms
  btp_directory.directory_37                                             6688ms
  btp_directory.directory_38                                             4118ms
  btp_directory.directory_39                                             4257ms
  btp_directory.directory_4                                              4580ms
  btp_directory.directory_40                                             5617ms
  btp_directory.directory_41                                             6575ms
  btp_directory.directory_42                                             5315ms
  btp_directory.directory_43                                             5998ms
  btp_directory.directory_44                                             5378ms
  btp_directory.directory_45                                             6873ms
  btp_directory.directory_46                                             5055ms
  btp_directory.directory_47                                             4933ms
  btp_directory.directory_48                                             4313ms
  btp_directory.directory_49                                             5813ms
  btp_directory.directory_5                                              6121ms
  btp_directory.directory_50                                             5558ms
  btp_directory.directory_6                                              4884ms
  btp_directory.directory_7                                              6384ms
  btp_directory.directory_8                                              6932ms
  btp_directory.directory_9                                              4050ms


Run 6/10:
  Total run time: 7.646725s
  btp_directory.directory_1                                              5795ms
  btp_directory.directory_10                                             4891ms
  btp_directory.directory_11                                             4825ms
  btp_directory.directory_12                                             6117ms
  btp_directory.directory_13                                             4518ms
  btp_directory.directory_14                                             5414ms
  btp_directory.directory_15                                             6509ms
  btp_directory.directory_16                                             3713ms
  btp_directory.directory_17                                             4387ms
  btp_directory.directory_18                                             5670ms
  btp_directory.directory_19                                             5082ms
  btp_directory.directory_2                                              5152ms
  btp_directory.directory_20                                             5284ms
  btp_directory.directory_21                                             4469ms
  btp_directory.directory_22                                             3590ms
  btp_directory.directory_23                                             5848ms
  btp_directory.directory_24                                             6571ms
  btp_directory.directory_25                                             4117ms
  btp_directory.directory_26                                             3662ms
  btp_directory.directory_27                                             4042ms
  btp_directory.directory_28                                             6232ms
  btp_directory.directory_29                                             4334ms
  btp_directory.directory_3                                              5026ms
  btp_directory.directory_30                                             5354ms
  btp_directory.directory_31                                             4252ms
  btp_directory.directory_32                                             5221ms
  btp_directory.directory_33                                             3536ms
  btp_directory.directory_34                                             6171ms
  btp_directory.directory_35                                             6046ms
  btp_directory.directory_36                                             4639ms
  btp_directory.directory_37                                             6720ms
  btp_directory.directory_38                                             6382ms
  btp_directory.directory_39                                             4578ms
  btp_directory.directory_4                                              5608ms
  btp_directory.directory_40                                             4956ms
  btp_directory.directory_41                                             6301ms
  btp_directory.directory_42                                             3844ms
  btp_directory.directory_43                                             4183ms
  btp_directory.directory_44                                             3774ms
  btp_directory.directory_45                                             6789ms
  btp_directory.directory_46                                             5468ms
  btp_directory.directory_47                                             5732ms
  btp_directory.directory_48                                             5974ms
  btp_directory.directory_49                                             5911ms
  btp_directory.directory_5                                              3982ms
  btp_directory.directory_50                                             5527ms
  btp_directory.directory_6                                              6451ms
  btp_directory.directory_7                                              3923ms
  btp_directory.directory_8                                              4703ms
  btp_directory.directory_9                                              6632ms


Run 7/10:
  Total run time: 7.780015s
  btp_directory.directory_1                                              5643ms
  btp_directory.directory_10                                             5080ms
  btp_directory.directory_11                                             5319ms
  btp_directory.directory_12                                             4858ms
  btp_directory.directory_13                                             5696ms
  btp_directory.directory_14                                             4183ms
  btp_directory.directory_15                                             3693ms
  btp_directory.directory_16                                             4122ms
  btp_directory.directory_17                                             5854ms
  btp_directory.directory_18                                             4743ms
  btp_directory.directory_19                                             6434ms
  btp_directory.directory_2                                              6307ms
  btp_directory.directory_20                                             4677ms
  btp_directory.directory_21                                             5977ms
  btp_directory.directory_22                                             3818ms
  btp_directory.directory_23                                             4357ms
  btp_directory.directory_24                                             5506ms
  btp_directory.directory_25                                             6903ms
  btp_directory.directory_26                                             5016ms
  btp_directory.directory_27                                             6107ms
  btp_directory.directory_28                                             5436ms
  btp_directory.directory_29                                             4614ms
  btp_directory.directory_3                                              3756ms
  btp_directory.directory_30                                             6711ms
  btp_directory.directory_31                                             3906ms
  btp_directory.directory_32                                             5255ms
  btp_directory.directory_33                                             4482ms
  btp_directory.directory_34                                             4929ms
  btp_directory.directory_35                                             4061ms
  btp_directory.directory_36                                             6595ms
  btp_directory.directory_37                                             5919ms
  btp_directory.directory_38                                             4297ms
  btp_directory.directory_39                                             6515ms
  btp_directory.directory_4                                              5764ms
  btp_directory.directory_40                                             4538ms
  btp_directory.directory_41                                             5140ms
  btp_directory.directory_42                                             6040ms
  btp_directory.directory_43                                             6238ms
  btp_directory.directory_44                                             6655ms
  btp_directory.directory_45                                             5199ms
  btp_directory.directory_46                                             4238ms
  btp_directory.directory_47                                             6371ms
  btp_directory.directory_48                                             4420ms
  btp_directory.directory_49                                             6169ms
  btp_directory.directory_5                                              4004ms
  btp_directory.directory_50                                             4798ms
  btp_directory.directory_6                                              5561ms
  btp_directory.directory_7                                              5381ms
  btp_directory.directory_8                                              6774ms
  btp_directory.directory_9                                              6831ms


Run 8/10:
  Total run time: 7.897488s
  btp_directory.directory_1                                              6372ms
  btp_directory.directory_10                                             6574ms
  btp_directory.directory_11                                             6233ms
  btp_directory.directory_12                                             4375ms
  btp_directory.directory_13                                             4854ms
  btp_directory.directory_14                                             6644ms
  btp_directory.directory_15                                             6435ms
  btp_directory.directory_16                                             5679ms
  btp_directory.directory_17                                             4710ms
  btp_directory.directory_18                                             6300ms
  btp_directory.directory_19                                             4497ms
  btp_directory.directory_2                                              6717ms
  btp_directory.directory_20                                             6496ms
  btp_directory.directory_21                                             5402ms
  btp_directory.directory_22                                             4557ms
  btp_directory.directory_23                                             4789ms
  btp_directory.directory_24                                             6791ms
  btp_directory.directory_25                                             6842ms
  btp_directory.directory_26                                             7048ms
  btp_directory.directory_27                                             4171ms
  btp_directory.directory_28                                             5211ms
  btp_directory.directory_29                                             4432ms
  btp_directory.directory_3                                              3737ms
  btp_directory.directory_30                                             4118ms
  btp_directory.directory_31                                             5023ms
  btp_directory.directory_32                                             5149ms
  btp_directory.directory_33                                             4313ms
  btp_directory.directory_34                                             3922ms
  btp_directory.directory_35                                             5754ms
  btp_directory.directory_36                                             4054ms
  btp_directory.directory_37                                             4635ms
  btp_directory.directory_38                                             5943ms
  btp_directory.directory_39                                             4935ms
  btp_directory.directory_4                                              6969ms
  btp_directory.directory_40                                             5336ms
  btp_directory.directory_41                                             3986ms
  btp_directory.directory_42                                             3860ms
  btp_directory.directory_43                                             6018ms
  btp_directory.directory_44                                             6157ms
  btp_directory.directory_45                                             6095ms
  btp_directory.directory_46                                             5275ms
  btp_directory.directory_47                                             3797ms
  btp_directory.directory_48                                             5815ms
  btp_directory.directory_49                                             5093ms
  btp_directory.directory_5                                              5515ms
  btp_directory.directory_50                                             5606ms
  btp_directory.directory_6                                              6914ms
  btp_directory.directory_7                                              4247ms
  btp_directory.directory_8                                              5469ms
  btp_directory.directory_9                                              5877ms


Run 9/10:
  Total run time: 7.557230s
  btp_directory.directory_1                                              3963ms
  btp_directory.directory_10                                             6106ms
  btp_directory.directory_11                                             6164ms
  btp_directory.directory_12                                             5188ms
  btp_directory.directory_13                                             5256ms
  btp_directory.directory_14                                             5855ms
  btp_directory.directory_15                                             5453ms
  btp_directory.directory_16                                             4907ms
  btp_directory.directory_17                                             6692ms
  btp_directory.directory_18                                             6433ms
  btp_directory.directory_19                                             4028ms
  btp_directory.directory_2                                              5914ms
  btp_directory.directory_20                                             3781ms
  btp_directory.directory_21                                             6361ms
  btp_directory.directory_22                                             5637ms
  btp_directory.directory_23                                             6618ms
  btp_directory.directory_24                                             3721ms
  btp_directory.directory_25                                             4095ms
  btp_directory.directory_26                                             4154ms
  btp_directory.directory_27                                             4279ms
  btp_directory.directory_28                                             3598ms
  btp_directory.directory_29                                             4969ms
  btp_directory.directory_3                                              4775ms
  btp_directory.directory_30                                             3531ms
  btp_directory.directory_31                                             5571ms
  btp_directory.directory_32                                             6231ms
  btp_directory.directory_33                                             4836ms
  btp_directory.directory_34                                             6296ms
  btp_directory.directory_35                                             4214ms
  btp_directory.directory_36                                             6559ms
  btp_directory.directory_37                                             5515ms
  btp_directory.directory_38                                             5043ms
  btp_directory.directory_39                                             4393ms
  btp_directory.directory_4                                              3662ms
  btp_directory.directory_40                                             5316ms
  btp_directory.directory_41                                             4453ms
  btp_directory.directory_42                                             3845ms
  btp_directory.directory_43                                             5987ms
  btp_directory.directory_44                                             4332ms
  btp_directory.directory_45                                             5378ms
  btp_directory.directory_46                                             5717ms
  btp_directory.directory_47                                             6050ms
  btp_directory.directory_48                                             5128ms
  btp_directory.directory_49                                             5776ms
  btp_directory.directory_5                                              4593ms
  btp_directory.directory_50                                             6495ms
  btp_directory.directory_6                                              4532ms
  btp_directory.directory_7                                              3899ms
  btp_directory.directory_8                                              4711ms
  btp_directory.directory_9                                              4648ms


Run 10/10:
  Total run time: 7.885009s
  btp_directory.directory_1                                              5337ms
  btp_directory.directory_10                                             4278ms
  btp_directory.directory_11                                             4399ms
  btp_directory.directory_12                                             6719ms
  btp_directory.directory_13                                             5460ms
  btp_directory.directory_14                                             5949ms
  btp_directory.directory_15                                             5824ms
  btp_directory.directory_16                                             4349ms
  btp_directory.directory_17                                             4076ms
  btp_directory.directory_18                                             4892ms
  btp_directory.directory_19                                             4141ms
  btp_directory.directory_2                                              4758ms
  btp_directory.directory_20                                             5404ms
  btp_directory.directory_21                                             6323ms
  btp_directory.directory_22                                             6534ms
  btp_directory.directory_23                                             6859ms
  btp_directory.directory_24                                             4541ms
  btp_directory.directory_25                                             6397ms
  btp_directory.directory_26                                             4469ms
  btp_directory.directory_27                                             6124ms
  btp_directory.directory_28                                             5265ms
  btp_directory.directory_29                                             6262ms
  btp_directory.directory_3                                              4940ms
  btp_directory.directory_30                                             5610ms
  btp_directory.directory_31                                             5764ms
  btp_directory.directory_32                                             5891ms
  btp_directory.directory_33                                             3932ms
  btp_directory.directory_34                                             4824ms
  btp_directory.directory_35                                             6191ms
  btp_directory.directory_36                                             5538ms
  btp_directory.directory_37                                             3733ms
  btp_directory.directory_38                                             6588ms
  btp_directory.directory_39                                             5000ms
  btp_directory.directory_4                                              6791ms
  btp_directory.directory_40                                             5131ms
  btp_directory.directory_41                                             6009ms
  btp_directory.directory_42                                             6067ms
  btp_directory.directory_43                                             5681ms
  btp_directory.directory_44                                             6917ms
  btp_directory.directory_45                                             5198ms
  btp_directory.directory_46                                             3800ms
  btp_directory.directory_47                                             4676ms
  btp_directory.directory_48                                             6463ms
  btp_directory.directory_49                                             4611ms
  btp_directory.directory_5                                              3865ms
  btp_directory.directory_50                                             5062ms
  btp_directory.directory_6                                              6654ms
  btp_directory.directory_7                                              7006ms
  btp_directory.directory_8                                              4014ms
  btp_directory.directory_9                                              4211ms


Final results:
-------                                ------------    -----------    -----------
Element                                Average (ms)   Minimum (ms)   Maximum (ms)
btp_directory.directory_1                   5462.50           3767           6372
btp_directory.directory_10                  4901.40           3656           6574
btp_directory.directory_11                  5297.50           4218           6518
btp_directory.directory_12                  5179.00           3687           6840
btp_directory.directory_13                  5336.50           4257           6820
btp_directory.directory_14                  5098.60           4048           6644
btp_directory.directory_15                  5562.50           3693           6509
btp_directory.directory_16                  5121.60           3687           6768
btp_directory.directory_17                  4960.90           4076           6692
btp_directory.directory_18                  5315.00           3741           6433
btp_directory.directory_19                  5279.70           4028           6434
btp_directory.directory_2                   5525.10           3807           6721
btp_directory.directory_20                  5187.30           3781           6496
btp_directory.directory_21                  5426.30           3961           6361
btp_directory.directory_22                  5012.60           3590           6661
btp_directory.directory_23                  5661.90           4357           6859
btp_directory.directory_24                  5422.50           3721           6791
btp_directory.directory_25                  5290.30           3768           6903
btp_directory.directory_26                  5155.40           3662           7048
btp_directory.directory_27                  5297.60           3599           6815
btp_directory.directory_28                  5034.60           3598           6232
btp_directory.directory_29                  5182.20           3717           6451
btp_directory.directory_3                   4830.10           3712           6748
btp_directory.directory_30                  5209.20           3531           6711
btp_directory.directory_31                  4855.40           3603           6933
btp_directory.directory_32                  5244.20           3537           6231
btp_directory.directory_33                  4338.60           3536           5745
btp_directory.directory_34                  5210.90           3922           6453
btp_directory.directory_35                  5274.40           3877           6630
btp_directory.directory_36                  5555.20           4054           6714
btp_directory.directory_37                  5296.80           3733           6720
btp_directory.directory_38                  5076.20           3606           6588
btp_directory.directory_39                  5175.00           3937           6659
btp_directory.directory_4                   5115.60           3662           6969
btp_directory.directory_40                  5494.60           4417           6876
btp_directory.directory_41                  5292.10           3986           6575
btp_directory.directory_42                  5092.30           3844           6394
btp_directory.directory_43                  5713.40           4182           6615
btp_directory.directory_44                  5520.40           3659           6917
btp_directory.directory_45                  5900.20           4111           6873
btp_directory.directory_46                  4942.80           3800           5836
btp_directory.directory_47                  5246.30           3797           6371
btp_directory.directory_48                  5333.10           4313           6463
btp_directory.directory_49                  5356.90           4071           6726
btp_directory.directory_5                   5128.70           3865           6254
btp_directory.directory_50                  5485.10           3866           6658
btp_directory.directory_6                   5400.40           3590           6914
btp_directory.directory_7                   5335.10           3899           7006
btp_directory.directory_8                   5164.10           3474           6932
btp_directory.directory_9                   5449.30           4050           6831

Grouped results:
-------                                ------------    -----------    -----------
Element                                Average (ms)   Minimum (ms)   Maximum (ms)
btp_directory.*                             5254.95           3474           7048

Total wall-clock time: 77.286284s
Average wall-clock time: 7.728628s
Minimum wall-clock time: 7.557230s
Maximum wall-clock time: 7.897488s
Total Ressources: 50
