Running terraform plan -refresh-only 20 time(s)
Using Terraform parallelism: 1

Run 1/20:
  Total run time: 4.395101s
  scc_system_mapping.system_1                                            68ms
  scc_system_mapping.system_10                                           65ms
  scc_system_mapping.system_11                                           73ms
  scc_system_mapping.system_12                                           68ms
  scc_system_mapping.system_13                                           69ms
  scc_system_mapping.system_14                                           67ms
  scc_system_mapping.system_15                                           65ms
  scc_system_mapping.system_16                                           67ms
  scc_system_mapping.system_17                                           90ms
  scc_system_mapping.system_18                                           76ms
  scc_system_mapping.system_19                                           67ms
  scc_system_mapping.system_2                                            74ms
  scc_system_mapping.system_20                                           67ms
  scc_system_mapping.system_21                                           72ms
  scc_system_mapping.system_22                                           73ms
  scc_system_mapping.system_23                                           66ms
  scc_system_mapping.system_24                                           81ms
  scc_system_mapping.system_25                                           70ms
  scc_system_mapping.system_26                                           73ms
  scc_system_mapping.system_27                                           68ms
  scc_system_mapping.system_28                                           69ms
  scc_system_mapping.system_29                                           69ms
  scc_system_mapping.system_3                                            65ms
  scc_system_mapping.system_30                                           68ms
  scc_system_mapping.system_31                                           64ms
  scc_system_mapping.system_32                                           67ms
  scc_system_mapping.system_33                                           65ms
  scc_system_mapping.system_34                                           66ms
  scc_system_mapping.system_35                                           70ms
  scc_system_mapping.system_36                                           64ms
  scc_system_mapping.system_37                                           64ms
  scc_system_mapping.system_38                                           68ms
  scc_system_mapping.system_39                                           73ms
  scc_system_mapping.system_4                                            86ms
  scc_system_mapping.system_40                                           201ms
  scc_system_mapping.system_41                                           67ms
  scc_system_mapping.system_42                                           82ms
  scc_system_mapping.system_43                                           68ms
  scc_system_mapping.system_44                                           86ms
  scc_system_mapping.system_45                                           66ms
  scc_system_mapping.system_46                                           64ms
  scc_system_mapping.system_47                                           68ms
  scc_system_mapping.system_48                                           69ms
  scc_system_mapping.system_49                                           66ms
  scc_system_mapping.system_5                                            65ms
  scc_system_mapping.system_50                                           71ms
  scc_system_mapping.system_6                                            67ms
  scc_system_mapping.system_7                                            64ms
  scc_system_mapping.system_8                                            69ms
  scc_system_mapping.system_9                                            69ms


Run 2/20:
  Total run time: 4.253017s
  scc_system_mapping.system_1                                            67ms
  scc_system_mapping.system_10                                           67ms
  scc_system_mapping.system_11                                           66ms
  scc_system_mapping.system_12                                           70ms
  scc_system_mapping.system_13                                           68ms
  scc_system_mapping.system_14                                           66ms
  scc_system_mapping.system_15                                           78ms
  scc_system_mapping.system_16                                           65ms
  scc_system_mapping.system_17                                           74ms
  scc_system_mapping.system_18                                           68ms
  scc_system_mapping.system_19                                           65ms
  scc_system_mapping.system_2                                            69ms
  scc_system_mapping.system_20                                           68ms
  scc_system_mapping.system_21                                           80ms
  scc_system_mapping.system_22                                           64ms
  scc_system_mapping.system_23                                           67ms
  scc_system_mapping.system_24                                           63ms
  scc_system_mapping.system_25                                           74ms
  scc_system_mapping.system_26                                           65ms
  scc_system_mapping.system_27                                           63ms
  scc_system_mapping.system_28                                           76ms
  scc_system_mapping.system_29                                           67ms
  scc_system_mapping.system_3                                            63ms
  scc_system_mapping.system_30                                           67ms
  scc_system_mapping.system_31                                           67ms
  scc_system_mapping.system_32                                           70ms
  scc_system_mapping.system_33                                           185ms
  scc_system_mapping.system_34                                           66ms
  scc_system_mapping.system_35                                           69ms
  scc_system_mapping.system_36                                           70ms
  scc_system_mapping.system_37                                           70ms
  scc_system_mapping.system_38                                           68ms
  scc_system_mapping.system_39                                           66ms
  scc_system_mapping.system_4                                            65ms
  scc_system_mapping.system_40                                           68ms
  scc_system_mapping.system_41                                           68ms
  scc_system_mapping.system_42                                           70ms
  scc_system_mapping.system_43                                           66ms
  scc_system_mapping.system_44                                           70ms
  scc_system_mapping.system_45                                           65ms
  scc_system_mapping.system_46                                           67ms
  scc_system_mapping.system_47                                           70ms
  scc_system_mapping.system_48                                           69ms
  scc_system_mapping.system_49                                           67ms
  scc_system_mapping.system_5                                            73ms
  scc_system_mapping.system_50                                           67ms
  scc_system_mapping.system_6                                            67ms
  scc_system_mapping.system_7                                            72ms
  scc_system_mapping.system_8                                            73ms
  scc_system_mapping.system_9                                            63ms


Run 3/20:
  Total run time: 4.429025s
  scc_system_mapping.system_1                                            69ms
  scc_system_mapping.system_10                                           66ms
  scc_system_mapping.system_11                                           188ms
  scc_system_mapping.system_12                                           69ms
  scc_system_mapping.system_13                                           68ms
  scc_system_mapping.system_14                                           69ms
  scc_system_mapping.system_15                                           68ms
  scc_system_mapping.system_16                                           68ms
  scc_system_mapping.system_17                                           69ms
  scc_system_mapping.system_18                                           68ms
  scc_system_mapping.system_19                                           79ms
  scc_system_mapping.system_2                                            73ms
  scc_system_mapping.system_20                                           75ms
  scc_system_mapping.system_21                                           75ms
  scc_system_mapping.system_22                                           109ms
  scc_system_mapping.system_23                                           73ms
  scc_system_mapping.system_24                                           69ms
  scc_system_mapping.system_25                                           72ms
  scc_system_mapping.system_26                                           71ms
  scc_system_mapping.system_27                                           90ms
  scc_system_mapping.system_28                                           68ms
  scc_system_mapping.system_29                                           68ms
  scc_system_mapping.system_3                                            68ms
  scc_system_mapping.system_30                                           66ms
  scc_system_mapping.system_31                                           68ms
  scc_system_mapping.system_32                                           78ms
  scc_system_mapping.system_33                                           66ms
  scc_system_mapping.system_34                                           69ms
  scc_system_mapping.system_35                                           66ms
  scc_system_mapping.system_36                                           66ms
  scc_system_mapping.system_37                                           73ms
  scc_system_mapping.system_38                                           70ms
  scc_system_mapping.system_39                                           70ms
  scc_system_mapping.system_4                                            83ms
  scc_system_mapping.system_40                                           67ms
  scc_system_mapping.system_41                                           84ms
  scc_system_mapping.system_42                                           68ms
  scc_system_mapping.system_43                                           64ms
  scc_system_mapping.system_44                                           67ms
  scc_system_mapping.system_45                                           73ms
  scc_system_mapping.system_46                                           71ms
  scc_system_mapping.system_47                                           70ms
  scc_system_mapping.system_48                                           72ms
  scc_system_mapping.system_49                                           76ms
  scc_system_mapping.system_5                                            73ms
  scc_system_mapping.system_50                                           76ms
  scc_system_mapping.system_6                                            70ms
  scc_system_mapping.system_7                                            67ms
  scc_system_mapping.system_8                                            74ms
  scc_system_mapping.system_9                                            65ms


Run 4/20:
  Total run time: 4.422510s
  scc_system_mapping.system_1                                            81ms
  scc_system_mapping.system_10                                           70ms
  scc_system_mapping.system_11                                           81ms
  scc_system_mapping.system_12                                           69ms
  scc_system_mapping.system_13                                           79ms
  scc_system_mapping.system_14                                           69ms
  scc_system_mapping.system_15                                           71ms
  scc_system_mapping.system_16                                           69ms
  scc_system_mapping.system_17                                           73ms
  scc_system_mapping.system_18                                           70ms
  scc_system_mapping.system_19                                           81ms
  scc_system_mapping.system_2                                            84ms
  scc_system_mapping.system_20                                           67ms
  scc_system_mapping.system_21                                           77ms
  scc_system_mapping.system_22                                           70ms
  scc_system_mapping.system_23                                           66ms
  scc_system_mapping.system_24                                           63ms
  scc_system_mapping.system_25                                           68ms
  scc_system_mapping.system_26                                           90ms
  scc_system_mapping.system_27                                           68ms
  scc_system_mapping.system_28                                           68ms
  scc_system_mapping.system_29                                           69ms
  scc_system_mapping.system_3                                            66ms
  scc_system_mapping.system_30                                           68ms
  scc_system_mapping.system_31                                           69ms
  scc_system_mapping.system_32                                           68ms
  scc_system_mapping.system_33                                           70ms
  scc_system_mapping.system_34                                           69ms
  scc_system_mapping.system_35                                           73ms
  scc_system_mapping.system_36                                           68ms
  scc_system_mapping.system_37                                           64ms
  scc_system_mapping.system_38                                           69ms
  scc_system_mapping.system_39                                           69ms
  scc_system_mapping.system_4                                            85ms
  scc_system_mapping.system_40                                           71ms
  scc_system_mapping.system_41                                           67ms
  scc_system_mapping.system_42                                           70ms
  scc_system_mapping.system_43                                           196ms
  scc_system_mapping.system_44                                           75ms
  scc_system_mapping.system_45                                           68ms
  scc_system_mapping.system_46                                           78ms
  scc_system_mapping.system_47                                           77ms
  scc_system_mapping.system_48                                           82ms
  scc_system_mapping.system_49                                           69ms
  scc_system_mapping.system_5                                            67ms
  scc_system_mapping.system_50                                           65ms
  scc_system_mapping.system_6                                            73ms
  scc_system_mapping.system_7                                            68ms
  scc_system_mapping.system_8                                            67ms
  scc_system_mapping.system_9                                            69ms


Run 5/20:
  Total run time: 4.197161s
  scc_system_mapping.system_1                                            66ms
  scc_system_mapping.system_10                                           68ms
  scc_system_mapping.system_11                                           64ms
  scc_system_mapping.system_12                                           69ms
  scc_system_mapping.system_13                                           71ms
  scc_system_mapping.system_14                                           66ms
  scc_system_mapping.system_15                                           67ms
  scc_system_mapping.system_16                                           67ms
  scc_system_mapping.system_17                                           64ms
  scc_system_mapping.system_18                                           67ms
  scc_system_mapping.system_19                                           69ms
  scc_system_mapping.system_2                                            63ms
  scc_system_mapping.system_20                                           65ms
  scc_system_mapping.system_21                                           64ms
  scc_system_mapping.system_22                                           65ms
  scc_system_mapping.system_23                                           67ms
  scc_system_mapping.system_24                                           66ms
  scc_system_mapping.system_25                                           63ms
  scc_system_mapping.system_26                                           68ms
  scc_system_mapping.system_27                                           64ms
  scc_system_mapping.system_28                                           69ms
  scc_system_mapping.system_29                                           66ms
  scc_system_mapping.system_3                                            70ms
  scc_system_mapping.system_30                                           68ms
  scc_system_mapping.system_31                                           65ms
  scc_system_mapping.system_32                                           66ms
  scc_system_mapping.system_33                                           68ms
  scc_system_mapping.system_34                                           77ms
  scc_system_mapping.system_35                                           76ms
  scc_system_mapping.system_36                                           66ms
  scc_system_mapping.system_37                                           71ms
  scc_system_mapping.system_38                                           67ms
  scc_system_mapping.system_39                                           67ms
  scc_system_mapping.system_4                                            74ms
  scc_system_mapping.system_40                                           71ms
  scc_system_mapping.system_41                                           68ms
  scc_system_mapping.system_42                                           66ms
  scc_system_mapping.system_43                                           185ms
  scc_system_mapping.system_44                                           65ms
  scc_system_mapping.system_45                                           64ms
  scc_system_mapping.system_46                                           69ms
  scc_system_mapping.system_47                                           70ms
  scc_system_mapping.system_48                                           64ms
  scc_system_mapping.system_49                                           68ms
  scc_system_mapping.system_5                                            67ms
  scc_system_mapping.system_50                                           68ms
  scc_system_mapping.system_6                                            66ms
  scc_system_mapping.system_7                                            75ms
  scc_system_mapping.system_8                                            65ms
  scc_system_mapping.system_9                                            70ms


Run 6/20:
  Total run time: 4.346099s
  scc_system_mapping.system_1                                            67ms
  scc_system_mapping.system_10                                           66ms
  scc_system_mapping.system_11                                           74ms
  scc_system_mapping.system_12                                           71ms
  scc_system_mapping.system_13                                           69ms
  scc_system_mapping.system_14                                           71ms
  scc_system_mapping.system_15                                           68ms
  scc_system_mapping.system_16                                           68ms
  scc_system_mapping.system_17                                           70ms
  scc_system_mapping.system_18                                           78ms
  scc_system_mapping.system_19                                           76ms
  scc_system_mapping.system_2                                            73ms
  scc_system_mapping.system_20                                           67ms
  scc_system_mapping.system_21                                           68ms
  scc_system_mapping.system_22                                           68ms
  scc_system_mapping.system_23                                           69ms
  scc_system_mapping.system_24                                           66ms
  scc_system_mapping.system_25                                           64ms
  scc_system_mapping.system_26                                           65ms
  scc_system_mapping.system_27                                           70ms
  scc_system_mapping.system_28                                           72ms
  scc_system_mapping.system_29                                           82ms
  scc_system_mapping.system_3                                            72ms
  scc_system_mapping.system_30                                           68ms
  scc_system_mapping.system_31                                           67ms
  scc_system_mapping.system_32                                           82ms
  scc_system_mapping.system_33                                           70ms
  scc_system_mapping.system_34                                           67ms
  scc_system_mapping.system_35                                           66ms
  scc_system_mapping.system_36                                           65ms
  scc_system_mapping.system_37                                           68ms
  scc_system_mapping.system_38                                           69ms
  scc_system_mapping.system_39                                           69ms
  scc_system_mapping.system_4                                            67ms
  scc_system_mapping.system_40                                           69ms
  scc_system_mapping.system_41                                           73ms
  scc_system_mapping.system_42                                           69ms
  scc_system_mapping.system_43                                           66ms
  scc_system_mapping.system_44                                           69ms
  scc_system_mapping.system_45                                           69ms
  scc_system_mapping.system_46                                           66ms
  scc_system_mapping.system_47                                           65ms
  scc_system_mapping.system_48                                           65ms
  scc_system_mapping.system_49                                           72ms
  scc_system_mapping.system_5                                            65ms
  scc_system_mapping.system_50                                           72ms
  scc_system_mapping.system_6                                            72ms
  scc_system_mapping.system_7                                            205ms
  scc_system_mapping.system_8                                            72ms
  scc_system_mapping.system_9                                            66ms


Run 7/20:
  Total run time: 4.321246s
  scc_system_mapping.system_1                                            66ms
  scc_system_mapping.system_10                                           67ms
  scc_system_mapping.system_11                                           66ms
  scc_system_mapping.system_12                                           74ms
  scc_system_mapping.system_13                                           68ms
  scc_system_mapping.system_14                                           66ms
  scc_system_mapping.system_15                                           72ms
  scc_system_mapping.system_16                                           75ms
  scc_system_mapping.system_17                                           67ms
  scc_system_mapping.system_18                                           66ms
  scc_system_mapping.system_19                                           71ms
  scc_system_mapping.system_2                                            68ms
  scc_system_mapping.system_20                                           70ms
  scc_system_mapping.system_21                                           74ms
  scc_system_mapping.system_22                                           68ms
  scc_system_mapping.system_23                                           70ms
  scc_system_mapping.system_24                                           69ms
  scc_system_mapping.system_25                                           67ms
  scc_system_mapping.system_26                                           66ms
  scc_system_mapping.system_27                                           67ms
  scc_system_mapping.system_28                                           69ms
  scc_system_mapping.system_29                                           65ms
  scc_system_mapping.system_3                                            68ms
  scc_system_mapping.system_30                                           66ms
  scc_system_mapping.system_31                                           66ms
  scc_system_mapping.system_32                                           68ms
  scc_system_mapping.system_33                                           74ms
  scc_system_mapping.system_34                                           65ms
  scc_system_mapping.system_35                                           81ms
  scc_system_mapping.system_36                                           74ms
  scc_system_mapping.system_37                                           67ms
  scc_system_mapping.system_38                                           69ms
  scc_system_mapping.system_39                                           77ms
  scc_system_mapping.system_4                                            67ms
  scc_system_mapping.system_40                                           66ms
  scc_system_mapping.system_41                                           68ms
  scc_system_mapping.system_42                                           175ms
  scc_system_mapping.system_43                                           68ms
  scc_system_mapping.system_44                                           75ms
  scc_system_mapping.system_45                                           71ms
  scc_system_mapping.system_46                                           66ms
  scc_system_mapping.system_47                                           76ms
  scc_system_mapping.system_48                                           73ms
  scc_system_mapping.system_49                                           66ms
  scc_system_mapping.system_5                                            71ms
  scc_system_mapping.system_50                                           66ms
  scc_system_mapping.system_6                                            71ms
  scc_system_mapping.system_7                                            69ms
  scc_system_mapping.system_8                                            78ms
  scc_system_mapping.system_9                                            81ms


Run 8/20:
  Total run time: 4.362434s
  scc_system_mapping.system_1                                            78ms
  scc_system_mapping.system_10                                           67ms
  scc_system_mapping.system_11                                           67ms
  scc_system_mapping.system_12                                           68ms
  scc_system_mapping.system_13                                           65ms
  scc_system_mapping.system_14                                           71ms
  scc_system_mapping.system_15                                           68ms
  scc_system_mapping.system_16                                           70ms
  scc_system_mapping.system_17                                           77ms
  scc_system_mapping.system_18                                           72ms
  scc_system_mapping.system_19                                           79ms
  scc_system_mapping.system_2                                            75ms
  scc_system_mapping.system_20                                           70ms
  scc_system_mapping.system_21                                           75ms
  scc_system_mapping.system_22                                           68ms
  scc_system_mapping.system_23                                           75ms
  scc_system_mapping.system_24                                           72ms
  scc_system_mapping.system_25                                           69ms
  scc_system_mapping.system_26                                           65ms
  scc_system_mapping.system_27                                           73ms
  scc_system_mapping.system_28                                           68ms
  scc_system_mapping.system_29                                           67ms
  scc_system_mapping.system_3                                            73ms
  scc_system_mapping.system_30                                           171ms
  scc_system_mapping.system_31                                           70ms
  scc_system_mapping.system_32                                           74ms
  scc_system_mapping.system_33                                           78ms
  scc_system_mapping.system_34                                           79ms
  scc_system_mapping.system_35                                           70ms
  scc_system_mapping.system_36                                           71ms
  scc_system_mapping.system_37                                           83ms
  scc_system_mapping.system_38                                           67ms
  scc_system_mapping.system_39                                           68ms
  scc_system_mapping.system_4                                            69ms
  scc_system_mapping.system_40                                           67ms
  scc_system_mapping.system_41                                           66ms
  scc_system_mapping.system_42                                           79ms
  scc_system_mapping.system_43                                           66ms
  scc_system_mapping.system_44                                           74ms
  scc_system_mapping.system_45                                           67ms
  scc_system_mapping.system_46                                           65ms
  scc_system_mapping.system_47                                           70ms
  scc_system_mapping.system_48                                           70ms
  scc_system_mapping.system_49                                           66ms
  scc_system_mapping.system_5                                            71ms
  scc_system_mapping.system_50                                           65ms
  scc_system_mapping.system_6                                            64ms
  scc_system_mapping.system_7                                            75ms
  scc_system_mapping.system_8                                            66ms
  scc_system_mapping.system_9                                            66ms


Run 9/20:
  Total run time: 4.407326s
  scc_system_mapping.system_1                                            66ms
  scc_system_mapping.system_10                                           77ms
  scc_system_mapping.system_11                                           74ms
  scc_system_mapping.system_12                                           78ms
  scc_system_mapping.system_13                                           65ms
  scc_system_mapping.system_14                                           77ms
  scc_system_mapping.system_15                                           66ms
  scc_system_mapping.system_16                                           64ms
  scc_system_mapping.system_17                                           67ms
  scc_system_mapping.system_18                                           71ms
  scc_system_mapping.system_19                                           75ms
  scc_system_mapping.system_2                                            72ms
  scc_system_mapping.system_20                                           77ms
  scc_system_mapping.system_21                                           69ms
  scc_system_mapping.system_22                                           67ms
  scc_system_mapping.system_23                                           67ms
  scc_system_mapping.system_24                                           72ms
  scc_system_mapping.system_25                                           64ms
  scc_system_mapping.system_26                                           73ms
  scc_system_mapping.system_27                                           65ms
  scc_system_mapping.system_28                                           66ms
  scc_system_mapping.system_29                                           68ms
  scc_system_mapping.system_3                                            73ms
  scc_system_mapping.system_30                                           63ms
  scc_system_mapping.system_31                                           65ms
  scc_system_mapping.system_32                                           72ms
  scc_system_mapping.system_33                                           67ms
  scc_system_mapping.system_34                                           190ms
  scc_system_mapping.system_35                                           68ms
  scc_system_mapping.system_36                                           68ms
  scc_system_mapping.system_37                                           66ms
  scc_system_mapping.system_38                                           65ms
  scc_system_mapping.system_39                                           85ms
  scc_system_mapping.system_4                                            94ms
  scc_system_mapping.system_40                                           78ms
  scc_system_mapping.system_41                                           65ms
  scc_system_mapping.system_42                                           78ms
  scc_system_mapping.system_43                                           66ms
  scc_system_mapping.system_44                                           68ms
  scc_system_mapping.system_45                                           71ms
  scc_system_mapping.system_46                                           73ms
  scc_system_mapping.system_47                                           69ms
  scc_system_mapping.system_48                                           68ms
  scc_system_mapping.system_49                                           74ms
  scc_system_mapping.system_5                                            71ms
  scc_system_mapping.system_50                                           67ms
  scc_system_mapping.system_6                                            72ms
  scc_system_mapping.system_7                                            78ms
  scc_system_mapping.system_8                                            71ms
  scc_system_mapping.system_9                                            71ms


Run 10/20:
  Total run time: 4.404656s
  scc_system_mapping.system_1                                            74ms
  scc_system_mapping.system_10                                           66ms
  scc_system_mapping.system_11                                           67ms
  scc_system_mapping.system_12                                           70ms
  scc_system_mapping.system_13                                           65ms
  scc_system_mapping.system_14                                           68ms
  scc_system_mapping.system_15                                           68ms
  scc_system_mapping.system_16                                           67ms
  scc_system_mapping.system_17                                           64ms
  scc_system_mapping.system_18                                           76ms
  scc_system_mapping.system_19                                           66ms
  scc_system_mapping.system_2                                            69ms
  scc_system_mapping.system_20                                           73ms
  scc_system_mapping.system_21                                           64ms
  scc_system_mapping.system_22                                           92ms
  scc_system_mapping.system_23                                           66ms
  scc_system_mapping.system_24                                           70ms
  scc_system_mapping.system_25                                           80ms
  scc_system_mapping.system_26                                           69ms
  scc_system_mapping.system_27                                           76ms
  scc_system_mapping.system_28                                           65ms
  scc_system_mapping.system_29                                           83ms
  scc_system_mapping.system_3                                            67ms
  scc_system_mapping.system_30                                           71ms
  scc_system_mapping.system_31                                           71ms
  scc_system_mapping.system_32                                           73ms
  scc_system_mapping.system_33                                           68ms
  scc_system_mapping.system_34                                           65ms
  scc_system_mapping.system_35                                           76ms
  scc_system_mapping.system_36                                           73ms
  scc_system_mapping.system_37                                           63ms
  scc_system_mapping.system_38                                           76ms
  scc_system_mapping.system_39                                           67ms
  scc_system_mapping.system_4                                            93ms
  scc_system_mapping.system_40                                           65ms
  scc_system_mapping.system_41                                           64ms
  scc_system_mapping.system_42                                           77ms
  scc_system_mapping.system_43                                           65ms
  scc_system_mapping.system_44                                           77ms
  scc_system_mapping.system_45                                           185ms
  scc_system_mapping.system_46                                           72ms
  scc_system_mapping.system_47                                           67ms
  scc_system_mapping.system_48                                           67ms
  scc_system_mapping.system_49                                           65ms
  scc_system_mapping.system_5                                            65ms
  scc_system_mapping.system_50                                           74ms
  scc_system_mapping.system_6                                            65ms
  scc_system_mapping.system_7                                            68ms
  scc_system_mapping.system_8                                            65ms
  scc_system_mapping.system_9                                            74ms


Run 11/20:
  Total run time: 4.497529s
  scc_system_mapping.system_1                                            83ms
  scc_system_mapping.system_10                                           67ms
  scc_system_mapping.system_11                                           71ms
  scc_system_mapping.system_12                                           82ms
  scc_system_mapping.system_13                                           80ms
  scc_system_mapping.system_14                                           64ms
  scc_system_mapping.system_15                                           68ms
  scc_system_mapping.system_16                                           70ms
  scc_system_mapping.system_17                                           75ms
  scc_system_mapping.system_18                                           67ms
  scc_system_mapping.system_19                                           70ms
  scc_system_mapping.system_2                                            75ms
  scc_system_mapping.system_20                                           71ms
  scc_system_mapping.system_21                                           74ms
  scc_system_mapping.system_22                                           73ms
  scc_system_mapping.system_23                                           72ms
  scc_system_mapping.system_24                                           74ms
  scc_system_mapping.system_25                                           73ms
  scc_system_mapping.system_26                                           71ms
  scc_system_mapping.system_27                                           67ms
  scc_system_mapping.system_28                                           81ms
  scc_system_mapping.system_29                                           69ms
  scc_system_mapping.system_3                                            74ms
  scc_system_mapping.system_30                                           70ms
  scc_system_mapping.system_31                                           72ms
  scc_system_mapping.system_32                                           71ms
  scc_system_mapping.system_33                                           72ms
  scc_system_mapping.system_34                                           66ms
  scc_system_mapping.system_35                                           68ms
  scc_system_mapping.system_36                                           67ms
  scc_system_mapping.system_37                                           74ms
  scc_system_mapping.system_38                                           68ms
  scc_system_mapping.system_39                                           68ms
  scc_system_mapping.system_4                                            69ms
  scc_system_mapping.system_40                                           77ms
  scc_system_mapping.system_41                                           68ms
  scc_system_mapping.system_42                                           73ms
  scc_system_mapping.system_43                                           70ms
  scc_system_mapping.system_44                                           66ms
  scc_system_mapping.system_45                                           66ms
  scc_system_mapping.system_46                                           89ms
  scc_system_mapping.system_47                                           206ms
  scc_system_mapping.system_48                                           79ms
  scc_system_mapping.system_49                                           84ms
  scc_system_mapping.system_5                                            76ms
  scc_system_mapping.system_50                                           72ms
  scc_system_mapping.system_6                                            81ms
  scc_system_mapping.system_7                                            67ms
  scc_system_mapping.system_8                                            99ms
  scc_system_mapping.system_9                                            72ms


Run 12/20:
  Total run time: 4.366565s
  scc_system_mapping.system_1                                            66ms
  scc_system_mapping.system_10                                           72ms
  scc_system_mapping.system_11                                           72ms
  scc_system_mapping.system_12                                           71ms
  scc_system_mapping.system_13                                           72ms
  scc_system_mapping.system_14                                           67ms
  scc_system_mapping.system_15                                           76ms
  scc_system_mapping.system_16                                           70ms
  scc_system_mapping.system_17                                           71ms
  scc_system_mapping.system_18                                           66ms
  scc_system_mapping.system_19                                           66ms
  scc_system_mapping.system_2                                            73ms
  scc_system_mapping.system_20                                           69ms
  scc_system_mapping.system_21                                           66ms
  scc_system_mapping.system_22                                           75ms
  scc_system_mapping.system_23                                           182ms
  scc_system_mapping.system_24                                           69ms
  scc_system_mapping.system_25                                           70ms
  scc_system_mapping.system_26                                           74ms
  scc_system_mapping.system_27                                           68ms
  scc_system_mapping.system_28                                           66ms
  scc_system_mapping.system_29                                           71ms
  scc_system_mapping.system_3                                            67ms
  scc_system_mapping.system_30                                           66ms
  scc_system_mapping.system_31                                           65ms
  scc_system_mapping.system_32                                           67ms
  scc_system_mapping.system_33                                           71ms
  scc_system_mapping.system_34                                           67ms
  scc_system_mapping.system_35                                           68ms
  scc_system_mapping.system_36                                           66ms
  scc_system_mapping.system_37                                           74ms
  scc_system_mapping.system_38                                           68ms
  scc_system_mapping.system_39                                           74ms
  scc_system_mapping.system_4                                            70ms
  scc_system_mapping.system_40                                           72ms
  scc_system_mapping.system_41                                           75ms
  scc_system_mapping.system_42                                           68ms
  scc_system_mapping.system_43                                           67ms
  scc_system_mapping.system_44                                           67ms
  scc_system_mapping.system_45                                           70ms
  scc_system_mapping.system_46                                           68ms
  scc_system_mapping.system_47                                           70ms
  scc_system_mapping.system_48                                           69ms
  scc_system_mapping.system_49                                           63ms
  scc_system_mapping.system_5                                            68ms
  scc_system_mapping.system_50                                           71ms
  scc_system_mapping.system_6                                            66ms
  scc_system_mapping.system_7                                            88ms
  scc_system_mapping.system_8                                            72ms
  scc_system_mapping.system_9                                            69ms


Run 13/20:
  Total run time: 4.392884s
  scc_system_mapping.system_1                                            67ms
  scc_system_mapping.system_10                                           68ms
  scc_system_mapping.system_11                                           67ms
  scc_system_mapping.system_12                                           74ms
  scc_system_mapping.system_13                                           67ms
  scc_system_mapping.system_14                                           76ms
  scc_system_mapping.system_15                                           86ms
  scc_system_mapping.system_16                                           71ms
  scc_system_mapping.system_17                                           78ms
  scc_system_mapping.system_18                                           68ms
  scc_system_mapping.system_19                                           71ms
  scc_system_mapping.system_2                                            64ms
  scc_system_mapping.system_20                                           72ms
  scc_system_mapping.system_21                                           72ms
  scc_system_mapping.system_22                                           68ms
  scc_system_mapping.system_23                                           185ms
  scc_system_mapping.system_24                                           82ms
  scc_system_mapping.system_25                                           67ms
  scc_system_mapping.system_26                                           69ms
  scc_system_mapping.system_27                                           65ms
  scc_system_mapping.system_28                                           70ms
  scc_system_mapping.system_29                                           83ms
  scc_system_mapping.system_3                                            66ms
  scc_system_mapping.system_30                                           64ms
  scc_system_mapping.system_31                                           65ms
  scc_system_mapping.system_32                                           77ms
  scc_system_mapping.system_33                                           67ms
  scc_system_mapping.system_34                                           63ms
  scc_system_mapping.system_35                                           68ms
  scc_system_mapping.system_36                                           69ms
  scc_system_mapping.system_37                                           76ms
  scc_system_mapping.system_38                                           67ms
  scc_system_mapping.system_39                                           78ms
  scc_system_mapping.system_4                                            75ms
  scc_system_mapping.system_40                                           67ms
  scc_system_mapping.system_41                                           66ms
  scc_system_mapping.system_42                                           68ms
  scc_system_mapping.system_43                                           70ms
  scc_system_mapping.system_44                                           67ms
  scc_system_mapping.system_45                                           74ms
  scc_system_mapping.system_46                                           70ms
  scc_system_mapping.system_47                                           66ms
  scc_system_mapping.system_48                                           84ms
  scc_system_mapping.system_49                                           65ms
  scc_system_mapping.system_5                                            74ms
  scc_system_mapping.system_50                                           68ms
  scc_system_mapping.system_6                                            66ms
  scc_system_mapping.system_7                                            66ms
  scc_system_mapping.system_8                                            76ms
  scc_system_mapping.system_9                                            69ms


Run 14/20:
  Total run time: 4.231903s
  scc_system_mapping.system_1                                            66ms
  scc_system_mapping.system_10                                           65ms
  scc_system_mapping.system_11                                           66ms
  scc_system_mapping.system_12                                           64ms
  scc_system_mapping.system_13                                           65ms
  scc_system_mapping.system_14                                           69ms
  scc_system_mapping.system_15                                           66ms
  scc_system_mapping.system_16                                           65ms
  scc_system_mapping.system_17                                           70ms
  scc_system_mapping.system_18                                           67ms
  scc_system_mapping.system_19                                           67ms
  scc_system_mapping.system_2                                            68ms
  scc_system_mapping.system_20                                           67ms
  scc_system_mapping.system_21                                           67ms
  scc_system_mapping.system_22                                           67ms
  scc_system_mapping.system_23                                           66ms
  scc_system_mapping.system_24                                           178ms
  scc_system_mapping.system_25                                           63ms
  scc_system_mapping.system_26                                           65ms
  scc_system_mapping.system_27                                           69ms
  scc_system_mapping.system_28                                           64ms
  scc_system_mapping.system_29                                           65ms
  scc_system_mapping.system_3                                            64ms
  scc_system_mapping.system_30                                           68ms
  scc_system_mapping.system_31                                           67ms
  scc_system_mapping.system_32                                           67ms
  scc_system_mapping.system_33                                           66ms
  scc_system_mapping.system_34                                           68ms
  scc_system_mapping.system_35                                           67ms
  scc_system_mapping.system_36                                           67ms
  scc_system_mapping.system_37                                           66ms
  scc_system_mapping.system_38                                           66ms
  scc_system_mapping.system_39                                           80ms
  scc_system_mapping.system_4                                            67ms
  scc_system_mapping.system_40                                           65ms
  scc_system_mapping.system_41                                           63ms
  scc_system_mapping.system_42                                           64ms
  scc_system_mapping.system_43                                           65ms
  scc_system_mapping.system_44                                           81ms
  scc_system_mapping.system_45                                           64ms
  scc_system_mapping.system_46                                           67ms
  scc_system_mapping.system_47                                           65ms
  scc_system_mapping.system_48                                           66ms
  scc_system_mapping.system_49                                           67ms
  scc_system_mapping.system_5                                            79ms
  scc_system_mapping.system_50                                           66ms
  scc_system_mapping.system_6                                            77ms
  scc_system_mapping.system_7                                            67ms
  scc_system_mapping.system_8                                            67ms
  scc_system_mapping.system_9                                            68ms


Run 15/20:
  Total run time: 4.342206s
  scc_system_mapping.system_1                                            64ms
  scc_system_mapping.system_10                                           68ms
  scc_system_mapping.system_11                                           69ms
  scc_system_mapping.system_12                                           75ms
  scc_system_mapping.system_13                                           73ms
  scc_system_mapping.system_14                                           71ms
  scc_system_mapping.system_15                                           65ms
  scc_system_mapping.system_16                                           67ms
  scc_system_mapping.system_17                                           66ms
  scc_system_mapping.system_18                                           67ms
  scc_system_mapping.system_19                                           69ms
  scc_system_mapping.system_2                                            68ms
  scc_system_mapping.system_20                                           71ms
  scc_system_mapping.system_21                                           66ms
  scc_system_mapping.system_22                                           66ms
  scc_system_mapping.system_23                                           69ms
  scc_system_mapping.system_24                                           176ms
  scc_system_mapping.system_25                                           73ms
  scc_system_mapping.system_26                                           76ms
  scc_system_mapping.system_27                                           66ms
  scc_system_mapping.system_28                                           68ms
  scc_system_mapping.system_29                                           72ms
  scc_system_mapping.system_3                                            75ms
  scc_system_mapping.system_30                                           70ms
  scc_system_mapping.system_31                                           69ms
  scc_system_mapping.system_32                                           65ms
  scc_system_mapping.system_33                                           66ms
  scc_system_mapping.system_34                                           84ms
  scc_system_mapping.system_35                                           71ms
  scc_system_mapping.system_36                                           75ms
  scc_system_mapping.system_37                                           68ms
  scc_system_mapping.system_38                                           70ms
  scc_system_mapping.system_39                                           74ms
  scc_system_mapping.system_4                                            68ms
  scc_system_mapping.system_40                                           67ms
  scc_system_mapping.system_41                                           64ms
  scc_system_mapping.system_42                                           66ms
  scc_system_mapping.system_43                                           82ms
  scc_system_mapping.system_44                                           76ms
  scc_system_mapping.system_45                                           68ms
  scc_system_mapping.system_46                                           69ms
  scc_system_mapping.system_47                                           64ms
  scc_system_mapping.system_48                                           66ms
  scc_system_mapping.system_49                                           70ms
  scc_system_mapping.system_5                                            71ms
  scc_system_mapping.system_50                                           73ms
  scc_system_mapping.system_6                                            65ms
  scc_system_mapping.system_7                                            67ms
  scc_system_mapping.system_8                                            67ms
  scc_system_mapping.system_9                                            68ms


Run 16/20:
  Total run time: 4.288783s
  scc_system_mapping.system_1                                            63ms
  scc_system_mapping.system_10                                           64ms
  scc_system_mapping.system_11                                           66ms
  scc_system_mapping.system_12                                           73ms
  scc_system_mapping.system_13                                           78ms
  scc_system_mapping.system_14                                           67ms
  scc_system_mapping.system_15                                           64ms
  scc_system_mapping.system_16                                           65ms
  scc_system_mapping.system_17                                           66ms
  scc_system_mapping.system_18                                           72ms
  scc_system_mapping.system_19                                           68ms
  scc_system_mapping.system_2                                            66ms
  scc_system_mapping.system_20                                           71ms
  scc_system_mapping.system_21                                           82ms
  scc_system_mapping.system_22                                           70ms
  scc_system_mapping.system_23                                           67ms
  scc_system_mapping.system_24                                           72ms
  scc_system_mapping.system_25                                           64ms
  scc_system_mapping.system_26                                           68ms
  scc_system_mapping.system_27                                           65ms
  scc_system_mapping.system_28                                           65ms
  scc_system_mapping.system_29                                           69ms
  scc_system_mapping.system_3                                            69ms
  scc_system_mapping.system_30                                           78ms
  scc_system_mapping.system_31                                           65ms
  scc_system_mapping.system_32                                           74ms
  scc_system_mapping.system_33                                           70ms
  scc_system_mapping.system_34                                           73ms
  scc_system_mapping.system_35                                           64ms
  scc_system_mapping.system_36                                           68ms
  scc_system_mapping.system_37                                           68ms
  scc_system_mapping.system_38                                           65ms
  scc_system_mapping.system_39                                           68ms
  scc_system_mapping.system_4                                            67ms
  scc_system_mapping.system_40                                           67ms
  scc_system_mapping.system_41                                           66ms
  scc_system_mapping.system_42                                           65ms
  scc_system_mapping.system_43                                           67ms
  scc_system_mapping.system_44                                           70ms
  scc_system_mapping.system_45                                           70ms
  scc_system_mapping.system_46                                           65ms
  scc_system_mapping.system_47                                           68ms
  scc_system_mapping.system_48                                           69ms
  scc_system_mapping.system_49                                           65ms
  scc_system_mapping.system_5                                            70ms
  scc_system_mapping.system_50                                           64ms
  scc_system_mapping.system_6                                            64ms
  scc_system_mapping.system_7                                            66ms
  scc_system_mapping.system_8                                            66ms
  scc_system_mapping.system_9                                            202ms


Run 17/20:
  Total run time: 4.298197s
  scc_system_mapping.system_1                                            64ms
  scc_system_mapping.system_10                                           66ms
  scc_system_mapping.system_11                                           66ms
  scc_system_mapping.system_12                                           66ms
  scc_system_mapping.system_13                                           70ms
  scc_system_mapping.system_14                                           66ms
  scc_system_mapping.system_15                                           66ms
  scc_system_mapping.system_16                                           70ms
  scc_system_mapping.system_17                                           70ms
  scc_system_mapping.system_18                                           67ms
  scc_system_mapping.system_19                                           86ms
  scc_system_mapping.system_2                                            72ms
  scc_system_mapping.system_20                                           65ms
  scc_system_mapping.system_21                                           65ms
  scc_system_mapping.system_22                                           68ms
  scc_system_mapping.system_23                                           65ms
  scc_system_mapping.system_24                                           66ms
  scc_system_mapping.system_25                                           66ms
  scc_system_mapping.system_26                                           64ms
  scc_system_mapping.system_27                                           67ms
  scc_system_mapping.system_28                                           66ms
  scc_system_mapping.system_29                                           66ms
  scc_system_mapping.system_3                                            66ms
  scc_system_mapping.system_30                                           67ms
  scc_system_mapping.system_31                                           68ms
  scc_system_mapping.system_32                                           65ms
  scc_system_mapping.system_33                                           80ms
  scc_system_mapping.system_34                                           64ms
  scc_system_mapping.system_35                                           68ms
  scc_system_mapping.system_36                                           68ms
  scc_system_mapping.system_37                                           72ms
  scc_system_mapping.system_38                                           200ms
  scc_system_mapping.system_39                                           70ms
  scc_system_mapping.system_4                                            68ms
  scc_system_mapping.system_40                                           68ms
  scc_system_mapping.system_41                                           69ms
  scc_system_mapping.system_42                                           70ms
  scc_system_mapping.system_43                                           64ms
  scc_system_mapping.system_44                                           68ms
  scc_system_mapping.system_45                                           64ms
  scc_system_mapping.system_46                                           66ms
  scc_system_mapping.system_47                                           73ms
  scc_system_mapping.system_48                                           72ms
  scc_system_mapping.system_49                                           67ms
  scc_system_mapping.system_5                                            64ms
  scc_system_mapping.system_50                                           75ms
  scc_system_mapping.system_6                                            77ms
  scc_system_mapping.system_7                                            68ms
  scc_system_mapping.system_8                                            75ms
  scc_system_mapping.system_9                                            79ms


Run 18/20:
  Total run time: 5.323006s
  scc_system_mapping.system_1                                            65ms
  scc_system_mapping.system_10                                           68ms
  scc_system_mapping.system_11                                           66ms
  scc_system_mapping.system_12                                           66ms
  scc_system_mapping.system_13                                           68ms
  scc_system_mapping.system_14                                           67ms
  scc_system_mapping.system_15                                           68ms
  scc_system_mapping.system_16                                           66ms
  scc_system_mapping.system_17                                           64ms
  scc_system_mapping.system_18                                           65ms
  scc_system_mapping.system_19                                           73ms
  scc_system_mapping.system_2                                            67ms
  scc_system_mapping.system_20                                           70ms
  scc_system_mapping.system_21                                           69ms
  scc_system_mapping.system_22                                           66ms
  scc_system_mapping.system_23                                           69ms
  scc_system_mapping.system_24                                           77ms
  scc_system_mapping.system_25                                           66ms
  scc_system_mapping.system_26                                           66ms
  scc_system_mapping.system_27                                           63ms
  scc_system_mapping.system_28                                           73ms
  scc_system_mapping.system_29                                           65ms
  scc_system_mapping.system_3                                            67ms
  scc_system_mapping.system_30                                           71ms
  scc_system_mapping.system_31                                           69ms
  scc_system_mapping.system_32                                           71ms
  scc_system_mapping.system_33                                           65ms
  scc_system_mapping.system_34                                           69ms
  scc_system_mapping.system_35                                           68ms
  scc_system_mapping.system_36                                           73ms
  scc_system_mapping.system_37                                           78ms
  scc_system_mapping.system_38                                           66ms
  scc_system_mapping.system_39                                           66ms
  scc_system_mapping.system_4                                            67ms
  scc_system_mapping.system_40                                           175ms
  scc_system_mapping.system_41                                           65ms
  scc_system_mapping.system_42                                           69ms
  scc_system_mapping.system_43                                           67ms
  scc_system_mapping.system_44                                           68ms
  scc_system_mapping.system_45                                           70ms
  scc_system_mapping.system_46                                           74ms
  scc_system_mapping.system_47                                           71ms
  scc_system_mapping.system_48                                           70ms
  scc_system_mapping.system_49                                           65ms
  scc_system_mapping.system_5                                            75ms
  scc_system_mapping.system_50                                           69ms
  scc_system_mapping.system_6                                            68ms
  scc_system_mapping.system_7                                            82ms
  scc_system_mapping.system_8                                            72ms
  scc_system_mapping.system_9                                            67ms


Run 19/20:
  Total run time: 4.351669s
  scc_system_mapping.system_1                                            183ms
  scc_system_mapping.system_10                                           80ms
  scc_system_mapping.system_11                                           64ms
  scc_system_mapping.system_12                                           79ms
  scc_system_mapping.system_13                                           70ms
  scc_system_mapping.system_14                                           77ms
  scc_system_mapping.system_15                                           73ms
  scc_system_mapping.system_16                                           75ms
  scc_system_mapping.system_17                                           68ms
  scc_system_mapping.system_18                                           69ms
  scc_system_mapping.system_19                                           72ms
  scc_system_mapping.system_2                                            69ms
  scc_system_mapping.system_20                                           65ms
  scc_system_mapping.system_21                                           65ms
  scc_system_mapping.system_22                                           76ms
  scc_system_mapping.system_23                                           66ms
  scc_system_mapping.system_24                                           69ms
  scc_system_mapping.system_25                                           65ms
  scc_system_mapping.system_26                                           68ms
  scc_system_mapping.system_27                                           66ms
  scc_system_mapping.system_28                                           85ms
  scc_system_mapping.system_29                                           75ms
  scc_system_mapping.system_3                                            77ms
  scc_system_mapping.system_30                                           66ms
  scc_system_mapping.system_31                                           83ms
  scc_system_mapping.system_32                                           68ms
  scc_system_mapping.system_33                                           71ms
  scc_system_mapping.system_34                                           70ms
  scc_system_mapping.system_35                                           68ms
  scc_system_mapping.system_36                                           67ms
  scc_system_mapping.system_37                                           72ms
  scc_system_mapping.system_38                                           66ms
  scc_system_mapping.system_39                                           67ms
  scc_system_mapping.system_4                                            65ms
  scc_system_mapping.system_40                                           65ms
  scc_system_mapping.system_41                                           68ms
  scc_system_mapping.system_42                                           67ms
  scc_system_mapping.system_43                                           70ms
  scc_system_mapping.system_44                                           71ms
  scc_system_mapping.system_45                                           71ms
  scc_system_mapping.system_46                                           68ms
  scc_system_mapping.system_47                                           66ms
  scc_system_mapping.system_48                                           68ms
  scc_system_mapping.system_49                                           79ms
  scc_system_mapping.system_5                                            67ms
  scc_system_mapping.system_50                                           81ms
  scc_system_mapping.system_6                                            67ms
  scc_system_mapping.system_7                                            67ms
  scc_system_mapping.system_8                                            72ms
  scc_system_mapping.system_9                                            74ms


Run 20/20:
  Total run time: 4.289377s
  scc_system_mapping.system_1                                            69ms
  scc_system_mapping.system_10                                           69ms
  scc_system_mapping.system_11                                           68ms
  scc_system_mapping.system_12                                           67ms
  scc_system_mapping.system_13                                           68ms
  scc_system_mapping.system_14                                           80ms
  scc_system_mapping.system_15                                           65ms
  scc_system_mapping.system_16                                           68ms
  scc_system_mapping.system_17                                           71ms
  scc_system_mapping.system_18                                           70ms
  scc_system_mapping.system_19                                           65ms
  scc_system_mapping.system_2                                            70ms
  scc_system_mapping.system_20                                           74ms
  scc_system_mapping.system_21                                           71ms
  scc_system_mapping.system_22                                           66ms
  scc_system_mapping.system_23                                           65ms
  scc_system_mapping.system_24                                           66ms
  scc_system_mapping.system_25                                           80ms
  scc_system_mapping.system_26                                           66ms
  scc_system_mapping.system_27                                           68ms
  scc_system_mapping.system_28                                           66ms
  scc_system_mapping.system_29                                           67ms
  scc_system_mapping.system_3                                            83ms
  scc_system_mapping.system_30                                           186ms
  scc_system_mapping.system_31                                           62ms
  scc_system_mapping.system_32                                           74ms
  scc_system_mapping.system_33                                           63ms
  scc_system_mapping.system_34                                           68ms
  scc_system_mapping.system_35                                           70ms
  scc_system_mapping.system_36                                           70ms
  scc_system_mapping.system_37                                           81ms
  scc_system_mapping.system_38                                           68ms
  scc_system_mapping.system_39                                           65ms
  scc_system_mapping.system_4                                            66ms
  scc_system_mapping.system_40                                           73ms
  scc_system_mapping.system_41                                           72ms
  scc_system_mapping.system_42                                           66ms
  scc_system_mapping.system_43                                           68ms
  scc_system_mapping.system_44                                           68ms
  scc_system_mapping.system_45                                           63ms
  scc_system_mapping.system_46                                           78ms
  scc_system_mapping.system_47                                           75ms
  scc_system_mapping.system_48                                           76ms
  scc_system_mapping.system_49                                           65ms
  scc_system_mapping.system_5                                            76ms
  scc_system_mapping.system_50                                           63ms
  scc_system_mapping.system_6                                            70ms
  scc_system_mapping.system_7                                            65ms
  scc_system_mapping.system_8                                            66ms
  scc_system_mapping.system_9                                            67ms


Final results:
-------                                ------------    -----------    -----------
Element                                Average (ms)   Minimum (ms)   Maximum (ms)
scc_system_mapping.system_1                   74.60             63            183
scc_system_mapping.system_10                  68.30             64             80
scc_system_mapping.system_11                  74.75             64            188
scc_system_mapping.system_12                  71.15             64             82
scc_system_mapping.system_13                  69.90             65             80
scc_system_mapping.system_14                  69.70             64             80
scc_system_mapping.system_15                  69.40             64             86
scc_system_mapping.system_16                  68.35             64             75
scc_system_mapping.system_17                  70.70             64             90
scc_system_mapping.system_18                  69.50             65             78
scc_system_mapping.system_19                  71.75             65             86
scc_system_mapping.system_2                   70.60             63             84
scc_system_mapping.system_20                  69.70             65             77
scc_system_mapping.system_21                  70.75             64             82
scc_system_mapping.system_22                  71.95             64            109
scc_system_mapping.system_23                  79.60             65            185
scc_system_mapping.system_24                  81.00             63            178
scc_system_mapping.system_25                  68.90             63             80
scc_system_mapping.system_26                  69.60             64             90
scc_system_mapping.system_27                  68.40             63             90
scc_system_mapping.system_28                  69.70             64             85
scc_system_mapping.system_29                  70.30             65             83
scc_system_mapping.system_3                   69.65             63             83
scc_system_mapping.system_30                  79.10             63            186
scc_system_mapping.system_31                  67.85             62             83
scc_system_mapping.system_32                  70.85             65             82
scc_system_mapping.system_33                  75.10             63            185
scc_system_mapping.system_34                  75.25             63            190
scc_system_mapping.system_35                  69.75             64             81
scc_system_mapping.system_36                  68.75             64             75
scc_system_mapping.system_37                  70.90             63             83
scc_system_mapping.system_38                  74.60             65            200
scc_system_mapping.system_39                  71.05             65             85
scc_system_mapping.system_4                   73.25             65             94
scc_system_mapping.system_40                  80.95             65            201
scc_system_mapping.system_41                  68.30             63             84
scc_system_mapping.system_42                  75.50             64            175
scc_system_mapping.system_43                  80.00             64            196
scc_system_mapping.system_44                  71.40             65             86
scc_system_mapping.system_45                  73.95             63            185
scc_system_mapping.system_46                  70.25             64             89
scc_system_mapping.system_47                  76.30             64            206
scc_system_mapping.system_48                  70.90             64             84
scc_system_mapping.system_49                  68.95             63             84
scc_system_mapping.system_5                   70.40             64             79
scc_system_mapping.system_50                  69.65             63             81
scc_system_mapping.system_6                   69.40             64             81
scc_system_mapping.system_7                   77.20             64            205
scc_system_mapping.system_8                   71.60             65             99
scc_system_mapping.system_9                   76.45             63            202

Grouped results:
-------                                ------------    -----------    -----------
Element                                Average (ms)   Minimum (ms)   Maximum (ms)
scc_system_mapping.*                          72.12             62            206

Total wall-clock time: 87.920694s
Average wall-clock time: 4.396035s
Minimum wall-clock time: 4.197161s
Maximum wall-clock time: 5.323006s
Total Ressources: 50
