Running terraform plan -refresh-only 10 time(s)
Using Terraform parallelism: 5

Run 1/10:
  Total run time: 8.009506s
  cloudfoundry_space.space_1                                             136ms
  cloudfoundry_space.space_10                                            207ms
  cloudfoundry_space.space_11                                            146ms
  cloudfoundry_space.space_12                                            172ms
  cloudfoundry_space.space_13                                            157ms
  cloudfoundry_space.space_14                                            166ms
  cloudfoundry_space.space_15                                            144ms
  cloudfoundry_space.space_16                                            128ms
  cloudfoundry_space.space_17                                            185ms
  cloudfoundry_space.space_18                                            166ms
  cloudfoundry_space.space_19                                            152ms
  cloudfoundry_space.space_2                                             164ms
  cloudfoundry_space.space_20                                            151ms
  cloudfoundry_space.space_21                                            181ms
  cloudfoundry_space.space_22                                            153ms
  cloudfoundry_space.space_23                                            148ms
  cloudfoundry_space.space_24                                            146ms
  cloudfoundry_space.space_25                                            155ms
  cloudfoundry_space.space_26                                            138ms
  cloudfoundry_space.space_27                                            150ms
  cloudfoundry_space.space_28                                            153ms
  cloudfoundry_space.space_29                                            138ms
  cloudfoundry_space.space_3                                             205ms
  cloudfoundry_space.space_30                                            156ms
  cloudfoundry_space.space_31                                            144ms
  cloudfoundry_space.space_32                                            151ms
  cloudfoundry_space.space_33                                            159ms
  cloudfoundry_space.space_34                                            151ms
  cloudfoundry_space.space_35                                            182ms
  cloudfoundry_space.space_36                                            154ms
  cloudfoundry_space.space_37                                            162ms
  cloudfoundry_space.space_38                                            157ms
  cloudfoundry_space.space_39                                            165ms
  cloudfoundry_space.space_4                                             165ms
  cloudfoundry_space.space_40                                            173ms
  cloudfoundry_space.space_41                                            157ms
  cloudfoundry_space.space_42                                            165ms
  cloudfoundry_space.space_43                                            144ms
  cloudfoundry_space.space_44                                            144ms
  cloudfoundry_space.space_45                                            152ms
  cloudfoundry_space.space_46                                            145ms
  cloudfoundry_space.space_47                                            159ms
  cloudfoundry_space.space_48                                            144ms
  cloudfoundry_space.space_49                                            167ms
  cloudfoundry_space.space_5                                             147ms
  cloudfoundry_space.space_50                                            163ms
  cloudfoundry_space.space_6                                             158ms
  cloudfoundry_space.space_7                                             145ms
  cloudfoundry_space.space_8                                             172ms
  cloudfoundry_space.space_9                                             159ms


Run 2/10:
  Total run time: 2.772204s
  cloudfoundry_space.space_1                                             160ms
  cloudfoundry_space.space_10                                            158ms
  cloudfoundry_space.space_11                                            132ms
  cloudfoundry_space.space_12                                            135ms
  cloudfoundry_space.space_13                                            149ms
  cloudfoundry_space.space_14                                            157ms
  cloudfoundry_space.space_15                                            142ms
  cloudfoundry_space.space_16                                            156ms
  cloudfoundry_space.space_17                                            175ms
  cloudfoundry_space.space_18                                            160ms
  cloudfoundry_space.space_19                                            138ms
  cloudfoundry_space.space_2                                             142ms
  cloudfoundry_space.space_20                                            161ms
  cloudfoundry_space.space_21                                            142ms
  cloudfoundry_space.space_22                                            152ms
  cloudfoundry_space.space_23                                            165ms
  cloudfoundry_space.space_24                                            134ms
  cloudfoundry_space.space_25                                            166ms
  cloudfoundry_space.space_26                                            162ms
  cloudfoundry_space.space_27                                            165ms
  cloudfoundry_space.space_28                                            147ms
  cloudfoundry_space.space_29                                            153ms
  cloudfoundry_space.space_3                                             156ms
  cloudfoundry_space.space_30                                            144ms
  cloudfoundry_space.space_31                                            142ms
  cloudfoundry_space.space_32                                            139ms
  cloudfoundry_space.space_33                                            151ms
  cloudfoundry_space.space_34                                            174ms
  cloudfoundry_space.space_35                                            175ms
  cloudfoundry_space.space_36                                            176ms
  cloudfoundry_space.space_37                                            137ms
  cloudfoundry_space.space_38                                            135ms
  cloudfoundry_space.space_39                                            178ms
  cloudfoundry_space.space_4                                             144ms
  cloudfoundry_space.space_40                                            144ms
  cloudfoundry_space.space_41                                            165ms
  cloudfoundry_space.space_42                                            146ms
  cloudfoundry_space.space_43                                            183ms
  cloudfoundry_space.space_44                                            159ms
  cloudfoundry_space.space_45                                            130ms
  cloudfoundry_space.space_46                                            157ms
  cloudfoundry_space.space_47                                            138ms
  cloudfoundry_space.space_48                                            127ms
  cloudfoundry_space.space_49                                            151ms
  cloudfoundry_space.space_5                                             168ms
  cloudfoundry_space.space_50                                            188ms
  cloudfoundry_space.space_6                                             139ms
  cloudfoundry_space.space_7                                             142ms
  cloudfoundry_space.space_8                                             143ms
  cloudfoundry_space.space_9                                             156ms


Run 3/10:
  Total run time: 2.681283s
  cloudfoundry_space.space_1                                             134ms
  cloudfoundry_space.space_10                                            172ms
  cloudfoundry_space.space_11                                            158ms
  cloudfoundry_space.space_12                                            179ms
  cloudfoundry_space.space_13                                            232ms
  cloudfoundry_space.space_14                                            143ms
  cloudfoundry_space.space_15                                            143ms
  cloudfoundry_space.space_16                                            143ms
  cloudfoundry_space.space_17                                            154ms
  cloudfoundry_space.space_18                                            143ms
  cloudfoundry_space.space_19                                            133ms
  cloudfoundry_space.space_2                                             162ms
  cloudfoundry_space.space_20                                            140ms
  cloudfoundry_space.space_21                                            153ms
  cloudfoundry_space.space_22                                            146ms
  cloudfoundry_space.space_23                                            142ms
  cloudfoundry_space.space_24                                            138ms
  cloudfoundry_space.space_25                                            143ms
  cloudfoundry_space.space_26                                            150ms
  cloudfoundry_space.space_27                                            146ms
  cloudfoundry_space.space_28                                            150ms
  cloudfoundry_space.space_29                                            130ms
  cloudfoundry_space.space_3                                             169ms
  cloudfoundry_space.space_30                                            154ms
  cloudfoundry_space.space_31                                            147ms
  cloudfoundry_space.space_32                                            165ms
  cloudfoundry_space.space_33                                            219ms
  cloudfoundry_space.space_34                                            132ms
  cloudfoundry_space.space_35                                            153ms
  cloudfoundry_space.space_36                                            141ms
  cloudfoundry_space.space_37                                            218ms
  cloudfoundry_space.space_38                                            146ms
  cloudfoundry_space.space_39                                            148ms
  cloudfoundry_space.space_4                                             140ms
  cloudfoundry_space.space_40                                            135ms
  cloudfoundry_space.space_41                                            141ms
  cloudfoundry_space.space_42                                            147ms
  cloudfoundry_space.space_43                                            163ms
  cloudfoundry_space.space_44                                            159ms
  cloudfoundry_space.space_45                                            147ms
  cloudfoundry_space.space_46                                            129ms
  cloudfoundry_space.space_47                                            147ms
  cloudfoundry_space.space_48                                            136ms
  cloudfoundry_space.space_49                                            152ms
  cloudfoundry_space.space_5                                             129ms
  cloudfoundry_space.space_50                                            150ms
  cloudfoundry_space.space_6                                             251ms
  cloudfoundry_space.space_7                                             152ms
  cloudfoundry_space.space_8                                             165ms
  cloudfoundry_space.space_9                                             142ms


Run 4/10:
  Total run time: 2.673835s
  cloudfoundry_space.space_1                                             133ms
  cloudfoundry_space.space_10                                            141ms
  cloudfoundry_space.space_11                                            150ms
  cloudfoundry_space.space_12                                            164ms
  cloudfoundry_space.space_13                                            138ms
  cloudfoundry_space.space_14                                            157ms
  cloudfoundry_space.space_15                                            175ms
  cloudfoundry_space.space_16                                            157ms
  cloudfoundry_space.space_17                                            164ms
  cloudfoundry_space.space_18                                            161ms
  cloudfoundry_space.space_19                                            155ms
  cloudfoundry_space.space_2                                             149ms
  cloudfoundry_space.space_20                                            159ms
  cloudfoundry_space.space_21                                            146ms
  cloudfoundry_space.space_22                                            165ms
  cloudfoundry_space.space_23                                            148ms
  cloudfoundry_space.space_24                                            173ms
  cloudfoundry_space.space_25                                            152ms
  cloudfoundry_space.space_26                                            189ms
  cloudfoundry_space.space_27                                            160ms
  cloudfoundry_space.space_28                                            150ms
  cloudfoundry_space.space_29                                            160ms
  cloudfoundry_space.space_3                                             156ms
  cloudfoundry_space.space_30                                            160ms
  cloudfoundry_space.space_31                                            161ms
  cloudfoundry_space.space_32                                            150ms
  cloudfoundry_space.space_33                                            153ms
  cloudfoundry_space.space_34                                            165ms
  cloudfoundry_space.space_35                                            153ms
  cloudfoundry_space.space_36                                            144ms
  cloudfoundry_space.space_37                                            179ms
  cloudfoundry_space.space_38                                            153ms
  cloudfoundry_space.space_39                                            149ms
  cloudfoundry_space.space_4                                             143ms
  cloudfoundry_space.space_40                                            144ms
  cloudfoundry_space.space_41                                            175ms
  cloudfoundry_space.space_42                                            150ms
  cloudfoundry_space.space_43                                            160ms
  cloudfoundry_space.space_44                                            147ms
  cloudfoundry_space.space_45                                            168ms
  cloudfoundry_space.space_46                                            141ms
  cloudfoundry_space.space_47                                            142ms
  cloudfoundry_space.space_48                                            162ms
  cloudfoundry_space.space_49                                            175ms
  cloudfoundry_space.space_5                                             148ms
  cloudfoundry_space.space_50                                            140ms
  cloudfoundry_space.space_6                                             167ms
  cloudfoundry_space.space_7                                             142ms
  cloudfoundry_space.space_8                                             133ms
  cloudfoundry_space.space_9                                             154ms


Run 5/10:
  Total run time: 3.158245s
  cloudfoundry_space.space_1                                             144ms
  cloudfoundry_space.space_10                                            140ms
  cloudfoundry_space.space_11                                            126ms
  cloudfoundry_space.space_12                                            192ms
  cloudfoundry_space.space_13                                            143ms
  cloudfoundry_space.space_14                                            129ms
  cloudfoundry_space.space_15                                            157ms
  cloudfoundry_space.space_16                                            122ms
  cloudfoundry_space.space_17                                            141ms
  cloudfoundry_space.space_18                                            202ms
  cloudfoundry_space.space_19                                            200ms
  cloudfoundry_space.space_2                                             151ms
  cloudfoundry_space.space_20                                            148ms
  cloudfoundry_space.space_21                                            760ms
  cloudfoundry_space.space_22                                            142ms
  cloudfoundry_space.space_23                                            146ms
  cloudfoundry_space.space_24                                            175ms
  cloudfoundry_space.space_25                                            138ms
  cloudfoundry_space.space_26                                            201ms
  cloudfoundry_space.space_27                                            179ms
  cloudfoundry_space.space_28                                            150ms
  cloudfoundry_space.space_29                                            149ms
  cloudfoundry_space.space_3                                             184ms
  cloudfoundry_space.space_30                                            168ms
  cloudfoundry_space.space_31                                            132ms
  cloudfoundry_space.space_32                                            129ms
  cloudfoundry_space.space_33                                            135ms
  cloudfoundry_space.space_34                                            145ms
  cloudfoundry_space.space_35                                            158ms
  cloudfoundry_space.space_36                                            125ms
  cloudfoundry_space.space_37                                            162ms
  cloudfoundry_space.space_38                                            315ms
  cloudfoundry_space.space_39                                            162ms
  cloudfoundry_space.space_4                                             123ms
  cloudfoundry_space.space_40                                            140ms
  cloudfoundry_space.space_41                                            142ms
  cloudfoundry_space.space_42                                            163ms
  cloudfoundry_space.space_43                                            156ms
  cloudfoundry_space.space_44                                            161ms
  cloudfoundry_space.space_45                                            146ms
  cloudfoundry_space.space_46                                            143ms
  cloudfoundry_space.space_47                                            130ms
  cloudfoundry_space.space_48                                            177ms
  cloudfoundry_space.space_49                                            140ms
  cloudfoundry_space.space_5                                             140ms
  cloudfoundry_space.space_50                                            156ms
  cloudfoundry_space.space_6                                             132ms
  cloudfoundry_space.space_7                                             135ms
  cloudfoundry_space.space_8                                             164ms
  cloudfoundry_space.space_9                                             149ms


Run 6/10:
  Total run time: 2.679785s
  cloudfoundry_space.space_1                                             138ms
  cloudfoundry_space.space_10                                            140ms
  cloudfoundry_space.space_11                                            132ms
  cloudfoundry_space.space_12                                            148ms
  cloudfoundry_space.space_13                                            155ms
  cloudfoundry_space.space_14                                            144ms
  cloudfoundry_space.space_15                                            162ms
  cloudfoundry_space.space_16                                            144ms
  cloudfoundry_space.space_17                                            138ms
  cloudfoundry_space.space_18                                            148ms
  cloudfoundry_space.space_19                                            146ms
  cloudfoundry_space.space_2                                             139ms
  cloudfoundry_space.space_20                                            134ms
  cloudfoundry_space.space_21                                            181ms
  cloudfoundry_space.space_22                                            214ms
  cloudfoundry_space.space_23                                            136ms
  cloudfoundry_space.space_24                                            156ms
  cloudfoundry_space.space_25                                            152ms
  cloudfoundry_space.space_26                                            156ms
  cloudfoundry_space.space_27                                            153ms
  cloudfoundry_space.space_28                                            160ms
  cloudfoundry_space.space_29                                            169ms
  cloudfoundry_space.space_3                                             166ms
  cloudfoundry_space.space_30                                            143ms
  cloudfoundry_space.space_31                                            155ms
  cloudfoundry_space.space_32                                            148ms
  cloudfoundry_space.space_33                                            143ms
  cloudfoundry_space.space_34                                            173ms
  cloudfoundry_space.space_35                                            180ms
  cloudfoundry_space.space_36                                            177ms
  cloudfoundry_space.space_37                                            154ms
  cloudfoundry_space.space_38                                            144ms
  cloudfoundry_space.space_39                                            151ms
  cloudfoundry_space.space_4                                             164ms
  cloudfoundry_space.space_40                                            146ms
  cloudfoundry_space.space_41                                            173ms
  cloudfoundry_space.space_42                                            129ms
  cloudfoundry_space.space_43                                            159ms
  cloudfoundry_space.space_44                                            151ms
  cloudfoundry_space.space_45                                            177ms
  cloudfoundry_space.space_46                                            151ms
  cloudfoundry_space.space_47                                            133ms
  cloudfoundry_space.space_48                                            140ms
  cloudfoundry_space.space_49                                            148ms
  cloudfoundry_space.space_5                                             196ms
  cloudfoundry_space.space_50                                            193ms
  cloudfoundry_space.space_6                                             129ms
  cloudfoundry_space.space_7                                             150ms
  cloudfoundry_space.space_8                                             144ms
  cloudfoundry_space.space_9                                             160ms


Run 7/10:
  Total run time: 2.716416s
  cloudfoundry_space.space_1                                             129ms
  cloudfoundry_space.space_10                                            172ms
  cloudfoundry_space.space_11                                            140ms
  cloudfoundry_space.space_12                                            146ms
  cloudfoundry_space.space_13                                            177ms
  cloudfoundry_space.space_14                                            133ms
  cloudfoundry_space.space_15                                            137ms
  cloudfoundry_space.space_16                                            137ms
  cloudfoundry_space.space_17                                            146ms
  cloudfoundry_space.space_18                                            129ms
  cloudfoundry_space.space_19                                            149ms
  cloudfoundry_space.space_2                                             133ms
  cloudfoundry_space.space_20                                            146ms
  cloudfoundry_space.space_21                                            148ms
  cloudfoundry_space.space_22                                            140ms
  cloudfoundry_space.space_23                                            178ms
  cloudfoundry_space.space_24                                            126ms
  cloudfoundry_space.space_25                                            170ms
  cloudfoundry_space.space_26                                            159ms
  cloudfoundry_space.space_27                                            152ms
  cloudfoundry_space.space_28                                            119ms
  cloudfoundry_space.space_29                                            190ms
  cloudfoundry_space.space_3                                             169ms
  cloudfoundry_space.space_30                                            142ms
  cloudfoundry_space.space_31                                            166ms
  cloudfoundry_space.space_32                                            154ms
  cloudfoundry_space.space_33                                            135ms
  cloudfoundry_space.space_34                                            142ms
  cloudfoundry_space.space_35                                            157ms
  cloudfoundry_space.space_36                                            142ms
  cloudfoundry_space.space_37                                            165ms
  cloudfoundry_space.space_38                                            157ms
  cloudfoundry_space.space_39                                            178ms
  cloudfoundry_space.space_4                                             205ms
  cloudfoundry_space.space_40                                            162ms
  cloudfoundry_space.space_41                                            157ms
  cloudfoundry_space.space_42                                            145ms
  cloudfoundry_space.space_43                                            136ms
  cloudfoundry_space.space_44                                            162ms
  cloudfoundry_space.space_45                                            212ms
  cloudfoundry_space.space_46                                            152ms
  cloudfoundry_space.space_47                                            149ms
  cloudfoundry_space.space_48                                            142ms
  cloudfoundry_space.space_49                                            143ms
  cloudfoundry_space.space_5                                             132ms
  cloudfoundry_space.space_50                                            160ms
  cloudfoundry_space.space_6                                             137ms
  cloudfoundry_space.space_7                                             164ms
  cloudfoundry_space.space_8                                             169ms
  cloudfoundry_space.space_9                                             177ms


Run 8/10:
  Total run time: 2.615539s
  cloudfoundry_space.space_1                                             144ms
  cloudfoundry_space.space_10                                            136ms
  cloudfoundry_space.space_11                                            158ms
  cloudfoundry_space.space_12                                            148ms
  cloudfoundry_space.space_13                                            141ms
  cloudfoundry_space.space_14                                            147ms
  cloudfoundry_space.space_15                                            197ms
  cloudfoundry_space.space_16                                            181ms
  cloudfoundry_space.space_17                                            163ms
  cloudfoundry_space.space_18                                            164ms
  cloudfoundry_space.space_19                                            185ms
  cloudfoundry_space.space_2                                             138ms
  cloudfoundry_space.space_20                                            140ms
  cloudfoundry_space.space_21                                            197ms
  cloudfoundry_space.space_22                                            167ms
  cloudfoundry_space.space_23                                            148ms
  cloudfoundry_space.space_24                                            142ms
  cloudfoundry_space.space_25                                            146ms
  cloudfoundry_space.space_26                                            206ms
  cloudfoundry_space.space_27                                            156ms
  cloudfoundry_space.space_28                                            158ms
  cloudfoundry_space.space_29                                            150ms
  cloudfoundry_space.space_3                                             138ms
  cloudfoundry_space.space_30                                            158ms
  cloudfoundry_space.space_31                                            193ms
  cloudfoundry_space.space_32                                            156ms
  cloudfoundry_space.space_33                                            210ms
  cloudfoundry_space.space_34                                            139ms
  cloudfoundry_space.space_35                                            136ms
  cloudfoundry_space.space_36                                            147ms
  cloudfoundry_space.space_37                                            161ms
  cloudfoundry_space.space_38                                            151ms
  cloudfoundry_space.space_39                                            181ms
  cloudfoundry_space.space_4                                             135ms
  cloudfoundry_space.space_40                                            166ms
  cloudfoundry_space.space_41                                            158ms
  cloudfoundry_space.space_42                                            137ms
  cloudfoundry_space.space_43                                            151ms
  cloudfoundry_space.space_44                                            149ms
  cloudfoundry_space.space_45                                            154ms
  cloudfoundry_space.space_46                                            140ms
  cloudfoundry_space.space_47                                            137ms
  cloudfoundry_space.space_48                                            175ms
  cloudfoundry_space.space_49                                            203ms
  cloudfoundry_space.space_5                                             160ms
  cloudfoundry_space.space_50                                            174ms
  cloudfoundry_space.space_6                                             194ms
  cloudfoundry_space.space_7                                             140ms
  cloudfoundry_space.space_8                                             171ms
  cloudfoundry_space.space_9                                             156ms


Run 9/10:
  Total run time: 2.823617s
  cloudfoundry_space.space_1                                             175ms
  cloudfoundry_space.space_10                                            179ms
  cloudfoundry_space.space_11                                            175ms
  cloudfoundry_space.space_12                                            145ms
  cloudfoundry_space.space_13                                            152ms
  cloudfoundry_space.space_14                                            178ms
  cloudfoundry_space.space_15                                            195ms
  cloudfoundry_space.space_16                                            134ms
  cloudfoundry_space.space_17                                            152ms
  cloudfoundry_space.space_18                                            138ms
  cloudfoundry_space.space_19                                            163ms
  cloudfoundry_space.space_2                                             159ms
  cloudfoundry_space.space_20                                            138ms
  cloudfoundry_space.space_21                                            152ms
  cloudfoundry_space.space_22                                            137ms
  cloudfoundry_space.space_23                                            203ms
  cloudfoundry_space.space_24                                            159ms
  cloudfoundry_space.space_25                                            162ms
  cloudfoundry_space.space_26                                            166ms
  cloudfoundry_space.space_27                                            182ms
  cloudfoundry_space.space_28                                            184ms
  cloudfoundry_space.space_29                                            148ms
  cloudfoundry_space.space_3                                             182ms
  cloudfoundry_space.space_30                                            159ms
  cloudfoundry_space.space_31                                            130ms
  cloudfoundry_space.space_32                                            156ms
  cloudfoundry_space.space_33                                            152ms
  cloudfoundry_space.space_34                                            134ms
  cloudfoundry_space.space_35                                            178ms
  cloudfoundry_space.space_36                                            140ms
  cloudfoundry_space.space_37                                            177ms
  cloudfoundry_space.space_38                                            178ms
  cloudfoundry_space.space_39                                            162ms
  cloudfoundry_space.space_4                                             179ms
  cloudfoundry_space.space_40                                            140ms
  cloudfoundry_space.space_41                                            151ms
  cloudfoundry_space.space_42                                            191ms
  cloudfoundry_space.space_43                                            180ms
  cloudfoundry_space.space_44                                            148ms
  cloudfoundry_space.space_45                                            142ms
  cloudfoundry_space.space_46                                            177ms
  cloudfoundry_space.space_47                                            189ms
  cloudfoundry_space.space_48                                            148ms
  cloudfoundry_space.space_49                                            158ms
  cloudfoundry_space.space_5                                             140ms
  cloudfoundry_space.space_50                                            208ms
  cloudfoundry_space.space_6                                             149ms
  cloudfoundry_space.space_7                                             164ms
  cloudfoundry_space.space_8                                             154ms
  cloudfoundry_space.space_9                                             183ms


Run 10/10:
  Total run time: 7.898138s
  cloudfoundry_space.space_1                                             164ms
  cloudfoundry_space.space_10                                            152ms
  cloudfoundry_space.space_11                                            131ms
  cloudfoundry_space.space_12                                            185ms
  cloudfoundry_space.space_13                                            147ms
  cloudfoundry_space.space_14                                            151ms
  cloudfoundry_space.space_15                                            187ms
  cloudfoundry_space.space_16                                            130ms
  cloudfoundry_space.space_17                                            143ms
  cloudfoundry_space.space_18                                            180ms
  cloudfoundry_space.space_19                                            177ms
  cloudfoundry_space.space_2                                             148ms
  cloudfoundry_space.space_20                                            202ms
  cloudfoundry_space.space_21                                            193ms
  cloudfoundry_space.space_22                                            141ms
  cloudfoundry_space.space_23                                            161ms
  cloudfoundry_space.space_24                                            171ms
  cloudfoundry_space.space_25                                            128ms
  cloudfoundry_space.space_26                                            160ms
  cloudfoundry_space.space_27                                            127ms
  cloudfoundry_space.space_28                                            175ms
  cloudfoundry_space.space_29                                            184ms
  cloudfoundry_space.space_3                                             136ms
  cloudfoundry_space.space_30                                            374ms
  cloudfoundry_space.space_31                                            150ms
  cloudfoundry_space.space_32                                            134ms
  cloudfoundry_space.space_33                                            153ms
  cloudfoundry_space.space_34                                            152ms
  cloudfoundry_space.space_35                                            145ms
  cloudfoundry_space.space_36                                            182ms
  cloudfoundry_space.space_37                                            128ms
  cloudfoundry_space.space_38                                            151ms
  cloudfoundry_space.space_39                                            141ms
  cloudfoundry_space.space_4                                             153ms
  cloudfoundry_space.space_40                                            145ms
  cloudfoundry_space.space_41                                            149ms
  cloudfoundry_space.space_42                                            234ms
  cloudfoundry_space.space_43                                            164ms
  cloudfoundry_space.space_44                                            208ms
  cloudfoundry_space.space_45                                            177ms
  cloudfoundry_space.space_46                                            159ms
  cloudfoundry_space.space_47                                            143ms
  cloudfoundry_space.space_48                                            185ms
  cloudfoundry_space.space_49                                            138ms
  cloudfoundry_space.space_5                                             145ms
  cloudfoundry_space.space_50                                            141ms
  cloudfoundry_space.space_6                                             146ms
  cloudfoundry_space.space_7                                             152ms
  cloudfoundry_space.space_8                                             133ms
  cloudfoundry_space.space_9                                             163ms


Final results:
-------                                ------------    -----------    -----------
Element                                Average (ms)   Minimum (ms)   Maximum (ms)
cloudfoundry_space.space_1                   145.70            129            175
cloudfoundry_space.space_10                  159.70            136            207
cloudfoundry_space.space_11                  144.80            126            175
cloudfoundry_space.space_12                  161.40            135            192
cloudfoundry_space.space_13                  159.10            138            232
cloudfoundry_space.space_14                  150.50            129            178
cloudfoundry_space.space_15                  163.90            137            197
cloudfoundry_space.space_16                  143.20            122            181
cloudfoundry_space.space_17                  156.10            138            185
cloudfoundry_space.space_18                  159.10            129            202
cloudfoundry_space.space_19                  159.80            133            200
cloudfoundry_space.space_2                   148.50            133            164
cloudfoundry_space.space_20                  151.90            134            202
cloudfoundry_space.space_21                  225.30            142            760
cloudfoundry_space.space_22                  155.70            137            214
cloudfoundry_space.space_23                  157.50            136            203
cloudfoundry_space.space_24                  152.00            126            175
cloudfoundry_space.space_25                  151.20            128            170
cloudfoundry_space.space_26                  168.70            138            206
cloudfoundry_space.space_27                  157.00            127            182
cloudfoundry_space.space_28                  154.60            119            184
cloudfoundry_space.space_29                  157.10            130            190
cloudfoundry_space.space_3                   166.10            136            205
cloudfoundry_space.space_30                  175.80            142            374
cloudfoundry_space.space_31                  152.00            130            193
cloudfoundry_space.space_32                  148.20            129            165
cloudfoundry_space.space_33                  161.00            135            219
cloudfoundry_space.space_34                  150.70            132            174
cloudfoundry_space.space_35                  161.70            136            182
cloudfoundry_space.space_36                  152.80            125            182
cloudfoundry_space.space_37                  164.30            128            218
cloudfoundry_space.space_38                  168.70            135            315
cloudfoundry_space.space_39                  161.50            141            181
cloudfoundry_space.space_4                   155.10            123            205
cloudfoundry_space.space_40                  149.50            135            173
cloudfoundry_space.space_41                  156.80            141            175
cloudfoundry_space.space_42                  160.70            129            234
cloudfoundry_space.space_43                  159.60            136            183
cloudfoundry_space.space_44                  158.80            144            208
cloudfoundry_space.space_45                  160.50            130            212
cloudfoundry_space.space_46                  149.40            129            177
cloudfoundry_space.space_47                  146.70            130            189
cloudfoundry_space.space_48                  153.60            127            185
cloudfoundry_space.space_49                  157.50            138            203
cloudfoundry_space.space_5                   150.50            129            196
cloudfoundry_space.space_50                  167.30            140            208
cloudfoundry_space.space_6                   160.20            129            251
cloudfoundry_space.space_7                   148.60            135            164
cloudfoundry_space.space_8                   154.80            133            172
cloudfoundry_space.space_9                   159.90            142            183

Grouped results:
-------                                ------------    -----------    -----------
Element                                Average (ms)   Minimum (ms)   Maximum (ms)
cloudfoundry_space.*                         157.90            119            760

Total wall-clock time: 38.028568s
Average wall-clock time: 3.802857s
Minimum wall-clock time: 2.615539s
Maximum wall-clock time: 8.009506s
Total Ressources: 50
