Running terraform plan -refresh-only 10 time(s)
Using Terraform parallelism: 20

Run 1/10:
  Total run time: 2.332213s
  cloudfoundry_space.space_1                                             214ms
  cloudfoundry_space.space_10                                            197ms
  cloudfoundry_space.space_11                                            185ms
  cloudfoundry_space.space_12                                            178ms
  cloudfoundry_space.space_13                                            244ms
  cloudfoundry_space.space_14                                            179ms
  cloudfoundry_space.space_15                                            212ms
  cloudfoundry_space.space_16                                            198ms
  cloudfoundry_space.space_17                                            189ms
  cloudfoundry_space.space_18                                            197ms
  cloudfoundry_space.space_19                                            200ms
  cloudfoundry_space.space_2                                             239ms
  cloudfoundry_space.space_20                                            225ms
  cloudfoundry_space.space_21                                            233ms
  cloudfoundry_space.space_22                                            258ms
  cloudfoundry_space.space_23                                            212ms
  cloudfoundry_space.space_24                                            212ms
  cloudfoundry_space.space_25                                            226ms
  cloudfoundry_space.space_26                                            231ms
  cloudfoundry_space.space_27                                            202ms
  cloudfoundry_space.space_28                                            234ms
  cloudfoundry_space.space_29                                            969ms
  cloudfoundry_space.space_3                                             243ms
  cloudfoundry_space.space_30                                            196ms
  cloudfoundry_space.space_31                                            208ms
  cloudfoundry_space.space_32                                            177ms
  cloudfoundry_space.space_33                                            193ms
  cloudfoundry_space.space_34                                            185ms
  cloudfoundry_space.space_35                                            219ms
  cloudfoundry_space.space_36                                            228ms
  cloudfoundry_space.space_37                                            217ms
  cloudfoundry_space.space_38                                            232ms
  cloudfoundry_space.space_39                                            203ms
  cloudfoundry_space.space_4                                             221ms
  cloudfoundry_space.space_40                                            211ms
  cloudfoundry_space.space_41                                            217ms
  cloudfoundry_space.space_42                                            173ms
  cloudfoundry_space.space_43                                            193ms
  cloudfoundry_space.space_44                                            193ms
  cloudfoundry_space.space_45                                            189ms
  cloudfoundry_space.space_46                                            218ms
  cloudfoundry_space.space_47                                            226ms
  cloudfoundry_space.space_48                                            203ms
  cloudfoundry_space.space_49                                            283ms
  cloudfoundry_space.space_5                                             235ms
  cloudfoundry_space.space_50                                            208ms
  cloudfoundry_space.space_6                                             170ms
  cloudfoundry_space.space_7                                             192ms
  cloudfoundry_space.space_8                                             248ms
  cloudfoundry_space.space_9                                             215ms


Run 2/10:
  Total run time: 1.637688s
  cloudfoundry_space.space_1                                             225ms
  cloudfoundry_space.space_10                                            196ms
  cloudfoundry_space.space_11                                            206ms
  cloudfoundry_space.space_12                                            208ms
  cloudfoundry_space.space_13                                            175ms
  cloudfoundry_space.space_14                                            160ms
  cloudfoundry_space.space_15                                            162ms
  cloudfoundry_space.space_16                                            205ms
  cloudfoundry_space.space_17                                            233ms
  cloudfoundry_space.space_18                                            227ms
  cloudfoundry_space.space_19                                            128ms
  cloudfoundry_space.space_2                                             219ms
  cloudfoundry_space.space_20                                            191ms
  cloudfoundry_space.space_21                                            202ms
  cloudfoundry_space.space_22                                            211ms
  cloudfoundry_space.space_23                                            179ms
  cloudfoundry_space.space_24                                            223ms
  cloudfoundry_space.space_25                                            160ms
  cloudfoundry_space.space_26                                            198ms
  cloudfoundry_space.space_27                                            229ms
  cloudfoundry_space.space_28                                            129ms
  cloudfoundry_space.space_29                                            189ms
  cloudfoundry_space.space_3                                             187ms
  cloudfoundry_space.space_30                                            230ms
  cloudfoundry_space.space_31                                            201ms
  cloudfoundry_space.space_32                                            195ms
  cloudfoundry_space.space_33                                            177ms
  cloudfoundry_space.space_34                                            182ms
  cloudfoundry_space.space_35                                            158ms
  cloudfoundry_space.space_36                                            180ms
  cloudfoundry_space.space_37                                            224ms
  cloudfoundry_space.space_38                                            196ms
  cloudfoundry_space.space_39                                            145ms
  cloudfoundry_space.space_4                                             145ms
  cloudfoundry_space.space_40                                            192ms
  cloudfoundry_space.space_41                                            192ms
  cloudfoundry_space.space_42                                            193ms
  cloudfoundry_space.space_43                                            192ms
  cloudfoundry_space.space_44                                            147ms
  cloudfoundry_space.space_45                                            175ms
  cloudfoundry_space.space_46                                            156ms
  cloudfoundry_space.space_47                                            213ms
  cloudfoundry_space.space_48                                            235ms
  cloudfoundry_space.space_49                                            168ms
  cloudfoundry_space.space_5                                             220ms
  cloudfoundry_space.space_50                                            147ms
  cloudfoundry_space.space_6                                             210ms
  cloudfoundry_space.space_7                                             196ms
  cloudfoundry_space.space_8                                             195ms
  cloudfoundry_space.space_9                                             211ms


Run 3/10:
  Total run time: 1.800206s
  cloudfoundry_space.space_1                                             145ms
  cloudfoundry_space.space_10                                            160ms
  cloudfoundry_space.space_11                                            272ms
  cloudfoundry_space.space_12                                            272ms
  cloudfoundry_space.space_13                                            160ms
  cloudfoundry_space.space_14                                            192ms
  cloudfoundry_space.space_15                                            199ms
  cloudfoundry_space.space_16                                            230ms
  cloudfoundry_space.space_17                                            232ms
  cloudfoundry_space.space_18                                            175ms
  cloudfoundry_space.space_19                                            153ms
  cloudfoundry_space.space_2                                             216ms
  cloudfoundry_space.space_20                                            172ms
  cloudfoundry_space.space_21                                            192ms
  cloudfoundry_space.space_22                                            277ms
  cloudfoundry_space.space_23                                            233ms
  cloudfoundry_space.space_24                                            269ms
  cloudfoundry_space.space_25                                            273ms
  cloudfoundry_space.space_26                                            163ms
  cloudfoundry_space.space_27                                            267ms
  cloudfoundry_space.space_28                                            131ms
  cloudfoundry_space.space_29                                            207ms
  cloudfoundry_space.space_3                                             190ms
  cloudfoundry_space.space_30                                            203ms
  cloudfoundry_space.space_31                                            143ms
  cloudfoundry_space.space_32                                            187ms
  cloudfoundry_space.space_33                                            206ms
  cloudfoundry_space.space_34                                            268ms
  cloudfoundry_space.space_35                                            210ms
  cloudfoundry_space.space_36                                            157ms
  cloudfoundry_space.space_37                                            181ms
  cloudfoundry_space.space_38                                            189ms
  cloudfoundry_space.space_39                                            185ms
  cloudfoundry_space.space_4                                             245ms
  cloudfoundry_space.space_40                                            265ms
  cloudfoundry_space.space_41                                            246ms
  cloudfoundry_space.space_42                                            272ms
  cloudfoundry_space.space_43                                            274ms
  cloudfoundry_space.space_44                                            184ms
  cloudfoundry_space.space_45                                            272ms
  cloudfoundry_space.space_46                                            276ms
  cloudfoundry_space.space_47                                            189ms
  cloudfoundry_space.space_48                                            236ms
  cloudfoundry_space.space_49                                            191ms
  cloudfoundry_space.space_5                                             168ms
  cloudfoundry_space.space_50                                            200ms
  cloudfoundry_space.space_6                                             169ms
  cloudfoundry_space.space_7                                             272ms
  cloudfoundry_space.space_8                                             202ms
  cloudfoundry_space.space_9                                             272ms


Run 4/10:
  Total run time: 1.628887s
  cloudfoundry_space.space_1                                             200ms
  cloudfoundry_space.space_10                                            238ms
  cloudfoundry_space.space_11                                            196ms
  cloudfoundry_space.space_12                                            184ms
  cloudfoundry_space.space_13                                            238ms
  cloudfoundry_space.space_14                                            238ms
  cloudfoundry_space.space_15                                            218ms
  cloudfoundry_space.space_16                                            199ms
  cloudfoundry_space.space_17                                            226ms
  cloudfoundry_space.space_18                                            171ms
  cloudfoundry_space.space_19                                            197ms
  cloudfoundry_space.space_2                                             155ms
  cloudfoundry_space.space_20                                            198ms
  cloudfoundry_space.space_21                                            232ms
  cloudfoundry_space.space_22                                            156ms
  cloudfoundry_space.space_23                                            207ms
  cloudfoundry_space.space_24                                            213ms
  cloudfoundry_space.space_25                                            166ms
  cloudfoundry_space.space_26                                            193ms
  cloudfoundry_space.space_27                                            246ms
  cloudfoundry_space.space_28                                            199ms
  cloudfoundry_space.space_29                                            194ms
  cloudfoundry_space.space_3                                             220ms
  cloudfoundry_space.space_30                                            207ms
  cloudfoundry_space.space_31                                            204ms
  cloudfoundry_space.space_32                                            239ms
  cloudfoundry_space.space_33                                            195ms
  cloudfoundry_space.space_34                                            193ms
  cloudfoundry_space.space_35                                            194ms
  cloudfoundry_space.space_36                                            249ms
  cloudfoundry_space.space_37                                            202ms
  cloudfoundry_space.space_38                                            235ms
  cloudfoundry_space.space_39                                            243ms
  cloudfoundry_space.space_4                                             172ms
  cloudfoundry_space.space_40                                            234ms
  cloudfoundry_space.space_41                                            162ms
  cloudfoundry_space.space_42                                            171ms
  cloudfoundry_space.space_43                                            162ms
  cloudfoundry_space.space_44                                            142ms
  cloudfoundry_space.space_45                                            147ms
  cloudfoundry_space.space_46                                            202ms
  cloudfoundry_space.space_47                                            170ms
  cloudfoundry_space.space_48                                            143ms
  cloudfoundry_space.space_49                                            139ms
  cloudfoundry_space.space_5                                             163ms
  cloudfoundry_space.space_50                                            219ms
  cloudfoundry_space.space_6                                             215ms
  cloudfoundry_space.space_7                                             246ms
  cloudfoundry_space.space_8                                             193ms
  cloudfoundry_space.space_9                                             225ms


Run 5/10:
  Total run time: 1.716766s
  cloudfoundry_space.space_1                                             201ms
  cloudfoundry_space.space_10                                            212ms
  cloudfoundry_space.space_11                                            218ms
  cloudfoundry_space.space_12                                            211ms
  cloudfoundry_space.space_13                                            227ms
  cloudfoundry_space.space_14                                            201ms
  cloudfoundry_space.space_15                                            210ms
  cloudfoundry_space.space_16                                            211ms
  cloudfoundry_space.space_17                                            204ms
  cloudfoundry_space.space_18                                            210ms
  cloudfoundry_space.space_19                                            232ms
  cloudfoundry_space.space_2                                             211ms
  cloudfoundry_space.space_20                                            163ms
  cloudfoundry_space.space_21                                            219ms
  cloudfoundry_space.space_22                                            153ms
  cloudfoundry_space.space_23                                            198ms
  cloudfoundry_space.space_24                                            191ms
  cloudfoundry_space.space_25                                            162ms
  cloudfoundry_space.space_26                                            216ms
  cloudfoundry_space.space_27                                            172ms
  cloudfoundry_space.space_28                                            226ms
  cloudfoundry_space.space_29                                            213ms
  cloudfoundry_space.space_3                                             173ms
  cloudfoundry_space.space_30                                            199ms
  cloudfoundry_space.space_31                                            192ms
  cloudfoundry_space.space_32                                            196ms
  cloudfoundry_space.space_33                                            211ms
  cloudfoundry_space.space_34                                            203ms
  cloudfoundry_space.space_35                                            197ms
  cloudfoundry_space.space_36                                            170ms
  cloudfoundry_space.space_37                                            200ms
  cloudfoundry_space.space_38                                            196ms
  cloudfoundry_space.space_39                                            223ms
  cloudfoundry_space.space_4                                             203ms
  cloudfoundry_space.space_40                                            142ms
  cloudfoundry_space.space_41                                            188ms
  cloudfoundry_space.space_42                                            198ms
  cloudfoundry_space.space_43                                            202ms
  cloudfoundry_space.space_44                                            206ms
  cloudfoundry_space.space_45                                            210ms
  cloudfoundry_space.space_46                                            233ms
  cloudfoundry_space.space_47                                            171ms
  cloudfoundry_space.space_48                                            210ms
  cloudfoundry_space.space_49                                            143ms
  cloudfoundry_space.space_5                                             217ms
  cloudfoundry_space.space_50                                            172ms
  cloudfoundry_space.space_6                                             207ms
  cloudfoundry_space.space_7                                             209ms
  cloudfoundry_space.space_8                                             201ms
  cloudfoundry_space.space_9                                             224ms


Run 6/10:
  Total run time: 1.633462s
  cloudfoundry_space.space_1                                             264ms
  cloudfoundry_space.space_10                                            226ms
  cloudfoundry_space.space_11                                            217ms
  cloudfoundry_space.space_12                                            203ms
  cloudfoundry_space.space_13                                            244ms
  cloudfoundry_space.space_14                                            213ms
  cloudfoundry_space.space_15                                            129ms
  cloudfoundry_space.space_16                                            195ms
  cloudfoundry_space.space_17                                            247ms
  cloudfoundry_space.space_18                                            255ms
  cloudfoundry_space.space_19                                            204ms
  cloudfoundry_space.space_2                                             248ms
  cloudfoundry_space.space_20                                            225ms
  cloudfoundry_space.space_21                                            144ms
  cloudfoundry_space.space_22                                            261ms
  cloudfoundry_space.space_23                                            248ms
  cloudfoundry_space.space_24                                            148ms
  cloudfoundry_space.space_25                                            118ms
  cloudfoundry_space.space_26                                            214ms
  cloudfoundry_space.space_27                                            247ms
  cloudfoundry_space.space_28                                            253ms
  cloudfoundry_space.space_29                                            170ms
  cloudfoundry_space.space_3                                             271ms
  cloudfoundry_space.space_30                                            240ms
  cloudfoundry_space.space_31                                            225ms
  cloudfoundry_space.space_32                                            181ms
  cloudfoundry_space.space_33                                            224ms
  cloudfoundry_space.space_34                                            199ms
  cloudfoundry_space.space_35                                            162ms
  cloudfoundry_space.space_36                                            184ms
  cloudfoundry_space.space_37                                            196ms
  cloudfoundry_space.space_38                                            138ms
  cloudfoundry_space.space_39                                            235ms
  cloudfoundry_space.space_4                                             226ms
  cloudfoundry_space.space_40                                            227ms
  cloudfoundry_space.space_41                                            243ms
  cloudfoundry_space.space_42                                            140ms
  cloudfoundry_space.space_43                                            201ms
  cloudfoundry_space.space_44                                            242ms
  cloudfoundry_space.space_45                                            256ms
  cloudfoundry_space.space_46                                            141ms
  cloudfoundry_space.space_47                                            207ms
  cloudfoundry_space.space_48                                            237ms
  cloudfoundry_space.space_49                                            217ms
  cloudfoundry_space.space_5                                             219ms
  cloudfoundry_space.space_50                                            210ms
  cloudfoundry_space.space_6                                             224ms
  cloudfoundry_space.space_7                                             199ms
  cloudfoundry_space.space_8                                             141ms
  cloudfoundry_space.space_9                                             245ms


Run 7/10:
  Total run time: 1.535597s
  cloudfoundry_space.space_1                                             190ms
  cloudfoundry_space.space_10                                            205ms
  cloudfoundry_space.space_11                                            186ms
  cloudfoundry_space.space_12                                            197ms
  cloudfoundry_space.space_13                                            176ms
  cloudfoundry_space.space_14                                            175ms
  cloudfoundry_space.space_15                                            141ms
  cloudfoundry_space.space_16                                            171ms
  cloudfoundry_space.space_17                                            153ms
  cloudfoundry_space.space_18                                            173ms
  cloudfoundry_space.space_19                                            169ms
  cloudfoundry_space.space_2                                             182ms
  cloudfoundry_space.space_20                                            188ms
  cloudfoundry_space.space_21                                            163ms
  cloudfoundry_space.space_22                                            174ms
  cloudfoundry_space.space_23                                            177ms
  cloudfoundry_space.space_24                                            170ms
  cloudfoundry_space.space_25                                            173ms
  cloudfoundry_space.space_26                                            202ms
  cloudfoundry_space.space_27                                            174ms
  cloudfoundry_space.space_28                                            173ms
  cloudfoundry_space.space_29                                            170ms
  cloudfoundry_space.space_3                                             137ms
  cloudfoundry_space.space_30                                            176ms
  cloudfoundry_space.space_31                                            183ms
  cloudfoundry_space.space_32                                            167ms
  cloudfoundry_space.space_33                                            240ms
  cloudfoundry_space.space_34                                            172ms
  cloudfoundry_space.space_35                                            158ms
  cloudfoundry_space.space_36                                            129ms
  cloudfoundry_space.space_37                                            180ms
  cloudfoundry_space.space_38                                            180ms
  cloudfoundry_space.space_39                                            179ms
  cloudfoundry_space.space_4                                             205ms
  cloudfoundry_space.space_40                                            189ms
  cloudfoundry_space.space_41                                            191ms
  cloudfoundry_space.space_42                                            170ms
  cloudfoundry_space.space_43                                            136ms
  cloudfoundry_space.space_44                                            164ms
  cloudfoundry_space.space_45                                            181ms
  cloudfoundry_space.space_46                                            229ms
  cloudfoundry_space.space_47                                            178ms
  cloudfoundry_space.space_48                                            173ms
  cloudfoundry_space.space_49                                            188ms
  cloudfoundry_space.space_5                                             177ms
  cloudfoundry_space.space_50                                            191ms
  cloudfoundry_space.space_6                                             170ms
  cloudfoundry_space.space_7                                             136ms
  cloudfoundry_space.space_8                                             154ms
  cloudfoundry_space.space_9                                             205ms


Run 8/10:
  Total run time: 1.729924s
  cloudfoundry_space.space_1                                             178ms
  cloudfoundry_space.space_10                                            225ms
  cloudfoundry_space.space_11                                            236ms
  cloudfoundry_space.space_12                                            175ms
  cloudfoundry_space.space_13                                            225ms
  cloudfoundry_space.space_14                                            218ms
  cloudfoundry_space.space_15                                            174ms
  cloudfoundry_space.space_16                                            212ms
  cloudfoundry_space.space_17                                            206ms
  cloudfoundry_space.space_18                                            215ms
  cloudfoundry_space.space_19                                            175ms
  cloudfoundry_space.space_2                                             237ms
  cloudfoundry_space.space_20                                            210ms
  cloudfoundry_space.space_21                                            209ms
  cloudfoundry_space.space_22                                            277ms
  cloudfoundry_space.space_23                                            224ms
  cloudfoundry_space.space_24                                            215ms
  cloudfoundry_space.space_25                                            227ms
  cloudfoundry_space.space_26                                            212ms
  cloudfoundry_space.space_27                                            268ms
  cloudfoundry_space.space_28                                            197ms
  cloudfoundry_space.space_29                                            222ms
  cloudfoundry_space.space_3                                             204ms
  cloudfoundry_space.space_30                                            211ms
  cloudfoundry_space.space_31                                            278ms
  cloudfoundry_space.space_32                                            175ms
  cloudfoundry_space.space_33                                            223ms
  cloudfoundry_space.space_34                                            212ms
  cloudfoundry_space.space_35                                            205ms
  cloudfoundry_space.space_36                                            177ms
  cloudfoundry_space.space_37                                            223ms
  cloudfoundry_space.space_38                                            208ms
  cloudfoundry_space.space_39                                            282ms
  cloudfoundry_space.space_4                                             159ms
  cloudfoundry_space.space_40                                            193ms
  cloudfoundry_space.space_41                                            267ms
  cloudfoundry_space.space_42                                            228ms
  cloudfoundry_space.space_43                                            202ms
  cloudfoundry_space.space_44                                            187ms
  cloudfoundry_space.space_45                                            172ms
  cloudfoundry_space.space_46                                            209ms
  cloudfoundry_space.space_47                                            175ms
  cloudfoundry_space.space_48                                            214ms
  cloudfoundry_space.space_49                                            194ms
  cloudfoundry_space.space_5                                             170ms
  cloudfoundry_space.space_50                                            207ms
  cloudfoundry_space.space_6                                             175ms
  cloudfoundry_space.space_7                                             166ms
  cloudfoundry_space.space_8                                             270ms
  cloudfoundry_space.space_9                                             272ms


Run 9/10:
  Total run time: 1.723098s
  cloudfoundry_space.space_1                                             177ms
  cloudfoundry_space.space_10                                            234ms
  cloudfoundry_space.space_11                                            196ms
  cloudfoundry_space.space_12                                            205ms
  cloudfoundry_space.space_13                                            228ms
  cloudfoundry_space.space_14                                            206ms
  cloudfoundry_space.space_15                                            244ms
  cloudfoundry_space.space_16                                            240ms
  cloudfoundry_space.space_17                                            151ms
  cloudfoundry_space.space_18                                            217ms
  cloudfoundry_space.space_19                                            237ms
  cloudfoundry_space.space_2                                             192ms
  cloudfoundry_space.space_20                                            218ms
  cloudfoundry_space.space_21                                            177ms
  cloudfoundry_space.space_22                                            245ms
  cloudfoundry_space.space_23                                            233ms
  cloudfoundry_space.space_24                                            236ms
  cloudfoundry_space.space_25                                            239ms
  cloudfoundry_space.space_26                                            240ms
  cloudfoundry_space.space_27                                            186ms
  cloudfoundry_space.space_28                                            160ms
  cloudfoundry_space.space_29                                            212ms
  cloudfoundry_space.space_3                                             151ms
  cloudfoundry_space.space_30                                            246ms
  cloudfoundry_space.space_31                                            248ms
  cloudfoundry_space.space_32                                            254ms
  cloudfoundry_space.space_33                                            202ms
  cloudfoundry_space.space_34                                            241ms
  cloudfoundry_space.space_35                                            190ms
  cloudfoundry_space.space_36                                            233ms
  cloudfoundry_space.space_37                                            188ms
  cloudfoundry_space.space_38                                            172ms
  cloudfoundry_space.space_39                                            219ms
  cloudfoundry_space.space_4                                             199ms
  cloudfoundry_space.space_40                                            198ms
  cloudfoundry_space.space_41                                            256ms
  cloudfoundry_space.space_42                                            236ms
  cloudfoundry_space.space_43                                            164ms
  cloudfoundry_space.space_44                                            161ms
  cloudfoundry_space.space_45                                            251ms
  cloudfoundry_space.space_46                                            243ms
  cloudfoundry_space.space_47                                            180ms
  cloudfoundry_space.space_48                                            212ms
  cloudfoundry_space.space_49                                            217ms
  cloudfoundry_space.space_5                                             205ms
  cloudfoundry_space.space_50                                            237ms
  cloudfoundry_space.space_6                                             184ms
  cloudfoundry_space.space_7                                             152ms
  cloudfoundry_space.space_8                                             204ms
  cloudfoundry_space.space_9                                             245ms


Run 10/10:
  Total run time: 1.684335s
  cloudfoundry_space.space_1                                             229ms
  cloudfoundry_space.space_10                                            265ms
  cloudfoundry_space.space_11                                            166ms
  cloudfoundry_space.space_12                                            249ms
  cloudfoundry_space.space_13                                            176ms
  cloudfoundry_space.space_14                                            253ms
  cloudfoundry_space.space_15                                            207ms
  cloudfoundry_space.space_16                                            183ms
  cloudfoundry_space.space_17                                            215ms
  cloudfoundry_space.space_18                                            168ms
  cloudfoundry_space.space_19                                            178ms
  cloudfoundry_space.space_2                                             182ms
  cloudfoundry_space.space_20                                            171ms
  cloudfoundry_space.space_21                                            183ms
  cloudfoundry_space.space_22                                            230ms
  cloudfoundry_space.space_23                                            264ms
  cloudfoundry_space.space_24                                            163ms
  cloudfoundry_space.space_25                                            178ms
  cloudfoundry_space.space_26                                            205ms
  cloudfoundry_space.space_27                                            193ms
  cloudfoundry_space.space_28                                            291ms
  cloudfoundry_space.space_29                                            198ms
  cloudfoundry_space.space_3                                             199ms
  cloudfoundry_space.space_30                                            166ms
  cloudfoundry_space.space_31                                            168ms
  cloudfoundry_space.space_32                                            268ms
  cloudfoundry_space.space_33                                            220ms
  cloudfoundry_space.space_34                                            254ms
  cloudfoundry_space.space_35                                            196ms
  cloudfoundry_space.space_36                                            200ms
  cloudfoundry_space.space_37                                            264ms
  cloudfoundry_space.space_38                                            265ms
  cloudfoundry_space.space_39                                            234ms
  cloudfoundry_space.space_4                                             193ms
  cloudfoundry_space.space_40                                            188ms
  cloudfoundry_space.space_41                                            146ms
  cloudfoundry_space.space_42                                            197ms
  cloudfoundry_space.space_43                                            158ms
  cloudfoundry_space.space_44                                            177ms
  cloudfoundry_space.space_45                                            179ms
  cloudfoundry_space.space_46                                            271ms
  cloudfoundry_space.space_47                                            204ms
  cloudfoundry_space.space_48                                            246ms
  cloudfoundry_space.space_49                                            152ms
  cloudfoundry_space.space_5                                             249ms
  cloudfoundry_space.space_50                                            261ms
  cloudfoundry_space.space_6                                             152ms
  cloudfoundry_space.space_7                                             226ms
  cloudfoundry_space.space_8                                             172ms
  cloudfoundry_space.space_9                                             246ms


Final results:
-------                                ------------    -----------    -----------
Element                                Average (ms)   Minimum (ms)   Maximum (ms)
cloudfoundry_space.space_1                   202.30            145            264
cloudfoundry_space.space_10                  215.80            160            265
cloudfoundry_space.space_11                  207.80            166            272
cloudfoundry_space.space_12                  208.20            175            272
cloudfoundry_space.space_13                  209.30            160            244
cloudfoundry_space.space_14                  203.50            160            253
cloudfoundry_space.space_15                  189.60            129            244
cloudfoundry_space.space_16                  204.40            171            240
cloudfoundry_space.space_17                  205.60            151            247
cloudfoundry_space.space_18                  200.80            168            255
cloudfoundry_space.space_19                  187.30            128            237
cloudfoundry_space.space_2                   208.10            155            248
cloudfoundry_space.space_20                  196.10            163            225
cloudfoundry_space.space_21                  195.40            144            233
cloudfoundry_space.space_22                  224.20            153            277
cloudfoundry_space.space_23                  217.50            177            264
cloudfoundry_space.space_24                  204.00            148            269
cloudfoundry_space.space_25                  192.20            118            273
cloudfoundry_space.space_26                  207.40            163            240
cloudfoundry_space.space_27                  218.40            172            268
cloudfoundry_space.space_28                  199.30            129            291
cloudfoundry_space.space_29                  274.40            170            969
cloudfoundry_space.space_3                   197.50            137            271
cloudfoundry_space.space_30                  207.40            166            246
cloudfoundry_space.space_31                  205.00            143            278
cloudfoundry_space.space_32                  203.90            167            268
cloudfoundry_space.space_33                  209.10            177            240
cloudfoundry_space.space_34                  210.90            172            268
cloudfoundry_space.space_35                  188.90            158            219
cloudfoundry_space.space_36                  190.70            129            249
cloudfoundry_space.space_37                  207.50            180            264
cloudfoundry_space.space_38                  201.10            138            265
cloudfoundry_space.space_39                  214.80            145            282
cloudfoundry_space.space_4                   196.80            145            245
cloudfoundry_space.space_40                  203.90            142            265
cloudfoundry_space.space_41                  210.80            146            267
cloudfoundry_space.space_42                  197.80            140            272
cloudfoundry_space.space_43                  188.40            136            274
cloudfoundry_space.space_44                  180.30            142            242
cloudfoundry_space.space_45                  203.20            147            272
cloudfoundry_space.space_46                  217.80            141            276
cloudfoundry_space.space_47                  191.30            170            226
cloudfoundry_space.space_48                  210.90            143            246
cloudfoundry_space.space_49                  189.20            139            283
cloudfoundry_space.space_5                   202.30            163            249
cloudfoundry_space.space_50                  205.20            147            261
cloudfoundry_space.space_6                   187.60            152            224
cloudfoundry_space.space_7                   199.40            136            272
cloudfoundry_space.space_8                   198.00            141            270
cloudfoundry_space.space_9                   236.00            205            272

Grouped results:
-------                                ------------    -----------    -----------
Element                                Average (ms)   Minimum (ms)   Maximum (ms)
cloudfoundry_space.*                         204.55            118            969

Total wall-clock time: 17.422176s
Average wall-clock time: 1.742218s
Minimum wall-clock time: 1.535597s
Maximum wall-clock time: 2.332213s
Total Ressources: 50
