Running terraform plan -refresh-only 20 time(s)
Using Terraform parallelism: 50

Run 1/20:
  Total run time: 1.759896s
  cloudfoundry_space.space_1                                             446ms
  cloudfoundry_space.space_10                                            385ms
  cloudfoundry_space.space_11                                            430ms
  cloudfoundry_space.space_12                                            413ms
  cloudfoundry_space.space_13                                            429ms
  cloudfoundry_space.space_14                                            464ms
  cloudfoundry_space.space_15                                            416ms
  cloudfoundry_space.space_16                                            422ms
  cloudfoundry_space.space_17                                            449ms
  cloudfoundry_space.space_18                                            425ms
  cloudfoundry_space.space_19                                            413ms
  cloudfoundry_space.space_2                                             402ms
  cloudfoundry_space.space_20                                            407ms
  cloudfoundry_space.space_21                                            395ms
  cloudfoundry_space.space_22                                            414ms
  cloudfoundry_space.space_23                                            389ms
  cloudfoundry_space.space_24                                            451ms
  cloudfoundry_space.space_25                                            413ms
  cloudfoundry_space.space_26                                            418ms
  cloudfoundry_space.space_27                                            333ms
  cloudfoundry_space.space_28                                            404ms
  cloudfoundry_space.space_29                                            411ms
  cloudfoundry_space.space_3                                             412ms
  cloudfoundry_space.space_30                                            454ms
  cloudfoundry_space.space_31                                            401ms
  cloudfoundry_space.space_32                                            410ms
  cloudfoundry_space.space_33                                            442ms
  cloudfoundry_space.space_34                                            433ms
  cloudfoundry_space.space_35                                            332ms
  cloudfoundry_space.space_36                                            437ms
  cloudfoundry_space.space_37                                            413ms
  cloudfoundry_space.space_38                                            380ms
  cloudfoundry_space.space_39                                            412ms
  cloudfoundry_space.space_4                                             460ms
  cloudfoundry_space.space_40                                            334ms
  cloudfoundry_space.space_41                                            380ms
  cloudfoundry_space.space_42                                            438ms
  cloudfoundry_space.space_43                                            393ms
  cloudfoundry_space.space_44                                            445ms
  cloudfoundry_space.space_45                                            437ms
  cloudfoundry_space.space_46                                            434ms
  cloudfoundry_space.space_47                                            411ms
  cloudfoundry_space.space_48                                            417ms
  cloudfoundry_space.space_49                                            417ms
  cloudfoundry_space.space_5                                             397ms
  cloudfoundry_space.space_50                                            435ms
  cloudfoundry_space.space_6                                             421ms
  cloudfoundry_space.space_7                                             391ms
  cloudfoundry_space.space_8                                             395ms
  cloudfoundry_space.space_9                                             414ms


Run 2/20:
  Total run time: 1.541877s
  cloudfoundry_space.space_1                                             413ms
  cloudfoundry_space.space_10                                            422ms
  cloudfoundry_space.space_11                                            426ms
  cloudfoundry_space.space_12                                            437ms
  cloudfoundry_space.space_13                                            425ms
  cloudfoundry_space.space_14                                            418ms
  cloudfoundry_space.space_15                                            411ms
  cloudfoundry_space.space_16                                            412ms
  cloudfoundry_space.space_17                                            423ms
  cloudfoundry_space.space_18                                            402ms
  cloudfoundry_space.space_19                                            410ms
  cloudfoundry_space.space_2                                             423ms
  cloudfoundry_space.space_20                                            398ms
  cloudfoundry_space.space_21                                            413ms
  cloudfoundry_space.space_22                                            416ms
  cloudfoundry_space.space_23                                            397ms
  cloudfoundry_space.space_24                                            436ms
  cloudfoundry_space.space_25                                            426ms
  cloudfoundry_space.space_26                                            429ms
  cloudfoundry_space.space_27                                            435ms
  cloudfoundry_space.space_28                                            431ms
  cloudfoundry_space.space_29                                            441ms
  cloudfoundry_space.space_3                                             418ms
  cloudfoundry_space.space_30                                            438ms
  cloudfoundry_space.space_31                                            400ms
  cloudfoundry_space.space_32                                            413ms
  cloudfoundry_space.space_33                                            416ms
  cloudfoundry_space.space_34                                            403ms
  cloudfoundry_space.space_35                                            405ms
  cloudfoundry_space.space_36                                            417ms
  cloudfoundry_space.space_37                                            417ms
  cloudfoundry_space.space_38                                            414ms
  cloudfoundry_space.space_39                                            437ms
  cloudfoundry_space.space_4                                             423ms
  cloudfoundry_space.space_40                                            440ms
  cloudfoundry_space.space_41                                            398ms
  cloudfoundry_space.space_42                                            409ms
  cloudfoundry_space.space_43                                            423ms
  cloudfoundry_space.space_44                                            431ms
  cloudfoundry_space.space_45                                            407ms
  cloudfoundry_space.space_46                                            425ms
  cloudfoundry_space.space_47                                            421ms
  cloudfoundry_space.space_48                                            424ms
  cloudfoundry_space.space_49                                            416ms
  cloudfoundry_space.space_5                                             425ms
  cloudfoundry_space.space_50                                            413ms
  cloudfoundry_space.space_6                                             417ms
  cloudfoundry_space.space_7                                             436ms
  cloudfoundry_space.space_8                                             421ms
  cloudfoundry_space.space_9                                             432ms


Run 3/20:
  Total run time: 1.831008s
  cloudfoundry_space.space_1                                             402ms
  cloudfoundry_space.space_10                                            323ms
  cloudfoundry_space.space_11                                            392ms
  cloudfoundry_space.space_12                                            409ms
  cloudfoundry_space.space_13                                            416ms
  cloudfoundry_space.space_14                                            332ms
  cloudfoundry_space.space_15                                            315ms
  cloudfoundry_space.space_16                                            312ms
  cloudfoundry_space.space_17                                            407ms
  cloudfoundry_space.space_18                                            420ms
  cloudfoundry_space.space_19                                            418ms
  cloudfoundry_space.space_2                                             411ms
  cloudfoundry_space.space_20                                            407ms
  cloudfoundry_space.space_21                                            404ms
  cloudfoundry_space.space_22                                            407ms
  cloudfoundry_space.space_23                                            322ms
  cloudfoundry_space.space_24                                            430ms
  cloudfoundry_space.space_25                                            319ms
  cloudfoundry_space.space_26                                            401ms
  cloudfoundry_space.space_27                                            607ms
  cloudfoundry_space.space_28                                            415ms
  cloudfoundry_space.space_29                                            410ms
  cloudfoundry_space.space_3                                             414ms
  cloudfoundry_space.space_30                                            315ms
  cloudfoundry_space.space_31                                            395ms
  cloudfoundry_space.space_32                                            412ms
  cloudfoundry_space.space_33                                            407ms
  cloudfoundry_space.space_34                                            419ms
  cloudfoundry_space.space_35                                            393ms
  cloudfoundry_space.space_36                                            317ms
  cloudfoundry_space.space_37                                            403ms
  cloudfoundry_space.space_38                                            401ms
  cloudfoundry_space.space_39                                            392ms
  cloudfoundry_space.space_4                                             326ms
  cloudfoundry_space.space_40                                            400ms
  cloudfoundry_space.space_41                                            386ms
  cloudfoundry_space.space_42                                            390ms
  cloudfoundry_space.space_43                                            405ms
  cloudfoundry_space.space_44                                            315ms
  cloudfoundry_space.space_45                                            415ms
  cloudfoundry_space.space_46                                            395ms
  cloudfoundry_space.space_47                                            399ms
  cloudfoundry_space.space_48                                            400ms
  cloudfoundry_space.space_49                                            405ms
  cloudfoundry_space.space_5                                             416ms
  cloudfoundry_space.space_50                                            310ms
  cloudfoundry_space.space_6                                             419ms
  cloudfoundry_space.space_7                                             311ms
  cloudfoundry_space.space_8                                             426ms
  cloudfoundry_space.space_9                                             404ms


Run 4/20:
  Total run time: 2.098283s
  cloudfoundry_space.space_1                                             458ms
  cloudfoundry_space.space_10                                            401ms
  cloudfoundry_space.space_11                                            412ms
  cloudfoundry_space.space_12                                            396ms
  cloudfoundry_space.space_13                                            409ms
  cloudfoundry_space.space_14                                            445ms
  cloudfoundry_space.space_15                                            415ms
  cloudfoundry_space.space_16                                            402ms
  cloudfoundry_space.space_17                                            461ms
  cloudfoundry_space.space_18                                            1095ms
  cloudfoundry_space.space_19                                            450ms
  cloudfoundry_space.space_2                                             403ms
  cloudfoundry_space.space_20                                            449ms
  cloudfoundry_space.space_21                                            457ms
  cloudfoundry_space.space_22                                            493ms
  cloudfoundry_space.space_23                                            411ms
  cloudfoundry_space.space_24                                            410ms
  cloudfoundry_space.space_25                                            941ms
  cloudfoundry_space.space_26                                            400ms
  cloudfoundry_space.space_27                                            431ms
  cloudfoundry_space.space_28                                            408ms
  cloudfoundry_space.space_29                                            450ms
  cloudfoundry_space.space_3                                             452ms
  cloudfoundry_space.space_30                                            482ms
  cloudfoundry_space.space_31                                            439ms
  cloudfoundry_space.space_32                                            406ms
  cloudfoundry_space.space_33                                            405ms
  cloudfoundry_space.space_34                                            397ms
  cloudfoundry_space.space_35                                            457ms
  cloudfoundry_space.space_36                                            409ms
  cloudfoundry_space.space_37                                            432ms
  cloudfoundry_space.space_38                                            397ms
  cloudfoundry_space.space_39                                            440ms
  cloudfoundry_space.space_4                                             445ms
  cloudfoundry_space.space_40                                            461ms
  cloudfoundry_space.space_41                                            407ms
  cloudfoundry_space.space_42                                            453ms
  cloudfoundry_space.space_43                                            448ms
  cloudfoundry_space.space_44                                            408ms
  cloudfoundry_space.space_45                                            405ms
  cloudfoundry_space.space_46                                            399ms
  cloudfoundry_space.space_47                                            450ms
  cloudfoundry_space.space_48                                            407ms
  cloudfoundry_space.space_49                                            419ms
  cloudfoundry_space.space_5                                             409ms
  cloudfoundry_space.space_50                                            413ms
  cloudfoundry_space.space_6                                             446ms
  cloudfoundry_space.space_7                                             407ms
  cloudfoundry_space.space_8                                             449ms
  cloudfoundry_space.space_9                                             450ms


Run 5/20:
  Total run time: 3.214822s
  cloudfoundry_space.space_1                                             348ms
  cloudfoundry_space.space_10                                            349ms
  cloudfoundry_space.space_11                                            428ms
  cloudfoundry_space.space_12                                            404ms
  cloudfoundry_space.space_13                                            422ms
  cloudfoundry_space.space_14                                            374ms
  cloudfoundry_space.space_15                                            421ms
  cloudfoundry_space.space_16                                            419ms
  cloudfoundry_space.space_17                                            415ms
  cloudfoundry_space.space_18                                            437ms
  cloudfoundry_space.space_19                                            402ms
  cloudfoundry_space.space_2                                             423ms
  cloudfoundry_space.space_20                                            420ms
  cloudfoundry_space.space_21                                            315ms
  cloudfoundry_space.space_22                                            423ms
  cloudfoundry_space.space_23                                            423ms
  cloudfoundry_space.space_24                                            423ms
  cloudfoundry_space.space_25                                            428ms
  cloudfoundry_space.space_26                                            408ms
  cloudfoundry_space.space_27                                            324ms
  cloudfoundry_space.space_28                                            428ms
  cloudfoundry_space.space_29                                            411ms
  cloudfoundry_space.space_3                                             422ms
  cloudfoundry_space.space_30                                            426ms
  cloudfoundry_space.space_31                                            318ms
  cloudfoundry_space.space_32                                            446ms
  cloudfoundry_space.space_33                                            395ms
  cloudfoundry_space.space_34                                            2064ms
  cloudfoundry_space.space_35                                            417ms
  cloudfoundry_space.space_36                                            435ms
  cloudfoundry_space.space_37                                            415ms
  cloudfoundry_space.space_38                                            402ms
  cloudfoundry_space.space_39                                            424ms
  cloudfoundry_space.space_4                                             433ms
  cloudfoundry_space.space_40                                            432ms
  cloudfoundry_space.space_41                                            395ms
  cloudfoundry_space.space_42                                            396ms
  cloudfoundry_space.space_43                                            2058ms
  cloudfoundry_space.space_44                                            387ms
  cloudfoundry_space.space_45                                            403ms
  cloudfoundry_space.space_46                                            323ms
  cloudfoundry_space.space_47                                            426ms
  cloudfoundry_space.space_48                                            317ms
  cloudfoundry_space.space_49                                            403ms
  cloudfoundry_space.space_5                                             416ms
  cloudfoundry_space.space_50                                            410ms
  cloudfoundry_space.space_6                                             431ms
  cloudfoundry_space.space_7                                             417ms
  cloudfoundry_space.space_8                                             425ms
  cloudfoundry_space.space_9                                             321ms


Run 6/20:
  Total run time: 1.413777s
  cloudfoundry_space.space_1                                             405ms
  cloudfoundry_space.space_10                                            410ms
  cloudfoundry_space.space_11                                            424ms
  cloudfoundry_space.space_12                                            407ms
  cloudfoundry_space.space_13                                            406ms
  cloudfoundry_space.space_14                                            415ms
  cloudfoundry_space.space_15                                            405ms
  cloudfoundry_space.space_16                                            412ms
  cloudfoundry_space.space_17                                            387ms
  cloudfoundry_space.space_18                                            408ms
  cloudfoundry_space.space_19                                            401ms
  cloudfoundry_space.space_2                                             410ms
  cloudfoundry_space.space_20                                            387ms
  cloudfoundry_space.space_21                                            418ms
  cloudfoundry_space.space_22                                            411ms
  cloudfoundry_space.space_23                                            394ms
  cloudfoundry_space.space_24                                            417ms
  cloudfoundry_space.space_25                                            405ms
  cloudfoundry_space.space_26                                            410ms
  cloudfoundry_space.space_27                                            402ms
  cloudfoundry_space.space_28                                            408ms
  cloudfoundry_space.space_29                                            410ms
  cloudfoundry_space.space_3                                             399ms
  cloudfoundry_space.space_30                                            404ms
  cloudfoundry_space.space_31                                            410ms
  cloudfoundry_space.space_32                                            409ms
  cloudfoundry_space.space_33                                            396ms
  cloudfoundry_space.space_34                                            415ms
  cloudfoundry_space.space_35                                            382ms
  cloudfoundry_space.space_36                                            425ms
  cloudfoundry_space.space_37                                            411ms
  cloudfoundry_space.space_38                                            419ms
  cloudfoundry_space.space_39                                            425ms
  cloudfoundry_space.space_4                                             408ms
  cloudfoundry_space.space_40                                            408ms
  cloudfoundry_space.space_41                                            423ms
  cloudfoundry_space.space_42                                            385ms
  cloudfoundry_space.space_43                                            372ms
  cloudfoundry_space.space_44                                            399ms
  cloudfoundry_space.space_45                                            400ms
  cloudfoundry_space.space_46                                            406ms
  cloudfoundry_space.space_47                                            416ms
  cloudfoundry_space.space_48                                            410ms
  cloudfoundry_space.space_49                                            433ms
  cloudfoundry_space.space_5                                             405ms
  cloudfoundry_space.space_50                                            419ms
  cloudfoundry_space.space_6                                             432ms
  cloudfoundry_space.space_7                                             398ms
  cloudfoundry_space.space_8                                             400ms
  cloudfoundry_space.space_9                                             406ms


Run 7/20:
  Total run time: 4.037523s
  cloudfoundry_space.space_1                                             468ms
  cloudfoundry_space.space_10                                            472ms
  cloudfoundry_space.space_11                                            500ms
  cloudfoundry_space.space_12                                            484ms
  cloudfoundry_space.space_13                                            409ms
  cloudfoundry_space.space_14                                            506ms
  cloudfoundry_space.space_15                                            400ms
  cloudfoundry_space.space_16                                            468ms
  cloudfoundry_space.space_17                                            445ms
  cloudfoundry_space.space_18                                            476ms
  cloudfoundry_space.space_19                                            447ms
  cloudfoundry_space.space_2                                             398ms
  cloudfoundry_space.space_20                                            453ms
  cloudfoundry_space.space_21                                            492ms
  cloudfoundry_space.space_22                                            448ms
  cloudfoundry_space.space_23                                            494ms
  cloudfoundry_space.space_24                                            494ms
  cloudfoundry_space.space_25                                            506ms
  cloudfoundry_space.space_26                                            478ms
  cloudfoundry_space.space_27                                            484ms
  cloudfoundry_space.space_28                                            489ms
  cloudfoundry_space.space_29                                            476ms
  cloudfoundry_space.space_3                                             414ms
  cloudfoundry_space.space_30                                            401ms
  cloudfoundry_space.space_31                                            417ms
  cloudfoundry_space.space_32                                            475ms
  cloudfoundry_space.space_33                                            399ms
  cloudfoundry_space.space_34                                            490ms
  cloudfoundry_space.space_35                                            500ms
  cloudfoundry_space.space_36                                            452ms
  cloudfoundry_space.space_37                                            461ms
  cloudfoundry_space.space_38                                            495ms
  cloudfoundry_space.space_39                                            464ms
  cloudfoundry_space.space_4                                             507ms
  cloudfoundry_space.space_40                                            493ms
  cloudfoundry_space.space_41                                            486ms
  cloudfoundry_space.space_42                                            400ms
  cloudfoundry_space.space_43                                            3032ms
  cloudfoundry_space.space_44                                            495ms
  cloudfoundry_space.space_45                                            412ms
  cloudfoundry_space.space_46                                            403ms
  cloudfoundry_space.space_47                                            478ms
  cloudfoundry_space.space_48                                            461ms
  cloudfoundry_space.space_49                                            480ms
  cloudfoundry_space.space_5                                             499ms
  cloudfoundry_space.space_50                                            483ms
  cloudfoundry_space.space_6                                             492ms
  cloudfoundry_space.space_7                                             400ms
  cloudfoundry_space.space_8                                             401ms
  cloudfoundry_space.space_9                                             443ms


Run 8/20:
  Total run time: 1.559451s
  cloudfoundry_space.space_1                                             400ms
  cloudfoundry_space.space_10                                            403ms
  cloudfoundry_space.space_11                                            409ms
  cloudfoundry_space.space_12                                            425ms
  cloudfoundry_space.space_13                                            411ms
  cloudfoundry_space.space_14                                            429ms
  cloudfoundry_space.space_15                                            424ms
  cloudfoundry_space.space_16                                            425ms
  cloudfoundry_space.space_17                                            396ms
  cloudfoundry_space.space_18                                            403ms
  cloudfoundry_space.space_19                                            384ms
  cloudfoundry_space.space_2                                             427ms
  cloudfoundry_space.space_20                                            400ms
  cloudfoundry_space.space_21                                            412ms
  cloudfoundry_space.space_22                                            403ms
  cloudfoundry_space.space_23                                            405ms
  cloudfoundry_space.space_24                                            426ms
  cloudfoundry_space.space_25                                            426ms
  cloudfoundry_space.space_26                                            362ms
  cloudfoundry_space.space_27                                            452ms
  cloudfoundry_space.space_28                                            409ms
  cloudfoundry_space.space_29                                            399ms
  cloudfoundry_space.space_3                                             419ms
  cloudfoundry_space.space_30                                            451ms
  cloudfoundry_space.space_31                                            405ms
  cloudfoundry_space.space_32                                            422ms
  cloudfoundry_space.space_33                                            417ms
  cloudfoundry_space.space_34                                            415ms
  cloudfoundry_space.space_35                                            396ms
  cloudfoundry_space.space_36                                            423ms
  cloudfoundry_space.space_37                                            381ms
  cloudfoundry_space.space_38                                            402ms
  cloudfoundry_space.space_39                                            443ms
  cloudfoundry_space.space_4                                             423ms
  cloudfoundry_space.space_40                                            419ms
  cloudfoundry_space.space_41                                            439ms
  cloudfoundry_space.space_42                                            398ms
  cloudfoundry_space.space_43                                            406ms
  cloudfoundry_space.space_44                                            426ms
  cloudfoundry_space.space_45                                            404ms
  cloudfoundry_space.space_46                                            414ms
  cloudfoundry_space.space_47                                            443ms
  cloudfoundry_space.space_48                                            430ms
  cloudfoundry_space.space_49                                            416ms
  cloudfoundry_space.space_5                                             414ms
  cloudfoundry_space.space_50                                            435ms
  cloudfoundry_space.space_6                                             411ms
  cloudfoundry_space.space_7                                             434ms
  cloudfoundry_space.space_8                                             401ms
  cloudfoundry_space.space_9                                             425ms


Run 9/20:
  Total run time: 1.604375s
  cloudfoundry_space.space_1                                             444ms
  cloudfoundry_space.space_10                                            456ms
  cloudfoundry_space.space_11                                            408ms
  cloudfoundry_space.space_12                                            448ms
  cloudfoundry_space.space_13                                            435ms
  cloudfoundry_space.space_14                                            423ms
  cloudfoundry_space.space_15                                            436ms
  cloudfoundry_space.space_16                                            429ms
  cloudfoundry_space.space_17                                            434ms
  cloudfoundry_space.space_18                                            445ms
  cloudfoundry_space.space_19                                            423ms
  cloudfoundry_space.space_2                                             451ms
  cloudfoundry_space.space_20                                            331ms
  cloudfoundry_space.space_21                                            427ms
  cloudfoundry_space.space_22                                            439ms
  cloudfoundry_space.space_23                                            402ms
  cloudfoundry_space.space_24                                            428ms
  cloudfoundry_space.space_25                                            445ms
  cloudfoundry_space.space_26                                            305ms
  cloudfoundry_space.space_27                                            418ms
  cloudfoundry_space.space_28                                            458ms
  cloudfoundry_space.space_29                                            444ms
  cloudfoundry_space.space_3                                             331ms
  cloudfoundry_space.space_30                                            451ms
  cloudfoundry_space.space_31                                            444ms
  cloudfoundry_space.space_32                                            433ms
  cloudfoundry_space.space_33                                            420ms
  cloudfoundry_space.space_34                                            447ms
  cloudfoundry_space.space_35                                            436ms
  cloudfoundry_space.space_36                                            440ms
  cloudfoundry_space.space_37                                            400ms
  cloudfoundry_space.space_38                                            397ms
  cloudfoundry_space.space_39                                            305ms
  cloudfoundry_space.space_4                                             460ms
  cloudfoundry_space.space_40                                            429ms
  cloudfoundry_space.space_41                                            398ms
  cloudfoundry_space.space_42                                            460ms
  cloudfoundry_space.space_43                                            433ms
  cloudfoundry_space.space_44                                            447ms
  cloudfoundry_space.space_45                                            412ms
  cloudfoundry_space.space_46                                            436ms
  cloudfoundry_space.space_47                                            428ms
  cloudfoundry_space.space_48                                            456ms
  cloudfoundry_space.space_49                                            405ms
  cloudfoundry_space.space_5                                             445ms
  cloudfoundry_space.space_50                                            437ms
  cloudfoundry_space.space_6                                             431ms
  cloudfoundry_space.space_7                                             451ms
  cloudfoundry_space.space_8                                             431ms
  cloudfoundry_space.space_9                                             451ms


Run 10/20:
  Total run time: 1.534039s
  cloudfoundry_space.space_1                                             448ms
  cloudfoundry_space.space_10                                            455ms
  cloudfoundry_space.space_11                                            426ms
  cloudfoundry_space.space_12                                            444ms
  cloudfoundry_space.space_13                                            458ms
  cloudfoundry_space.space_14                                            450ms
  cloudfoundry_space.space_15                                            465ms
  cloudfoundry_space.space_16                                            463ms
  cloudfoundry_space.space_17                                            427ms
  cloudfoundry_space.space_18                                            403ms
  cloudfoundry_space.space_19                                            470ms
  cloudfoundry_space.space_2                                             443ms
  cloudfoundry_space.space_20                                            440ms
  cloudfoundry_space.space_21                                            430ms
  cloudfoundry_space.space_22                                            461ms
  cloudfoundry_space.space_23                                            440ms
  cloudfoundry_space.space_24                                            463ms
  cloudfoundry_space.space_25                                            426ms
  cloudfoundry_space.space_26                                            440ms
  cloudfoundry_space.space_27                                            450ms
  cloudfoundry_space.space_28                                            453ms
  cloudfoundry_space.space_29                                            444ms
  cloudfoundry_space.space_3                                             458ms
  cloudfoundry_space.space_30                                            442ms
  cloudfoundry_space.space_31                                            444ms
  cloudfoundry_space.space_32                                            474ms
  cloudfoundry_space.space_33                                            477ms
  cloudfoundry_space.space_34                                            443ms
  cloudfoundry_space.space_35                                            458ms
  cloudfoundry_space.space_36                                            467ms
  cloudfoundry_space.space_37                                            440ms
  cloudfoundry_space.space_38                                            464ms
  cloudfoundry_space.space_39                                            464ms
  cloudfoundry_space.space_4                                             430ms
  cloudfoundry_space.space_40                                            439ms
  cloudfoundry_space.space_41                                            451ms
  cloudfoundry_space.space_42                                            477ms
  cloudfoundry_space.space_43                                            407ms
  cloudfoundry_space.space_44                                            446ms
  cloudfoundry_space.space_45                                            413ms
  cloudfoundry_space.space_46                                            444ms
  cloudfoundry_space.space_47                                            435ms
  cloudfoundry_space.space_48                                            428ms
  cloudfoundry_space.space_49                                            465ms
  cloudfoundry_space.space_5                                             443ms
  cloudfoundry_space.space_50                                            417ms
  cloudfoundry_space.space_6                                             411ms
  cloudfoundry_space.space_7                                             467ms
  cloudfoundry_space.space_8                                             431ms
  cloudfoundry_space.space_9                                             445ms


Run 11/20:
  Total run time: 1.668175s
  cloudfoundry_space.space_1                                             351ms
  cloudfoundry_space.space_10                                            427ms
  cloudfoundry_space.space_11                                            415ms
  cloudfoundry_space.space_12                                            428ms
  cloudfoundry_space.space_13                                            435ms
  cloudfoundry_space.space_14                                            353ms
  cloudfoundry_space.space_15                                            355ms
  cloudfoundry_space.space_16                                            345ms
  cloudfoundry_space.space_17                                            356ms
  cloudfoundry_space.space_18                                            340ms
  cloudfoundry_space.space_19                                            432ms
  cloudfoundry_space.space_2                                             416ms
  cloudfoundry_space.space_20                                            440ms
  cloudfoundry_space.space_21                                            414ms
  cloudfoundry_space.space_22                                            359ms
  cloudfoundry_space.space_23                                            353ms
  cloudfoundry_space.space_24                                            339ms
  cloudfoundry_space.space_25                                            447ms
  cloudfoundry_space.space_26                                            434ms
  cloudfoundry_space.space_27                                            345ms
  cloudfoundry_space.space_28                                            428ms
  cloudfoundry_space.space_29                                            431ms
  cloudfoundry_space.space_3                                             438ms
  cloudfoundry_space.space_30                                            433ms
  cloudfoundry_space.space_31                                            430ms
  cloudfoundry_space.space_32                                            354ms
  cloudfoundry_space.space_33                                            445ms
  cloudfoundry_space.space_34                                            406ms
  cloudfoundry_space.space_35                                            327ms
  cloudfoundry_space.space_36                                            347ms
  cloudfoundry_space.space_37                                            347ms
  cloudfoundry_space.space_38                                            412ms
  cloudfoundry_space.space_39                                            425ms
  cloudfoundry_space.space_4                                             404ms
  cloudfoundry_space.space_40                                            414ms
  cloudfoundry_space.space_41                                            357ms
  cloudfoundry_space.space_42                                            355ms
  cloudfoundry_space.space_43                                            428ms
  cloudfoundry_space.space_44                                            427ms
  cloudfoundry_space.space_45                                            408ms
  cloudfoundry_space.space_46                                            426ms
  cloudfoundry_space.space_47                                            433ms
  cloudfoundry_space.space_48                                            437ms
  cloudfoundry_space.space_49                                            434ms
  cloudfoundry_space.space_5                                             426ms
  cloudfoundry_space.space_50                                            348ms
  cloudfoundry_space.space_6                                             425ms
  cloudfoundry_space.space_7                                             434ms
  cloudfoundry_space.space_8                                             349ms
  cloudfoundry_space.space_9                                             351ms


Run 12/20:
  Total run time: 1.441910s
  cloudfoundry_space.space_1                                             438ms
  cloudfoundry_space.space_10                                            430ms
  cloudfoundry_space.space_11                                            404ms
  cloudfoundry_space.space_12                                            425ms
  cloudfoundry_space.space_13                                            430ms
  cloudfoundry_space.space_14                                            435ms
  cloudfoundry_space.space_15                                            422ms
  cloudfoundry_space.space_16                                            432ms
  cloudfoundry_space.space_17                                            400ms
  cloudfoundry_space.space_18                                            405ms
  cloudfoundry_space.space_19                                            442ms
  cloudfoundry_space.space_2                                             397ms
  cloudfoundry_space.space_20                                            426ms
  cloudfoundry_space.space_21                                            423ms
  cloudfoundry_space.space_22                                            414ms
  cloudfoundry_space.space_23                                            441ms
  cloudfoundry_space.space_24                                            398ms
  cloudfoundry_space.space_25                                            434ms
  cloudfoundry_space.space_26                                            443ms
  cloudfoundry_space.space_27                                            431ms
  cloudfoundry_space.space_28                                            441ms
  cloudfoundry_space.space_29                                            421ms
  cloudfoundry_space.space_3                                             430ms
  cloudfoundry_space.space_30                                            446ms
  cloudfoundry_space.space_31                                            438ms
  cloudfoundry_space.space_32                                            405ms
  cloudfoundry_space.space_33                                            404ms
  cloudfoundry_space.space_34                                            444ms
  cloudfoundry_space.space_35                                            417ms
  cloudfoundry_space.space_36                                            418ms
  cloudfoundry_space.space_37                                            440ms
  cloudfoundry_space.space_38                                            436ms
  cloudfoundry_space.space_39                                            388ms
  cloudfoundry_space.space_4                                             450ms
  cloudfoundry_space.space_40                                            407ms
  cloudfoundry_space.space_41                                            444ms
  cloudfoundry_space.space_42                                            432ms
  cloudfoundry_space.space_43                                            406ms
  cloudfoundry_space.space_44                                            444ms
  cloudfoundry_space.space_45                                            436ms
  cloudfoundry_space.space_46                                            422ms
  cloudfoundry_space.space_47                                            422ms
  cloudfoundry_space.space_48                                            455ms
  cloudfoundry_space.space_49                                            426ms
  cloudfoundry_space.space_5                                             406ms
  cloudfoundry_space.space_50                                            430ms
  cloudfoundry_space.space_6                                             425ms
  cloudfoundry_space.space_7                                             403ms
  cloudfoundry_space.space_8                                             447ms
  cloudfoundry_space.space_9                                             424ms


Run 13/20:
  Total run time: 2.300563s
  cloudfoundry_space.space_1                                             430ms
  cloudfoundry_space.space_10                                            443ms
  cloudfoundry_space.space_11                                            434ms
  cloudfoundry_space.space_12                                            416ms
  cloudfoundry_space.space_13                                            440ms
  cloudfoundry_space.space_14                                            431ms
  cloudfoundry_space.space_15                                            419ms
  cloudfoundry_space.space_16                                            345ms
  cloudfoundry_space.space_17                                            410ms
  cloudfoundry_space.space_18                                            580ms
  cloudfoundry_space.space_19                                            429ms
  cloudfoundry_space.space_2                                             424ms
  cloudfoundry_space.space_20                                            450ms
  cloudfoundry_space.space_21                                            431ms
  cloudfoundry_space.space_22                                            420ms
  cloudfoundry_space.space_23                                            348ms
  cloudfoundry_space.space_24                                            432ms
  cloudfoundry_space.space_25                                            423ms
  cloudfoundry_space.space_26                                            429ms
  cloudfoundry_space.space_27                                            441ms
  cloudfoundry_space.space_28                                            436ms
  cloudfoundry_space.space_29                                            440ms
  cloudfoundry_space.space_3                                             432ms
  cloudfoundry_space.space_30                                            438ms
  cloudfoundry_space.space_31                                            421ms
  cloudfoundry_space.space_32                                            430ms
  cloudfoundry_space.space_33                                            431ms
  cloudfoundry_space.space_34                                            401ms
  cloudfoundry_space.space_35                                            426ms
  cloudfoundry_space.space_36                                            427ms
  cloudfoundry_space.space_37                                            417ms
  cloudfoundry_space.space_38                                            434ms
  cloudfoundry_space.space_39                                            420ms
  cloudfoundry_space.space_4                                             417ms
  cloudfoundry_space.space_40                                            422ms
  cloudfoundry_space.space_41                                            418ms
  cloudfoundry_space.space_42                                            446ms
  cloudfoundry_space.space_43                                            424ms
  cloudfoundry_space.space_44                                            425ms
  cloudfoundry_space.space_45                                            420ms
  cloudfoundry_space.space_46                                            428ms
  cloudfoundry_space.space_47                                            407ms
  cloudfoundry_space.space_48                                            447ms
  cloudfoundry_space.space_49                                            432ms
  cloudfoundry_space.space_5                                             441ms
  cloudfoundry_space.space_50                                            450ms
  cloudfoundry_space.space_6                                             348ms
  cloudfoundry_space.space_7                                             1235ms
  cloudfoundry_space.space_8                                             429ms
  cloudfoundry_space.space_9                                             343ms


Run 14/20:
  Total run time: 1.485739s
  cloudfoundry_space.space_1                                             395ms
  cloudfoundry_space.space_10                                            344ms
  cloudfoundry_space.space_11                                            353ms
  cloudfoundry_space.space_12                                            349ms
  cloudfoundry_space.space_13                                            401ms
  cloudfoundry_space.space_14                                            401ms
  cloudfoundry_space.space_15                                            399ms
  cloudfoundry_space.space_16                                            405ms
  cloudfoundry_space.space_17                                            404ms
  cloudfoundry_space.space_18                                            346ms
  cloudfoundry_space.space_19                                            346ms
  cloudfoundry_space.space_2                                             397ms
  cloudfoundry_space.space_20                                            413ms
  cloudfoundry_space.space_21                                            392ms
  cloudfoundry_space.space_22                                            339ms
  cloudfoundry_space.space_23                                            396ms
  cloudfoundry_space.space_24                                            396ms
  cloudfoundry_space.space_25                                            414ms
  cloudfoundry_space.space_26                                            403ms
  cloudfoundry_space.space_27                                            345ms
  cloudfoundry_space.space_28                                            409ms
  cloudfoundry_space.space_29                                            398ms
  cloudfoundry_space.space_3                                             384ms
  cloudfoundry_space.space_30                                            411ms
  cloudfoundry_space.space_31                                            400ms
  cloudfoundry_space.space_32                                            388ms
  cloudfoundry_space.space_33                                            352ms
  cloudfoundry_space.space_34                                            398ms
  cloudfoundry_space.space_35                                            399ms
  cloudfoundry_space.space_36                                            347ms
  cloudfoundry_space.space_37                                            414ms
  cloudfoundry_space.space_38                                            406ms
  cloudfoundry_space.space_39                                            349ms
  cloudfoundry_space.space_4                                             400ms
  cloudfoundry_space.space_40                                            444ms
  cloudfoundry_space.space_41                                            414ms
  cloudfoundry_space.space_42                                            381ms
  cloudfoundry_space.space_43                                            396ms
  cloudfoundry_space.space_44                                            410ms
  cloudfoundry_space.space_45                                            401ms
  cloudfoundry_space.space_46                                            399ms
  cloudfoundry_space.space_47                                            406ms
  cloudfoundry_space.space_48                                            395ms
  cloudfoundry_space.space_49                                            396ms
  cloudfoundry_space.space_5                                             380ms
  cloudfoundry_space.space_50                                            403ms
  cloudfoundry_space.space_6                                             349ms
  cloudfoundry_space.space_7                                             343ms
  cloudfoundry_space.space_8                                             376ms
  cloudfoundry_space.space_9                                             409ms


Run 15/20:
  Total run time: 1.527835s
  cloudfoundry_space.space_1                                             341ms
  cloudfoundry_space.space_10                                            360ms
  cloudfoundry_space.space_11                                            431ms
  cloudfoundry_space.space_12                                            431ms
  cloudfoundry_space.space_13                                            420ms
  cloudfoundry_space.space_14                                            338ms
  cloudfoundry_space.space_15                                            347ms
  cloudfoundry_space.space_16                                            450ms
  cloudfoundry_space.space_17                                            415ms
  cloudfoundry_space.space_18                                            351ms
  cloudfoundry_space.space_19                                            426ms
  cloudfoundry_space.space_2                                             423ms
  cloudfoundry_space.space_20                                            419ms
  cloudfoundry_space.space_21                                            356ms
  cloudfoundry_space.space_22                                            422ms
  cloudfoundry_space.space_23                                            353ms
  cloudfoundry_space.space_24                                            423ms
  cloudfoundry_space.space_25                                            447ms
  cloudfoundry_space.space_26                                            421ms
  cloudfoundry_space.space_27                                            425ms
  cloudfoundry_space.space_28                                            424ms
  cloudfoundry_space.space_29                                            436ms
  cloudfoundry_space.space_3                                             423ms
  cloudfoundry_space.space_30                                            431ms
  cloudfoundry_space.space_31                                            423ms
  cloudfoundry_space.space_32                                            411ms
  cloudfoundry_space.space_33                                            431ms
  cloudfoundry_space.space_34                                            414ms
  cloudfoundry_space.space_35                                            415ms
  cloudfoundry_space.space_36                                            424ms
  cloudfoundry_space.space_37                                            352ms
  cloudfoundry_space.space_38                                            436ms
  cloudfoundry_space.space_39                                            418ms
  cloudfoundry_space.space_4                                             413ms
  cloudfoundry_space.space_40                                            341ms
  cloudfoundry_space.space_41                                            432ms
  cloudfoundry_space.space_42                                            434ms
  cloudfoundry_space.space_43                                            416ms
  cloudfoundry_space.space_44                                            417ms
  cloudfoundry_space.space_45                                            411ms
  cloudfoundry_space.space_46                                            440ms
  cloudfoundry_space.space_47                                            413ms
  cloudfoundry_space.space_48                                            421ms
  cloudfoundry_space.space_49                                            433ms
  cloudfoundry_space.space_5                                             420ms
  cloudfoundry_space.space_50                                            440ms
  cloudfoundry_space.space_6                                             430ms
  cloudfoundry_space.space_7                                             411ms
  cloudfoundry_space.space_8                                             426ms
  cloudfoundry_space.space_9                                             431ms


Run 16/20:
  Total run time: 1.577260s
  cloudfoundry_space.space_1                                             402ms
  cloudfoundry_space.space_10                                            402ms
  cloudfoundry_space.space_11                                            384ms
  cloudfoundry_space.space_12                                            431ms
  cloudfoundry_space.space_13                                            371ms
  cloudfoundry_space.space_14                                            390ms
  cloudfoundry_space.space_15                                            413ms
  cloudfoundry_space.space_16                                            390ms
  cloudfoundry_space.space_17                                            415ms
  cloudfoundry_space.space_18                                            390ms
  cloudfoundry_space.space_19                                            418ms
  cloudfoundry_space.space_2                                             385ms
  cloudfoundry_space.space_20                                            379ms
  cloudfoundry_space.space_21                                            388ms
  cloudfoundry_space.space_22                                            376ms
  cloudfoundry_space.space_23                                            428ms
  cloudfoundry_space.space_24                                            417ms
  cloudfoundry_space.space_25                                            411ms
  cloudfoundry_space.space_26                                            410ms
  cloudfoundry_space.space_27                                            401ms
  cloudfoundry_space.space_28                                            389ms
  cloudfoundry_space.space_29                                            407ms
  cloudfoundry_space.space_3                                             423ms
  cloudfoundry_space.space_30                                            384ms
  cloudfoundry_space.space_31                                            377ms
  cloudfoundry_space.space_32                                            400ms
  cloudfoundry_space.space_33                                            430ms
  cloudfoundry_space.space_34                                            414ms
  cloudfoundry_space.space_35                                            373ms
  cloudfoundry_space.space_36                                            391ms
  cloudfoundry_space.space_37                                            419ms
  cloudfoundry_space.space_38                                            380ms
  cloudfoundry_space.space_39                                            411ms
  cloudfoundry_space.space_4                                             386ms
  cloudfoundry_space.space_40                                            379ms
  cloudfoundry_space.space_41                                            440ms
  cloudfoundry_space.space_42                                            401ms
  cloudfoundry_space.space_43                                            386ms
  cloudfoundry_space.space_44                                            416ms
  cloudfoundry_space.space_45                                            422ms
  cloudfoundry_space.space_46                                            376ms
  cloudfoundry_space.space_47                                            418ms
  cloudfoundry_space.space_48                                            399ms
  cloudfoundry_space.space_49                                            388ms
  cloudfoundry_space.space_5                                             395ms
  cloudfoundry_space.space_50                                            389ms
  cloudfoundry_space.space_6                                             396ms
  cloudfoundry_space.space_7                                             402ms
  cloudfoundry_space.space_8                                             398ms
  cloudfoundry_space.space_9                                             389ms


Run 17/20:
  Total run time: 6.488710s
  cloudfoundry_space.space_1                                             400ms
  cloudfoundry_space.space_10                                            381ms
  cloudfoundry_space.space_11                                            416ms
  cloudfoundry_space.space_12                                            401ms
  cloudfoundry_space.space_13                                            405ms
  cloudfoundry_space.space_14                                            406ms
  cloudfoundry_space.space_15                                            301ms
  cloudfoundry_space.space_16                                            421ms
  cloudfoundry_space.space_17                                            428ms
  cloudfoundry_space.space_18                                            422ms
  cloudfoundry_space.space_19                                            420ms
  cloudfoundry_space.space_2                                             428ms
  cloudfoundry_space.space_20                                            432ms
  cloudfoundry_space.space_21                                            403ms
  cloudfoundry_space.space_22                                            406ms
  cloudfoundry_space.space_23                                            319ms
  cloudfoundry_space.space_24                                            410ms
  cloudfoundry_space.space_25                                            438ms
  cloudfoundry_space.space_26                                            431ms
  cloudfoundry_space.space_27                                            321ms
  cloudfoundry_space.space_28                                            419ms
  cloudfoundry_space.space_29                                            419ms
  cloudfoundry_space.space_3                                             409ms
  cloudfoundry_space.space_30                                            424ms
  cloudfoundry_space.space_31                                            406ms
  cloudfoundry_space.space_32                                            409ms
  cloudfoundry_space.space_33                                            413ms
  cloudfoundry_space.space_34                                            443ms
  cloudfoundry_space.space_35                                            414ms
  cloudfoundry_space.space_36                                            404ms
  cloudfoundry_space.space_37                                            394ms
  cloudfoundry_space.space_38                                            435ms
  cloudfoundry_space.space_39                                            403ms
  cloudfoundry_space.space_4                                             394ms
  cloudfoundry_space.space_40                                            420ms
  cloudfoundry_space.space_41                                            430ms
  cloudfoundry_space.space_42                                            402ms
  cloudfoundry_space.space_43                                            411ms
  cloudfoundry_space.space_44                                            416ms
  cloudfoundry_space.space_45                                            433ms
  cloudfoundry_space.space_46                                            429ms
  cloudfoundry_space.space_47                                            403ms
  cloudfoundry_space.space_48                                            419ms
  cloudfoundry_space.space_49                                            418ms
  cloudfoundry_space.space_5                                             321ms
  cloudfoundry_space.space_50                                            402ms
  cloudfoundry_space.space_6                                             415ms
  cloudfoundry_space.space_7                                             419ms
  cloudfoundry_space.space_8                                             428ms
  cloudfoundry_space.space_9                                             418ms


Run 18/20:
  Total run time: 1.475649s
  cloudfoundry_space.space_1                                             331ms
  cloudfoundry_space.space_10                                            343ms
  cloudfoundry_space.space_11                                            440ms
  cloudfoundry_space.space_12                                            404ms
  cloudfoundry_space.space_13                                            355ms
  cloudfoundry_space.space_14                                            361ms
  cloudfoundry_space.space_15                                            425ms
  cloudfoundry_space.space_16                                            382ms
  cloudfoundry_space.space_17                                            423ms
  cloudfoundry_space.space_18                                            432ms
  cloudfoundry_space.space_19                                            370ms
  cloudfoundry_space.space_2                                             397ms
  cloudfoundry_space.space_20                                            367ms
  cloudfoundry_space.space_21                                            363ms
  cloudfoundry_space.space_22                                            450ms
  cloudfoundry_space.space_23                                            432ms
  cloudfoundry_space.space_24                                            399ms
  cloudfoundry_space.space_25                                            438ms
  cloudfoundry_space.space_26                                            447ms
  cloudfoundry_space.space_27                                            422ms
  cloudfoundry_space.space_28                                            459ms
  cloudfoundry_space.space_29                                            451ms
  cloudfoundry_space.space_3                                             463ms
  cloudfoundry_space.space_30                                            459ms
  cloudfoundry_space.space_31                                            418ms
  cloudfoundry_space.space_32                                            423ms
  cloudfoundry_space.space_33                                            436ms
  cloudfoundry_space.space_34                                            431ms
  cloudfoundry_space.space_35                                            421ms
  cloudfoundry_space.space_36                                            373ms
  cloudfoundry_space.space_37                                            358ms
  cloudfoundry_space.space_38                                            420ms
  cloudfoundry_space.space_39                                            399ms
  cloudfoundry_space.space_4                                             427ms
  cloudfoundry_space.space_40                                            452ms
  cloudfoundry_space.space_41                                            329ms
  cloudfoundry_space.space_42                                            444ms
  cloudfoundry_space.space_43                                            435ms
  cloudfoundry_space.space_44                                            444ms
  cloudfoundry_space.space_45                                            422ms
  cloudfoundry_space.space_46                                            332ms
  cloudfoundry_space.space_47                                            364ms
  cloudfoundry_space.space_48                                            447ms
  cloudfoundry_space.space_49                                            445ms
  cloudfoundry_space.space_5                                             422ms
  cloudfoundry_space.space_50                                            400ms
  cloudfoundry_space.space_6                                             436ms
  cloudfoundry_space.space_7                                             427ms
  cloudfoundry_space.space_8                                             421ms
  cloudfoundry_space.space_9                                             440ms


Run 19/20:
  Total run time: 1.533660s
  cloudfoundry_space.space_1                                             450ms
  cloudfoundry_space.space_10                                            446ms
  cloudfoundry_space.space_11                                            304ms
  cloudfoundry_space.space_12                                            406ms
  cloudfoundry_space.space_13                                            442ms
  cloudfoundry_space.space_14                                            410ms
  cloudfoundry_space.space_15                                            417ms
  cloudfoundry_space.space_16                                            399ms
  cloudfoundry_space.space_17                                            306ms
  cloudfoundry_space.space_18                                            432ms
  cloudfoundry_space.space_19                                            420ms
  cloudfoundry_space.space_2                                             413ms
  cloudfoundry_space.space_20                                            438ms
  cloudfoundry_space.space_21                                            407ms
  cloudfoundry_space.space_22                                            420ms
  cloudfoundry_space.space_23                                            435ms
  cloudfoundry_space.space_24                                            428ms
  cloudfoundry_space.space_25                                            431ms
  cloudfoundry_space.space_26                                            418ms
  cloudfoundry_space.space_27                                            429ms
  cloudfoundry_space.space_28                                            437ms
  cloudfoundry_space.space_29                                            413ms
  cloudfoundry_space.space_3                                             427ms
  cloudfoundry_space.space_30                                            425ms
  cloudfoundry_space.space_31                                            425ms
  cloudfoundry_space.space_32                                            420ms
  cloudfoundry_space.space_33                                            413ms
  cloudfoundry_space.space_34                                            396ms
  cloudfoundry_space.space_35                                            396ms
  cloudfoundry_space.space_36                                            419ms
  cloudfoundry_space.space_37                                            444ms
  cloudfoundry_space.space_38                                            419ms
  cloudfoundry_space.space_39                                            399ms
  cloudfoundry_space.space_4                                             416ms
  cloudfoundry_space.space_40                                            414ms
  cloudfoundry_space.space_41                                            409ms
  cloudfoundry_space.space_42                                            417ms
  cloudfoundry_space.space_43                                            417ms
  cloudfoundry_space.space_44                                            438ms
  cloudfoundry_space.space_45                                            420ms
  cloudfoundry_space.space_46                                            434ms
  cloudfoundry_space.space_47                                            429ms
  cloudfoundry_space.space_48                                            426ms
  cloudfoundry_space.space_49                                            430ms
  cloudfoundry_space.space_5                                             407ms
  cloudfoundry_space.space_50                                            305ms
  cloudfoundry_space.space_6                                             425ms
  cloudfoundry_space.space_7                                             415ms
  cloudfoundry_space.space_8                                             433ms
  cloudfoundry_space.space_9                                             431ms


Run 20/20:
  Total run time: 1.461697s
  cloudfoundry_space.space_1                                             397ms
  cloudfoundry_space.space_10                                            401ms
  cloudfoundry_space.space_11                                            399ms
  cloudfoundry_space.space_12                                            411ms
  cloudfoundry_space.space_13                                            427ms
  cloudfoundry_space.space_14                                            416ms
  cloudfoundry_space.space_15                                            412ms
  cloudfoundry_space.space_16                                            412ms
  cloudfoundry_space.space_17                                            396ms
  cloudfoundry_space.space_18                                            415ms
  cloudfoundry_space.space_19                                            402ms
  cloudfoundry_space.space_2                                             416ms
  cloudfoundry_space.space_20                                            394ms
  cloudfoundry_space.space_21                                            432ms
  cloudfoundry_space.space_22                                            391ms
  cloudfoundry_space.space_23                                            387ms
  cloudfoundry_space.space_24                                            439ms
  cloudfoundry_space.space_25                                            398ms
  cloudfoundry_space.space_26                                            429ms
  cloudfoundry_space.space_27                                            401ms
  cloudfoundry_space.space_28                                            413ms
  cloudfoundry_space.space_29                                            392ms
  cloudfoundry_space.space_3                                             435ms
  cloudfoundry_space.space_30                                            420ms
  cloudfoundry_space.space_31                                            425ms
  cloudfoundry_space.space_32                                            423ms
  cloudfoundry_space.space_33                                            391ms
  cloudfoundry_space.space_34                                            435ms
  cloudfoundry_space.space_35                                            426ms
  cloudfoundry_space.space_36                                            409ms
  cloudfoundry_space.space_37                                            426ms
  cloudfoundry_space.space_38                                            426ms
  cloudfoundry_space.space_39                                            421ms
  cloudfoundry_space.space_4                                             388ms
  cloudfoundry_space.space_40                                            412ms
  cloudfoundry_space.space_41                                            383ms
  cloudfoundry_space.space_42                                            420ms
  cloudfoundry_space.space_43                                            416ms
  cloudfoundry_space.space_44                                            405ms
  cloudfoundry_space.space_45                                            426ms
  cloudfoundry_space.space_46                                            421ms
  cloudfoundry_space.space_47                                            398ms
  cloudfoundry_space.space_48                                            418ms
  cloudfoundry_space.space_49                                            416ms
  cloudfoundry_space.space_5                                             419ms
  cloudfoundry_space.space_50                                            417ms
  cloudfoundry_space.space_6                                             430ms
  cloudfoundry_space.space_7                                             410ms
  cloudfoundry_space.space_8                                             391ms
  cloudfoundry_space.space_9                                             431ms


Final results:
-------                                ------------    -----------    -----------
Element                                Average (ms)   Minimum (ms)   Maximum (ms)
cloudfoundry_space.space_1                   408.35            331            468
cloudfoundry_space.space_10                  402.65            323            472
cloudfoundry_space.space_11                  411.75            304            500
cloudfoundry_space.space_12                  418.45            349            484
cloudfoundry_space.space_13                  417.30            355            458
cloudfoundry_space.space_14                  409.85            332            506
cloudfoundry_space.space_15                  400.90            301            465
cloudfoundry_space.space_16                  407.25            312            468
cloudfoundry_space.space_17                  409.85            306            461
cloudfoundry_space.space_18                  451.35            340           1095
cloudfoundry_space.space_19                  416.15            346            470
cloudfoundry_space.space_2                   414.35            385            451
cloudfoundry_space.space_20                  412.50            331            453
cloudfoundry_space.space_21                  408.60            315            492
cloudfoundry_space.space_22                  415.60            339            493
cloudfoundry_space.space_23                  398.45            319            494
cloudfoundry_space.space_24                  422.95            339            494
cloudfoundry_space.space_25                  450.80            319            941
cloudfoundry_space.space_26                  415.80            305            478
cloudfoundry_space.space_27                  414.85            321            607
cloudfoundry_space.space_28                  427.90            389            489
cloudfoundry_space.space_29                  425.20            392            476
cloudfoundry_space.space_3                   420.15            331            463
cloudfoundry_space.space_30                  426.75            315            482
cloudfoundry_space.space_31                  411.80            318            444
cloudfoundry_space.space_32                  418.15            354            475
cloudfoundry_space.space_33                  416.00            352            477
cloudfoundry_space.space_34                  505.40            396           2064
cloudfoundry_space.space_35                  409.50            327            500
cloudfoundry_space.space_36                  409.05            317            467
cloudfoundry_space.space_37                  409.20            347            461
cloudfoundry_space.space_38                  418.75            380            495
cloudfoundry_space.space_39                  411.95            305            464
cloudfoundry_space.space_4                   420.50            326            507
cloudfoundry_space.space_40                  418.00            334            493
cloudfoundry_space.space_41                  410.95            329            486
cloudfoundry_space.space_42                  416.90            355            477
cloudfoundry_space.space_43                  625.60            372           3032
cloudfoundry_space.space_44                  422.05            315            495
cloudfoundry_space.space_45                  415.35            400            437
cloudfoundry_space.space_46                  409.30            323            444
cloudfoundry_space.space_47                  420.00            364            478
cloudfoundry_space.space_48                  420.70            317            461
cloudfoundry_space.space_49                  423.85            388            480
cloudfoundry_space.space_5                   415.30            321            499
cloudfoundry_space.space_50                  407.80            305            483
cloudfoundry_space.space_6                   419.50            348            492
cloudfoundry_space.space_7                   450.55            311           1235
cloudfoundry_space.space_8                   413.90            349            449
cloudfoundry_space.space_9                   412.90            321            451

Grouped results:
-------                                ------------    -----------    -----------
Element                                Average (ms)   Minimum (ms)   Maximum (ms)
cloudfoundry_space.*                         422.81            301           3032

Total wall-clock time: 41.556249s
Average wall-clock time: 2.077812s
Minimum wall-clock time: 1.413777s
Maximum wall-clock time: 6.488710s
Total Ressources: 50
